interactions:
- request:
    body: ''
    headers:
      accept:
      - application/vnd.github.machine-man-preview+json
      host:
      - api.github.com
    method: GET
    uri: https://api.github.com/user/40527191/installation
  response:
    content: '{"id":26895396,"account":{"login":"mergifyio-testing","id":40527191,"node_id":"MDEyOk9yZ2FuaXphdGlvbjQwNTI3MTkx","avatar_url":"https://avatars.githubusercontent.com/u/40527191?v=4","gravatar_id":"","url":"https://api.github.com/users/mergifyio-testing","html_url":"https://github.com/mergifyio-testing","followers_url":"https://api.github.com/users/mergifyio-testing/followers","following_url":"https://api.github.com/users/mergifyio-testing/following{/other_user}","gists_url":"https://api.github.com/users/mergifyio-testing/gists{/gist_id}","starred_url":"https://api.github.com/users/mergifyio-testing/starred{/owner}{/repo}","subscriptions_url":"https://api.github.com/users/mergifyio-testing/subscriptions","organizations_url":"https://api.github.com/users/mergifyio-testing/orgs","repos_url":"https://api.github.com/users/mergifyio-testing/repos","events_url":"https://api.github.com/users/mergifyio-testing/events{/privacy}","received_events_url":"https://api.github.com/users/mergifyio-testing/received_events","type":"Organization","site_admin":false},"repository_selection":"selected","access_tokens_url":"https://api.github.com/app/installations/26895396/access_tokens","repositories_url":"https://api.github.com/installation/repositories","html_url":"https://github.com/organizations/mergifyio-testing/settings/installations/26895396","app_id":214877,"app_slug":"mergify-greesb","target_id":40527191,"target_type":"Organization","permissions":{"pages":"write","checks":"write","issues":"write","members":"read","contents":"write","metadata":"read","statuses":"write","workflows":"write","pull_requests":"write","administration":"read"},"events":["check_run","check_suite","issue_comment","member","membership","organization","pull_request","pull_request_review","pull_request_review_comment","pull_request_review_thread","push","repository","status","team","team_add"],"created_at":"2022-06-27T12:53:43.000Z","updated_at":"2022-12-05T15:49:59.000Z","single_file_name":null,"has_multiple_single_files":false,"single_file_paths":[],"suspended_by":null,"suspended_at":null}'
    headers:
      Content-Encoding:
      - gzip
      Content-Type:
      - application/json; charset=utf-8
      Transfer-Encoding:
      - chunked
      X-GitHub-Media-Type:
      - github.v3; param=machine-man-preview; format=json
      x-github-api-version-selected:
      - '2022-11-28'
    http_version: HTTP/1.1
    status_code: 200
- request:
    body: ''
    headers:
      accept:
      - application/vnd.github.machine-man-preview+json
      host:
      - api.github.com
    method: GET
    uri: https://api.github.com/user
  response:
    content: '{"login":"mergify-test1","id":38494943,"node_id":"MDQ6VXNlcjM4NDk0OTQz","avatar_url":"https://avatars.githubusercontent.com/u/38494943?v=4","gravatar_id":"","url":"https://api.github.com/users/mergify-test1","html_url":"https://github.com/mergify-test1","followers_url":"https://api.github.com/users/mergify-test1/followers","following_url":"https://api.github.com/users/mergify-test1/following{/other_user}","gists_url":"https://api.github.com/users/mergify-test1/gists{/gist_id}","starred_url":"https://api.github.com/users/mergify-test1/starred{/owner}{/repo}","subscriptions_url":"https://api.github.com/users/mergify-test1/subscriptions","organizations_url":"https://api.github.com/users/mergify-test1/orgs","repos_url":"https://api.github.com/users/mergify-test1/repos","events_url":"https://api.github.com/users/mergify-test1/events{/privacy}","received_events_url":"https://api.github.com/users/mergify-test1/received_events","type":"User","site_admin":false,"name":"mergify-test-user-1","company":"@mergifyio","blog":"https://mergify.io","location":null,"email":null,"hireable":null,"bio":"This
      account is for testing purpose of the workflow of the GitHub App @mergifyio","twitter_username":"mergifyio","public_repos":1,"public_gists":0,"followers":0,"following":0,"created_at":"2018-04-18T10:42:59Z","updated_at":"2022-11-15T12:56:17Z","private_gists":0,"total_private_repos":0,"owned_private_repos":0,"disk_usage":0,"collaborators":0,"two_factor_authentication":false,"plan":{"name":"free","space":976562499,"collaborators":0,"private_repos":10000}}'
    headers:
      Content-Encoding:
      - gzip
      Content-Type:
      - application/json; charset=utf-8
      Transfer-Encoding:
      - chunked
      X-Accepted-OAuth-Scopes:
      - ''
      X-GitHub-Media-Type:
      - github.v3; param=machine-man-preview; format=json
      X-OAuth-Scopes:
      - admin:org, delete_repo, read:public_key, repo, user, workflow
      x-github-api-version-selected:
      - '2022-11-28'
    http_version: HTTP/1.1
    status_code: 200
- request:
    body: ''
    headers:
      accept:
      - application/vnd.github.machine-man-preview+json
      host:
      - api.github.com
    method: GET
    uri: https://api.github.com/user
  response:
    content: '{"login":"mergify-test2","id":38495008,"node_id":"MDQ6VXNlcjM4NDk1MDA4","avatar_url":"https://avatars.githubusercontent.com/u/38495008?v=4","gravatar_id":"","url":"https://api.github.com/users/mergify-test2","html_url":"https://github.com/mergify-test2","followers_url":"https://api.github.com/users/mergify-test2/followers","following_url":"https://api.github.com/users/mergify-test2/following{/other_user}","gists_url":"https://api.github.com/users/mergify-test2/gists{/gist_id}","starred_url":"https://api.github.com/users/mergify-test2/starred{/owner}{/repo}","subscriptions_url":"https://api.github.com/users/mergify-test2/subscriptions","organizations_url":"https://api.github.com/users/mergify-test2/orgs","repos_url":"https://api.github.com/users/mergify-test2/repos","events_url":"https://api.github.com/users/mergify-test2/events{/privacy}","received_events_url":"https://api.github.com/users/mergify-test2/received_events","type":"User","site_admin":false,"name":"mergify-test-user-2","company":"@mergifyio","blog":"https://mergify.com","location":null,"email":null,"hireable":null,"bio":"This
      account is for integration testing purpose of the workflow of the GitHub App
      @mergifyio","twitter_username":"mergifyio","public_repos":11,"public_gists":0,"followers":0,"following":0,"created_at":"2018-04-18T10:45:18Z","updated_at":"2022-11-15T12:56:17Z","private_gists":0,"total_private_repos":0,"owned_private_repos":0,"disk_usage":421,"collaborators":0,"two_factor_authentication":false,"plan":{"name":"free","space":976562499,"collaborators":0,"private_repos":10000}}'
    headers:
      Content-Encoding:
      - gzip
      Content-Type:
      - application/json; charset=utf-8
      Transfer-Encoding:
      - chunked
      X-Accepted-OAuth-Scopes:
      - ''
      X-GitHub-Media-Type:
      - github.v3; param=machine-man-preview; format=json
      X-OAuth-Scopes:
      - delete_repo, read:org, read:user, repo, user:email, workflow
      x-github-api-version-selected:
      - '2022-11-28'
    http_version: HTTP/1.1
    status_code: 200
- request:
    body: ''
    headers:
      Authorization:
      - <TOKEN>
      accept:
      - application/vnd.github.machine-man-preview+json
      host:
      - api.github.com
    method: GET
    uri: https://api.github.com/repositories/500849499
  response:
    content: '{"id":500849499,"node_id":"R_kgDOHdpbWw","name":"functional-testing-repo-Greesb","full_name":"mergifyio-testing/functional-testing-repo-Greesb","private":false,"owner":{"login":"mergifyio-testing","id":40527191,"node_id":"MDEyOk9yZ2FuaXphdGlvbjQwNTI3MTkx","avatar_url":"https://avatars.githubusercontent.com/u/40527191?v=4","gravatar_id":"","url":"https://api.github.com/users/mergifyio-testing","html_url":"https://github.com/mergifyio-testing","followers_url":"https://api.github.com/users/mergifyio-testing/followers","following_url":"https://api.github.com/users/mergifyio-testing/following{/other_user}","gists_url":"https://api.github.com/users/mergifyio-testing/gists{/gist_id}","starred_url":"https://api.github.com/users/mergifyio-testing/starred{/owner}{/repo}","subscriptions_url":"https://api.github.com/users/mergifyio-testing/subscriptions","organizations_url":"https://api.github.com/users/mergifyio-testing/orgs","repos_url":"https://api.github.com/users/mergifyio-testing/repos","events_url":"https://api.github.com/users/mergifyio-testing/events{/privacy}","received_events_url":"https://api.github.com/users/mergifyio-testing/received_events","type":"Organization","site_admin":false},"html_url":"https://github.com/mergifyio-testing/functional-testing-repo-Greesb","description":null,"fork":false,"url":"https://api.github.com/repos/mergifyio-testing/functional-testing-repo-Greesb","forks_url":"https://api.github.com/repos/mergifyio-testing/functional-testing-repo-Greesb/forks","keys_url":"https://api.github.com/repos/mergifyio-testing/functional-testing-repo-Greesb/keys{/key_id}","collaborators_url":"https://api.github.com/repos/mergifyio-testing/functional-testing-repo-Greesb/collaborators{/collaborator}","teams_url":"https://api.github.com/repos/mergifyio-testing/functional-testing-repo-Greesb/teams","hooks_url":"https://api.github.com/repos/mergifyio-testing/functional-testing-repo-Greesb/hooks","issue_events_url":"https://api.github.com/repos/mergifyio-testing/functional-testing-repo-Greesb/issues/events{/number}","events_url":"https://api.github.com/repos/mergifyio-testing/functional-testing-repo-Greesb/events","assignees_url":"https://api.github.com/repos/mergifyio-testing/functional-testing-repo-Greesb/assignees{/user}","branches_url":"https://api.github.com/repos/mergifyio-testing/functional-testing-repo-Greesb/branches{/branch}","tags_url":"https://api.github.com/repos/mergifyio-testing/functional-testing-repo-Greesb/tags","blobs_url":"https://api.github.com/repos/mergifyio-testing/functional-testing-repo-Greesb/git/blobs{/sha}","git_tags_url":"https://api.github.com/repos/mergifyio-testing/functional-testing-repo-Greesb/git/tags{/sha}","git_refs_url":"https://api.github.com/repos/mergifyio-testing/functional-testing-repo-Greesb/git/refs{/sha}","trees_url":"https://api.github.com/repos/mergifyio-testing/functional-testing-repo-Greesb/git/trees{/sha}","statuses_url":"https://api.github.com/repos/mergifyio-testing/functional-testing-repo-Greesb/statuses/{sha}","languages_url":"https://api.github.com/repos/mergifyio-testing/functional-testing-repo-Greesb/languages","stargazers_url":"https://api.github.com/repos/mergifyio-testing/functional-testing-repo-Greesb/stargazers","contributors_url":"https://api.github.com/repos/mergifyio-testing/functional-testing-repo-Greesb/contributors","subscribers_url":"https://api.github.com/repos/mergifyio-testing/functional-testing-repo-Greesb/subscribers","subscription_url":"https://api.github.com/repos/mergifyio-testing/functional-testing-repo-Greesb/subscription","commits_url":"https://api.github.com/repos/mergifyio-testing/functional-testing-repo-Greesb/commits{/sha}","git_commits_url":"https://api.github.com/repos/mergifyio-testing/functional-testing-repo-Greesb/git/commits{/sha}","comments_url":"https://api.github.com/repos/mergifyio-testing/functional-testing-repo-Greesb/comments{/number}","issue_comment_url":"https://api.github.com/repos/mergifyio-testing/functional-testing-repo-Greesb/issues/comments{/number}","contents_url":"https://api.github.com/repos/mergifyio-testing/functional-testing-repo-Greesb/contents/{+path}","compare_url":"https://api.github.com/repos/mergifyio-testing/functional-testing-repo-Greesb/compare/{base}...{head}","merges_url":"https://api.github.com/repos/mergifyio-testing/functional-testing-repo-Greesb/merges","archive_url":"https://api.github.com/repos/mergifyio-testing/functional-testing-repo-Greesb/{archive_format}{/ref}","downloads_url":"https://api.github.com/repos/mergifyio-testing/functional-testing-repo-Greesb/downloads","issues_url":"https://api.github.com/repos/mergifyio-testing/functional-testing-repo-Greesb/issues{/number}","pulls_url":"https://api.github.com/repos/mergifyio-testing/functional-testing-repo-Greesb/pulls{/number}","milestones_url":"https://api.github.com/repos/mergifyio-testing/functional-testing-repo-Greesb/milestones{/number}","notifications_url":"https://api.github.com/repos/mergifyio-testing/functional-testing-repo-Greesb/notifications{?since,all,participating}","labels_url":"https://api.github.com/repos/mergifyio-testing/functional-testing-repo-Greesb/labels{/name}","releases_url":"https://api.github.com/repos/mergifyio-testing/functional-testing-repo-Greesb/releases{/id}","deployments_url":"https://api.github.com/repos/mergifyio-testing/functional-testing-repo-Greesb/deployments","created_at":"2022-06-07T13:21:39Z","updated_at":"2022-11-28T10:20:16Z","pushed_at":"2022-12-06T11:00:11Z","git_url":"git://github.com/mergifyio-testing/functional-testing-repo-Greesb.git","ssh_url":"git@github.com:mergifyio-testing/functional-testing-repo-Greesb.git","clone_url":"https://github.com/mergifyio-testing/functional-testing-repo-Greesb.git","svn_url":"https://github.com/mergifyio-testing/functional-testing-repo-Greesb","homepage":null,"size":22,"stargazers_count":1,"watchers_count":1,"language":null,"has_issues":true,"has_projects":true,"has_downloads":true,"has_wiki":true,"has_pages":false,"has_discussions":false,"forks_count":1,"mirror_url":null,"archived":false,"disabled":false,"open_issues_count":20,"license":null,"allow_forking":true,"is_template":false,"web_commit_signoff_required":false,"topics":[],"visibility":"public","forks":1,"open_issues":20,"watchers":1,"default_branch":"main","permissions":{"admin":false,"maintain":false,"push":false,"triage":false,"pull":false},"temp_clone_token":"","allow_squash_merge":true,"allow_merge_commit":true,"allow_rebase_merge":true,"allow_auto_merge":false,"delete_branch_on_merge":false,"allow_update_branch":false,"use_squash_pr_title_as_default":false,"squash_merge_commit_message":"COMMIT_MESSAGES","squash_merge_commit_title":"COMMIT_OR_PR_TITLE","merge_commit_message":"PR_TITLE","merge_commit_title":"MERGE_MESSAGE","organization":{"login":"mergifyio-testing","id":40527191,"node_id":"MDEyOk9yZ2FuaXphdGlvbjQwNTI3MTkx","avatar_url":"https://avatars.githubusercontent.com/u/40527191?v=4","gravatar_id":"","url":"https://api.github.com/users/mergifyio-testing","html_url":"https://github.com/mergifyio-testing","followers_url":"https://api.github.com/users/mergifyio-testing/followers","following_url":"https://api.github.com/users/mergifyio-testing/following{/other_user}","gists_url":"https://api.github.com/users/mergifyio-testing/gists{/gist_id}","starred_url":"https://api.github.com/users/mergifyio-testing/starred{/owner}{/repo}","subscriptions_url":"https://api.github.com/users/mergifyio-testing/subscriptions","organizations_url":"https://api.github.com/users/mergifyio-testing/orgs","repos_url":"https://api.github.com/users/mergifyio-testing/repos","events_url":"https://api.github.com/users/mergifyio-testing/events{/privacy}","received_events_url":"https://api.github.com/users/mergifyio-testing/received_events","type":"Organization","site_admin":false},"network_count":1,"subscribers_count":0}'
    headers:
      Content-Encoding:
      - gzip
      Content-Type:
      - application/json; charset=utf-8
      Transfer-Encoding:
      - chunked
      X-GitHub-Media-Type:
      - github.v3; param=machine-man-preview; format=json
      x-github-api-version-selected:
      - '2022-11-28'
    http_version: HTTP/1.1
    status_code: 200
- request:
    body: whatdataisthat
    headers:
      X-Hub-Signature:
      - <SIGNATURE>
      accept:
      - '*/*'
      content-length:
      - '14'
      host:
      - test-forwarder.mergify.io
    method: DELETE
    uri: https://test-forwarder.mergify.io/events/github.com/214877/500849499/20221206110011-test_checks_feature_disabled
  response:
    content: Event queued
    headers:
      Connection:
      - keep-alive
      Content-Length:
      - '12'
    http_version: HTTP/1.1
    status_code: 202
- request:
    body: whatdataisthat
    headers:
      X-Hub-Signature:
      - <SIGNATURE>
      accept:
      - '*/*'
      content-length:
      - '14'
      host:
      - test-forwarder.mergify.io
    method: GET
    uri: https://test-forwarder.mergify.io/events/github.com/214877/500849499/20221206110011-test_checks_feature_disabled?counter=1
  response:
    content: '[]'
    headers:
      Connection:
      - keep-alive
      Content-Length:
      - '2'
      Content-Type:
      - application/json
    http_version: HTTP/1.1
    status_code: 200
- request:
    body: whatdataisthat
    headers:
      X-Hub-Signature:
      - <SIGNATURE>
      accept:
      - '*/*'
      content-length:
      - '14'
      host:
      - test-forwarder.mergify.io
    method: GET
    uri: https://test-forwarder.mergify.io/events/github.com/214877/500849499/20221206110011-test_checks_feature_disabled?counter=2
  response:
    content: '[]'
    headers:
      Connection:
      - keep-alive
      Content-Length:
      - '2'
      Content-Type:
      - application/json
    http_version: HTTP/1.1
    status_code: 200
- request:
    body: whatdataisthat
    headers:
      X-Hub-Signature:
      - <SIGNATURE>
      accept:
      - '*/*'
      content-length:
      - '14'
      host:
      - test-forwarder.mergify.io
    method: GET
    uri: https://test-forwarder.mergify.io/events/github.com/214877/500849499/20221206110011-test_checks_feature_disabled?counter=3
  response:
    content: '[]'
    headers:
      Connection:
      - keep-alive
      Content-Length:
      - '2'
      Content-Type:
      - application/json
    http_version: HTTP/1.1
    status_code: 200
- request:
    body: whatdataisthat
    headers:
      X-Hub-Signature:
      - <SIGNATURE>
      accept:
      - '*/*'
      content-length:
      - '14'
      host:
      - test-forwarder.mergify.io
    method: GET
    uri: https://test-forwarder.mergify.io/events/github.com/214877/500849499/20221206110011-test_checks_feature_disabled?counter=4
  response:
    content: '[]'
    headers:
      Connection:
      - keep-alive
      Content-Length:
      - '2'
      Content-Type:
      - application/json
    http_version: HTTP/1.1
    status_code: 200
- request:
    body: whatdataisthat
    headers:
      X-Hub-Signature:
      - <SIGNATURE>
      accept:
      - '*/*'
      content-length:
      - '14'
      host:
      - test-forwarder.mergify.io
    method: GET
    uri: https://test-forwarder.mergify.io/events/github.com/214877/500849499/20221206110011-test_checks_feature_disabled?counter=5
  response:
    content: '[{"id":"29d3e036-7555-11ed-988f-87eebfc6fbeb","type":"push","payload":{"ref":"refs/heads/20221206110011/test_checks_feature_disabled/main","before":"0000000000000000000000000000000000000000","after":"e5a9fa519669854cfe4d20cd765e67ca8a6c2a3f","repository":{"id":500849499,"node_id":"R_kgDOHdpbWw","name":"functional-testing-repo-Greesb","full_name":"mergifyio-testing/functional-testing-repo-Greesb","private":false,"owner":{"name":"mergifyio-testing","email":null,"login":"mergifyio-testing","id":40527191,"node_id":"MDEyOk9yZ2FuaXphdGlvbjQwNTI3MTkx","avatar_url":"https://avatars.githubusercontent.com/u/40527191?v=4","gravatar_id":"","url":"https://api.github.com/users/mergifyio-testing","html_url":"https://github.com/mergifyio-testing","followers_url":"https://api.github.com/users/mergifyio-testing/followers","following_url":"https://api.github.com/users/mergifyio-testing/following{/other_user}","gists_url":"https://api.github.com/users/mergifyio-testing/gists{/gist_id}","starred_url":"https://api.github.com/users/mergifyio-testing/starred{/owner}{/repo}","subscriptions_url":"https://api.github.com/users/mergifyio-testing/subscriptions","organizations_url":"https://api.github.com/users/mergifyio-testing/orgs","repos_url":"https://api.github.com/users/mergifyio-testing/repos","events_url":"https://api.github.com/users/mergifyio-testing/events{/privacy}","received_events_url":"https://api.github.com/users/mergifyio-testing/received_events","type":"Organization","site_admin":false},"html_url":"https://github.com/mergifyio-testing/functional-testing-repo-Greesb","description":null,"fork":false,"url":"https://github.com/mergifyio-testing/functional-testing-repo-Greesb","forks_url":"https://api.github.com/repos/mergifyio-testing/functional-testing-repo-Greesb/forks","keys_url":"https://api.github.com/repos/mergifyio-testing/functional-testing-repo-Greesb/keys{/key_id}","collaborators_url":"https://api.github.com/repos/mergifyio-testing/functional-testing-repo-Greesb/collaborators{/collaborator}","teams_url":"https://api.github.com/repos/mergifyio-testing/functional-testing-repo-Greesb/teams","hooks_url":"https://api.github.com/repos/mergifyio-testing/functional-testing-repo-Greesb/hooks","issue_events_url":"https://api.github.com/repos/mergifyio-testing/functional-testing-repo-Greesb/issues/events{/number}","events_url":"https://api.github.com/repos/mergifyio-testing/functional-testing-repo-Greesb/events","assignees_url":"https://api.github.com/repos/mergifyio-testing/functional-testing-repo-Greesb/assignees{/user}","branches_url":"https://api.github.com/repos/mergifyio-testing/functional-testing-repo-Greesb/branches{/branch}","tags_url":"https://api.github.com/repos/mergifyio-testing/functional-testing-repo-Greesb/tags","blobs_url":"https://api.github.com/repos/mergifyio-testing/functional-testing-repo-Greesb/git/blobs{/sha}","git_tags_url":"https://api.github.com/repos/mergifyio-testing/functional-testing-repo-Greesb/git/tags{/sha}","git_refs_url":"https://api.github.com/repos/mergifyio-testing/functional-testing-repo-Greesb/git/refs{/sha}","trees_url":"https://api.github.com/repos/mergifyio-testing/functional-testing-repo-Greesb/git/trees{/sha}","statuses_url":"https://api.github.com/repos/mergifyio-testing/functional-testing-repo-Greesb/statuses/{sha}","languages_url":"https://api.github.com/repos/mergifyio-testing/functional-testing-repo-Greesb/languages","stargazers_url":"https://api.github.com/repos/mergifyio-testing/functional-testing-repo-Greesb/stargazers","contributors_url":"https://api.github.com/repos/mergifyio-testing/functional-testing-repo-Greesb/contributors","subscribers_url":"https://api.github.com/repos/mergifyio-testing/functional-testing-repo-Greesb/subscribers","subscription_url":"https://api.github.com/repos/mergifyio-testing/functional-testing-repo-Greesb/subscription","commits_url":"https://api.github.com/repos/mergifyio-testing/functional-testing-repo-Greesb/commits{/sha}","git_commits_url":"https://api.github.com/repos/mergifyio-testing/functional-testing-repo-Greesb/git/commits{/sha}","comments_url":"https://api.github.com/repos/mergifyio-testing/functional-testing-repo-Greesb/comments{/number}","issue_comment_url":"https://api.github.com/repos/mergifyio-testing/functional-testing-repo-Greesb/issues/comments{/number}","contents_url":"https://api.github.com/repos/mergifyio-testing/functional-testing-repo-Greesb/contents/{+path}","compare_url":"https://api.github.com/repos/mergifyio-testing/functional-testing-repo-Greesb/compare/{base}...{head}","merges_url":"https://api.github.com/repos/mergifyio-testing/functional-testing-repo-Greesb/merges","archive_url":"https://api.github.com/repos/mergifyio-testing/functional-testing-repo-Greesb/{archive_format}{/ref}","downloads_url":"https://api.github.com/repos/mergifyio-testing/functional-testing-repo-Greesb/downloads","issues_url":"https://api.github.com/repos/mergifyio-testing/functional-testing-repo-Greesb/issues{/number}","pulls_url":"https://api.github.com/repos/mergifyio-testing/functional-testing-repo-Greesb/pulls{/number}","milestones_url":"https://api.github.com/repos/mergifyio-testing/functional-testing-repo-Greesb/milestones{/number}","notifications_url":"https://api.github.com/repos/mergifyio-testing/functional-testing-repo-Greesb/notifications{?since,all,participating}","labels_url":"https://api.github.com/repos/mergifyio-testing/functional-testing-repo-Greesb/labels{/name}","releases_url":"https://api.github.com/repos/mergifyio-testing/functional-testing-repo-Greesb/releases{/id}","deployments_url":"https://api.github.com/repos/mergifyio-testing/functional-testing-repo-Greesb/deployments","created_at":1654608099,"updated_at":"2022-11-28T10:20:16Z","pushed_at":1670324414,"git_url":"git://github.com/mergifyio-testing/functional-testing-repo-Greesb.git","ssh_url":"git@github.com:mergifyio-testing/functional-testing-repo-Greesb.git","clone_url":"https://github.com/mergifyio-testing/functional-testing-repo-Greesb.git","svn_url":"https://github.com/mergifyio-testing/functional-testing-repo-Greesb","homepage":null,"size":22,"stargazers_count":1,"watchers_count":1,"language":null,"has_issues":true,"has_projects":true,"has_downloads":true,"has_wiki":true,"has_pages":false,"has_discussions":false,"forks_count":1,"mirror_url":null,"archived":false,"disabled":false,"open_issues_count":20,"license":null,"allow_forking":true,"is_template":false,"web_commit_signoff_required":false,"topics":[],"visibility":"public","forks":1,"open_issues":20,"watchers":1,"default_branch":"main","stargazers":1,"master_branch":"main","organization":"mergifyio-testing"},"pusher":{"name":"mergify-test1","email":"38494943+mergify-test1@users.noreply.github.com"},"organization":{"login":"mergifyio-testing","id":40527191,"node_id":"MDEyOk9yZ2FuaXphdGlvbjQwNTI3MTkx","url":"https://api.github.com/orgs/mergifyio-testing","repos_url":"https://api.github.com/orgs/mergifyio-testing/repos","events_url":"https://api.github.com/orgs/mergifyio-testing/events","hooks_url":"https://api.github.com/orgs/mergifyio-testing/hooks","issues_url":"https://api.github.com/orgs/mergifyio-testing/issues","members_url":"https://api.github.com/orgs/mergifyio-testing/members{/member}","public_members_url":"https://api.github.com/orgs/mergifyio-testing/public_members{/member}","avatar_url":"https://avatars.githubusercontent.com/u/40527191?v=4","description":"This
      account is for testing purpose of the workflow of the GitHub App @Mergifyio"},"sender":{"login":"mergify-test1","id":38494943,"node_id":"MDQ6VXNlcjM4NDk0OTQz","avatar_url":"https://avatars.githubusercontent.com/u/38494943?v=4","gravatar_id":"","url":"https://api.github.com/users/mergify-test1","html_url":"https://github.com/mergify-test1","followers_url":"https://api.github.com/users/mergify-test1/followers","following_url":"https://api.github.com/users/mergify-test1/following{/other_user}","gists_url":"https://api.github.com/users/mergify-test1/gists{/gist_id}","starred_url":"https://api.github.com/users/mergify-test1/starred{/owner}{/repo}","subscriptions_url":"https://api.github.com/users/mergify-test1/subscriptions","organizations_url":"https://api.github.com/users/mergify-test1/orgs","repos_url":"https://api.github.com/users/mergify-test1/repos","events_url":"https://api.github.com/users/mergify-test1/events{/privacy}","received_events_url":"https://api.github.com/users/mergify-test1/received_events","type":"User","site_admin":false},"installation":{"id":26895396,"node_id":"MDIzOkludGVncmF0aW9uSW5zdGFsbGF0aW9uMjY4OTUzOTY="},"created":true,"deleted":false,"forced":false,"base_ref":null,"compare":"https://github.com/mergifyio-testing/functional-testing-repo-Greesb/commit/e5a9fa519669","commits":[{"id":"e5a9fa519669854cfe4d20cd765e67ca8a6c2a3f","tree_id":"0367d2064d65139e6fd071d17e2fe1caf44c3da5","distinct":true,"message":"initial
      commit","timestamp":"2022-12-06T12:00:13+01:00","url":"https://github.com/mergifyio-testing/functional-testing-repo-Greesb/commit/e5a9fa519669854cfe4d20cd765e67ca8a6c2a3f","author":{"name":"Mergify","email":"108278707+mergify-greesb[bot]@users.noreply.github.com","username":"mergify-greesb[bot]"},"committer":{"name":"Mergify","email":"108278707+mergify-greesb[bot]@users.noreply.github.com","username":"mergify-greesb[bot]"},"added":[".mergify.yml"],"removed":[],"modified":[]}],"head_commit":{"id":"e5a9fa519669854cfe4d20cd765e67ca8a6c2a3f","tree_id":"0367d2064d65139e6fd071d17e2fe1caf44c3da5","distinct":true,"message":"initial
      commit","timestamp":"2022-12-06T12:00:13+01:00","url":"https://github.com/mergifyio-testing/functional-testing-repo-Greesb/commit/e5a9fa519669854cfe4d20cd765e67ca8a6c2a3f","author":{"name":"Mergify","email":"108278707+mergify-greesb[bot]@users.noreply.github.com","username":"mergify-greesb[bot]"},"committer":{"name":"Mergify","email":"108278707+mergify-greesb[bot]@users.noreply.github.com","username":"mergify-greesb[bot]"},"added":[".mergify.yml"],"removed":[],"modified":[]}}},{"id":"2a119a20-7555-11ed-91fc-a261c0e12a78","type":"check_suite","payload":{"action":"requested","check_suite":{"id":9693965032,"node_id":"CS_kwDOHdpbW88AAAACQc4q6A","head_branch":"20221206110011/test_checks_feature_disabled/main","head_sha":"e5a9fa519669854cfe4d20cd765e67ca8a6c2a3f","status":"queued","conclusion":null,"url":"https://api.github.com/repos/mergifyio-testing/functional-testing-repo-Greesb/check-suites/9693965032","before":"0000000000000000000000000000000000000000","after":"e5a9fa519669854cfe4d20cd765e67ca8a6c2a3f","pull_requests":[],"app":{"id":214877,"slug":"mergify-greesb","node_id":"A_kwHOAmplV84AA0dd","owner":{"login":"mergifyio-testing","id":40527191,"node_id":"MDEyOk9yZ2FuaXphdGlvbjQwNTI3MTkx","avatar_url":"https://avatars.githubusercontent.com/u/40527191?v=4","gravatar_id":"","url":"https://api.github.com/users/mergifyio-testing","html_url":"https://github.com/mergifyio-testing","followers_url":"https://api.github.com/users/mergifyio-testing/followers","following_url":"https://api.github.com/users/mergifyio-testing/following{/other_user}","gists_url":"https://api.github.com/users/mergifyio-testing/gists{/gist_id}","starred_url":"https://api.github.com/users/mergifyio-testing/starred{/owner}{/repo}","subscriptions_url":"https://api.github.com/users/mergifyio-testing/subscriptions","organizations_url":"https://api.github.com/users/mergifyio-testing/orgs","repos_url":"https://api.github.com/users/mergifyio-testing/repos","events_url":"https://api.github.com/users/mergifyio-testing/events{/privacy}","received_events_url":"https://api.github.com/users/mergifyio-testing/received_events","type":"Organization","site_admin":false},"name":"mergify-Greesb","description":"Mergify
      testing installation for Greesb","external_url":"https://mergify.com/","html_url":"https://github.com/apps/mergify-greesb","created_at":"2022-06-27T12:53:37Z","updated_at":"2022-06-27T12:53:37Z","permissions":{"administration":"read","checks":"write","contents":"write","emails":"read","issues":"write","members":"read","metadata":"read","pages":"write","pull_requests":"write","statuses":"write","workflows":"write"},"events":["check_run","check_suite","issue_comment","member","membership","organization","pull_request","pull_request_review","pull_request_review_comment","pull_request_review_thread","push","repository","status","team","team_add"]},"created_at":"2022-12-06T11:00:15Z","updated_at":"2022-12-06T11:00:15Z","rerequestable":true,"runs_rerequestable":true,"latest_check_runs_count":0,"check_runs_url":"https://api.github.com/repos/mergifyio-testing/functional-testing-repo-Greesb/check-suites/9693965032/check-runs","head_commit":{"id":"e5a9fa519669854cfe4d20cd765e67ca8a6c2a3f","tree_id":"0367d2064d65139e6fd071d17e2fe1caf44c3da5","message":"initial
      commit","timestamp":"2022-12-06T11:00:13Z","author":{"name":"Mergify","email":"108278707+mergify-greesb[bot]@users.noreply.github.com"},"committer":{"name":"Mergify","email":"108278707+mergify-greesb[bot]@users.noreply.github.com"}}},"repository":{"id":500849499,"node_id":"R_kgDOHdpbWw","name":"functional-testing-repo-Greesb","full_name":"mergifyio-testing/functional-testing-repo-Greesb","private":false,"owner":{"login":"mergifyio-testing","id":40527191,"node_id":"MDEyOk9yZ2FuaXphdGlvbjQwNTI3MTkx","avatar_url":"https://avatars.githubusercontent.com/u/40527191?v=4","gravatar_id":"","url":"https://api.github.com/users/mergifyio-testing","html_url":"https://github.com/mergifyio-testing","followers_url":"https://api.github.com/users/mergifyio-testing/followers","following_url":"https://api.github.com/users/mergifyio-testing/following{/other_user}","gists_url":"https://api.github.com/users/mergifyio-testing/gists{/gist_id}","starred_url":"https://api.github.com/users/mergifyio-testing/starred{/owner}{/repo}","subscriptions_url":"https://api.github.com/users/mergifyio-testing/subscriptions","organizations_url":"https://api.github.com/users/mergifyio-testing/orgs","repos_url":"https://api.github.com/users/mergifyio-testing/repos","events_url":"https://api.github.com/users/mergifyio-testing/events{/privacy}","received_events_url":"https://api.github.com/users/mergifyio-testing/received_events","type":"Organization","site_admin":false},"html_url":"https://github.com/mergifyio-testing/functional-testing-repo-Greesb","description":null,"fork":false,"url":"https://api.github.com/repos/mergifyio-testing/functional-testing-repo-Greesb","forks_url":"https://api.github.com/repos/mergifyio-testing/functional-testing-repo-Greesb/forks","keys_url":"https://api.github.com/repos/mergifyio-testing/functional-testing-repo-Greesb/keys{/key_id}","collaborators_url":"https://api.github.com/repos/mergifyio-testing/functional-testing-repo-Greesb/collaborators{/collaborator}","teams_url":"https://api.github.com/repos/mergifyio-testing/functional-testing-repo-Greesb/teams","hooks_url":"https://api.github.com/repos/mergifyio-testing/functional-testing-repo-Greesb/hooks","issue_events_url":"https://api.github.com/repos/mergifyio-testing/functional-testing-repo-Greesb/issues/events{/number}","events_url":"https://api.github.com/repos/mergifyio-testing/functional-testing-repo-Greesb/events","assignees_url":"https://api.github.com/repos/mergifyio-testing/functional-testing-repo-Greesb/assignees{/user}","branches_url":"https://api.github.com/repos/mergifyio-testing/functional-testing-repo-Greesb/branches{/branch}","tags_url":"https://api.github.com/repos/mergifyio-testing/functional-testing-repo-Greesb/tags","blobs_url":"https://api.github.com/repos/mergifyio-testing/functional-testing-repo-Greesb/git/blobs{/sha}","git_tags_url":"https://api.github.com/repos/mergifyio-testing/functional-testing-repo-Greesb/git/tags{/sha}","git_refs_url":"https://api.github.com/repos/mergifyio-testing/functional-testing-repo-Greesb/git/refs{/sha}","trees_url":"https://api.github.com/repos/mergifyio-testing/functional-testing-repo-Greesb/git/trees{/sha}","statuses_url":"https://api.github.com/repos/mergifyio-testing/functional-testing-repo-Greesb/statuses/{sha}","languages_url":"https://api.github.com/repos/mergifyio-testing/functional-testing-repo-Greesb/languages","stargazers_url":"https://api.github.com/repos/mergifyio-testing/functional-testing-repo-Greesb/stargazers","contributors_url":"https://api.github.com/repos/mergifyio-testing/functional-testing-repo-Greesb/contributors","subscribers_url":"https://api.github.com/repos/mergifyio-testing/functional-testing-repo-Greesb/subscribers","subscription_url":"https://api.github.com/repos/mergifyio-testing/functional-testing-repo-Greesb/subscription","commits_url":"https://api.github.com/repos/mergifyio-testing/functional-testing-repo-Greesb/commits{/sha}","git_commits_url":"https://api.github.com/repos/mergifyio-testing/functional-testing-repo-Greesb/git/commits{/sha}","comments_url":"https://api.github.com/repos/mergifyio-testing/functional-testing-repo-Greesb/comments{/number}","issue_comment_url":"https://api.github.com/repos/mergifyio-testing/functional-testing-repo-Greesb/issues/comments{/number}","contents_url":"https://api.github.com/repos/mergifyio-testing/functional-testing-repo-Greesb/contents/{+path}","compare_url":"https://api.github.com/repos/mergifyio-testing/functional-testing-repo-Greesb/compare/{base}...{head}","merges_url":"https://api.github.com/repos/mergifyio-testing/functional-testing-repo-Greesb/merges","archive_url":"https://api.github.com/repos/mergifyio-testing/functional-testing-repo-Greesb/{archive_format}{/ref}","downloads_url":"https://api.github.com/repos/mergifyio-testing/functional-testing-repo-Greesb/downloads","issues_url":"https://api.github.com/repos/mergifyio-testing/functional-testing-repo-Greesb/issues{/number}","pulls_url":"https://api.github.com/repos/mergifyio-testing/functional-testing-repo-Greesb/pulls{/number}","milestones_url":"https://api.github.com/repos/mergifyio-testing/functional-testing-repo-Greesb/milestones{/number}","notifications_url":"https://api.github.com/repos/mergifyio-testing/functional-testing-repo-Greesb/notifications{?since,all,participating}","labels_url":"https://api.github.com/repos/mergifyio-testing/functional-testing-repo-Greesb/labels{/name}","releases_url":"https://api.github.com/repos/mergifyio-testing/functional-testing-repo-Greesb/releases{/id}","deployments_url":"https://api.github.com/repos/mergifyio-testing/functional-testing-repo-Greesb/deployments","created_at":"2022-06-07T13:21:39Z","updated_at":"2022-11-28T10:20:16Z","pushed_at":"2022-12-06T11:00:14Z","git_url":"git://github.com/mergifyio-testing/functional-testing-repo-Greesb.git","ssh_url":"git@github.com:mergifyio-testing/functional-testing-repo-Greesb.git","clone_url":"https://github.com/mergifyio-testing/functional-testing-repo-Greesb.git","svn_url":"https://github.com/mergifyio-testing/functional-testing-repo-Greesb","homepage":null,"size":22,"stargazers_count":1,"watchers_count":1,"language":null,"has_issues":true,"has_projects":true,"has_downloads":true,"has_wiki":true,"has_pages":false,"has_discussions":false,"forks_count":1,"mirror_url":null,"archived":false,"disabled":false,"open_issues_count":20,"license":null,"allow_forking":true,"is_template":false,"web_commit_signoff_required":false,"topics":[],"visibility":"public","forks":1,"open_issues":20,"watchers":1,"default_branch":"main"},"organization":{"login":"mergifyio-testing","id":40527191,"node_id":"MDEyOk9yZ2FuaXphdGlvbjQwNTI3MTkx","url":"https://api.github.com/orgs/mergifyio-testing","repos_url":"https://api.github.com/orgs/mergifyio-testing/repos","events_url":"https://api.github.com/orgs/mergifyio-testing/events","hooks_url":"https://api.github.com/orgs/mergifyio-testing/hooks","issues_url":"https://api.github.com/orgs/mergifyio-testing/issues","members_url":"https://api.github.com/orgs/mergifyio-testing/members{/member}","public_members_url":"https://api.github.com/orgs/mergifyio-testing/public_members{/member}","avatar_url":"https://avatars.githubusercontent.com/u/40527191?v=4","description":"This
      account is for testing purpose of the workflow of the GitHub App @Mergifyio"},"sender":{"login":"mergify-test1","id":38494943,"node_id":"MDQ6VXNlcjM4NDk0OTQz","avatar_url":"https://avatars.githubusercontent.com/u/38494943?v=4","gravatar_id":"","url":"https://api.github.com/users/mergify-test1","html_url":"https://github.com/mergify-test1","followers_url":"https://api.github.com/users/mergify-test1/followers","following_url":"https://api.github.com/users/mergify-test1/following{/other_user}","gists_url":"https://api.github.com/users/mergify-test1/gists{/gist_id}","starred_url":"https://api.github.com/users/mergify-test1/starred{/owner}{/repo}","subscriptions_url":"https://api.github.com/users/mergify-test1/subscriptions","organizations_url":"https://api.github.com/users/mergify-test1/orgs","repos_url":"https://api.github.com/users/mergify-test1/repos","events_url":"https://api.github.com/users/mergify-test1/events{/privacy}","received_events_url":"https://api.github.com/users/mergify-test1/received_events","type":"User","site_admin":false},"installation":{"id":26895396,"node_id":"MDIzOkludGVncmF0aW9uSW5zdGFsbGF0aW9uMjY4OTUzOTY="}}}]'
    headers:
      Connection:
      - keep-alive
      Content-Length:
      - '21146'
      Content-Type:
      - application/json
    http_version: HTTP/1.1
    status_code: 200
- request:
    body: whatdataisthat
    headers:
      X-Hub-Signature:
      - <SIGNATURE>
      accept:
      - '*/*'
      content-length:
      - '14'
      host:
      - test-forwarder.mergify.io
    method: GET
    uri: https://test-forwarder.mergify.io/events/github.com/214877/500849499/20221206110011-test_checks_feature_disabled?counter=6
  response:
    content: '[]'
    headers:
      Connection:
      - keep-alive
      Content-Length:
      - '2'
      Content-Type:
      - application/json
    http_version: HTTP/1.1
    status_code: 200
- request:
    body: whatdataisthat
    headers:
      X-Hub-Signature:
      - <SIGNATURE>
      accept:
      - '*/*'
      content-length:
      - '14'
      host:
      - test-forwarder.mergify.io
    method: GET
    uri: https://test-forwarder.mergify.io/events/github.com/214877/500849499/20221206110011-test_checks_feature_disabled?counter=7
  response:
    content: '[]'
    headers:
      Connection:
      - keep-alive
      Content-Length:
      - '2'
      Content-Type:
      - application/json
    http_version: HTTP/1.1
    status_code: 200
- request:
    body: whatdataisthat
    headers:
      X-Hub-Signature:
      - <SIGNATURE>
      accept:
      - '*/*'
      content-length:
      - '14'
      host:
      - test-forwarder.mergify.io
    method: GET
    uri: https://test-forwarder.mergify.io/events/github.com/214877/500849499/20221206110011-test_checks_feature_disabled?counter=8
  response:
    content: '[]'
    headers:
      Connection:
      - keep-alive
      Content-Length:
      - '2'
      Content-Type:
      - application/json
    http_version: HTTP/1.1
    status_code: 200
- request:
    body: whatdataisthat
    headers:
      X-Hub-Signature:
      - <SIGNATURE>
      accept:
      - '*/*'
      content-length:
      - '14'
      host:
      - test-forwarder.mergify.io
    method: GET
    uri: https://test-forwarder.mergify.io/events/github.com/214877/500849499/20221206110011-test_checks_feature_disabled?counter=9
  response:
    content: '[]'
    headers:
      Connection:
      - keep-alive
      Content-Length:
      - '2'
      Content-Type:
      - application/json
    http_version: HTTP/1.1
    status_code: 200
- request:
    body: whatdataisthat
    headers:
      X-Hub-Signature:
      - <SIGNATURE>
      accept:
      - '*/*'
      content-length:
      - '14'
      host:
      - test-forwarder.mergify.io
    method: GET
    uri: https://test-forwarder.mergify.io/events/github.com/214877/500849499/20221206110011-test_checks_feature_disabled?counter=10
  response:
    content: '[{"id":"2bb29ff0-7555-11ed-866e-861172fd96c8","type":"check_suite","payload":{"action":"requested","check_suite":{"id":9693965841,"node_id":"CS_kwDOHdpbW88AAAACQc4uEQ","head_branch":"20221206110011/test_checks_feature_disabled/integration/pr1","head_sha":"13bccabaad48e9a407b9b7beaeb88eae9ff96dd1","status":"queued","conclusion":null,"url":"https://api.github.com/repos/mergifyio-testing/functional-testing-repo-Greesb/check-suites/9693965841","before":"0000000000000000000000000000000000000000","after":"13bccabaad48e9a407b9b7beaeb88eae9ff96dd1","pull_requests":[],"app":{"id":214877,"slug":"mergify-greesb","node_id":"A_kwHOAmplV84AA0dd","owner":{"login":"mergifyio-testing","id":40527191,"node_id":"MDEyOk9yZ2FuaXphdGlvbjQwNTI3MTkx","avatar_url":"https://avatars.githubusercontent.com/u/40527191?v=4","gravatar_id":"","url":"https://api.github.com/users/mergifyio-testing","html_url":"https://github.com/mergifyio-testing","followers_url":"https://api.github.com/users/mergifyio-testing/followers","following_url":"https://api.github.com/users/mergifyio-testing/following{/other_user}","gists_url":"https://api.github.com/users/mergifyio-testing/gists{/gist_id}","starred_url":"https://api.github.com/users/mergifyio-testing/starred{/owner}{/repo}","subscriptions_url":"https://api.github.com/users/mergifyio-testing/subscriptions","organizations_url":"https://api.github.com/users/mergifyio-testing/orgs","repos_url":"https://api.github.com/users/mergifyio-testing/repos","events_url":"https://api.github.com/users/mergifyio-testing/events{/privacy}","received_events_url":"https://api.github.com/users/mergifyio-testing/received_events","type":"Organization","site_admin":false},"name":"mergify-Greesb","description":"Mergify
      testing installation for Greesb","external_url":"https://mergify.com/","html_url":"https://github.com/apps/mergify-greesb","created_at":"2022-06-27T12:53:37Z","updated_at":"2022-06-27T12:53:37Z","permissions":{"administration":"read","checks":"write","contents":"write","emails":"read","issues":"write","members":"read","metadata":"read","pages":"write","pull_requests":"write","statuses":"write","workflows":"write"},"events":["check_run","check_suite","issue_comment","member","membership","organization","pull_request","pull_request_review","pull_request_review_comment","pull_request_review_thread","push","repository","status","team","team_add"]},"created_at":"2022-12-06T11:00:18Z","updated_at":"2022-12-06T11:00:18Z","rerequestable":true,"runs_rerequestable":true,"latest_check_runs_count":0,"check_runs_url":"https://api.github.com/repos/mergifyio-testing/functional-testing-repo-Greesb/check-suites/9693965841/check-runs","head_commit":{"id":"13bccabaad48e9a407b9b7beaeb88eae9ff96dd1","tree_id":"3ea2c7190387a3bea1aadfba530a69799eaa1a53","message":"test_checks_feature_disabled:
      pull request n1 from integration","timestamp":"2022-12-06T11:00:16Z","author":{"name":"Mergify","email":"108278707+mergify-greesb[bot]@users.noreply.github.com"},"committer":{"name":"Mergify","email":"108278707+mergify-greesb[bot]@users.noreply.github.com"}}},"repository":{"id":500849499,"node_id":"R_kgDOHdpbWw","name":"functional-testing-repo-Greesb","full_name":"mergifyio-testing/functional-testing-repo-Greesb","private":false,"owner":{"login":"mergifyio-testing","id":40527191,"node_id":"MDEyOk9yZ2FuaXphdGlvbjQwNTI3MTkx","avatar_url":"https://avatars.githubusercontent.com/u/40527191?v=4","gravatar_id":"","url":"https://api.github.com/users/mergifyio-testing","html_url":"https://github.com/mergifyio-testing","followers_url":"https://api.github.com/users/mergifyio-testing/followers","following_url":"https://api.github.com/users/mergifyio-testing/following{/other_user}","gists_url":"https://api.github.com/users/mergifyio-testing/gists{/gist_id}","starred_url":"https://api.github.com/users/mergifyio-testing/starred{/owner}{/repo}","subscriptions_url":"https://api.github.com/users/mergifyio-testing/subscriptions","organizations_url":"https://api.github.com/users/mergifyio-testing/orgs","repos_url":"https://api.github.com/users/mergifyio-testing/repos","events_url":"https://api.github.com/users/mergifyio-testing/events{/privacy}","received_events_url":"https://api.github.com/users/mergifyio-testing/received_events","type":"Organization","site_admin":false},"html_url":"https://github.com/mergifyio-testing/functional-testing-repo-Greesb","description":null,"fork":false,"url":"https://api.github.com/repos/mergifyio-testing/functional-testing-repo-Greesb","forks_url":"https://api.github.com/repos/mergifyio-testing/functional-testing-repo-Greesb/forks","keys_url":"https://api.github.com/repos/mergifyio-testing/functional-testing-repo-Greesb/keys{/key_id}","collaborators_url":"https://api.github.com/repos/mergifyio-testing/functional-testing-repo-Greesb/collaborators{/collaborator}","teams_url":"https://api.github.com/repos/mergifyio-testing/functional-testing-repo-Greesb/teams","hooks_url":"https://api.github.com/repos/mergifyio-testing/functional-testing-repo-Greesb/hooks","issue_events_url":"https://api.github.com/repos/mergifyio-testing/functional-testing-repo-Greesb/issues/events{/number}","events_url":"https://api.github.com/repos/mergifyio-testing/functional-testing-repo-Greesb/events","assignees_url":"https://api.github.com/repos/mergifyio-testing/functional-testing-repo-Greesb/assignees{/user}","branches_url":"https://api.github.com/repos/mergifyio-testing/functional-testing-repo-Greesb/branches{/branch}","tags_url":"https://api.github.com/repos/mergifyio-testing/functional-testing-repo-Greesb/tags","blobs_url":"https://api.github.com/repos/mergifyio-testing/functional-testing-repo-Greesb/git/blobs{/sha}","git_tags_url":"https://api.github.com/repos/mergifyio-testing/functional-testing-repo-Greesb/git/tags{/sha}","git_refs_url":"https://api.github.com/repos/mergifyio-testing/functional-testing-repo-Greesb/git/refs{/sha}","trees_url":"https://api.github.com/repos/mergifyio-testing/functional-testing-repo-Greesb/git/trees{/sha}","statuses_url":"https://api.github.com/repos/mergifyio-testing/functional-testing-repo-Greesb/statuses/{sha}","languages_url":"https://api.github.com/repos/mergifyio-testing/functional-testing-repo-Greesb/languages","stargazers_url":"https://api.github.com/repos/mergifyio-testing/functional-testing-repo-Greesb/stargazers","contributors_url":"https://api.github.com/repos/mergifyio-testing/functional-testing-repo-Greesb/contributors","subscribers_url":"https://api.github.com/repos/mergifyio-testing/functional-testing-repo-Greesb/subscribers","subscription_url":"https://api.github.com/repos/mergifyio-testing/functional-testing-repo-Greesb/subscription","commits_url":"https://api.github.com/repos/mergifyio-testing/functional-testing-repo-Greesb/commits{/sha}","git_commits_url":"https://api.github.com/repos/mergifyio-testing/functional-testing-repo-Greesb/git/commits{/sha}","comments_url":"https://api.github.com/repos/mergifyio-testing/functional-testing-repo-Greesb/comments{/number}","issue_comment_url":"https://api.github.com/repos/mergifyio-testing/functional-testing-repo-Greesb/issues/comments{/number}","contents_url":"https://api.github.com/repos/mergifyio-testing/functional-testing-repo-Greesb/contents/{+path}","compare_url":"https://api.github.com/repos/mergifyio-testing/functional-testing-repo-Greesb/compare/{base}...{head}","merges_url":"https://api.github.com/repos/mergifyio-testing/functional-testing-repo-Greesb/merges","archive_url":"https://api.github.com/repos/mergifyio-testing/functional-testing-repo-Greesb/{archive_format}{/ref}","downloads_url":"https://api.github.com/repos/mergifyio-testing/functional-testing-repo-Greesb/downloads","issues_url":"https://api.github.com/repos/mergifyio-testing/functional-testing-repo-Greesb/issues{/number}","pulls_url":"https://api.github.com/repos/mergifyio-testing/functional-testing-repo-Greesb/pulls{/number}","milestones_url":"https://api.github.com/repos/mergifyio-testing/functional-testing-repo-Greesb/milestones{/number}","notifications_url":"https://api.github.com/repos/mergifyio-testing/functional-testing-repo-Greesb/notifications{?since,all,participating}","labels_url":"https://api.github.com/repos/mergifyio-testing/functional-testing-repo-Greesb/labels{/name}","releases_url":"https://api.github.com/repos/mergifyio-testing/functional-testing-repo-Greesb/releases{/id}","deployments_url":"https://api.github.com/repos/mergifyio-testing/functional-testing-repo-Greesb/deployments","created_at":"2022-06-07T13:21:39Z","updated_at":"2022-11-28T10:20:16Z","pushed_at":"2022-12-06T11:00:17Z","git_url":"git://github.com/mergifyio-testing/functional-testing-repo-Greesb.git","ssh_url":"git@github.com:mergifyio-testing/functional-testing-repo-Greesb.git","clone_url":"https://github.com/mergifyio-testing/functional-testing-repo-Greesb.git","svn_url":"https://github.com/mergifyio-testing/functional-testing-repo-Greesb","homepage":null,"size":22,"stargazers_count":1,"watchers_count":1,"language":null,"has_issues":true,"has_projects":true,"has_downloads":true,"has_wiki":true,"has_pages":false,"has_discussions":false,"forks_count":1,"mirror_url":null,"archived":false,"disabled":false,"open_issues_count":20,"license":null,"allow_forking":true,"is_template":false,"web_commit_signoff_required":false,"topics":[],"visibility":"public","forks":1,"open_issues":20,"watchers":1,"default_branch":"main"},"organization":{"login":"mergifyio-testing","id":40527191,"node_id":"MDEyOk9yZ2FuaXphdGlvbjQwNTI3MTkx","url":"https://api.github.com/orgs/mergifyio-testing","repos_url":"https://api.github.com/orgs/mergifyio-testing/repos","events_url":"https://api.github.com/orgs/mergifyio-testing/events","hooks_url":"https://api.github.com/orgs/mergifyio-testing/hooks","issues_url":"https://api.github.com/orgs/mergifyio-testing/issues","members_url":"https://api.github.com/orgs/mergifyio-testing/members{/member}","public_members_url":"https://api.github.com/orgs/mergifyio-testing/public_members{/member}","avatar_url":"https://avatars.githubusercontent.com/u/40527191?v=4","description":"This
      account is for testing purpose of the workflow of the GitHub App @Mergifyio"},"sender":{"login":"mergify-test1","id":38494943,"node_id":"MDQ6VXNlcjM4NDk0OTQz","avatar_url":"https://avatars.githubusercontent.com/u/38494943?v=4","gravatar_id":"","url":"https://api.github.com/users/mergify-test1","html_url":"https://github.com/mergify-test1","followers_url":"https://api.github.com/users/mergify-test1/followers","following_url":"https://api.github.com/users/mergify-test1/following{/other_user}","gists_url":"https://api.github.com/users/mergify-test1/gists{/gist_id}","starred_url":"https://api.github.com/users/mergify-test1/starred{/owner}{/repo}","subscriptions_url":"https://api.github.com/users/mergify-test1/subscriptions","organizations_url":"https://api.github.com/users/mergify-test1/orgs","repos_url":"https://api.github.com/users/mergify-test1/repos","events_url":"https://api.github.com/users/mergify-test1/events{/privacy}","received_events_url":"https://api.github.com/users/mergify-test1/received_events","type":"User","site_admin":false},"installation":{"id":26895396,"node_id":"MDIzOkludGVncmF0aW9uSW5zdGFsbGF0aW9uMjY4OTUzOTY="}}},{"id":"2b7cd87a-7555-11ed-973b-f8d0c120016e","type":"push","payload":{"ref":"refs/heads/20221206110011/test_checks_feature_disabled/integration/pr1","before":"0000000000000000000000000000000000000000","after":"13bccabaad48e9a407b9b7beaeb88eae9ff96dd1","repository":{"id":500849499,"node_id":"R_kgDOHdpbWw","name":"functional-testing-repo-Greesb","full_name":"mergifyio-testing/functional-testing-repo-Greesb","private":false,"owner":{"name":"mergifyio-testing","email":null,"login":"mergifyio-testing","id":40527191,"node_id":"MDEyOk9yZ2FuaXphdGlvbjQwNTI3MTkx","avatar_url":"https://avatars.githubusercontent.com/u/40527191?v=4","gravatar_id":"","url":"https://api.github.com/users/mergifyio-testing","html_url":"https://github.com/mergifyio-testing","followers_url":"https://api.github.com/users/mergifyio-testing/followers","following_url":"https://api.github.com/users/mergifyio-testing/following{/other_user}","gists_url":"https://api.github.com/users/mergifyio-testing/gists{/gist_id}","starred_url":"https://api.github.com/users/mergifyio-testing/starred{/owner}{/repo}","subscriptions_url":"https://api.github.com/users/mergifyio-testing/subscriptions","organizations_url":"https://api.github.com/users/mergifyio-testing/orgs","repos_url":"https://api.github.com/users/mergifyio-testing/repos","events_url":"https://api.github.com/users/mergifyio-testing/events{/privacy}","received_events_url":"https://api.github.com/users/mergifyio-testing/received_events","type":"Organization","site_admin":false},"html_url":"https://github.com/mergifyio-testing/functional-testing-repo-Greesb","description":null,"fork":false,"url":"https://github.com/mergifyio-testing/functional-testing-repo-Greesb","forks_url":"https://api.github.com/repos/mergifyio-testing/functional-testing-repo-Greesb/forks","keys_url":"https://api.github.com/repos/mergifyio-testing/functional-testing-repo-Greesb/keys{/key_id}","collaborators_url":"https://api.github.com/repos/mergifyio-testing/functional-testing-repo-Greesb/collaborators{/collaborator}","teams_url":"https://api.github.com/repos/mergifyio-testing/functional-testing-repo-Greesb/teams","hooks_url":"https://api.github.com/repos/mergifyio-testing/functional-testing-repo-Greesb/hooks","issue_events_url":"https://api.github.com/repos/mergifyio-testing/functional-testing-repo-Greesb/issues/events{/number}","events_url":"https://api.github.com/repos/mergifyio-testing/functional-testing-repo-Greesb/events","assignees_url":"https://api.github.com/repos/mergifyio-testing/functional-testing-repo-Greesb/assignees{/user}","branches_url":"https://api.github.com/repos/mergifyio-testing/functional-testing-repo-Greesb/branches{/branch}","tags_url":"https://api.github.com/repos/mergifyio-testing/functional-testing-repo-Greesb/tags","blobs_url":"https://api.github.com/repos/mergifyio-testing/functional-testing-repo-Greesb/git/blobs{/sha}","git_tags_url":"https://api.github.com/repos/mergifyio-testing/functional-testing-repo-Greesb/git/tags{/sha}","git_refs_url":"https://api.github.com/repos/mergifyio-testing/functional-testing-repo-Greesb/git/refs{/sha}","trees_url":"https://api.github.com/repos/mergifyio-testing/functional-testing-repo-Greesb/git/trees{/sha}","statuses_url":"https://api.github.com/repos/mergifyio-testing/functional-testing-repo-Greesb/statuses/{sha}","languages_url":"https://api.github.com/repos/mergifyio-testing/functional-testing-repo-Greesb/languages","stargazers_url":"https://api.github.com/repos/mergifyio-testing/functional-testing-repo-Greesb/stargazers","contributors_url":"https://api.github.com/repos/mergifyio-testing/functional-testing-repo-Greesb/contributors","subscribers_url":"https://api.github.com/repos/mergifyio-testing/functional-testing-repo-Greesb/subscribers","subscription_url":"https://api.github.com/repos/mergifyio-testing/functional-testing-repo-Greesb/subscription","commits_url":"https://api.github.com/repos/mergifyio-testing/functional-testing-repo-Greesb/commits{/sha}","git_commits_url":"https://api.github.com/repos/mergifyio-testing/functional-testing-repo-Greesb/git/commits{/sha}","comments_url":"https://api.github.com/repos/mergifyio-testing/functional-testing-repo-Greesb/comments{/number}","issue_comment_url":"https://api.github.com/repos/mergifyio-testing/functional-testing-repo-Greesb/issues/comments{/number}","contents_url":"https://api.github.com/repos/mergifyio-testing/functional-testing-repo-Greesb/contents/{+path}","compare_url":"https://api.github.com/repos/mergifyio-testing/functional-testing-repo-Greesb/compare/{base}...{head}","merges_url":"https://api.github.com/repos/mergifyio-testing/functional-testing-repo-Greesb/merges","archive_url":"https://api.github.com/repos/mergifyio-testing/functional-testing-repo-Greesb/{archive_format}{/ref}","downloads_url":"https://api.github.com/repos/mergifyio-testing/functional-testing-repo-Greesb/downloads","issues_url":"https://api.github.com/repos/mergifyio-testing/functional-testing-repo-Greesb/issues{/number}","pulls_url":"https://api.github.com/repos/mergifyio-testing/functional-testing-repo-Greesb/pulls{/number}","milestones_url":"https://api.github.com/repos/mergifyio-testing/functional-testing-repo-Greesb/milestones{/number}","notifications_url":"https://api.github.com/repos/mergifyio-testing/functional-testing-repo-Greesb/notifications{?since,all,participating}","labels_url":"https://api.github.com/repos/mergifyio-testing/functional-testing-repo-Greesb/labels{/name}","releases_url":"https://api.github.com/repos/mergifyio-testing/functional-testing-repo-Greesb/releases{/id}","deployments_url":"https://api.github.com/repos/mergifyio-testing/functional-testing-repo-Greesb/deployments","created_at":1654608099,"updated_at":"2022-11-28T10:20:16Z","pushed_at":1670324417,"git_url":"git://github.com/mergifyio-testing/functional-testing-repo-Greesb.git","ssh_url":"git@github.com:mergifyio-testing/functional-testing-repo-Greesb.git","clone_url":"https://github.com/mergifyio-testing/functional-testing-repo-Greesb.git","svn_url":"https://github.com/mergifyio-testing/functional-testing-repo-Greesb","homepage":null,"size":22,"stargazers_count":1,"watchers_count":1,"language":null,"has_issues":true,"has_projects":true,"has_downloads":true,"has_wiki":true,"has_pages":false,"has_discussions":false,"forks_count":1,"mirror_url":null,"archived":false,"disabled":false,"open_issues_count":20,"license":null,"allow_forking":true,"is_template":false,"web_commit_signoff_required":false,"topics":[],"visibility":"public","forks":1,"open_issues":20,"watchers":1,"default_branch":"main","stargazers":1,"master_branch":"main","organization":"mergifyio-testing"},"pusher":{"name":"mergify-test1","email":"38494943+mergify-test1@users.noreply.github.com"},"organization":{"login":"mergifyio-testing","id":40527191,"node_id":"MDEyOk9yZ2FuaXphdGlvbjQwNTI3MTkx","url":"https://api.github.com/orgs/mergifyio-testing","repos_url":"https://api.github.com/orgs/mergifyio-testing/repos","events_url":"https://api.github.com/orgs/mergifyio-testing/events","hooks_url":"https://api.github.com/orgs/mergifyio-testing/hooks","issues_url":"https://api.github.com/orgs/mergifyio-testing/issues","members_url":"https://api.github.com/orgs/mergifyio-testing/members{/member}","public_members_url":"https://api.github.com/orgs/mergifyio-testing/public_members{/member}","avatar_url":"https://avatars.githubusercontent.com/u/40527191?v=4","description":"This
      account is for testing purpose of the workflow of the GitHub App @Mergifyio"},"sender":{"login":"mergify-test1","id":38494943,"node_id":"MDQ6VXNlcjM4NDk0OTQz","avatar_url":"https://avatars.githubusercontent.com/u/38494943?v=4","gravatar_id":"","url":"https://api.github.com/users/mergify-test1","html_url":"https://github.com/mergify-test1","followers_url":"https://api.github.com/users/mergify-test1/followers","following_url":"https://api.github.com/users/mergify-test1/following{/other_user}","gists_url":"https://api.github.com/users/mergify-test1/gists{/gist_id}","starred_url":"https://api.github.com/users/mergify-test1/starred{/owner}{/repo}","subscriptions_url":"https://api.github.com/users/mergify-test1/subscriptions","organizations_url":"https://api.github.com/users/mergify-test1/orgs","repos_url":"https://api.github.com/users/mergify-test1/repos","events_url":"https://api.github.com/users/mergify-test1/events{/privacy}","received_events_url":"https://api.github.com/users/mergify-test1/received_events","type":"User","site_admin":false},"installation":{"id":26895396,"node_id":"MDIzOkludGVncmF0aW9uSW5zdGFsbGF0aW9uMjY4OTUzOTY="},"created":true,"deleted":false,"forced":false,"base_ref":null,"compare":"https://github.com/mergifyio-testing/functional-testing-repo-Greesb/commit/13bccabaad48","commits":[{"id":"13bccabaad48e9a407b9b7beaeb88eae9ff96dd1","tree_id":"3ea2c7190387a3bea1aadfba530a69799eaa1a53","distinct":true,"message":"test_checks_feature_disabled:
      pull request n1 from integration","timestamp":"2022-12-06T12:00:16+01:00","url":"https://github.com/mergifyio-testing/functional-testing-repo-Greesb/commit/13bccabaad48e9a407b9b7beaeb88eae9ff96dd1","author":{"name":"Mergify","email":"108278707+mergify-greesb[bot]@users.noreply.github.com","username":"mergify-greesb[bot]"},"committer":{"name":"Mergify","email":"108278707+mergify-greesb[bot]@users.noreply.github.com","username":"mergify-greesb[bot]"},"added":["test1"],"removed":[],"modified":[]}],"head_commit":{"id":"13bccabaad48e9a407b9b7beaeb88eae9ff96dd1","tree_id":"3ea2c7190387a3bea1aadfba530a69799eaa1a53","distinct":true,"message":"test_checks_feature_disabled:
      pull request n1 from integration","timestamp":"2022-12-06T12:00:16+01:00","url":"https://github.com/mergifyio-testing/functional-testing-repo-Greesb/commit/13bccabaad48e9a407b9b7beaeb88eae9ff96dd1","author":{"name":"Mergify","email":"108278707+mergify-greesb[bot]@users.noreply.github.com","username":"mergify-greesb[bot]"},"committer":{"name":"Mergify","email":"108278707+mergify-greesb[bot]@users.noreply.github.com","username":"mergify-greesb[bot]"},"added":["test1"],"removed":[],"modified":[]}}}]'
    headers:
      Connection:
      - keep-alive
      Content-Length:
      - '21298'
      Content-Type:
      - application/json
    http_version: HTTP/1.1
    status_code: 200
- request:
    body: '{"base": "20221206110011/test_checks_feature_disabled/main", "head": "mergifyio-testing:20221206110011/test_checks_feature_disabled/integration/pr1",
      "title": "test_checks_feature_disabled: pull request n1 from integration", "body":
      "test_checks_feature_disabled: pull request n1 from integration", "draft": false}'
    headers:
      accept:
      - application/vnd.github.machine-man-preview+json
      content-length:
      - '314'
      content-type:
      - application/json
      host:
      - api.github.com
    method: POST
    uri: https://api.github.com/repos/mergifyio-testing/functional-testing-repo-Greesb/pulls
  response:
    content: '{"url":"https://api.github.com/repos/mergifyio-testing/functional-testing-repo-Greesb/pulls/15671","id":1148682736,"node_id":"PR_kwDOHdpbW85Ed4Hw","html_url":"https://github.com/mergifyio-testing/functional-testing-repo-Greesb/pull/15671","diff_url":"https://github.com/mergifyio-testing/functional-testing-repo-Greesb/pull/15671.diff","patch_url":"https://github.com/mergifyio-testing/functional-testing-repo-Greesb/pull/15671.patch","issue_url":"https://api.github.com/repos/mergifyio-testing/functional-testing-repo-Greesb/issues/15671","number":15671,"state":"open","locked":false,"title":"test_checks_feature_disabled:
      pull request n1 from integration","user":{"login":"mergify-greesb[bot]","id":108278707,"node_id":"BOT_kgDOBnQzsw","avatar_url":"https://avatars.githubusercontent.com/u/40527191?v=4","gravatar_id":"","url":"https://api.github.com/users/mergify-greesb%5Bbot%5D","html_url":"https://github.com/apps/mergify-greesb","followers_url":"https://api.github.com/users/mergify-greesb%5Bbot%5D/followers","following_url":"https://api.github.com/users/mergify-greesb%5Bbot%5D/following{/other_user}","gists_url":"https://api.github.com/users/mergify-greesb%5Bbot%5D/gists{/gist_id}","starred_url":"https://api.github.com/users/mergify-greesb%5Bbot%5D/starred{/owner}{/repo}","subscriptions_url":"https://api.github.com/users/mergify-greesb%5Bbot%5D/subscriptions","organizations_url":"https://api.github.com/users/mergify-greesb%5Bbot%5D/orgs","repos_url":"https://api.github.com/users/mergify-greesb%5Bbot%5D/repos","events_url":"https://api.github.com/users/mergify-greesb%5Bbot%5D/events{/privacy}","received_events_url":"https://api.github.com/users/mergify-greesb%5Bbot%5D/received_events","type":"Bot","site_admin":false},"body":"test_checks_feature_disabled:
      pull request n1 from integration","created_at":"2022-12-06T11:00:23Z","updated_at":"2022-12-06T11:00:23Z","closed_at":null,"merged_at":null,"merge_commit_sha":null,"assignee":null,"assignees":[],"requested_reviewers":[],"requested_teams":[],"labels":[],"milestone":null,"draft":false,"commits_url":"https://api.github.com/repos/mergifyio-testing/functional-testing-repo-Greesb/pulls/15671/commits","review_comments_url":"https://api.github.com/repos/mergifyio-testing/functional-testing-repo-Greesb/pulls/15671/comments","review_comment_url":"https://api.github.com/repos/mergifyio-testing/functional-testing-repo-Greesb/pulls/comments{/number}","comments_url":"https://api.github.com/repos/mergifyio-testing/functional-testing-repo-Greesb/issues/15671/comments","statuses_url":"https://api.github.com/repos/mergifyio-testing/functional-testing-repo-Greesb/statuses/13bccabaad48e9a407b9b7beaeb88eae9ff96dd1","head":{"label":"mergifyio-testing:20221206110011/test_checks_feature_disabled/integration/pr1","ref":"20221206110011/test_checks_feature_disabled/integration/pr1","sha":"13bccabaad48e9a407b9b7beaeb88eae9ff96dd1","user":{"login":"mergifyio-testing","id":40527191,"node_id":"MDEyOk9yZ2FuaXphdGlvbjQwNTI3MTkx","avatar_url":"https://avatars.githubusercontent.com/u/40527191?v=4","gravatar_id":"","url":"https://api.github.com/users/mergifyio-testing","html_url":"https://github.com/mergifyio-testing","followers_url":"https://api.github.com/users/mergifyio-testing/followers","following_url":"https://api.github.com/users/mergifyio-testing/following{/other_user}","gists_url":"https://api.github.com/users/mergifyio-testing/gists{/gist_id}","starred_url":"https://api.github.com/users/mergifyio-testing/starred{/owner}{/repo}","subscriptions_url":"https://api.github.com/users/mergifyio-testing/subscriptions","organizations_url":"https://api.github.com/users/mergifyio-testing/orgs","repos_url":"https://api.github.com/users/mergifyio-testing/repos","events_url":"https://api.github.com/users/mergifyio-testing/events{/privacy}","received_events_url":"https://api.github.com/users/mergifyio-testing/received_events","type":"Organization","site_admin":false},"repo":{"id":500849499,"node_id":"R_kgDOHdpbWw","name":"functional-testing-repo-Greesb","full_name":"mergifyio-testing/functional-testing-repo-Greesb","private":false,"owner":{"login":"mergifyio-testing","id":40527191,"node_id":"MDEyOk9yZ2FuaXphdGlvbjQwNTI3MTkx","avatar_url":"https://avatars.githubusercontent.com/u/40527191?v=4","gravatar_id":"","url":"https://api.github.com/users/mergifyio-testing","html_url":"https://github.com/mergifyio-testing","followers_url":"https://api.github.com/users/mergifyio-testing/followers","following_url":"https://api.github.com/users/mergifyio-testing/following{/other_user}","gists_url":"https://api.github.com/users/mergifyio-testing/gists{/gist_id}","starred_url":"https://api.github.com/users/mergifyio-testing/starred{/owner}{/repo}","subscriptions_url":"https://api.github.com/users/mergifyio-testing/subscriptions","organizations_url":"https://api.github.com/users/mergifyio-testing/orgs","repos_url":"https://api.github.com/users/mergifyio-testing/repos","events_url":"https://api.github.com/users/mergifyio-testing/events{/privacy}","received_events_url":"https://api.github.com/users/mergifyio-testing/received_events","type":"Organization","site_admin":false},"html_url":"https://github.com/mergifyio-testing/functional-testing-repo-Greesb","description":null,"fork":false,"url":"https://api.github.com/repos/mergifyio-testing/functional-testing-repo-Greesb","forks_url":"https://api.github.com/repos/mergifyio-testing/functional-testing-repo-Greesb/forks","keys_url":"https://api.github.com/repos/mergifyio-testing/functional-testing-repo-Greesb/keys{/key_id}","collaborators_url":"https://api.github.com/repos/mergifyio-testing/functional-testing-repo-Greesb/collaborators{/collaborator}","teams_url":"https://api.github.com/repos/mergifyio-testing/functional-testing-repo-Greesb/teams","hooks_url":"https://api.github.com/repos/mergifyio-testing/functional-testing-repo-Greesb/hooks","issue_events_url":"https://api.github.com/repos/mergifyio-testing/functional-testing-repo-Greesb/issues/events{/number}","events_url":"https://api.github.com/repos/mergifyio-testing/functional-testing-repo-Greesb/events","assignees_url":"https://api.github.com/repos/mergifyio-testing/functional-testing-repo-Greesb/assignees{/user}","branches_url":"https://api.github.com/repos/mergifyio-testing/functional-testing-repo-Greesb/branches{/branch}","tags_url":"https://api.github.com/repos/mergifyio-testing/functional-testing-repo-Greesb/tags","blobs_url":"https://api.github.com/repos/mergifyio-testing/functional-testing-repo-Greesb/git/blobs{/sha}","git_tags_url":"https://api.github.com/repos/mergifyio-testing/functional-testing-repo-Greesb/git/tags{/sha}","git_refs_url":"https://api.github.com/repos/mergifyio-testing/functional-testing-repo-Greesb/git/refs{/sha}","trees_url":"https://api.github.com/repos/mergifyio-testing/functional-testing-repo-Greesb/git/trees{/sha}","statuses_url":"https://api.github.com/repos/mergifyio-testing/functional-testing-repo-Greesb/statuses/{sha}","languages_url":"https://api.github.com/repos/mergifyio-testing/functional-testing-repo-Greesb/languages","stargazers_url":"https://api.github.com/repos/mergifyio-testing/functional-testing-repo-Greesb/stargazers","contributors_url":"https://api.github.com/repos/mergifyio-testing/functional-testing-repo-Greesb/contributors","subscribers_url":"https://api.github.com/repos/mergifyio-testing/functional-testing-repo-Greesb/subscribers","subscription_url":"https://api.github.com/repos/mergifyio-testing/functional-testing-repo-Greesb/subscription","commits_url":"https://api.github.com/repos/mergifyio-testing/functional-testing-repo-Greesb/commits{/sha}","git_commits_url":"https://api.github.com/repos/mergifyio-testing/functional-testing-repo-Greesb/git/commits{/sha}","comments_url":"https://api.github.com/repos/mergifyio-testing/functional-testing-repo-Greesb/comments{/number}","issue_comment_url":"https://api.github.com/repos/mergifyio-testing/functional-testing-repo-Greesb/issues/comments{/number}","contents_url":"https://api.github.com/repos/mergifyio-testing/functional-testing-repo-Greesb/contents/{+path}","compare_url":"https://api.github.com/repos/mergifyio-testing/functional-testing-repo-Greesb/compare/{base}...{head}","merges_url":"https://api.github.com/repos/mergifyio-testing/functional-testing-repo-Greesb/merges","archive_url":"https://api.github.com/repos/mergifyio-testing/functional-testing-repo-Greesb/{archive_format}{/ref}","downloads_url":"https://api.github.com/repos/mergifyio-testing/functional-testing-repo-Greesb/downloads","issues_url":"https://api.github.com/repos/mergifyio-testing/functional-testing-repo-Greesb/issues{/number}","pulls_url":"https://api.github.com/repos/mergifyio-testing/functional-testing-repo-Greesb/pulls{/number}","milestones_url":"https://api.github.com/repos/mergifyio-testing/functional-testing-repo-Greesb/milestones{/number}","notifications_url":"https://api.github.com/repos/mergifyio-testing/functional-testing-repo-Greesb/notifications{?since,all,participating}","labels_url":"https://api.github.com/repos/mergifyio-testing/functional-testing-repo-Greesb/labels{/name}","releases_url":"https://api.github.com/repos/mergifyio-testing/functional-testing-repo-Greesb/releases{/id}","deployments_url":"https://api.github.com/repos/mergifyio-testing/functional-testing-repo-Greesb/deployments","created_at":"2022-06-07T13:21:39Z","updated_at":"2022-11-28T10:20:16Z","pushed_at":"2022-12-06T11:00:21Z","git_url":"git://github.com/mergifyio-testing/functional-testing-repo-Greesb.git","ssh_url":"git@github.com:mergifyio-testing/functional-testing-repo-Greesb.git","clone_url":"https://github.com/mergifyio-testing/functional-testing-repo-Greesb.git","svn_url":"https://github.com/mergifyio-testing/functional-testing-repo-Greesb","homepage":null,"size":22,"stargazers_count":1,"watchers_count":1,"language":null,"has_issues":true,"has_projects":true,"has_downloads":true,"has_wiki":true,"has_pages":false,"has_discussions":false,"forks_count":1,"mirror_url":null,"archived":false,"disabled":false,"open_issues_count":21,"license":null,"allow_forking":true,"is_template":false,"web_commit_signoff_required":false,"topics":[],"visibility":"public","forks":1,"open_issues":21,"watchers":1,"default_branch":"main"}},"base":{"label":"mergifyio-testing:20221206110011/test_checks_feature_disabled/main","ref":"20221206110011/test_checks_feature_disabled/main","sha":"e5a9fa519669854cfe4d20cd765e67ca8a6c2a3f","user":{"login":"mergifyio-testing","id":40527191,"node_id":"MDEyOk9yZ2FuaXphdGlvbjQwNTI3MTkx","avatar_url":"https://avatars.githubusercontent.com/u/40527191?v=4","gravatar_id":"","url":"https://api.github.com/users/mergifyio-testing","html_url":"https://github.com/mergifyio-testing","followers_url":"https://api.github.com/users/mergifyio-testing/followers","following_url":"https://api.github.com/users/mergifyio-testing/following{/other_user}","gists_url":"https://api.github.com/users/mergifyio-testing/gists{/gist_id}","starred_url":"https://api.github.com/users/mergifyio-testing/starred{/owner}{/repo}","subscriptions_url":"https://api.github.com/users/mergifyio-testing/subscriptions","organizations_url":"https://api.github.com/users/mergifyio-testing/orgs","repos_url":"https://api.github.com/users/mergifyio-testing/repos","events_url":"https://api.github.com/users/mergifyio-testing/events{/privacy}","received_events_url":"https://api.github.com/users/mergifyio-testing/received_events","type":"Organization","site_admin":false},"repo":{"id":500849499,"node_id":"R_kgDOHdpbWw","name":"functional-testing-repo-Greesb","full_name":"mergifyio-testing/functional-testing-repo-Greesb","private":false,"owner":{"login":"mergifyio-testing","id":40527191,"node_id":"MDEyOk9yZ2FuaXphdGlvbjQwNTI3MTkx","avatar_url":"https://avatars.githubusercontent.com/u/40527191?v=4","gravatar_id":"","url":"https://api.github.com/users/mergifyio-testing","html_url":"https://github.com/mergifyio-testing","followers_url":"https://api.github.com/users/mergifyio-testing/followers","following_url":"https://api.github.com/users/mergifyio-testing/following{/other_user}","gists_url":"https://api.github.com/users/mergifyio-testing/gists{/gist_id}","starred_url":"https://api.github.com/users/mergifyio-testing/starred{/owner}{/repo}","subscriptions_url":"https://api.github.com/users/mergifyio-testing/subscriptions","organizations_url":"https://api.github.com/users/mergifyio-testing/orgs","repos_url":"https://api.github.com/users/mergifyio-testing/repos","events_url":"https://api.github.com/users/mergifyio-testing/events{/privacy}","received_events_url":"https://api.github.com/users/mergifyio-testing/received_events","type":"Organization","site_admin":false},"html_url":"https://github.com/mergifyio-testing/functional-testing-repo-Greesb","description":null,"fork":false,"url":"https://api.github.com/repos/mergifyio-testing/functional-testing-repo-Greesb","forks_url":"https://api.github.com/repos/mergifyio-testing/functional-testing-repo-Greesb/forks","keys_url":"https://api.github.com/repos/mergifyio-testing/functional-testing-repo-Greesb/keys{/key_id}","collaborators_url":"https://api.github.com/repos/mergifyio-testing/functional-testing-repo-Greesb/collaborators{/collaborator}","teams_url":"https://api.github.com/repos/mergifyio-testing/functional-testing-repo-Greesb/teams","hooks_url":"https://api.github.com/repos/mergifyio-testing/functional-testing-repo-Greesb/hooks","issue_events_url":"https://api.github.com/repos/mergifyio-testing/functional-testing-repo-Greesb/issues/events{/number}","events_url":"https://api.github.com/repos/mergifyio-testing/functional-testing-repo-Greesb/events","assignees_url":"https://api.github.com/repos/mergifyio-testing/functional-testing-repo-Greesb/assignees{/user}","branches_url":"https://api.github.com/repos/mergifyio-testing/functional-testing-repo-Greesb/branches{/branch}","tags_url":"https://api.github.com/repos/mergifyio-testing/functional-testing-repo-Greesb/tags","blobs_url":"https://api.github.com/repos/mergifyio-testing/functional-testing-repo-Greesb/git/blobs{/sha}","git_tags_url":"https://api.github.com/repos/mergifyio-testing/functional-testing-repo-Greesb/git/tags{/sha}","git_refs_url":"https://api.github.com/repos/mergifyio-testing/functional-testing-repo-Greesb/git/refs{/sha}","trees_url":"https://api.github.com/repos/mergifyio-testing/functional-testing-repo-Greesb/git/trees{/sha}","statuses_url":"https://api.github.com/repos/mergifyio-testing/functional-testing-repo-Greesb/statuses/{sha}","languages_url":"https://api.github.com/repos/mergifyio-testing/functional-testing-repo-Greesb/languages","stargazers_url":"https://api.github.com/repos/mergifyio-testing/functional-testing-repo-Greesb/stargazers","contributors_url":"https://api.github.com/repos/mergifyio-testing/functional-testing-repo-Greesb/contributors","subscribers_url":"https://api.github.com/repos/mergifyio-testing/functional-testing-repo-Greesb/subscribers","subscription_url":"https://api.github.com/repos/mergifyio-testing/functional-testing-repo-Greesb/subscription","commits_url":"https://api.github.com/repos/mergifyio-testing/functional-testing-repo-Greesb/commits{/sha}","git_commits_url":"https://api.github.com/repos/mergifyio-testing/functional-testing-repo-Greesb/git/commits{/sha}","comments_url":"https://api.github.com/repos/mergifyio-testing/functional-testing-repo-Greesb/comments{/number}","issue_comment_url":"https://api.github.com/repos/mergifyio-testing/functional-testing-repo-Greesb/issues/comments{/number}","contents_url":"https://api.github.com/repos/mergifyio-testing/functional-testing-repo-Greesb/contents/{+path}","compare_url":"https://api.github.com/repos/mergifyio-testing/functional-testing-repo-Greesb/compare/{base}...{head}","merges_url":"https://api.github.com/repos/mergifyio-testing/functional-testing-repo-Greesb/merges","archive_url":"https://api.github.com/repos/mergifyio-testing/functional-testing-repo-Greesb/{archive_format}{/ref}","downloads_url":"https://api.github.com/repos/mergifyio-testing/functional-testing-repo-Greesb/downloads","issues_url":"https://api.github.com/repos/mergifyio-testing/functional-testing-repo-Greesb/issues{/number}","pulls_url":"https://api.github.com/repos/mergifyio-testing/functional-testing-repo-Greesb/pulls{/number}","milestones_url":"https://api.github.com/repos/mergifyio-testing/functional-testing-repo-Greesb/milestones{/number}","notifications_url":"https://api.github.com/repos/mergifyio-testing/functional-testing-repo-Greesb/notifications{?since,all,participating}","labels_url":"https://api.github.com/repos/mergifyio-testing/functional-testing-repo-Greesb/labels{/name}","releases_url":"https://api.github.com/repos/mergifyio-testing/functional-testing-repo-Greesb/releases{/id}","deployments_url":"https://api.github.com/repos/mergifyio-testing/functional-testing-repo-Greesb/deployments","created_at":"2022-06-07T13:21:39Z","updated_at":"2022-11-28T10:20:16Z","pushed_at":"2022-12-06T11:00:21Z","git_url":"git://github.com/mergifyio-testing/functional-testing-repo-Greesb.git","ssh_url":"git@github.com:mergifyio-testing/functional-testing-repo-Greesb.git","clone_url":"https://github.com/mergifyio-testing/functional-testing-repo-Greesb.git","svn_url":"https://github.com/mergifyio-testing/functional-testing-repo-Greesb","homepage":null,"size":22,"stargazers_count":1,"watchers_count":1,"language":null,"has_issues":true,"has_projects":true,"has_downloads":true,"has_wiki":true,"has_pages":false,"has_discussions":false,"forks_count":1,"mirror_url":null,"archived":false,"disabled":false,"open_issues_count":21,"license":null,"allow_forking":true,"is_template":false,"web_commit_signoff_required":false,"topics":[],"visibility":"public","forks":1,"open_issues":21,"watchers":1,"default_branch":"main"}},"_links":{"self":{"href":"https://api.github.com/repos/mergifyio-testing/functional-testing-repo-Greesb/pulls/15671"},"html":{"href":"https://github.com/mergifyio-testing/functional-testing-repo-Greesb/pull/15671"},"issue":{"href":"https://api.github.com/repos/mergifyio-testing/functional-testing-repo-Greesb/issues/15671"},"comments":{"href":"https://api.github.com/repos/mergifyio-testing/functional-testing-repo-Greesb/issues/15671/comments"},"review_comments":{"href":"https://api.github.com/repos/mergifyio-testing/functional-testing-repo-Greesb/pulls/15671/comments"},"review_comment":{"href":"https://api.github.com/repos/mergifyio-testing/functional-testing-repo-Greesb/pulls/comments{/number}"},"commits":{"href":"https://api.github.com/repos/mergifyio-testing/functional-testing-repo-Greesb/pulls/15671/commits"},"statuses":{"href":"https://api.github.com/repos/mergifyio-testing/functional-testing-repo-Greesb/statuses/13bccabaad48e9a407b9b7beaeb88eae9ff96dd1"}},"author_association":"CONTRIBUTOR","auto_merge":null,"active_lock_reason":null,"merged":false,"mergeable":null,"rebaseable":null,"mergeable_state":"unknown","merged_by":null,"comments":0,"review_comments":0,"maintainer_can_modify":false,"commits":1,"additions":0,"deletions":0,"changed_files":1}'
    headers:
      Content-Length:
      - '19059'
      Content-Type:
      - application/json; charset=utf-8
      Location:
      - https://api.github.com/repos/mergifyio-testing/functional-testing-repo-Greesb/pulls/15671
      X-GitHub-Media-Type:
      - github.v3; param=machine-man-preview; format=json
      x-github-api-version-selected:
      - '2022-11-28'
    http_version: HTTP/1.1
    status_code: 201
- request:
    body: whatdataisthat
    headers:
      X-Hub-Signature:
      - <SIGNATURE>
      accept:
      - '*/*'
      content-length:
      - '14'
      host:
      - test-forwarder.mergify.io
    method: GET
    uri: https://test-forwarder.mergify.io/events/github.com/214877/500849499/20221206110011-test_checks_feature_disabled?counter=11
  response:
    content: '[]'
    headers:
      Connection:
      - keep-alive
      Content-Length:
      - '2'
      Content-Type:
      - application/json
    http_version: HTTP/1.1
    status_code: 200
- request:
    body: whatdataisthat
    headers:
      X-Hub-Signature:
      - <SIGNATURE>
      accept:
      - '*/*'
      content-length:
      - '14'
      host:
      - test-forwarder.mergify.io
    method: GET
    uri: https://test-forwarder.mergify.io/events/github.com/214877/500849499/20221206110011-test_checks_feature_disabled?counter=12
  response:
    content: '[{"id":"2ea41a90-7555-11ed-8b61-9c10b7d7ce5e","type":"pull_request","payload":{"action":"opened","number":15671,"pull_request":{"url":"https://api.github.com/repos/mergifyio-testing/functional-testing-repo-Greesb/pulls/15671","id":1148682736,"node_id":"PR_kwDOHdpbW85Ed4Hw","html_url":"https://github.com/mergifyio-testing/functional-testing-repo-Greesb/pull/15671","diff_url":"https://github.com/mergifyio-testing/functional-testing-repo-Greesb/pull/15671.diff","patch_url":"https://github.com/mergifyio-testing/functional-testing-repo-Greesb/pull/15671.patch","issue_url":"https://api.github.com/repos/mergifyio-testing/functional-testing-repo-Greesb/issues/15671","number":15671,"state":"open","locked":false,"title":"test_checks_feature_disabled:
      pull request n1 from integration","user":{"login":"mergify-greesb[bot]","id":108278707,"node_id":"BOT_kgDOBnQzsw","avatar_url":"https://avatars.githubusercontent.com/u/40527191?v=4","gravatar_id":"","url":"https://api.github.com/users/mergify-greesb%5Bbot%5D","html_url":"https://github.com/apps/mergify-greesb","followers_url":"https://api.github.com/users/mergify-greesb%5Bbot%5D/followers","following_url":"https://api.github.com/users/mergify-greesb%5Bbot%5D/following{/other_user}","gists_url":"https://api.github.com/users/mergify-greesb%5Bbot%5D/gists{/gist_id}","starred_url":"https://api.github.com/users/mergify-greesb%5Bbot%5D/starred{/owner}{/repo}","subscriptions_url":"https://api.github.com/users/mergify-greesb%5Bbot%5D/subscriptions","organizations_url":"https://api.github.com/users/mergify-greesb%5Bbot%5D/orgs","repos_url":"https://api.github.com/users/mergify-greesb%5Bbot%5D/repos","events_url":"https://api.github.com/users/mergify-greesb%5Bbot%5D/events{/privacy}","received_events_url":"https://api.github.com/users/mergify-greesb%5Bbot%5D/received_events","type":"Bot","site_admin":false},"body":"test_checks_feature_disabled:
      pull request n1 from integration","created_at":"2022-12-06T11:00:23Z","updated_at":"2022-12-06T11:00:23Z","closed_at":null,"merged_at":null,"merge_commit_sha":null,"assignee":null,"assignees":[],"requested_reviewers":[],"requested_teams":[],"labels":[],"milestone":null,"draft":false,"commits_url":"https://api.github.com/repos/mergifyio-testing/functional-testing-repo-Greesb/pulls/15671/commits","review_comments_url":"https://api.github.com/repos/mergifyio-testing/functional-testing-repo-Greesb/pulls/15671/comments","review_comment_url":"https://api.github.com/repos/mergifyio-testing/functional-testing-repo-Greesb/pulls/comments{/number}","comments_url":"https://api.github.com/repos/mergifyio-testing/functional-testing-repo-Greesb/issues/15671/comments","statuses_url":"https://api.github.com/repos/mergifyio-testing/functional-testing-repo-Greesb/statuses/13bccabaad48e9a407b9b7beaeb88eae9ff96dd1","head":{"label":"mergifyio-testing:20221206110011/test_checks_feature_disabled/integration/pr1","ref":"20221206110011/test_checks_feature_disabled/integration/pr1","sha":"13bccabaad48e9a407b9b7beaeb88eae9ff96dd1","user":{"login":"mergifyio-testing","id":40527191,"node_id":"MDEyOk9yZ2FuaXphdGlvbjQwNTI3MTkx","avatar_url":"https://avatars.githubusercontent.com/u/40527191?v=4","gravatar_id":"","url":"https://api.github.com/users/mergifyio-testing","html_url":"https://github.com/mergifyio-testing","followers_url":"https://api.github.com/users/mergifyio-testing/followers","following_url":"https://api.github.com/users/mergifyio-testing/following{/other_user}","gists_url":"https://api.github.com/users/mergifyio-testing/gists{/gist_id}","starred_url":"https://api.github.com/users/mergifyio-testing/starred{/owner}{/repo}","subscriptions_url":"https://api.github.com/users/mergifyio-testing/subscriptions","organizations_url":"https://api.github.com/users/mergifyio-testing/orgs","repos_url":"https://api.github.com/users/mergifyio-testing/repos","events_url":"https://api.github.com/users/mergifyio-testing/events{/privacy}","received_events_url":"https://api.github.com/users/mergifyio-testing/received_events","type":"Organization","site_admin":false},"repo":{"id":500849499,"node_id":"R_kgDOHdpbWw","name":"functional-testing-repo-Greesb","full_name":"mergifyio-testing/functional-testing-repo-Greesb","private":false,"owner":{"login":"mergifyio-testing","id":40527191,"node_id":"MDEyOk9yZ2FuaXphdGlvbjQwNTI3MTkx","avatar_url":"https://avatars.githubusercontent.com/u/40527191?v=4","gravatar_id":"","url":"https://api.github.com/users/mergifyio-testing","html_url":"https://github.com/mergifyio-testing","followers_url":"https://api.github.com/users/mergifyio-testing/followers","following_url":"https://api.github.com/users/mergifyio-testing/following{/other_user}","gists_url":"https://api.github.com/users/mergifyio-testing/gists{/gist_id}","starred_url":"https://api.github.com/users/mergifyio-testing/starred{/owner}{/repo}","subscriptions_url":"https://api.github.com/users/mergifyio-testing/subscriptions","organizations_url":"https://api.github.com/users/mergifyio-testing/orgs","repos_url":"https://api.github.com/users/mergifyio-testing/repos","events_url":"https://api.github.com/users/mergifyio-testing/events{/privacy}","received_events_url":"https://api.github.com/users/mergifyio-testing/received_events","type":"Organization","site_admin":false},"html_url":"https://github.com/mergifyio-testing/functional-testing-repo-Greesb","description":null,"fork":false,"url":"https://api.github.com/repos/mergifyio-testing/functional-testing-repo-Greesb","forks_url":"https://api.github.com/repos/mergifyio-testing/functional-testing-repo-Greesb/forks","keys_url":"https://api.github.com/repos/mergifyio-testing/functional-testing-repo-Greesb/keys{/key_id}","collaborators_url":"https://api.github.com/repos/mergifyio-testing/functional-testing-repo-Greesb/collaborators{/collaborator}","teams_url":"https://api.github.com/repos/mergifyio-testing/functional-testing-repo-Greesb/teams","hooks_url":"https://api.github.com/repos/mergifyio-testing/functional-testing-repo-Greesb/hooks","issue_events_url":"https://api.github.com/repos/mergifyio-testing/functional-testing-repo-Greesb/issues/events{/number}","events_url":"https://api.github.com/repos/mergifyio-testing/functional-testing-repo-Greesb/events","assignees_url":"https://api.github.com/repos/mergifyio-testing/functional-testing-repo-Greesb/assignees{/user}","branches_url":"https://api.github.com/repos/mergifyio-testing/functional-testing-repo-Greesb/branches{/branch}","tags_url":"https://api.github.com/repos/mergifyio-testing/functional-testing-repo-Greesb/tags","blobs_url":"https://api.github.com/repos/mergifyio-testing/functional-testing-repo-Greesb/git/blobs{/sha}","git_tags_url":"https://api.github.com/repos/mergifyio-testing/functional-testing-repo-Greesb/git/tags{/sha}","git_refs_url":"https://api.github.com/repos/mergifyio-testing/functional-testing-repo-Greesb/git/refs{/sha}","trees_url":"https://api.github.com/repos/mergifyio-testing/functional-testing-repo-Greesb/git/trees{/sha}","statuses_url":"https://api.github.com/repos/mergifyio-testing/functional-testing-repo-Greesb/statuses/{sha}","languages_url":"https://api.github.com/repos/mergifyio-testing/functional-testing-repo-Greesb/languages","stargazers_url":"https://api.github.com/repos/mergifyio-testing/functional-testing-repo-Greesb/stargazers","contributors_url":"https://api.github.com/repos/mergifyio-testing/functional-testing-repo-Greesb/contributors","subscribers_url":"https://api.github.com/repos/mergifyio-testing/functional-testing-repo-Greesb/subscribers","subscription_url":"https://api.github.com/repos/mergifyio-testing/functional-testing-repo-Greesb/subscription","commits_url":"https://api.github.com/repos/mergifyio-testing/functional-testing-repo-Greesb/commits{/sha}","git_commits_url":"https://api.github.com/repos/mergifyio-testing/functional-testing-repo-Greesb/git/commits{/sha}","comments_url":"https://api.github.com/repos/mergifyio-testing/functional-testing-repo-Greesb/comments{/number}","issue_comment_url":"https://api.github.com/repos/mergifyio-testing/functional-testing-repo-Greesb/issues/comments{/number}","contents_url":"https://api.github.com/repos/mergifyio-testing/functional-testing-repo-Greesb/contents/{+path}","compare_url":"https://api.github.com/repos/mergifyio-testing/functional-testing-repo-Greesb/compare/{base}...{head}","merges_url":"https://api.github.com/repos/mergifyio-testing/functional-testing-repo-Greesb/merges","archive_url":"https://api.github.com/repos/mergifyio-testing/functional-testing-repo-Greesb/{archive_format}{/ref}","downloads_url":"https://api.github.com/repos/mergifyio-testing/functional-testing-repo-Greesb/downloads","issues_url":"https://api.github.com/repos/mergifyio-testing/functional-testing-repo-Greesb/issues{/number}","pulls_url":"https://api.github.com/repos/mergifyio-testing/functional-testing-repo-Greesb/pulls{/number}","milestones_url":"https://api.github.com/repos/mergifyio-testing/functional-testing-repo-Greesb/milestones{/number}","notifications_url":"https://api.github.com/repos/mergifyio-testing/functional-testing-repo-Greesb/notifications{?since,all,participating}","labels_url":"https://api.github.com/repos/mergifyio-testing/functional-testing-repo-Greesb/labels{/name}","releases_url":"https://api.github.com/repos/mergifyio-testing/functional-testing-repo-Greesb/releases{/id}","deployments_url":"https://api.github.com/repos/mergifyio-testing/functional-testing-repo-Greesb/deployments","created_at":"2022-06-07T13:21:39Z","updated_at":"2022-11-28T10:20:16Z","pushed_at":"2022-12-06T11:00:23Z","git_url":"git://github.com/mergifyio-testing/functional-testing-repo-Greesb.git","ssh_url":"git@github.com:mergifyio-testing/functional-testing-repo-Greesb.git","clone_url":"https://github.com/mergifyio-testing/functional-testing-repo-Greesb.git","svn_url":"https://github.com/mergifyio-testing/functional-testing-repo-Greesb","homepage":null,"size":22,"stargazers_count":1,"watchers_count":1,"language":null,"has_issues":true,"has_projects":true,"has_downloads":true,"has_wiki":true,"has_pages":false,"has_discussions":false,"forks_count":1,"mirror_url":null,"archived":false,"disabled":false,"open_issues_count":21,"license":null,"allow_forking":true,"is_template":false,"web_commit_signoff_required":false,"topics":[],"visibility":"public","forks":1,"open_issues":21,"watchers":1,"default_branch":"main","allow_squash_merge":true,"allow_merge_commit":true,"allow_rebase_merge":true,"allow_auto_merge":false,"delete_branch_on_merge":false,"allow_update_branch":false,"use_squash_pr_title_as_default":false,"squash_merge_commit_message":"COMMIT_MESSAGES","squash_merge_commit_title":"COMMIT_OR_PR_TITLE","merge_commit_message":"PR_TITLE","merge_commit_title":"MERGE_MESSAGE"}},"base":{"label":"mergifyio-testing:20221206110011/test_checks_feature_disabled/main","ref":"20221206110011/test_checks_feature_disabled/main","sha":"e5a9fa519669854cfe4d20cd765e67ca8a6c2a3f","user":{"login":"mergifyio-testing","id":40527191,"node_id":"MDEyOk9yZ2FuaXphdGlvbjQwNTI3MTkx","avatar_url":"https://avatars.githubusercontent.com/u/40527191?v=4","gravatar_id":"","url":"https://api.github.com/users/mergifyio-testing","html_url":"https://github.com/mergifyio-testing","followers_url":"https://api.github.com/users/mergifyio-testing/followers","following_url":"https://api.github.com/users/mergifyio-testing/following{/other_user}","gists_url":"https://api.github.com/users/mergifyio-testing/gists{/gist_id}","starred_url":"https://api.github.com/users/mergifyio-testing/starred{/owner}{/repo}","subscriptions_url":"https://api.github.com/users/mergifyio-testing/subscriptions","organizations_url":"https://api.github.com/users/mergifyio-testing/orgs","repos_url":"https://api.github.com/users/mergifyio-testing/repos","events_url":"https://api.github.com/users/mergifyio-testing/events{/privacy}","received_events_url":"https://api.github.com/users/mergifyio-testing/received_events","type":"Organization","site_admin":false},"repo":{"id":500849499,"node_id":"R_kgDOHdpbWw","name":"functional-testing-repo-Greesb","full_name":"mergifyio-testing/functional-testing-repo-Greesb","private":false,"owner":{"login":"mergifyio-testing","id":40527191,"node_id":"MDEyOk9yZ2FuaXphdGlvbjQwNTI3MTkx","avatar_url":"https://avatars.githubusercontent.com/u/40527191?v=4","gravatar_id":"","url":"https://api.github.com/users/mergifyio-testing","html_url":"https://github.com/mergifyio-testing","followers_url":"https://api.github.com/users/mergifyio-testing/followers","following_url":"https://api.github.com/users/mergifyio-testing/following{/other_user}","gists_url":"https://api.github.com/users/mergifyio-testing/gists{/gist_id}","starred_url":"https://api.github.com/users/mergifyio-testing/starred{/owner}{/repo}","subscriptions_url":"https://api.github.com/users/mergifyio-testing/subscriptions","organizations_url":"https://api.github.com/users/mergifyio-testing/orgs","repos_url":"https://api.github.com/users/mergifyio-testing/repos","events_url":"https://api.github.com/users/mergifyio-testing/events{/privacy}","received_events_url":"https://api.github.com/users/mergifyio-testing/received_events","type":"Organization","site_admin":false},"html_url":"https://github.com/mergifyio-testing/functional-testing-repo-Greesb","description":null,"fork":false,"url":"https://api.github.com/repos/mergifyio-testing/functional-testing-repo-Greesb","forks_url":"https://api.github.com/repos/mergifyio-testing/functional-testing-repo-Greesb/forks","keys_url":"https://api.github.com/repos/mergifyio-testing/functional-testing-repo-Greesb/keys{/key_id}","collaborators_url":"https://api.github.com/repos/mergifyio-testing/functional-testing-repo-Greesb/collaborators{/collaborator}","teams_url":"https://api.github.com/repos/mergifyio-testing/functional-testing-repo-Greesb/teams","hooks_url":"https://api.github.com/repos/mergifyio-testing/functional-testing-repo-Greesb/hooks","issue_events_url":"https://api.github.com/repos/mergifyio-testing/functional-testing-repo-Greesb/issues/events{/number}","events_url":"https://api.github.com/repos/mergifyio-testing/functional-testing-repo-Greesb/events","assignees_url":"https://api.github.com/repos/mergifyio-testing/functional-testing-repo-Greesb/assignees{/user}","branches_url":"https://api.github.com/repos/mergifyio-testing/functional-testing-repo-Greesb/branches{/branch}","tags_url":"https://api.github.com/repos/mergifyio-testing/functional-testing-repo-Greesb/tags","blobs_url":"https://api.github.com/repos/mergifyio-testing/functional-testing-repo-Greesb/git/blobs{/sha}","git_tags_url":"https://api.github.com/repos/mergifyio-testing/functional-testing-repo-Greesb/git/tags{/sha}","git_refs_url":"https://api.github.com/repos/mergifyio-testing/functional-testing-repo-Greesb/git/refs{/sha}","trees_url":"https://api.github.com/repos/mergifyio-testing/functional-testing-repo-Greesb/git/trees{/sha}","statuses_url":"https://api.github.com/repos/mergifyio-testing/functional-testing-repo-Greesb/statuses/{sha}","languages_url":"https://api.github.com/repos/mergifyio-testing/functional-testing-repo-Greesb/languages","stargazers_url":"https://api.github.com/repos/mergifyio-testing/functional-testing-repo-Greesb/stargazers","contributors_url":"https://api.github.com/repos/mergifyio-testing/functional-testing-repo-Greesb/contributors","subscribers_url":"https://api.github.com/repos/mergifyio-testing/functional-testing-repo-Greesb/subscribers","subscription_url":"https://api.github.com/repos/mergifyio-testing/functional-testing-repo-Greesb/subscription","commits_url":"https://api.github.com/repos/mergifyio-testing/functional-testing-repo-Greesb/commits{/sha}","git_commits_url":"https://api.github.com/repos/mergifyio-testing/functional-testing-repo-Greesb/git/commits{/sha}","comments_url":"https://api.github.com/repos/mergifyio-testing/functional-testing-repo-Greesb/comments{/number}","issue_comment_url":"https://api.github.com/repos/mergifyio-testing/functional-testing-repo-Greesb/issues/comments{/number}","contents_url":"https://api.github.com/repos/mergifyio-testing/functional-testing-repo-Greesb/contents/{+path}","compare_url":"https://api.github.com/repos/mergifyio-testing/functional-testing-repo-Greesb/compare/{base}...{head}","merges_url":"https://api.github.com/repos/mergifyio-testing/functional-testing-repo-Greesb/merges","archive_url":"https://api.github.com/repos/mergifyio-testing/functional-testing-repo-Greesb/{archive_format}{/ref}","downloads_url":"https://api.github.com/repos/mergifyio-testing/functional-testing-repo-Greesb/downloads","issues_url":"https://api.github.com/repos/mergifyio-testing/functional-testing-repo-Greesb/issues{/number}","pulls_url":"https://api.github.com/repos/mergifyio-testing/functional-testing-repo-Greesb/pulls{/number}","milestones_url":"https://api.github.com/repos/mergifyio-testing/functional-testing-repo-Greesb/milestones{/number}","notifications_url":"https://api.github.com/repos/mergifyio-testing/functional-testing-repo-Greesb/notifications{?since,all,participating}","labels_url":"https://api.github.com/repos/mergifyio-testing/functional-testing-repo-Greesb/labels{/name}","releases_url":"https://api.github.com/repos/mergifyio-testing/functional-testing-repo-Greesb/releases{/id}","deployments_url":"https://api.github.com/repos/mergifyio-testing/functional-testing-repo-Greesb/deployments","created_at":"2022-06-07T13:21:39Z","updated_at":"2022-11-28T10:20:16Z","pushed_at":"2022-12-06T11:00:23Z","git_url":"git://github.com/mergifyio-testing/functional-testing-repo-Greesb.git","ssh_url":"git@github.com:mergifyio-testing/functional-testing-repo-Greesb.git","clone_url":"https://github.com/mergifyio-testing/functional-testing-repo-Greesb.git","svn_url":"https://github.com/mergifyio-testing/functional-testing-repo-Greesb","homepage":null,"size":22,"stargazers_count":1,"watchers_count":1,"language":null,"has_issues":true,"has_projects":true,"has_downloads":true,"has_wiki":true,"has_pages":false,"has_discussions":false,"forks_count":1,"mirror_url":null,"archived":false,"disabled":false,"open_issues_count":21,"license":null,"allow_forking":true,"is_template":false,"web_commit_signoff_required":false,"topics":[],"visibility":"public","forks":1,"open_issues":21,"watchers":1,"default_branch":"main","allow_squash_merge":true,"allow_merge_commit":true,"allow_rebase_merge":true,"allow_auto_merge":false,"delete_branch_on_merge":false,"allow_update_branch":false,"use_squash_pr_title_as_default":false,"squash_merge_commit_message":"COMMIT_MESSAGES","squash_merge_commit_title":"COMMIT_OR_PR_TITLE","merge_commit_message":"PR_TITLE","merge_commit_title":"MERGE_MESSAGE"}},"_links":{"self":{"href":"https://api.github.com/repos/mergifyio-testing/functional-testing-repo-Greesb/pulls/15671"},"html":{"href":"https://github.com/mergifyio-testing/functional-testing-repo-Greesb/pull/15671"},"issue":{"href":"https://api.github.com/repos/mergifyio-testing/functional-testing-repo-Greesb/issues/15671"},"comments":{"href":"https://api.github.com/repos/mergifyio-testing/functional-testing-repo-Greesb/issues/15671/comments"},"review_comments":{"href":"https://api.github.com/repos/mergifyio-testing/functional-testing-repo-Greesb/pulls/15671/comments"},"review_comment":{"href":"https://api.github.com/repos/mergifyio-testing/functional-testing-repo-Greesb/pulls/comments{/number}"},"commits":{"href":"https://api.github.com/repos/mergifyio-testing/functional-testing-repo-Greesb/pulls/15671/commits"},"statuses":{"href":"https://api.github.com/repos/mergifyio-testing/functional-testing-repo-Greesb/statuses/13bccabaad48e9a407b9b7beaeb88eae9ff96dd1"}},"author_association":"CONTRIBUTOR","auto_merge":null,"active_lock_reason":null,"merged":false,"mergeable":null,"rebaseable":null,"mergeable_state":"unknown","merged_by":null,"comments":0,"review_comments":0,"maintainer_can_modify":false,"commits":1,"additions":0,"deletions":0,"changed_files":1},"repository":{"id":500849499,"node_id":"R_kgDOHdpbWw","name":"functional-testing-repo-Greesb","full_name":"mergifyio-testing/functional-testing-repo-Greesb","private":false,"owner":{"login":"mergifyio-testing","id":40527191,"node_id":"MDEyOk9yZ2FuaXphdGlvbjQwNTI3MTkx","avatar_url":"https://avatars.githubusercontent.com/u/40527191?v=4","gravatar_id":"","url":"https://api.github.com/users/mergifyio-testing","html_url":"https://github.com/mergifyio-testing","followers_url":"https://api.github.com/users/mergifyio-testing/followers","following_url":"https://api.github.com/users/mergifyio-testing/following{/other_user}","gists_url":"https://api.github.com/users/mergifyio-testing/gists{/gist_id}","starred_url":"https://api.github.com/users/mergifyio-testing/starred{/owner}{/repo}","subscriptions_url":"https://api.github.com/users/mergifyio-testing/subscriptions","organizations_url":"https://api.github.com/users/mergifyio-testing/orgs","repos_url":"https://api.github.com/users/mergifyio-testing/repos","events_url":"https://api.github.com/users/mergifyio-testing/events{/privacy}","received_events_url":"https://api.github.com/users/mergifyio-testing/received_events","type":"Organization","site_admin":false},"html_url":"https://github.com/mergifyio-testing/functional-testing-repo-Greesb","description":null,"fork":false,"url":"https://api.github.com/repos/mergifyio-testing/functional-testing-repo-Greesb","forks_url":"https://api.github.com/repos/mergifyio-testing/functional-testing-repo-Greesb/forks","keys_url":"https://api.github.com/repos/mergifyio-testing/functional-testing-repo-Greesb/keys{/key_id}","collaborators_url":"https://api.github.com/repos/mergifyio-testing/functional-testing-repo-Greesb/collaborators{/collaborator}","teams_url":"https://api.github.com/repos/mergifyio-testing/functional-testing-repo-Greesb/teams","hooks_url":"https://api.github.com/repos/mergifyio-testing/functional-testing-repo-Greesb/hooks","issue_events_url":"https://api.github.com/repos/mergifyio-testing/functional-testing-repo-Greesb/issues/events{/number}","events_url":"https://api.github.com/repos/mergifyio-testing/functional-testing-repo-Greesb/events","assignees_url":"https://api.github.com/repos/mergifyio-testing/functional-testing-repo-Greesb/assignees{/user}","branches_url":"https://api.github.com/repos/mergifyio-testing/functional-testing-repo-Greesb/branches{/branch}","tags_url":"https://api.github.com/repos/mergifyio-testing/functional-testing-repo-Greesb/tags","blobs_url":"https://api.github.com/repos/mergifyio-testing/functional-testing-repo-Greesb/git/blobs{/sha}","git_tags_url":"https://api.github.com/repos/mergifyio-testing/functional-testing-repo-Greesb/git/tags{/sha}","git_refs_url":"https://api.github.com/repos/mergifyio-testing/functional-testing-repo-Greesb/git/refs{/sha}","trees_url":"https://api.github.com/repos/mergifyio-testing/functional-testing-repo-Greesb/git/trees{/sha}","statuses_url":"https://api.github.com/repos/mergifyio-testing/functional-testing-repo-Greesb/statuses/{sha}","languages_url":"https://api.github.com/repos/mergifyio-testing/functional-testing-repo-Greesb/languages","stargazers_url":"https://api.github.com/repos/mergifyio-testing/functional-testing-repo-Greesb/stargazers","contributors_url":"https://api.github.com/repos/mergifyio-testing/functional-testing-repo-Greesb/contributors","subscribers_url":"https://api.github.com/repos/mergifyio-testing/functional-testing-repo-Greesb/subscribers","subscription_url":"https://api.github.com/repos/mergifyio-testing/functional-testing-repo-Greesb/subscription","commits_url":"https://api.github.com/repos/mergifyio-testing/functional-testing-repo-Greesb/commits{/sha}","git_commits_url":"https://api.github.com/repos/mergifyio-testing/functional-testing-repo-Greesb/git/commits{/sha}","comments_url":"https://api.github.com/repos/mergifyio-testing/functional-testing-repo-Greesb/comments{/number}","issue_comment_url":"https://api.github.com/repos/mergifyio-testing/functional-testing-repo-Greesb/issues/comments{/number}","contents_url":"https://api.github.com/repos/mergifyio-testing/functional-testing-repo-Greesb/contents/{+path}","compare_url":"https://api.github.com/repos/mergifyio-testing/functional-testing-repo-Greesb/compare/{base}...{head}","merges_url":"https://api.github.com/repos/mergifyio-testing/functional-testing-repo-Greesb/merges","archive_url":"https://api.github.com/repos/mergifyio-testing/functional-testing-repo-Greesb/{archive_format}{/ref}","downloads_url":"https://api.github.com/repos/mergifyio-testing/functional-testing-repo-Greesb/downloads","issues_url":"https://api.github.com/repos/mergifyio-testing/functional-testing-repo-Greesb/issues{/number}","pulls_url":"https://api.github.com/repos/mergifyio-testing/functional-testing-repo-Greesb/pulls{/number}","milestones_url":"https://api.github.com/repos/mergifyio-testing/functional-testing-repo-Greesb/milestones{/number}","notifications_url":"https://api.github.com/repos/mergifyio-testing/functional-testing-repo-Greesb/notifications{?since,all,participating}","labels_url":"https://api.github.com/repos/mergifyio-testing/functional-testing-repo-Greesb/labels{/name}","releases_url":"https://api.github.com/repos/mergifyio-testing/functional-testing-repo-Greesb/releases{/id}","deployments_url":"https://api.github.com/repos/mergifyio-testing/functional-testing-repo-Greesb/deployments","created_at":"2022-06-07T13:21:39Z","updated_at":"2022-11-28T10:20:16Z","pushed_at":"2022-12-06T11:00:23Z","git_url":"git://github.com/mergifyio-testing/functional-testing-repo-Greesb.git","ssh_url":"git@github.com:mergifyio-testing/functional-testing-repo-Greesb.git","clone_url":"https://github.com/mergifyio-testing/functional-testing-repo-Greesb.git","svn_url":"https://github.com/mergifyio-testing/functional-testing-repo-Greesb","homepage":null,"size":22,"stargazers_count":1,"watchers_count":1,"language":null,"has_issues":true,"has_projects":true,"has_downloads":true,"has_wiki":true,"has_pages":false,"has_discussions":false,"forks_count":1,"mirror_url":null,"archived":false,"disabled":false,"open_issues_count":21,"license":null,"allow_forking":true,"is_template":false,"web_commit_signoff_required":false,"topics":[],"visibility":"public","forks":1,"open_issues":21,"watchers":1,"default_branch":"main"},"organization":{"login":"mergifyio-testing","id":40527191,"node_id":"MDEyOk9yZ2FuaXphdGlvbjQwNTI3MTkx","url":"https://api.github.com/orgs/mergifyio-testing","repos_url":"https://api.github.com/orgs/mergifyio-testing/repos","events_url":"https://api.github.com/orgs/mergifyio-testing/events","hooks_url":"https://api.github.com/orgs/mergifyio-testing/hooks","issues_url":"https://api.github.com/orgs/mergifyio-testing/issues","members_url":"https://api.github.com/orgs/mergifyio-testing/members{/member}","public_members_url":"https://api.github.com/orgs/mergifyio-testing/public_members{/member}","avatar_url":"https://avatars.githubusercontent.com/u/40527191?v=4","description":"This
      account is for testing purpose of the workflow of the GitHub App @Mergifyio"},"sender":{"login":"mergify-greesb[bot]","id":108278707,"node_id":"BOT_kgDOBnQzsw","avatar_url":"https://avatars.githubusercontent.com/u/40527191?v=4","gravatar_id":"","url":"https://api.github.com/users/mergify-greesb%5Bbot%5D","html_url":"https://github.com/apps/mergify-greesb","followers_url":"https://api.github.com/users/mergify-greesb%5Bbot%5D/followers","following_url":"https://api.github.com/users/mergify-greesb%5Bbot%5D/following{/other_user}","gists_url":"https://api.github.com/users/mergify-greesb%5Bbot%5D/gists{/gist_id}","starred_url":"https://api.github.com/users/mergify-greesb%5Bbot%5D/starred{/owner}{/repo}","subscriptions_url":"https://api.github.com/users/mergify-greesb%5Bbot%5D/subscriptions","organizations_url":"https://api.github.com/users/mergify-greesb%5Bbot%5D/orgs","repos_url":"https://api.github.com/users/mergify-greesb%5Bbot%5D/repos","events_url":"https://api.github.com/users/mergify-greesb%5Bbot%5D/events{/privacy}","received_events_url":"https://api.github.com/users/mergify-greesb%5Bbot%5D/received_events","type":"Bot","site_admin":false},"installation":{"id":26895396,"node_id":"MDIzOkludGVncmF0aW9uSW5zdGFsbGF0aW9uMjY4OTUzOTY="}}}]'
    headers:
      Connection:
      - keep-alive
      Content-Length:
      - '28177'
      Content-Type:
      - application/json
    http_version: HTTP/1.1
    status_code: 200
- request:
    body: ''
    headers:
      accept:
      - application/vnd.github.machine-man-preview+json
      host:
      - api.github.com
    method: GET
    uri: https://api.github.com/user/40527191/installation
  response:
    content: '{"id":26895396,"account":{"login":"mergifyio-testing","id":40527191,"node_id":"MDEyOk9yZ2FuaXphdGlvbjQwNTI3MTkx","avatar_url":"https://avatars.githubusercontent.com/u/40527191?v=4","gravatar_id":"","url":"https://api.github.com/users/mergifyio-testing","html_url":"https://github.com/mergifyio-testing","followers_url":"https://api.github.com/users/mergifyio-testing/followers","following_url":"https://api.github.com/users/mergifyio-testing/following{/other_user}","gists_url":"https://api.github.com/users/mergifyio-testing/gists{/gist_id}","starred_url":"https://api.github.com/users/mergifyio-testing/starred{/owner}{/repo}","subscriptions_url":"https://api.github.com/users/mergifyio-testing/subscriptions","organizations_url":"https://api.github.com/users/mergifyio-testing/orgs","repos_url":"https://api.github.com/users/mergifyio-testing/repos","events_url":"https://api.github.com/users/mergifyio-testing/events{/privacy}","received_events_url":"https://api.github.com/users/mergifyio-testing/received_events","type":"Organization","site_admin":false},"repository_selection":"selected","access_tokens_url":"https://api.github.com/app/installations/26895396/access_tokens","repositories_url":"https://api.github.com/installation/repositories","html_url":"https://github.com/organizations/mergifyio-testing/settings/installations/26895396","app_id":214877,"app_slug":"mergify-greesb","target_id":40527191,"target_type":"Organization","permissions":{"pages":"write","checks":"write","issues":"write","members":"read","contents":"write","metadata":"read","statuses":"write","workflows":"write","pull_requests":"write","administration":"read"},"events":["check_run","check_suite","issue_comment","member","membership","organization","pull_request","pull_request_review","pull_request_review_comment","pull_request_review_thread","push","repository","status","team","team_add"],"created_at":"2022-06-27T12:53:43.000Z","updated_at":"2022-12-05T15:49:59.000Z","single_file_name":null,"has_multiple_single_files":false,"single_file_paths":[],"suspended_by":null,"suspended_at":null}'
    headers:
      Content-Encoding:
      - gzip
      Content-Type:
      - application/json; charset=utf-8
      Transfer-Encoding:
      - chunked
      X-GitHub-Media-Type:
      - github.v3; param=machine-man-preview; format=json
      x-github-api-version-selected:
      - '2022-11-28'
    http_version: HTTP/1.1
    status_code: 200
- request:
    body: ''
    headers:
      accept:
      - application/vnd.github.machine-man-preview+json
      host:
      - api.github.com
    method: GET
    uri: https://api.github.com/repositories/500849499/pulls/15671
  response:
    content: '{"url":"https://api.github.com/repos/mergifyio-testing/functional-testing-repo-Greesb/pulls/15671","id":1148682736,"node_id":"PR_kwDOHdpbW85Ed4Hw","html_url":"https://github.com/mergifyio-testing/functional-testing-repo-Greesb/pull/15671","diff_url":"https://github.com/mergifyio-testing/functional-testing-repo-Greesb/pull/15671.diff","patch_url":"https://github.com/mergifyio-testing/functional-testing-repo-Greesb/pull/15671.patch","issue_url":"https://api.github.com/repos/mergifyio-testing/functional-testing-repo-Greesb/issues/15671","number":15671,"state":"open","locked":false,"title":"test_checks_feature_disabled:
      pull request n1 from integration","user":{"login":"mergify-greesb[bot]","id":108278707,"node_id":"BOT_kgDOBnQzsw","avatar_url":"https://avatars.githubusercontent.com/u/40527191?v=4","gravatar_id":"","url":"https://api.github.com/users/mergify-greesb%5Bbot%5D","html_url":"https://github.com/apps/mergify-greesb","followers_url":"https://api.github.com/users/mergify-greesb%5Bbot%5D/followers","following_url":"https://api.github.com/users/mergify-greesb%5Bbot%5D/following{/other_user}","gists_url":"https://api.github.com/users/mergify-greesb%5Bbot%5D/gists{/gist_id}","starred_url":"https://api.github.com/users/mergify-greesb%5Bbot%5D/starred{/owner}{/repo}","subscriptions_url":"https://api.github.com/users/mergify-greesb%5Bbot%5D/subscriptions","organizations_url":"https://api.github.com/users/mergify-greesb%5Bbot%5D/orgs","repos_url":"https://api.github.com/users/mergify-greesb%5Bbot%5D/repos","events_url":"https://api.github.com/users/mergify-greesb%5Bbot%5D/events{/privacy}","received_events_url":"https://api.github.com/users/mergify-greesb%5Bbot%5D/received_events","type":"Bot","site_admin":false},"body":"test_checks_feature_disabled:
      pull request n1 from integration","created_at":"2022-12-06T11:00:23Z","updated_at":"2022-12-06T11:00:23Z","closed_at":null,"merged_at":null,"merge_commit_sha":"3c97ec5e91562c326c1f978e2eb9dd63a520203a","assignee":null,"assignees":[],"requested_reviewers":[],"requested_teams":[],"labels":[],"milestone":null,"draft":false,"commits_url":"https://api.github.com/repos/mergifyio-testing/functional-testing-repo-Greesb/pulls/15671/commits","review_comments_url":"https://api.github.com/repos/mergifyio-testing/functional-testing-repo-Greesb/pulls/15671/comments","review_comment_url":"https://api.github.com/repos/mergifyio-testing/functional-testing-repo-Greesb/pulls/comments{/number}","comments_url":"https://api.github.com/repos/mergifyio-testing/functional-testing-repo-Greesb/issues/15671/comments","statuses_url":"https://api.github.com/repos/mergifyio-testing/functional-testing-repo-Greesb/statuses/13bccabaad48e9a407b9b7beaeb88eae9ff96dd1","head":{"label":"mergifyio-testing:20221206110011/test_checks_feature_disabled/integration/pr1","ref":"20221206110011/test_checks_feature_disabled/integration/pr1","sha":"13bccabaad48e9a407b9b7beaeb88eae9ff96dd1","user":{"login":"mergifyio-testing","id":40527191,"node_id":"MDEyOk9yZ2FuaXphdGlvbjQwNTI3MTkx","avatar_url":"https://avatars.githubusercontent.com/u/40527191?v=4","gravatar_id":"","url":"https://api.github.com/users/mergifyio-testing","html_url":"https://github.com/mergifyio-testing","followers_url":"https://api.github.com/users/mergifyio-testing/followers","following_url":"https://api.github.com/users/mergifyio-testing/following{/other_user}","gists_url":"https://api.github.com/users/mergifyio-testing/gists{/gist_id}","starred_url":"https://api.github.com/users/mergifyio-testing/starred{/owner}{/repo}","subscriptions_url":"https://api.github.com/users/mergifyio-testing/subscriptions","organizations_url":"https://api.github.com/users/mergifyio-testing/orgs","repos_url":"https://api.github.com/users/mergifyio-testing/repos","events_url":"https://api.github.com/users/mergifyio-testing/events{/privacy}","received_events_url":"https://api.github.com/users/mergifyio-testing/received_events","type":"Organization","site_admin":false},"repo":{"id":500849499,"node_id":"R_kgDOHdpbWw","name":"functional-testing-repo-Greesb","full_name":"mergifyio-testing/functional-testing-repo-Greesb","private":false,"owner":{"login":"mergifyio-testing","id":40527191,"node_id":"MDEyOk9yZ2FuaXphdGlvbjQwNTI3MTkx","avatar_url":"https://avatars.githubusercontent.com/u/40527191?v=4","gravatar_id":"","url":"https://api.github.com/users/mergifyio-testing","html_url":"https://github.com/mergifyio-testing","followers_url":"https://api.github.com/users/mergifyio-testing/followers","following_url":"https://api.github.com/users/mergifyio-testing/following{/other_user}","gists_url":"https://api.github.com/users/mergifyio-testing/gists{/gist_id}","starred_url":"https://api.github.com/users/mergifyio-testing/starred{/owner}{/repo}","subscriptions_url":"https://api.github.com/users/mergifyio-testing/subscriptions","organizations_url":"https://api.github.com/users/mergifyio-testing/orgs","repos_url":"https://api.github.com/users/mergifyio-testing/repos","events_url":"https://api.github.com/users/mergifyio-testing/events{/privacy}","received_events_url":"https://api.github.com/users/mergifyio-testing/received_events","type":"Organization","site_admin":false},"html_url":"https://github.com/mergifyio-testing/functional-testing-repo-Greesb","description":null,"fork":false,"url":"https://api.github.com/repos/mergifyio-testing/functional-testing-repo-Greesb","forks_url":"https://api.github.com/repos/mergifyio-testing/functional-testing-repo-Greesb/forks","keys_url":"https://api.github.com/repos/mergifyio-testing/functional-testing-repo-Greesb/keys{/key_id}","collaborators_url":"https://api.github.com/repos/mergifyio-testing/functional-testing-repo-Greesb/collaborators{/collaborator}","teams_url":"https://api.github.com/repos/mergifyio-testing/functional-testing-repo-Greesb/teams","hooks_url":"https://api.github.com/repos/mergifyio-testing/functional-testing-repo-Greesb/hooks","issue_events_url":"https://api.github.com/repos/mergifyio-testing/functional-testing-repo-Greesb/issues/events{/number}","events_url":"https://api.github.com/repos/mergifyio-testing/functional-testing-repo-Greesb/events","assignees_url":"https://api.github.com/repos/mergifyio-testing/functional-testing-repo-Greesb/assignees{/user}","branches_url":"https://api.github.com/repos/mergifyio-testing/functional-testing-repo-Greesb/branches{/branch}","tags_url":"https://api.github.com/repos/mergifyio-testing/functional-testing-repo-Greesb/tags","blobs_url":"https://api.github.com/repos/mergifyio-testing/functional-testing-repo-Greesb/git/blobs{/sha}","git_tags_url":"https://api.github.com/repos/mergifyio-testing/functional-testing-repo-Greesb/git/tags{/sha}","git_refs_url":"https://api.github.com/repos/mergifyio-testing/functional-testing-repo-Greesb/git/refs{/sha}","trees_url":"https://api.github.com/repos/mergifyio-testing/functional-testing-repo-Greesb/git/trees{/sha}","statuses_url":"https://api.github.com/repos/mergifyio-testing/functional-testing-repo-Greesb/statuses/{sha}","languages_url":"https://api.github.com/repos/mergifyio-testing/functional-testing-repo-Greesb/languages","stargazers_url":"https://api.github.com/repos/mergifyio-testing/functional-testing-repo-Greesb/stargazers","contributors_url":"https://api.github.com/repos/mergifyio-testing/functional-testing-repo-Greesb/contributors","subscribers_url":"https://api.github.com/repos/mergifyio-testing/functional-testing-repo-Greesb/subscribers","subscription_url":"https://api.github.com/repos/mergifyio-testing/functional-testing-repo-Greesb/subscription","commits_url":"https://api.github.com/repos/mergifyio-testing/functional-testing-repo-Greesb/commits{/sha}","git_commits_url":"https://api.github.com/repos/mergifyio-testing/functional-testing-repo-Greesb/git/commits{/sha}","comments_url":"https://api.github.com/repos/mergifyio-testing/functional-testing-repo-Greesb/comments{/number}","issue_comment_url":"https://api.github.com/repos/mergifyio-testing/functional-testing-repo-Greesb/issues/comments{/number}","contents_url":"https://api.github.com/repos/mergifyio-testing/functional-testing-repo-Greesb/contents/{+path}","compare_url":"https://api.github.com/repos/mergifyio-testing/functional-testing-repo-Greesb/compare/{base}...{head}","merges_url":"https://api.github.com/repos/mergifyio-testing/functional-testing-repo-Greesb/merges","archive_url":"https://api.github.com/repos/mergifyio-testing/functional-testing-repo-Greesb/{archive_format}{/ref}","downloads_url":"https://api.github.com/repos/mergifyio-testing/functional-testing-repo-Greesb/downloads","issues_url":"https://api.github.com/repos/mergifyio-testing/functional-testing-repo-Greesb/issues{/number}","pulls_url":"https://api.github.com/repos/mergifyio-testing/functional-testing-repo-Greesb/pulls{/number}","milestones_url":"https://api.github.com/repos/mergifyio-testing/functional-testing-repo-Greesb/milestones{/number}","notifications_url":"https://api.github.com/repos/mergifyio-testing/functional-testing-repo-Greesb/notifications{?since,all,participating}","labels_url":"https://api.github.com/repos/mergifyio-testing/functional-testing-repo-Greesb/labels{/name}","releases_url":"https://api.github.com/repos/mergifyio-testing/functional-testing-repo-Greesb/releases{/id}","deployments_url":"https://api.github.com/repos/mergifyio-testing/functional-testing-repo-Greesb/deployments","created_at":"2022-06-07T13:21:39Z","updated_at":"2022-11-28T10:20:16Z","pushed_at":"2022-12-06T11:00:23Z","git_url":"git://github.com/mergifyio-testing/functional-testing-repo-Greesb.git","ssh_url":"git@github.com:mergifyio-testing/functional-testing-repo-Greesb.git","clone_url":"https://github.com/mergifyio-testing/functional-testing-repo-Greesb.git","svn_url":"https://github.com/mergifyio-testing/functional-testing-repo-Greesb","homepage":null,"size":22,"stargazers_count":1,"watchers_count":1,"language":null,"has_issues":true,"has_projects":true,"has_downloads":true,"has_wiki":true,"has_pages":false,"has_discussions":false,"forks_count":1,"mirror_url":null,"archived":false,"disabled":false,"open_issues_count":21,"license":null,"allow_forking":true,"is_template":false,"web_commit_signoff_required":false,"topics":[],"visibility":"public","forks":1,"open_issues":21,"watchers":1,"default_branch":"main"}},"base":{"label":"mergifyio-testing:20221206110011/test_checks_feature_disabled/main","ref":"20221206110011/test_checks_feature_disabled/main","sha":"e5a9fa519669854cfe4d20cd765e67ca8a6c2a3f","user":{"login":"mergifyio-testing","id":40527191,"node_id":"MDEyOk9yZ2FuaXphdGlvbjQwNTI3MTkx","avatar_url":"https://avatars.githubusercontent.com/u/40527191?v=4","gravatar_id":"","url":"https://api.github.com/users/mergifyio-testing","html_url":"https://github.com/mergifyio-testing","followers_url":"https://api.github.com/users/mergifyio-testing/followers","following_url":"https://api.github.com/users/mergifyio-testing/following{/other_user}","gists_url":"https://api.github.com/users/mergifyio-testing/gists{/gist_id}","starred_url":"https://api.github.com/users/mergifyio-testing/starred{/owner}{/repo}","subscriptions_url":"https://api.github.com/users/mergifyio-testing/subscriptions","organizations_url":"https://api.github.com/users/mergifyio-testing/orgs","repos_url":"https://api.github.com/users/mergifyio-testing/repos","events_url":"https://api.github.com/users/mergifyio-testing/events{/privacy}","received_events_url":"https://api.github.com/users/mergifyio-testing/received_events","type":"Organization","site_admin":false},"repo":{"id":500849499,"node_id":"R_kgDOHdpbWw","name":"functional-testing-repo-Greesb","full_name":"mergifyio-testing/functional-testing-repo-Greesb","private":false,"owner":{"login":"mergifyio-testing","id":40527191,"node_id":"MDEyOk9yZ2FuaXphdGlvbjQwNTI3MTkx","avatar_url":"https://avatars.githubusercontent.com/u/40527191?v=4","gravatar_id":"","url":"https://api.github.com/users/mergifyio-testing","html_url":"https://github.com/mergifyio-testing","followers_url":"https://api.github.com/users/mergifyio-testing/followers","following_url":"https://api.github.com/users/mergifyio-testing/following{/other_user}","gists_url":"https://api.github.com/users/mergifyio-testing/gists{/gist_id}","starred_url":"https://api.github.com/users/mergifyio-testing/starred{/owner}{/repo}","subscriptions_url":"https://api.github.com/users/mergifyio-testing/subscriptions","organizations_url":"https://api.github.com/users/mergifyio-testing/orgs","repos_url":"https://api.github.com/users/mergifyio-testing/repos","events_url":"https://api.github.com/users/mergifyio-testing/events{/privacy}","received_events_url":"https://api.github.com/users/mergifyio-testing/received_events","type":"Organization","site_admin":false},"html_url":"https://github.com/mergifyio-testing/functional-testing-repo-Greesb","description":null,"fork":false,"url":"https://api.github.com/repos/mergifyio-testing/functional-testing-repo-Greesb","forks_url":"https://api.github.com/repos/mergifyio-testing/functional-testing-repo-Greesb/forks","keys_url":"https://api.github.com/repos/mergifyio-testing/functional-testing-repo-Greesb/keys{/key_id}","collaborators_url":"https://api.github.com/repos/mergifyio-testing/functional-testing-repo-Greesb/collaborators{/collaborator}","teams_url":"https://api.github.com/repos/mergifyio-testing/functional-testing-repo-Greesb/teams","hooks_url":"https://api.github.com/repos/mergifyio-testing/functional-testing-repo-Greesb/hooks","issue_events_url":"https://api.github.com/repos/mergifyio-testing/functional-testing-repo-Greesb/issues/events{/number}","events_url":"https://api.github.com/repos/mergifyio-testing/functional-testing-repo-Greesb/events","assignees_url":"https://api.github.com/repos/mergifyio-testing/functional-testing-repo-Greesb/assignees{/user}","branches_url":"https://api.github.com/repos/mergifyio-testing/functional-testing-repo-Greesb/branches{/branch}","tags_url":"https://api.github.com/repos/mergifyio-testing/functional-testing-repo-Greesb/tags","blobs_url":"https://api.github.com/repos/mergifyio-testing/functional-testing-repo-Greesb/git/blobs{/sha}","git_tags_url":"https://api.github.com/repos/mergifyio-testing/functional-testing-repo-Greesb/git/tags{/sha}","git_refs_url":"https://api.github.com/repos/mergifyio-testing/functional-testing-repo-Greesb/git/refs{/sha}","trees_url":"https://api.github.com/repos/mergifyio-testing/functional-testing-repo-Greesb/git/trees{/sha}","statuses_url":"https://api.github.com/repos/mergifyio-testing/functional-testing-repo-Greesb/statuses/{sha}","languages_url":"https://api.github.com/repos/mergifyio-testing/functional-testing-repo-Greesb/languages","stargazers_url":"https://api.github.com/repos/mergifyio-testing/functional-testing-repo-Greesb/stargazers","contributors_url":"https://api.github.com/repos/mergifyio-testing/functional-testing-repo-Greesb/contributors","subscribers_url":"https://api.github.com/repos/mergifyio-testing/functional-testing-repo-Greesb/subscribers","subscription_url":"https://api.github.com/repos/mergifyio-testing/functional-testing-repo-Greesb/subscription","commits_url":"https://api.github.com/repos/mergifyio-testing/functional-testing-repo-Greesb/commits{/sha}","git_commits_url":"https://api.github.com/repos/mergifyio-testing/functional-testing-repo-Greesb/git/commits{/sha}","comments_url":"https://api.github.com/repos/mergifyio-testing/functional-testing-repo-Greesb/comments{/number}","issue_comment_url":"https://api.github.com/repos/mergifyio-testing/functional-testing-repo-Greesb/issues/comments{/number}","contents_url":"https://api.github.com/repos/mergifyio-testing/functional-testing-repo-Greesb/contents/{+path}","compare_url":"https://api.github.com/repos/mergifyio-testing/functional-testing-repo-Greesb/compare/{base}...{head}","merges_url":"https://api.github.com/repos/mergifyio-testing/functional-testing-repo-Greesb/merges","archive_url":"https://api.github.com/repos/mergifyio-testing/functional-testing-repo-Greesb/{archive_format}{/ref}","downloads_url":"https://api.github.com/repos/mergifyio-testing/functional-testing-repo-Greesb/downloads","issues_url":"https://api.github.com/repos/mergifyio-testing/functional-testing-repo-Greesb/issues{/number}","pulls_url":"https://api.github.com/repos/mergifyio-testing/functional-testing-repo-Greesb/pulls{/number}","milestones_url":"https://api.github.com/repos/mergifyio-testing/functional-testing-repo-Greesb/milestones{/number}","notifications_url":"https://api.github.com/repos/mergifyio-testing/functional-testing-repo-Greesb/notifications{?since,all,participating}","labels_url":"https://api.github.com/repos/mergifyio-testing/functional-testing-repo-Greesb/labels{/name}","releases_url":"https://api.github.com/repos/mergifyio-testing/functional-testing-repo-Greesb/releases{/id}","deployments_url":"https://api.github.com/repos/mergifyio-testing/functional-testing-repo-Greesb/deployments","created_at":"2022-06-07T13:21:39Z","updated_at":"2022-11-28T10:20:16Z","pushed_at":"2022-12-06T11:00:23Z","git_url":"git://github.com/mergifyio-testing/functional-testing-repo-Greesb.git","ssh_url":"git@github.com:mergifyio-testing/functional-testing-repo-Greesb.git","clone_url":"https://github.com/mergifyio-testing/functional-testing-repo-Greesb.git","svn_url":"https://github.com/mergifyio-testing/functional-testing-repo-Greesb","homepage":null,"size":22,"stargazers_count":1,"watchers_count":1,"language":null,"has_issues":true,"has_projects":true,"has_downloads":true,"has_wiki":true,"has_pages":false,"has_discussions":false,"forks_count":1,"mirror_url":null,"archived":false,"disabled":false,"open_issues_count":21,"license":null,"allow_forking":true,"is_template":false,"web_commit_signoff_required":false,"topics":[],"visibility":"public","forks":1,"open_issues":21,"watchers":1,"default_branch":"main"}},"_links":{"self":{"href":"https://api.github.com/repos/mergifyio-testing/functional-testing-repo-Greesb/pulls/15671"},"html":{"href":"https://github.com/mergifyio-testing/functional-testing-repo-Greesb/pull/15671"},"issue":{"href":"https://api.github.com/repos/mergifyio-testing/functional-testing-repo-Greesb/issues/15671"},"comments":{"href":"https://api.github.com/repos/mergifyio-testing/functional-testing-repo-Greesb/issues/15671/comments"},"review_comments":{"href":"https://api.github.com/repos/mergifyio-testing/functional-testing-repo-Greesb/pulls/15671/comments"},"review_comment":{"href":"https://api.github.com/repos/mergifyio-testing/functional-testing-repo-Greesb/pulls/comments{/number}"},"commits":{"href":"https://api.github.com/repos/mergifyio-testing/functional-testing-repo-Greesb/pulls/15671/commits"},"statuses":{"href":"https://api.github.com/repos/mergifyio-testing/functional-testing-repo-Greesb/statuses/13bccabaad48e9a407b9b7beaeb88eae9ff96dd1"}},"author_association":"CONTRIBUTOR","auto_merge":null,"active_lock_reason":null,"merged":false,"mergeable":true,"rebaseable":true,"mergeable_state":"clean","merged_by":null,"comments":0,"review_comments":0,"maintainer_can_modify":false,"commits":1,"additions":0,"deletions":0,"changed_files":1}'
    headers:
      Content-Encoding:
      - gzip
      Content-Type:
      - application/json; charset=utf-8
      Transfer-Encoding:
      - chunked
      X-GitHub-Media-Type:
      - github.v3; param=machine-man-preview; format=json
      x-github-api-version-selected:
      - '2022-11-28'
    http_version: HTTP/1.1
    status_code: 200
- request:
    body: ''
    headers:
      accept:
      - application/vnd.github.machine-man-preview+json
      host:
      - api.github.com
    method: GET
    uri: https://api.github.com/repos/mergifyio-testing/functional-testing-repo-Greesb/contents/.mergify.yml?ref=20221206110011%2Ftest_checks_feature_disabled%2Fmain
  response:
    content: '{"name":".mergify.yml","path":".mergify.yml","sha":"4c7ae7f3ebc3ed31a96b5db6c028939eb4c40739","size":310,"url":"https://api.github.com/repos/mergifyio-testing/functional-testing-repo-Greesb/contents/.mergify.yml?ref=20221206110011/test_checks_feature_disabled/main","html_url":"https://github.com/mergifyio-testing/functional-testing-repo-Greesb/blob/20221206110011/test_checks_feature_disabled/main/.mergify.yml","git_url":"https://api.github.com/repos/mergifyio-testing/functional-testing-repo-Greesb/git/blobs/4c7ae7f3ebc3ed31a96b5db6c028939eb4c40739","download_url":"https://raw.githubusercontent.com/mergifyio-testing/functional-testing-repo-Greesb/20221206110011/test_checks_feature_disabled/main/.mergify.yml","type":"file","content":"cHVsbF9yZXF1ZXN0X3J1bGVzOgotIGFjdGlvbnM6CiAgICBwb3N0X2NoZWNr\nOiB7fQogIGNvbmRpdGlvbnM6CiAgLSBiYXNlPTIwMjIxMjA2MTEwMDExL3Rl\nc3RfY2hlY2tzX2ZlYXR1cmVfZGlzYWJsZWQvbWFpbgogIC0gJyN0aXRsZT4x\nMCcKICAtICcjdGl0bGU8NTAnCiAgLSAnI2JvZHk8NDA5NicKICAtICcjZmls\nZXM8MTAwJwogIC0gYm9keX49KD9tKV4oRml4ZXN8UmVsYXRlZHxDbG9zZXMp\nIChNRVJHSUZZLUVOR0lORXxNUkdGWSktCiAgLSAtbGFiZWw9aWdub3JlLWd1\naWRlbGluZQogIG5hbWU6IGJvZHkgbmVlZCBzZW50cnkgdGlja2V0Cg==\n","encoding":"base64","_links":{"self":"https://api.github.com/repos/mergifyio-testing/functional-testing-repo-Greesb/contents/.mergify.yml?ref=20221206110011/test_checks_feature_disabled/main","git":"https://api.github.com/repos/mergifyio-testing/functional-testing-repo-Greesb/git/blobs/4c7ae7f3ebc3ed31a96b5db6c028939eb4c40739","html":"https://github.com/mergifyio-testing/functional-testing-repo-Greesb/blob/20221206110011/test_checks_feature_disabled/main/.mergify.yml"}}'
    headers:
      Content-Encoding:
      - gzip
      Content-Type:
      - application/json; charset=utf-8
      Transfer-Encoding:
      - chunked
      X-GitHub-Media-Type:
      - github.v3; param=machine-man-preview; format=json
      x-github-api-version-selected:
      - '2022-11-28'
    http_version: HTTP/1.1
    status_code: 200
- request:
    body: ''
    headers:
      accept:
      - application/vnd.github.antiope-preview+json
      host:
      - api.github.com
    method: GET
    uri: https://api.github.com/repos/mergifyio-testing/functional-testing-repo-Greesb/commits/13bccabaad48e9a407b9b7beaeb88eae9ff96dd1/check-runs?per_page=100
  response:
    content: '{"total_count":0,"check_runs":[]}'
    headers:
      Content-Encoding:
      - gzip
      Content-Type:
      - application/json; charset=utf-8
      Transfer-Encoding:
      - chunked
      X-GitHub-Media-Type:
      - github.v3; param=antiope-preview; format=json
      x-github-api-version-selected:
      - '2022-11-28'
    http_version: HTTP/1.1
    status_code: 200
- request:
    body: ''
    headers:
      accept:
      - application/vnd.github.machine-man-preview+json
      host:
      - api.github.com
    method: GET
    uri: https://api.github.com/repos/mergifyio-testing/functional-testing-repo-Greesb/pulls/15671/files?per_page=100
  response:
    content: '[{"sha":"e69de29bb2d1d6434b8b29ae775ad8c2e48c5391","filename":"test1","status":"added","additions":0,"deletions":0,"changes":0,"blob_url":"https://github.com/mergifyio-testing/functional-testing-repo-Greesb/blob/13bccabaad48e9a407b9b7beaeb88eae9ff96dd1/test1","raw_url":"https://github.com/mergifyio-testing/functional-testing-repo-Greesb/raw/13bccabaad48e9a407b9b7beaeb88eae9ff96dd1/test1","contents_url":"https://api.github.com/repos/mergifyio-testing/functional-testing-repo-Greesb/contents/test1?ref=13bccabaad48e9a407b9b7beaeb88eae9ff96dd1"}]'
    headers:
      Content-Encoding:
      - gzip
      Content-Type:
      - application/json; charset=utf-8
      Transfer-Encoding:
      - chunked
      X-GitHub-Media-Type:
      - github.v3; param=machine-man-preview; format=json
      x-github-api-version-selected:
      - '2022-11-28'
    http_version: HTTP/1.1
    status_code: 200
- request:
    body: ''
    headers:
      accept:
      - application/vnd.github.machine-man-preview+json
      host:
      - api.github.com
    method: GET
    uri: https://api.github.com/repos/mergifyio-testing/functional-testing-repo-Greesb/issues/15671/comments?per_page=100
  response:
    content: '[]'
    headers:
      Content-Length:
      - '2'
      Content-Type:
      - application/json; charset=utf-8
      X-GitHub-Media-Type:
      - github.v3; param=machine-man-preview; format=json
      x-github-api-version-selected:
      - '2022-11-28'
    http_version: HTTP/1.1
    status_code: 200
- request:
    body: '{"name": "Summary", "head_sha": "13bccabaad48e9a407b9b7beaeb88eae9ff96dd1",
      "status": "completed", "started_at": "2022-12-06T11:00:24.972171+00:00", "details_url":
      "https://github.com/mergifyio-testing/functional-testing-repo-Greesb/pull/15671/checks",
      "output": {"title": "The current Mergify configuration is invalid", "summary":
      "### Custom checks are disabled\n\n\u26a0 The [subscription](http://localhost:3000/github/mergifyio-testing/subscription)
      needs to be updated to enable this feature."}, "external_id": "15671", "conclusion":
      "action_required", "completed_at": "2022-12-06T11:00:26.315038+00:00"}'
    headers:
      accept:
      - application/vnd.github.antiope-preview+json
      content-length:
      - '617'
      content-type:
      - application/json
      host:
      - api.github.com
    method: POST
    uri: https://api.github.com/repos/mergifyio-testing/functional-testing-repo-Greesb/check-runs
  response:
    content: "{\"id\":9913026286,\"name\":\"Summary\",\"node_id\":\"CR_kwDOHdpbW88AAAACTtzG7g\",\"head_sha\":\"13bccabaad48e9a407b9b7beaeb88eae9ff96dd1\",\"external_id\":\"15671\",\"url\":\"https://api.github.com/repos/mergifyio-testing/functional-testing-repo-Greesb/check-runs/9913026286\",\"html_url\":\"https://github.com/mergifyio-testing/functional-testing-repo-Greesb/runs/9913026286\",\"details_url\":\"https://github.com/mergifyio-testing/functional-testing-repo-Greesb/pull/15671/checks\",\"status\":\"completed\",\"conclusion\":\"action_required\",\"started_at\":\"2022-12-06T11:00:24Z\",\"completed_at\":\"2022-12-06T11:00:26Z\",\"output\":{\"title\":\"The
      current Mergify configuration is invalid\",\"summary\":\"### Custom checks are
      disabled\\n\\n\u26A0 The [subscription](http://localhost:3000/github/mergifyio-testing/subscription)
      needs to be updated to enable this feature.\",\"text\":null,\"annotations_count\":0,\"annotations_url\":\"https://api.github.com/repos/mergifyio-testing/functional-testing-repo-Greesb/check-runs/9913026286/annotations\"},\"check_suite\":{\"id\":9693965841},\"app\":{\"id\":214877,\"slug\":\"mergify-greesb\",\"node_id\":\"A_kwHOAmplV84AA0dd\",\"owner\":{\"login\":\"mergifyio-testing\",\"id\":40527191,\"node_id\":\"MDEyOk9yZ2FuaXphdGlvbjQwNTI3MTkx\",\"avatar_url\":\"https://avatars.githubusercontent.com/u/40527191?v=4\",\"gravatar_id\":\"\",\"url\":\"https://api.github.com/users/mergifyio-testing\",\"html_url\":\"https://github.com/mergifyio-testing\",\"followers_url\":\"https://api.github.com/users/mergifyio-testing/followers\",\"following_url\":\"https://api.github.com/users/mergifyio-testing/following{/other_user}\",\"gists_url\":\"https://api.github.com/users/mergifyio-testing/gists{/gist_id}\",\"starred_url\":\"https://api.github.com/users/mergifyio-testing/starred{/owner}{/repo}\",\"subscriptions_url\":\"https://api.github.com/users/mergifyio-testing/subscriptions\",\"organizations_url\":\"https://api.github.com/users/mergifyio-testing/orgs\",\"repos_url\":\"https://api.github.com/users/mergifyio-testing/repos\",\"events_url\":\"https://api.github.com/users/mergifyio-testing/events{/privacy}\",\"received_events_url\":\"https://api.github.com/users/mergifyio-testing/received_events\",\"type\":\"Organization\",\"site_admin\":false},\"name\":\"mergify-Greesb\",\"description\":\"Mergify
      testing installation for Greesb\",\"external_url\":\"https://mergify.com/\",\"html_url\":\"https://github.com/apps/mergify-greesb\",\"created_at\":\"2022-06-27T12:53:37Z\",\"updated_at\":\"2022-06-27T12:53:37Z\",\"permissions\":{\"administration\":\"read\",\"checks\":\"write\",\"contents\":\"write\",\"emails\":\"read\",\"issues\":\"write\",\"members\":\"read\",\"metadata\":\"read\",\"pages\":\"write\",\"pull_requests\":\"write\",\"statuses\":\"write\",\"workflows\":\"write\"},\"events\":[\"check_run\",\"check_suite\",\"issue_comment\",\"member\",\"membership\",\"organization\",\"pull_request\",\"pull_request_review\",\"pull_request_review_comment\",\"pull_request_review_thread\",\"push\",\"repository\",\"status\",\"team\",\"team_add\"]},\"pull_requests\":[{\"url\":\"https://api.github.com/repos/mergifyio-testing/functional-testing-repo-Greesb/pulls/15671\",\"id\":1148682736,\"number\":15671,\"head\":{\"ref\":\"20221206110011/test_checks_feature_disabled/integration/pr1\",\"sha\":\"13bccabaad48e9a407b9b7beaeb88eae9ff96dd1\",\"repo\":{\"id\":500849499,\"url\":\"https://api.github.com/repos/mergifyio-testing/functional-testing-repo-Greesb\",\"name\":\"functional-testing-repo-Greesb\"}},\"base\":{\"ref\":\"20221206110011/test_checks_feature_disabled/main\",\"sha\":\"e5a9fa519669854cfe4d20cd765e67ca8a6c2a3f\",\"repo\":{\"id\":500849499,\"url\":\"https://api.github.com/repos/mergifyio-testing/functional-testing-repo-Greesb\",\"name\":\"functional-testing-repo-Greesb\"}}}]}"
    headers:
      Content-Length:
      - '3534'
      Content-Type:
      - application/json; charset=utf-8
      Location:
      - https://api.github.com/repos/mergifyio-testing/functional-testing-repo-Greesb/check-runs/9913026286
      X-GitHub-Media-Type:
      - github.v3; param=antiope-preview; format=json
      x-github-api-version-selected:
      - '2022-11-28'
    http_version: HTTP/1.1
    status_code: 201
- request:
    body: ''
    headers:
      accept:
      - application/vnd.github.machine-man-preview+json
      host:
      - api.github.com
    method: GET
    uri: https://api.github.com/repos/mergifyio-testing/functional-testing-repo-Greesb/pulls/15671
  response:
    content: '{"url":"https://api.github.com/repos/mergifyio-testing/functional-testing-repo-Greesb/pulls/15671","id":1148682736,"node_id":"PR_kwDOHdpbW85Ed4Hw","html_url":"https://github.com/mergifyio-testing/functional-testing-repo-Greesb/pull/15671","diff_url":"https://github.com/mergifyio-testing/functional-testing-repo-Greesb/pull/15671.diff","patch_url":"https://github.com/mergifyio-testing/functional-testing-repo-Greesb/pull/15671.patch","issue_url":"https://api.github.com/repos/mergifyio-testing/functional-testing-repo-Greesb/issues/15671","number":15671,"state":"open","locked":false,"title":"test_checks_feature_disabled:
      pull request n1 from integration","user":{"login":"mergify-greesb[bot]","id":108278707,"node_id":"BOT_kgDOBnQzsw","avatar_url":"https://avatars.githubusercontent.com/u/40527191?v=4","gravatar_id":"","url":"https://api.github.com/users/mergify-greesb%5Bbot%5D","html_url":"https://github.com/apps/mergify-greesb","followers_url":"https://api.github.com/users/mergify-greesb%5Bbot%5D/followers","following_url":"https://api.github.com/users/mergify-greesb%5Bbot%5D/following{/other_user}","gists_url":"https://api.github.com/users/mergify-greesb%5Bbot%5D/gists{/gist_id}","starred_url":"https://api.github.com/users/mergify-greesb%5Bbot%5D/starred{/owner}{/repo}","subscriptions_url":"https://api.github.com/users/mergify-greesb%5Bbot%5D/subscriptions","organizations_url":"https://api.github.com/users/mergify-greesb%5Bbot%5D/orgs","repos_url":"https://api.github.com/users/mergify-greesb%5Bbot%5D/repos","events_url":"https://api.github.com/users/mergify-greesb%5Bbot%5D/events{/privacy}","received_events_url":"https://api.github.com/users/mergify-greesb%5Bbot%5D/received_events","type":"Bot","site_admin":false},"body":"test_checks_feature_disabled:
      pull request n1 from integration","created_at":"2022-12-06T11:00:23Z","updated_at":"2022-12-06T11:00:23Z","closed_at":null,"merged_at":null,"merge_commit_sha":"3c97ec5e91562c326c1f978e2eb9dd63a520203a","assignee":null,"assignees":[],"requested_reviewers":[],"requested_teams":[],"labels":[],"milestone":null,"draft":false,"commits_url":"https://api.github.com/repos/mergifyio-testing/functional-testing-repo-Greesb/pulls/15671/commits","review_comments_url":"https://api.github.com/repos/mergifyio-testing/functional-testing-repo-Greesb/pulls/15671/comments","review_comment_url":"https://api.github.com/repos/mergifyio-testing/functional-testing-repo-Greesb/pulls/comments{/number}","comments_url":"https://api.github.com/repos/mergifyio-testing/functional-testing-repo-Greesb/issues/15671/comments","statuses_url":"https://api.github.com/repos/mergifyio-testing/functional-testing-repo-Greesb/statuses/13bccabaad48e9a407b9b7beaeb88eae9ff96dd1","head":{"label":"mergifyio-testing:20221206110011/test_checks_feature_disabled/integration/pr1","ref":"20221206110011/test_checks_feature_disabled/integration/pr1","sha":"13bccabaad48e9a407b9b7beaeb88eae9ff96dd1","user":{"login":"mergifyio-testing","id":40527191,"node_id":"MDEyOk9yZ2FuaXphdGlvbjQwNTI3MTkx","avatar_url":"https://avatars.githubusercontent.com/u/40527191?v=4","gravatar_id":"","url":"https://api.github.com/users/mergifyio-testing","html_url":"https://github.com/mergifyio-testing","followers_url":"https://api.github.com/users/mergifyio-testing/followers","following_url":"https://api.github.com/users/mergifyio-testing/following{/other_user}","gists_url":"https://api.github.com/users/mergifyio-testing/gists{/gist_id}","starred_url":"https://api.github.com/users/mergifyio-testing/starred{/owner}{/repo}","subscriptions_url":"https://api.github.com/users/mergifyio-testing/subscriptions","organizations_url":"https://api.github.com/users/mergifyio-testing/orgs","repos_url":"https://api.github.com/users/mergifyio-testing/repos","events_url":"https://api.github.com/users/mergifyio-testing/events{/privacy}","received_events_url":"https://api.github.com/users/mergifyio-testing/received_events","type":"Organization","site_admin":false},"repo":{"id":500849499,"node_id":"R_kgDOHdpbWw","name":"functional-testing-repo-Greesb","full_name":"mergifyio-testing/functional-testing-repo-Greesb","private":false,"owner":{"login":"mergifyio-testing","id":40527191,"node_id":"MDEyOk9yZ2FuaXphdGlvbjQwNTI3MTkx","avatar_url":"https://avatars.githubusercontent.com/u/40527191?v=4","gravatar_id":"","url":"https://api.github.com/users/mergifyio-testing","html_url":"https://github.com/mergifyio-testing","followers_url":"https://api.github.com/users/mergifyio-testing/followers","following_url":"https://api.github.com/users/mergifyio-testing/following{/other_user}","gists_url":"https://api.github.com/users/mergifyio-testing/gists{/gist_id}","starred_url":"https://api.github.com/users/mergifyio-testing/starred{/owner}{/repo}","subscriptions_url":"https://api.github.com/users/mergifyio-testing/subscriptions","organizations_url":"https://api.github.com/users/mergifyio-testing/orgs","repos_url":"https://api.github.com/users/mergifyio-testing/repos","events_url":"https://api.github.com/users/mergifyio-testing/events{/privacy}","received_events_url":"https://api.github.com/users/mergifyio-testing/received_events","type":"Organization","site_admin":false},"html_url":"https://github.com/mergifyio-testing/functional-testing-repo-Greesb","description":null,"fork":false,"url":"https://api.github.com/repos/mergifyio-testing/functional-testing-repo-Greesb","forks_url":"https://api.github.com/repos/mergifyio-testing/functional-testing-repo-Greesb/forks","keys_url":"https://api.github.com/repos/mergifyio-testing/functional-testing-repo-Greesb/keys{/key_id}","collaborators_url":"https://api.github.com/repos/mergifyio-testing/functional-testing-repo-Greesb/collaborators{/collaborator}","teams_url":"https://api.github.com/repos/mergifyio-testing/functional-testing-repo-Greesb/teams","hooks_url":"https://api.github.com/repos/mergifyio-testing/functional-testing-repo-Greesb/hooks","issue_events_url":"https://api.github.com/repos/mergifyio-testing/functional-testing-repo-Greesb/issues/events{/number}","events_url":"https://api.github.com/repos/mergifyio-testing/functional-testing-repo-Greesb/events","assignees_url":"https://api.github.com/repos/mergifyio-testing/functional-testing-repo-Greesb/assignees{/user}","branches_url":"https://api.github.com/repos/mergifyio-testing/functional-testing-repo-Greesb/branches{/branch}","tags_url":"https://api.github.com/repos/mergifyio-testing/functional-testing-repo-Greesb/tags","blobs_url":"https://api.github.com/repos/mergifyio-testing/functional-testing-repo-Greesb/git/blobs{/sha}","git_tags_url":"https://api.github.com/repos/mergifyio-testing/functional-testing-repo-Greesb/git/tags{/sha}","git_refs_url":"https://api.github.com/repos/mergifyio-testing/functional-testing-repo-Greesb/git/refs{/sha}","trees_url":"https://api.github.com/repos/mergifyio-testing/functional-testing-repo-Greesb/git/trees{/sha}","statuses_url":"https://api.github.com/repos/mergifyio-testing/functional-testing-repo-Greesb/statuses/{sha}","languages_url":"https://api.github.com/repos/mergifyio-testing/functional-testing-repo-Greesb/languages","stargazers_url":"https://api.github.com/repos/mergifyio-testing/functional-testing-repo-Greesb/stargazers","contributors_url":"https://api.github.com/repos/mergifyio-testing/functional-testing-repo-Greesb/contributors","subscribers_url":"https://api.github.com/repos/mergifyio-testing/functional-testing-repo-Greesb/subscribers","subscription_url":"https://api.github.com/repos/mergifyio-testing/functional-testing-repo-Greesb/subscription","commits_url":"https://api.github.com/repos/mergifyio-testing/functional-testing-repo-Greesb/commits{/sha}","git_commits_url":"https://api.github.com/repos/mergifyio-testing/functional-testing-repo-Greesb/git/commits{/sha}","comments_url":"https://api.github.com/repos/mergifyio-testing/functional-testing-repo-Greesb/comments{/number}","issue_comment_url":"https://api.github.com/repos/mergifyio-testing/functional-testing-repo-Greesb/issues/comments{/number}","contents_url":"https://api.github.com/repos/mergifyio-testing/functional-testing-repo-Greesb/contents/{+path}","compare_url":"https://api.github.com/repos/mergifyio-testing/functional-testing-repo-Greesb/compare/{base}...{head}","merges_url":"https://api.github.com/repos/mergifyio-testing/functional-testing-repo-Greesb/merges","archive_url":"https://api.github.com/repos/mergifyio-testing/functional-testing-repo-Greesb/{archive_format}{/ref}","downloads_url":"https://api.github.com/repos/mergifyio-testing/functional-testing-repo-Greesb/downloads","issues_url":"https://api.github.com/repos/mergifyio-testing/functional-testing-repo-Greesb/issues{/number}","pulls_url":"https://api.github.com/repos/mergifyio-testing/functional-testing-repo-Greesb/pulls{/number}","milestones_url":"https://api.github.com/repos/mergifyio-testing/functional-testing-repo-Greesb/milestones{/number}","notifications_url":"https://api.github.com/repos/mergifyio-testing/functional-testing-repo-Greesb/notifications{?since,all,participating}","labels_url":"https://api.github.com/repos/mergifyio-testing/functional-testing-repo-Greesb/labels{/name}","releases_url":"https://api.github.com/repos/mergifyio-testing/functional-testing-repo-Greesb/releases{/id}","deployments_url":"https://api.github.com/repos/mergifyio-testing/functional-testing-repo-Greesb/deployments","created_at":"2022-06-07T13:21:39Z","updated_at":"2022-11-28T10:20:16Z","pushed_at":"2022-12-06T11:00:31Z","git_url":"git://github.com/mergifyio-testing/functional-testing-repo-Greesb.git","ssh_url":"git@github.com:mergifyio-testing/functional-testing-repo-Greesb.git","clone_url":"https://github.com/mergifyio-testing/functional-testing-repo-Greesb.git","svn_url":"https://github.com/mergifyio-testing/functional-testing-repo-Greesb","homepage":null,"size":22,"stargazers_count":1,"watchers_count":1,"language":null,"has_issues":true,"has_projects":true,"has_downloads":true,"has_wiki":true,"has_pages":false,"has_discussions":false,"forks_count":1,"mirror_url":null,"archived":false,"disabled":false,"open_issues_count":22,"license":null,"allow_forking":true,"is_template":false,"web_commit_signoff_required":false,"topics":[],"visibility":"public","forks":1,"open_issues":22,"watchers":1,"default_branch":"main"}},"base":{"label":"mergifyio-testing:20221206110011/test_checks_feature_disabled/main","ref":"20221206110011/test_checks_feature_disabled/main","sha":"e5a9fa519669854cfe4d20cd765e67ca8a6c2a3f","user":{"login":"mergifyio-testing","id":40527191,"node_id":"MDEyOk9yZ2FuaXphdGlvbjQwNTI3MTkx","avatar_url":"https://avatars.githubusercontent.com/u/40527191?v=4","gravatar_id":"","url":"https://api.github.com/users/mergifyio-testing","html_url":"https://github.com/mergifyio-testing","followers_url":"https://api.github.com/users/mergifyio-testing/followers","following_url":"https://api.github.com/users/mergifyio-testing/following{/other_user}","gists_url":"https://api.github.com/users/mergifyio-testing/gists{/gist_id}","starred_url":"https://api.github.com/users/mergifyio-testing/starred{/owner}{/repo}","subscriptions_url":"https://api.github.com/users/mergifyio-testing/subscriptions","organizations_url":"https://api.github.com/users/mergifyio-testing/orgs","repos_url":"https://api.github.com/users/mergifyio-testing/repos","events_url":"https://api.github.com/users/mergifyio-testing/events{/privacy}","received_events_url":"https://api.github.com/users/mergifyio-testing/received_events","type":"Organization","site_admin":false},"repo":{"id":500849499,"node_id":"R_kgDOHdpbWw","name":"functional-testing-repo-Greesb","full_name":"mergifyio-testing/functional-testing-repo-Greesb","private":false,"owner":{"login":"mergifyio-testing","id":40527191,"node_id":"MDEyOk9yZ2FuaXphdGlvbjQwNTI3MTkx","avatar_url":"https://avatars.githubusercontent.com/u/40527191?v=4","gravatar_id":"","url":"https://api.github.com/users/mergifyio-testing","html_url":"https://github.com/mergifyio-testing","followers_url":"https://api.github.com/users/mergifyio-testing/followers","following_url":"https://api.github.com/users/mergifyio-testing/following{/other_user}","gists_url":"https://api.github.com/users/mergifyio-testing/gists{/gist_id}","starred_url":"https://api.github.com/users/mergifyio-testing/starred{/owner}{/repo}","subscriptions_url":"https://api.github.com/users/mergifyio-testing/subscriptions","organizations_url":"https://api.github.com/users/mergifyio-testing/orgs","repos_url":"https://api.github.com/users/mergifyio-testing/repos","events_url":"https://api.github.com/users/mergifyio-testing/events{/privacy}","received_events_url":"https://api.github.com/users/mergifyio-testing/received_events","type":"Organization","site_admin":false},"html_url":"https://github.com/mergifyio-testing/functional-testing-repo-Greesb","description":null,"fork":false,"url":"https://api.github.com/repos/mergifyio-testing/functional-testing-repo-Greesb","forks_url":"https://api.github.com/repos/mergifyio-testing/functional-testing-repo-Greesb/forks","keys_url":"https://api.github.com/repos/mergifyio-testing/functional-testing-repo-Greesb/keys{/key_id}","collaborators_url":"https://api.github.com/repos/mergifyio-testing/functional-testing-repo-Greesb/collaborators{/collaborator}","teams_url":"https://api.github.com/repos/mergifyio-testing/functional-testing-repo-Greesb/teams","hooks_url":"https://api.github.com/repos/mergifyio-testing/functional-testing-repo-Greesb/hooks","issue_events_url":"https://api.github.com/repos/mergifyio-testing/functional-testing-repo-Greesb/issues/events{/number}","events_url":"https://api.github.com/repos/mergifyio-testing/functional-testing-repo-Greesb/events","assignees_url":"https://api.github.com/repos/mergifyio-testing/functional-testing-repo-Greesb/assignees{/user}","branches_url":"https://api.github.com/repos/mergifyio-testing/functional-testing-repo-Greesb/branches{/branch}","tags_url":"https://api.github.com/repos/mergifyio-testing/functional-testing-repo-Greesb/tags","blobs_url":"https://api.github.com/repos/mergifyio-testing/functional-testing-repo-Greesb/git/blobs{/sha}","git_tags_url":"https://api.github.com/repos/mergifyio-testing/functional-testing-repo-Greesb/git/tags{/sha}","git_refs_url":"https://api.github.com/repos/mergifyio-testing/functional-testing-repo-Greesb/git/refs{/sha}","trees_url":"https://api.github.com/repos/mergifyio-testing/functional-testing-repo-Greesb/git/trees{/sha}","statuses_url":"https://api.github.com/repos/mergifyio-testing/functional-testing-repo-Greesb/statuses/{sha}","languages_url":"https://api.github.com/repos/mergifyio-testing/functional-testing-repo-Greesb/languages","stargazers_url":"https://api.github.com/repos/mergifyio-testing/functional-testing-repo-Greesb/stargazers","contributors_url":"https://api.github.com/repos/mergifyio-testing/functional-testing-repo-Greesb/contributors","subscribers_url":"https://api.github.com/repos/mergifyio-testing/functional-testing-repo-Greesb/subscribers","subscription_url":"https://api.github.com/repos/mergifyio-testing/functional-testing-repo-Greesb/subscription","commits_url":"https://api.github.com/repos/mergifyio-testing/functional-testing-repo-Greesb/commits{/sha}","git_commits_url":"https://api.github.com/repos/mergifyio-testing/functional-testing-repo-Greesb/git/commits{/sha}","comments_url":"https://api.github.com/repos/mergifyio-testing/functional-testing-repo-Greesb/comments{/number}","issue_comment_url":"https://api.github.com/repos/mergifyio-testing/functional-testing-repo-Greesb/issues/comments{/number}","contents_url":"https://api.github.com/repos/mergifyio-testing/functional-testing-repo-Greesb/contents/{+path}","compare_url":"https://api.github.com/repos/mergifyio-testing/functional-testing-repo-Greesb/compare/{base}...{head}","merges_url":"https://api.github.com/repos/mergifyio-testing/functional-testing-repo-Greesb/merges","archive_url":"https://api.github.com/repos/mergifyio-testing/functional-testing-repo-Greesb/{archive_format}{/ref}","downloads_url":"https://api.github.com/repos/mergifyio-testing/functional-testing-repo-Greesb/downloads","issues_url":"https://api.github.com/repos/mergifyio-testing/functional-testing-repo-Greesb/issues{/number}","pulls_url":"https://api.github.com/repos/mergifyio-testing/functional-testing-repo-Greesb/pulls{/number}","milestones_url":"https://api.github.com/repos/mergifyio-testing/functional-testing-repo-Greesb/milestones{/number}","notifications_url":"https://api.github.com/repos/mergifyio-testing/functional-testing-repo-Greesb/notifications{?since,all,participating}","labels_url":"https://api.github.com/repos/mergifyio-testing/functional-testing-repo-Greesb/labels{/name}","releases_url":"https://api.github.com/repos/mergifyio-testing/functional-testing-repo-Greesb/releases{/id}","deployments_url":"https://api.github.com/repos/mergifyio-testing/functional-testing-repo-Greesb/deployments","created_at":"2022-06-07T13:21:39Z","updated_at":"2022-11-28T10:20:16Z","pushed_at":"2022-12-06T11:00:31Z","git_url":"git://github.com/mergifyio-testing/functional-testing-repo-Greesb.git","ssh_url":"git@github.com:mergifyio-testing/functional-testing-repo-Greesb.git","clone_url":"https://github.com/mergifyio-testing/functional-testing-repo-Greesb.git","svn_url":"https://github.com/mergifyio-testing/functional-testing-repo-Greesb","homepage":null,"size":22,"stargazers_count":1,"watchers_count":1,"language":null,"has_issues":true,"has_projects":true,"has_downloads":true,"has_wiki":true,"has_pages":false,"has_discussions":false,"forks_count":1,"mirror_url":null,"archived":false,"disabled":false,"open_issues_count":22,"license":null,"allow_forking":true,"is_template":false,"web_commit_signoff_required":false,"topics":[],"visibility":"public","forks":1,"open_issues":22,"watchers":1,"default_branch":"main"}},"_links":{"self":{"href":"https://api.github.com/repos/mergifyio-testing/functional-testing-repo-Greesb/pulls/15671"},"html":{"href":"https://github.com/mergifyio-testing/functional-testing-repo-Greesb/pull/15671"},"issue":{"href":"https://api.github.com/repos/mergifyio-testing/functional-testing-repo-Greesb/issues/15671"},"comments":{"href":"https://api.github.com/repos/mergifyio-testing/functional-testing-repo-Greesb/issues/15671/comments"},"review_comments":{"href":"https://api.github.com/repos/mergifyio-testing/functional-testing-repo-Greesb/pulls/15671/comments"},"review_comment":{"href":"https://api.github.com/repos/mergifyio-testing/functional-testing-repo-Greesb/pulls/comments{/number}"},"commits":{"href":"https://api.github.com/repos/mergifyio-testing/functional-testing-repo-Greesb/pulls/15671/commits"},"statuses":{"href":"https://api.github.com/repos/mergifyio-testing/functional-testing-repo-Greesb/statuses/13bccabaad48e9a407b9b7beaeb88eae9ff96dd1"}},"author_association":"CONTRIBUTOR","auto_merge":null,"active_lock_reason":null,"merged":false,"mergeable":true,"rebaseable":true,"mergeable_state":"unstable","merged_by":null,"comments":0,"review_comments":0,"maintainer_can_modify":false,"commits":1,"additions":0,"deletions":0,"changed_files":1}'
    headers:
      Content-Encoding:
      - gzip
      Content-Type:
      - application/json; charset=utf-8
      Transfer-Encoding:
      - chunked
      X-GitHub-Media-Type:
      - github.v3; param=machine-man-preview; format=json
      x-github-api-version-selected:
      - '2022-11-28'
    http_version: HTTP/1.1
    status_code: 200
- request:
    body: ''
    headers:
      accept:
      - application/vnd.github.antiope-preview+json
      host:
      - api.github.com
    method: GET
    uri: https://api.github.com/repos/mergifyio-testing/functional-testing-repo-Greesb/commits/13bccabaad48e9a407b9b7beaeb88eae9ff96dd1/check-runs?per_page=100
  response:
    content: "{\"total_count\":1,\"check_runs\":[{\"id\":9913026286,\"name\":\"Summary\",\"node_id\":\"CR_kwDOHdpbW88AAAACTtzG7g\",\"head_sha\":\"13bccabaad48e9a407b9b7beaeb88eae9ff96dd1\",\"external_id\":\"15671\",\"url\":\"https://api.github.com/repos/mergifyio-testing/functional-testing-repo-Greesb/check-runs/9913026286\",\"html_url\":\"https://github.com/mergifyio-testing/functional-testing-repo-Greesb/runs/9913026286\",\"details_url\":\"https://github.com/mergifyio-testing/functional-testing-repo-Greesb/pull/15671/checks\",\"status\":\"completed\",\"conclusion\":\"action_required\",\"started_at\":\"2022-12-06T11:00:24Z\",\"completed_at\":\"2022-12-06T11:00:26Z\",\"output\":{\"title\":\"The
      current Mergify configuration is invalid\",\"summary\":\"### Custom checks are
      disabled\\n\\n\u26A0 The [subscription](http://localhost:3000/github/mergifyio-testing/subscription)
      needs to be updated to enable this feature.\",\"text\":null,\"annotations_count\":0,\"annotations_url\":\"https://api.github.com/repos/mergifyio-testing/functional-testing-repo-Greesb/check-runs/9913026286/annotations\"},\"check_suite\":{\"id\":9693965841},\"app\":{\"id\":214877,\"slug\":\"mergify-greesb\",\"node_id\":\"A_kwHOAmplV84AA0dd\",\"owner\":{\"login\":\"mergifyio-testing\",\"id\":40527191,\"node_id\":\"MDEyOk9yZ2FuaXphdGlvbjQwNTI3MTkx\",\"avatar_url\":\"https://avatars.githubusercontent.com/u/40527191?v=4\",\"gravatar_id\":\"\",\"url\":\"https://api.github.com/users/mergifyio-testing\",\"html_url\":\"https://github.com/mergifyio-testing\",\"followers_url\":\"https://api.github.com/users/mergifyio-testing/followers\",\"following_url\":\"https://api.github.com/users/mergifyio-testing/following{/other_user}\",\"gists_url\":\"https://api.github.com/users/mergifyio-testing/gists{/gist_id}\",\"starred_url\":\"https://api.github.com/users/mergifyio-testing/starred{/owner}{/repo}\",\"subscriptions_url\":\"https://api.github.com/users/mergifyio-testing/subscriptions\",\"organizations_url\":\"https://api.github.com/users/mergifyio-testing/orgs\",\"repos_url\":\"https://api.github.com/users/mergifyio-testing/repos\",\"events_url\":\"https://api.github.com/users/mergifyio-testing/events{/privacy}\",\"received_events_url\":\"https://api.github.com/users/mergifyio-testing/received_events\",\"type\":\"Organization\",\"site_admin\":false},\"name\":\"mergify-Greesb\",\"description\":\"Mergify
      testing installation for Greesb\",\"external_url\":\"https://mergify.com/\",\"html_url\":\"https://github.com/apps/mergify-greesb\",\"created_at\":\"2022-06-27T12:53:37Z\",\"updated_at\":\"2022-06-27T12:53:37Z\",\"permissions\":{\"administration\":\"read\",\"checks\":\"write\",\"contents\":\"write\",\"emails\":\"read\",\"issues\":\"write\",\"members\":\"read\",\"metadata\":\"read\",\"pages\":\"write\",\"pull_requests\":\"write\",\"statuses\":\"write\",\"workflows\":\"write\"},\"events\":[\"check_run\",\"check_suite\",\"issue_comment\",\"member\",\"membership\",\"organization\",\"pull_request\",\"pull_request_review\",\"pull_request_review_comment\",\"pull_request_review_thread\",\"push\",\"repository\",\"status\",\"team\",\"team_add\"]},\"pull_requests\":[{\"url\":\"https://api.github.com/repos/mergifyio-testing/functional-testing-repo-Greesb/pulls/15671\",\"id\":1148682736,\"number\":15671,\"head\":{\"ref\":\"20221206110011/test_checks_feature_disabled/integration/pr1\",\"sha\":\"13bccabaad48e9a407b9b7beaeb88eae9ff96dd1\",\"repo\":{\"id\":500849499,\"url\":\"https://api.github.com/repos/mergifyio-testing/functional-testing-repo-Greesb\",\"name\":\"functional-testing-repo-Greesb\"}},\"base\":{\"ref\":\"20221206110011/test_checks_feature_disabled/main\",\"sha\":\"e5a9fa519669854cfe4d20cd765e67ca8a6c2a3f\",\"repo\":{\"id\":500849499,\"url\":\"https://api.github.com/repos/mergifyio-testing/functional-testing-repo-Greesb\",\"name\":\"functional-testing-repo-Greesb\"}}}]}]}"
    headers:
      Content-Encoding:
      - gzip
      Content-Type:
      - application/json; charset=utf-8
      Transfer-Encoding:
      - chunked
      X-GitHub-Media-Type:
      - github.v3; param=antiope-preview; format=json
      x-github-api-version-selected:
      - '2022-11-28'
    http_version: HTTP/1.1
    status_code: 200
- request:
    body: ''
    headers:
      accept:
      - application/vnd.github.machine-man-preview+json
      host:
      - api.github.com
    method: GET
    uri: https://api.github.com/repos/mergifyio-testing/functional-testing-repo-Greesb/git/matching-refs/heads/20221206110011/test_checks_feature_disabled/main?per_page=100
  response:
    content: '[{"ref":"refs/heads/20221206110011/test_checks_feature_disabled/main","node_id":"REF_kwDOHdpbW9oAO3JlZnMvaGVhZHMvMjAyMjEyMDYxMTAwMTEvdGVzdF9jaGVja3NfZmVhdHVyZV9kaXNhYmxlZC9tYWlu","url":"https://api.github.com/repos/mergifyio-testing/functional-testing-repo-Greesb/git/refs/heads/20221206110011/test_checks_feature_disabled/main","object":{"sha":"e5a9fa519669854cfe4d20cd765e67ca8a6c2a3f","type":"commit","url":"https://api.github.com/repos/mergifyio-testing/functional-testing-repo-Greesb/git/commits/e5a9fa519669854cfe4d20cd765e67ca8a6c2a3f"}}]'
    headers:
      Content-Encoding:
      - gzip
      Content-Type:
      - application/json; charset=utf-8
      Transfer-Encoding:
      - chunked
      X-GitHub-Media-Type:
      - github.v3; param=machine-man-preview; format=json
      X-Poll-Interval:
      - '300'
      x-github-api-version-selected:
      - '2022-11-28'
    http_version: HTTP/1.1
    status_code: 200
- request:
    body: ''
    headers:
      accept:
      - application/vnd.github.machine-man-preview+json
      host:
      - api.github.com
    method: GET
    uri: https://api.github.com/repos/mergifyio-testing/functional-testing-repo-Greesb/branches/20221206110011%2Ftest_checks_feature_disabled%2Fintegration%2Fpr1
  response:
    content: '{"name":"20221206110011/test_checks_feature_disabled/integration/pr1","commit":{"sha":"13bccabaad48e9a407b9b7beaeb88eae9ff96dd1","node_id":"C_kwDOHdpbW9oAKDEzYmNjYWJhYWQ0OGU5YTQwN2I5YjdiZWFlYjg4ZWFlOWZmOTZkZDE","commit":{"author":{"name":"Mergify","email":"108278707+mergify-greesb[bot]@users.noreply.github.com","date":"2022-12-06T11:00:16Z"},"committer":{"name":"Mergify","email":"108278707+mergify-greesb[bot]@users.noreply.github.com","date":"2022-12-06T11:00:16Z"},"message":"test_checks_feature_disabled:
      pull request n1 from integration","tree":{"sha":"3ea2c7190387a3bea1aadfba530a69799eaa1a53","url":"https://api.github.com/repos/mergifyio-testing/functional-testing-repo-Greesb/git/trees/3ea2c7190387a3bea1aadfba530a69799eaa1a53"},"url":"https://api.github.com/repos/mergifyio-testing/functional-testing-repo-Greesb/git/commits/13bccabaad48e9a407b9b7beaeb88eae9ff96dd1","comment_count":0,"verification":{"verified":false,"reason":"unsigned","signature":null,"payload":null}},"url":"https://api.github.com/repos/mergifyio-testing/functional-testing-repo-Greesb/commits/13bccabaad48e9a407b9b7beaeb88eae9ff96dd1","html_url":"https://github.com/mergifyio-testing/functional-testing-repo-Greesb/commit/13bccabaad48e9a407b9b7beaeb88eae9ff96dd1","comments_url":"https://api.github.com/repos/mergifyio-testing/functional-testing-repo-Greesb/commits/13bccabaad48e9a407b9b7beaeb88eae9ff96dd1/comments","author":{"login":"mergify-greesb[bot]","id":108278707,"node_id":"BOT_kgDOBnQzsw","avatar_url":"https://avatars.githubusercontent.com/u/40527191?v=4","gravatar_id":"","url":"https://api.github.com/users/mergify-greesb%5Bbot%5D","html_url":"https://github.com/apps/mergify-greesb","followers_url":"https://api.github.com/users/mergify-greesb%5Bbot%5D/followers","following_url":"https://api.github.com/users/mergify-greesb%5Bbot%5D/following{/other_user}","gists_url":"https://api.github.com/users/mergify-greesb%5Bbot%5D/gists{/gist_id}","starred_url":"https://api.github.com/users/mergify-greesb%5Bbot%5D/starred{/owner}{/repo}","subscriptions_url":"https://api.github.com/users/mergify-greesb%5Bbot%5D/subscriptions","organizations_url":"https://api.github.com/users/mergify-greesb%5Bbot%5D/orgs","repos_url":"https://api.github.com/users/mergify-greesb%5Bbot%5D/repos","events_url":"https://api.github.com/users/mergify-greesb%5Bbot%5D/events{/privacy}","received_events_url":"https://api.github.com/users/mergify-greesb%5Bbot%5D/received_events","type":"Bot","site_admin":false},"committer":{"login":"mergify-greesb[bot]","id":108278707,"node_id":"BOT_kgDOBnQzsw","avatar_url":"https://avatars.githubusercontent.com/u/40527191?v=4","gravatar_id":"","url":"https://api.github.com/users/mergify-greesb%5Bbot%5D","html_url":"https://github.com/apps/mergify-greesb","followers_url":"https://api.github.com/users/mergify-greesb%5Bbot%5D/followers","following_url":"https://api.github.com/users/mergify-greesb%5Bbot%5D/following{/other_user}","gists_url":"https://api.github.com/users/mergify-greesb%5Bbot%5D/gists{/gist_id}","starred_url":"https://api.github.com/users/mergify-greesb%5Bbot%5D/starred{/owner}{/repo}","subscriptions_url":"https://api.github.com/users/mergify-greesb%5Bbot%5D/subscriptions","organizations_url":"https://api.github.com/users/mergify-greesb%5Bbot%5D/orgs","repos_url":"https://api.github.com/users/mergify-greesb%5Bbot%5D/repos","events_url":"https://api.github.com/users/mergify-greesb%5Bbot%5D/events{/privacy}","received_events_url":"https://api.github.com/users/mergify-greesb%5Bbot%5D/received_events","type":"Bot","site_admin":false},"parents":[{"sha":"e5a9fa519669854cfe4d20cd765e67ca8a6c2a3f","url":"https://api.github.com/repos/mergifyio-testing/functional-testing-repo-Greesb/commits/e5a9fa519669854cfe4d20cd765e67ca8a6c2a3f","html_url":"https://github.com/mergifyio-testing/functional-testing-repo-Greesb/commit/e5a9fa519669854cfe4d20cd765e67ca8a6c2a3f"}]},"_links":{"self":"https://api.github.com/repos/mergifyio-testing/functional-testing-repo-Greesb/branches/20221206110011/test_checks_feature_disabled/integration/pr1","html":"https://github.com/mergifyio-testing/functional-testing-repo-Greesb/tree/20221206110011/test_checks_feature_disabled/integration/pr1"},"protected":false,"protection":{"enabled":false,"required_status_checks":{"enforcement_level":"off","contexts":[],"checks":[]}},"protection_url":"https://api.github.com/repos/mergifyio-testing/functional-testing-repo-Greesb/branches/20221206110011/test_checks_feature_disabled/integration/pr1/protection"}'
    headers:
      Content-Encoding:
      - gzip
      Content-Type:
      - application/json; charset=utf-8
      Transfer-Encoding:
      - chunked
      X-GitHub-Media-Type:
      - github.v3; param=machine-man-preview; format=json
      x-github-api-version-selected:
      - '2022-11-28'
    http_version: HTTP/1.1
    status_code: 200
- request:
    body: ''
    headers:
      accept:
      - application/vnd.github.machine-man-preview+json
      host:
      - api.github.com
    method: DELETE
    uri: https://api.github.com/repos/mergifyio-testing/functional-testing-repo-Greesb/git/refs/heads/20221206110011/test_checks_feature_disabled/integration/pr1
  response:
    content: ''
    headers:
      X-GitHub-Media-Type:
      - github.v3; param=machine-man-preview; format=json
      x-github-api-version-selected:
      - '2022-11-28'
    http_version: HTTP/1.1
    status_code: 204
- request:
    body: ''
    headers:
      accept:
      - application/vnd.github.machine-man-preview+json
      host:
      - api.github.com
    method: GET
    uri: https://api.github.com/repos/mergifyio-testing/functional-testing-repo-Greesb/branches/20221206110011%2Ftest_checks_feature_disabled%2Fmain
  response:
    content: '{"name":"20221206110011/test_checks_feature_disabled/main","commit":{"sha":"e5a9fa519669854cfe4d20cd765e67ca8a6c2a3f","node_id":"C_kwDOHdpbW9oAKGU1YTlmYTUxOTY2OTg1NGNmZTRkMjBjZDc2NWU2N2NhOGE2YzJhM2Y","commit":{"author":{"name":"Mergify","email":"108278707+mergify-greesb[bot]@users.noreply.github.com","date":"2022-12-06T11:00:13Z"},"committer":{"name":"Mergify","email":"108278707+mergify-greesb[bot]@users.noreply.github.com","date":"2022-12-06T11:00:13Z"},"message":"initial
      commit","tree":{"sha":"0367d2064d65139e6fd071d17e2fe1caf44c3da5","url":"https://api.github.com/repos/mergifyio-testing/functional-testing-repo-Greesb/git/trees/0367d2064d65139e6fd071d17e2fe1caf44c3da5"},"url":"https://api.github.com/repos/mergifyio-testing/functional-testing-repo-Greesb/git/commits/e5a9fa519669854cfe4d20cd765e67ca8a6c2a3f","comment_count":0,"verification":{"verified":false,"reason":"unsigned","signature":null,"payload":null}},"url":"https://api.github.com/repos/mergifyio-testing/functional-testing-repo-Greesb/commits/e5a9fa519669854cfe4d20cd765e67ca8a6c2a3f","html_url":"https://github.com/mergifyio-testing/functional-testing-repo-Greesb/commit/e5a9fa519669854cfe4d20cd765e67ca8a6c2a3f","comments_url":"https://api.github.com/repos/mergifyio-testing/functional-testing-repo-Greesb/commits/e5a9fa519669854cfe4d20cd765e67ca8a6c2a3f/comments","author":{"login":"mergify-greesb[bot]","id":108278707,"node_id":"BOT_kgDOBnQzsw","avatar_url":"https://avatars.githubusercontent.com/u/40527191?v=4","gravatar_id":"","url":"https://api.github.com/users/mergify-greesb%5Bbot%5D","html_url":"https://github.com/apps/mergify-greesb","followers_url":"https://api.github.com/users/mergify-greesb%5Bbot%5D/followers","following_url":"https://api.github.com/users/mergify-greesb%5Bbot%5D/following{/other_user}","gists_url":"https://api.github.com/users/mergify-greesb%5Bbot%5D/gists{/gist_id}","starred_url":"https://api.github.com/users/mergify-greesb%5Bbot%5D/starred{/owner}{/repo}","subscriptions_url":"https://api.github.com/users/mergify-greesb%5Bbot%5D/subscriptions","organizations_url":"https://api.github.com/users/mergify-greesb%5Bbot%5D/orgs","repos_url":"https://api.github.com/users/mergify-greesb%5Bbot%5D/repos","events_url":"https://api.github.com/users/mergify-greesb%5Bbot%5D/events{/privacy}","received_events_url":"https://api.github.com/users/mergify-greesb%5Bbot%5D/received_events","type":"Bot","site_admin":false},"committer":{"login":"mergify-greesb[bot]","id":108278707,"node_id":"BOT_kgDOBnQzsw","avatar_url":"https://avatars.githubusercontent.com/u/40527191?v=4","gravatar_id":"","url":"https://api.github.com/users/mergify-greesb%5Bbot%5D","html_url":"https://github.com/apps/mergify-greesb","followers_url":"https://api.github.com/users/mergify-greesb%5Bbot%5D/followers","following_url":"https://api.github.com/users/mergify-greesb%5Bbot%5D/following{/other_user}","gists_url":"https://api.github.com/users/mergify-greesb%5Bbot%5D/gists{/gist_id}","starred_url":"https://api.github.com/users/mergify-greesb%5Bbot%5D/starred{/owner}{/repo}","subscriptions_url":"https://api.github.com/users/mergify-greesb%5Bbot%5D/subscriptions","organizations_url":"https://api.github.com/users/mergify-greesb%5Bbot%5D/orgs","repos_url":"https://api.github.com/users/mergify-greesb%5Bbot%5D/repos","events_url":"https://api.github.com/users/mergify-greesb%5Bbot%5D/events{/privacy}","received_events_url":"https://api.github.com/users/mergify-greesb%5Bbot%5D/received_events","type":"Bot","site_admin":false},"parents":[]},"_links":{"self":"https://api.github.com/repos/mergifyio-testing/functional-testing-repo-Greesb/branches/20221206110011/test_checks_feature_disabled/main","html":"https://github.com/mergifyio-testing/functional-testing-repo-Greesb/tree/20221206110011/test_checks_feature_disabled/main"},"protected":false,"protection":{"enabled":false,"required_status_checks":{"enforcement_level":"off","contexts":[],"checks":[]}},"protection_url":"https://api.github.com/repos/mergifyio-testing/functional-testing-repo-Greesb/branches/20221206110011/test_checks_feature_disabled/main/protection"}'
    headers:
      Content-Encoding:
      - gzip
      Content-Type:
      - application/json; charset=utf-8
      Transfer-Encoding:
      - chunked
      X-GitHub-Media-Type:
      - github.v3; param=machine-man-preview; format=json
      x-github-api-version-selected:
      - '2022-11-28'
    http_version: HTTP/1.1
    status_code: 200
- request:
    body: ''
    headers:
      accept:
      - application/vnd.github.machine-man-preview+json
      host:
      - api.github.com
    method: DELETE
    uri: https://api.github.com/repos/mergifyio-testing/functional-testing-repo-Greesb/git/refs/heads/20221206110011/test_checks_feature_disabled/main
  response:
    content: ''
    headers:
      X-GitHub-Media-Type:
      - github.v3; param=machine-man-preview; format=json
      x-github-api-version-selected:
      - '2022-11-28'
    http_version: HTTP/1.1
    status_code: 204
- request:
    body: whatdataisthat
    headers:
      X-Hub-Signature:
      - <SIGNATURE>
      accept:
      - '*/*'
      content-length:
      - '14'
      host:
      - test-forwarder.mergify.io
    method: DELETE
    uri: https://test-forwarder.mergify.io/events/github.com/214877/500849499/20221206110011-test_checks_feature_disabled
  response:
    content: Event queued
    headers:
      Connection:
      - keep-alive
      Content-Length:
      - '12'
    http_version: HTTP/1.1
    status_code: 202
version: 1
