interactions:
- request:
    body: ''
    headers:
      accept:
      - application/vnd.github.machine-man-preview+json
      host:
      - api.github.com
    method: GET
    uri: https://api.github.com/user/40527191/installation
  response:
    content: '{"id":26894537,"account":{"login":"mergifyio-testing","id":40527191,"node_id":"MDEyOk9yZ2FuaXphdGlvbjQwNTI3MTkx","avatar_url":"https://avatars.githubusercontent.com/u/40527191?v=4","gravatar_id":"","url":"https://api.github.com/users/mergifyio-testing","html_url":"https://github.com/mergifyio-testing","followers_url":"https://api.github.com/users/mergifyio-testing/followers","following_url":"https://api.github.com/users/mergifyio-testing/following{/other_user}","gists_url":"https://api.github.com/users/mergifyio-testing/gists{/gist_id}","starred_url":"https://api.github.com/users/mergifyio-testing/starred{/owner}{/repo}","subscriptions_url":"https://api.github.com/users/mergifyio-testing/subscriptions","organizations_url":"https://api.github.com/users/mergifyio-testing/orgs","repos_url":"https://api.github.com/users/mergifyio-testing/repos","events_url":"https://api.github.com/users/mergifyio-testing/events{/privacy}","received_events_url":"https://api.github.com/users/mergifyio-testing/received_events","type":"Organization","site_admin":false},"repository_selection":"selected","access_tokens_url":"https://api.github.com/app/installations/26894537/access_tokens","repositories_url":"https://api.github.com/installation/repositories","html_url":"https://github.com/organizations/mergifyio-testing/settings/installations/26894537","app_id":214863,"app_slug":"mergify-sileht","target_id":40527191,"target_type":"Organization","permissions":{"pages":"write","checks":"write","issues":"write","members":"read","contents":"write","metadata":"read","statuses":"write","workflows":"write","merge_queues":"write","pull_requests":"write","administration":"read"},"events":["check_run","check_suite","issue_comment","member","membership","organization","pull_request","pull_request_review","pull_request_review_comment","pull_request_review_thread","push","repository","status","team","team_add"],"created_at":"2022-06-27T12:22:13.000Z","updated_at":"2022-09-16T16:32:37.000Z","single_file_name":null,"has_multiple_single_files":false,"single_file_paths":[],"suspended_by":null,"suspended_at":null}'
    headers:
      Content-Encoding:
      - gzip
      Content-Type:
      - application/json; charset=utf-8
      Transfer-Encoding:
      - chunked
      X-GitHub-Media-Type:
      - github.v3; param=machine-man-preview; format=json
    http_version: HTTP/1.1
    status_code: 200
- request:
    body: ''
    headers:
      accept:
      - application/vnd.github.machine-man-preview+json
      host:
      - api.github.com
    method: GET
    uri: https://api.github.com/user
  response:
    content: '{"login":"mergify-test1","id":38494943,"node_id":"MDQ6VXNlcjM4NDk0OTQz","avatar_url":"https://avatars.githubusercontent.com/u/38494943?v=4","gravatar_id":"","url":"https://api.github.com/users/mergify-test1","html_url":"https://github.com/mergify-test1","followers_url":"https://api.github.com/users/mergify-test1/followers","following_url":"https://api.github.com/users/mergify-test1/following{/other_user}","gists_url":"https://api.github.com/users/mergify-test1/gists{/gist_id}","starred_url":"https://api.github.com/users/mergify-test1/starred{/owner}{/repo}","subscriptions_url":"https://api.github.com/users/mergify-test1/subscriptions","organizations_url":"https://api.github.com/users/mergify-test1/orgs","repos_url":"https://api.github.com/users/mergify-test1/repos","events_url":"https://api.github.com/users/mergify-test1/events{/privacy}","received_events_url":"https://api.github.com/users/mergify-test1/received_events","type":"User","site_admin":false,"name":"mergify-test-user-1","company":"@mergifyio","blog":"https://mergify.io","location":null,"email":null,"hireable":null,"bio":"This
      account is for testing purpose of the workflow of the GitHub App @mergifyio","twitter_username":"mergifyio","public_repos":1,"public_gists":0,"followers":0,"following":0,"created_at":"2018-04-18T10:42:59Z","updated_at":"2022-09-15T11:37:27Z","private_gists":0,"total_private_repos":0,"owned_private_repos":0,"disk_usage":0,"collaborators":0,"two_factor_authentication":false,"plan":{"name":"free","space":976562499,"collaborators":0,"private_repos":10000}}'
    headers:
      Content-Encoding:
      - gzip
      Content-Type:
      - application/json; charset=utf-8
      Transfer-Encoding:
      - chunked
      X-Accepted-OAuth-Scopes:
      - ''
      X-GitHub-Media-Type:
      - github.v3; param=machine-man-preview; format=json
      X-OAuth-Scopes:
      - admin:org, delete_repo, read:public_key, repo, user, workflow
    http_version: HTTP/1.1
    status_code: 200
- request:
    body: ''
    headers:
      accept:
      - application/vnd.github.machine-man-preview+json
      host:
      - api.github.com
    method: GET
    uri: https://api.github.com/user
  response:
    content: '{"login":"mergify-test2","id":38495008,"node_id":"MDQ6VXNlcjM4NDk1MDA4","avatar_url":"https://avatars.githubusercontent.com/u/38495008?v=4","gravatar_id":"","url":"https://api.github.com/users/mergify-test2","html_url":"https://github.com/mergify-test2","followers_url":"https://api.github.com/users/mergify-test2/followers","following_url":"https://api.github.com/users/mergify-test2/following{/other_user}","gists_url":"https://api.github.com/users/mergify-test2/gists{/gist_id}","starred_url":"https://api.github.com/users/mergify-test2/starred{/owner}{/repo}","subscriptions_url":"https://api.github.com/users/mergify-test2/subscriptions","organizations_url":"https://api.github.com/users/mergify-test2/orgs","repos_url":"https://api.github.com/users/mergify-test2/repos","events_url":"https://api.github.com/users/mergify-test2/events{/privacy}","received_events_url":"https://api.github.com/users/mergify-test2/received_events","type":"User","site_admin":false,"name":"mergify-test-user-2","company":"@mergifyio","blog":"https://mergify.com","location":null,"email":null,"hireable":null,"bio":"This
      account is for integration testing purpose of the workflow of the GitHub App
      @mergifyio","twitter_username":"mergifyio","public_repos":11,"public_gists":0,"followers":0,"following":0,"created_at":"2018-04-18T10:45:18Z","updated_at":"2022-09-15T11:37:27Z","private_gists":0,"total_private_repos":0,"owned_private_repos":0,"disk_usage":421,"collaborators":0,"two_factor_authentication":false,"plan":{"name":"free","space":976562499,"collaborators":0,"private_repos":10000}}'
    headers:
      Content-Encoding:
      - gzip
      Content-Type:
      - application/json; charset=utf-8
      Transfer-Encoding:
      - chunked
      X-Accepted-OAuth-Scopes:
      - ''
      X-GitHub-Media-Type:
      - github.v3; param=machine-man-preview; format=json
      X-OAuth-Scopes:
      - delete_repo, read:org, read:user, repo, user:email, workflow
    http_version: HTTP/1.1
    status_code: 200
- request:
    body: ''
    headers:
      Authorization:
      - <TOKEN>
      accept:
      - application/vnd.github.machine-man-preview+json
      host:
      - api.github.com
    method: GET
    uri: https://api.github.com/repositories/399426199
  response:
    content: '{"id":399426199,"node_id":"MDEwOlJlcG9zaXRvcnkzOTk0MjYxOTk=","name":"functional-testing-repo-sileht","full_name":"mergifyio-testing/functional-testing-repo-sileht","private":false,"owner":{"login":"mergifyio-testing","id":40527191,"node_id":"MDEyOk9yZ2FuaXphdGlvbjQwNTI3MTkx","avatar_url":"https://avatars.githubusercontent.com/u/40527191?v=4","gravatar_id":"","url":"https://api.github.com/users/mergifyio-testing","html_url":"https://github.com/mergifyio-testing","followers_url":"https://api.github.com/users/mergifyio-testing/followers","following_url":"https://api.github.com/users/mergifyio-testing/following{/other_user}","gists_url":"https://api.github.com/users/mergifyio-testing/gists{/gist_id}","starred_url":"https://api.github.com/users/mergifyio-testing/starred{/owner}{/repo}","subscriptions_url":"https://api.github.com/users/mergifyio-testing/subscriptions","organizations_url":"https://api.github.com/users/mergifyio-testing/orgs","repos_url":"https://api.github.com/users/mergifyio-testing/repos","events_url":"https://api.github.com/users/mergifyio-testing/events{/privacy}","received_events_url":"https://api.github.com/users/mergifyio-testing/received_events","type":"Organization","site_admin":false},"html_url":"https://github.com/mergifyio-testing/functional-testing-repo-sileht","description":null,"fork":false,"url":"https://api.github.com/repos/mergifyio-testing/functional-testing-repo-sileht","forks_url":"https://api.github.com/repos/mergifyio-testing/functional-testing-repo-sileht/forks","keys_url":"https://api.github.com/repos/mergifyio-testing/functional-testing-repo-sileht/keys{/key_id}","collaborators_url":"https://api.github.com/repos/mergifyio-testing/functional-testing-repo-sileht/collaborators{/collaborator}","teams_url":"https://api.github.com/repos/mergifyio-testing/functional-testing-repo-sileht/teams","hooks_url":"https://api.github.com/repos/mergifyio-testing/functional-testing-repo-sileht/hooks","issue_events_url":"https://api.github.com/repos/mergifyio-testing/functional-testing-repo-sileht/issues/events{/number}","events_url":"https://api.github.com/repos/mergifyio-testing/functional-testing-repo-sileht/events","assignees_url":"https://api.github.com/repos/mergifyio-testing/functional-testing-repo-sileht/assignees{/user}","branches_url":"https://api.github.com/repos/mergifyio-testing/functional-testing-repo-sileht/branches{/branch}","tags_url":"https://api.github.com/repos/mergifyio-testing/functional-testing-repo-sileht/tags","blobs_url":"https://api.github.com/repos/mergifyio-testing/functional-testing-repo-sileht/git/blobs{/sha}","git_tags_url":"https://api.github.com/repos/mergifyio-testing/functional-testing-repo-sileht/git/tags{/sha}","git_refs_url":"https://api.github.com/repos/mergifyio-testing/functional-testing-repo-sileht/git/refs{/sha}","trees_url":"https://api.github.com/repos/mergifyio-testing/functional-testing-repo-sileht/git/trees{/sha}","statuses_url":"https://api.github.com/repos/mergifyio-testing/functional-testing-repo-sileht/statuses/{sha}","languages_url":"https://api.github.com/repos/mergifyio-testing/functional-testing-repo-sileht/languages","stargazers_url":"https://api.github.com/repos/mergifyio-testing/functional-testing-repo-sileht/stargazers","contributors_url":"https://api.github.com/repos/mergifyio-testing/functional-testing-repo-sileht/contributors","subscribers_url":"https://api.github.com/repos/mergifyio-testing/functional-testing-repo-sileht/subscribers","subscription_url":"https://api.github.com/repos/mergifyio-testing/functional-testing-repo-sileht/subscription","commits_url":"https://api.github.com/repos/mergifyio-testing/functional-testing-repo-sileht/commits{/sha}","git_commits_url":"https://api.github.com/repos/mergifyio-testing/functional-testing-repo-sileht/git/commits{/sha}","comments_url":"https://api.github.com/repos/mergifyio-testing/functional-testing-repo-sileht/comments{/number}","issue_comment_url":"https://api.github.com/repos/mergifyio-testing/functional-testing-repo-sileht/issues/comments{/number}","contents_url":"https://api.github.com/repos/mergifyio-testing/functional-testing-repo-sileht/contents/{+path}","compare_url":"https://api.github.com/repos/mergifyio-testing/functional-testing-repo-sileht/compare/{base}...{head}","merges_url":"https://api.github.com/repos/mergifyio-testing/functional-testing-repo-sileht/merges","archive_url":"https://api.github.com/repos/mergifyio-testing/functional-testing-repo-sileht/{archive_format}{/ref}","downloads_url":"https://api.github.com/repos/mergifyio-testing/functional-testing-repo-sileht/downloads","issues_url":"https://api.github.com/repos/mergifyio-testing/functional-testing-repo-sileht/issues{/number}","pulls_url":"https://api.github.com/repos/mergifyio-testing/functional-testing-repo-sileht/pulls{/number}","milestones_url":"https://api.github.com/repos/mergifyio-testing/functional-testing-repo-sileht/milestones{/number}","notifications_url":"https://api.github.com/repos/mergifyio-testing/functional-testing-repo-sileht/notifications{?since,all,participating}","labels_url":"https://api.github.com/repos/mergifyio-testing/functional-testing-repo-sileht/labels{/name}","releases_url":"https://api.github.com/repos/mergifyio-testing/functional-testing-repo-sileht/releases{/id}","deployments_url":"https://api.github.com/repos/mergifyio-testing/functional-testing-repo-sileht/deployments","created_at":"2021-08-24T10:36:34Z","updated_at":"2022-01-10T14:33:17Z","pushed_at":"2022-09-24T14:25:39Z","git_url":"git://github.com/mergifyio-testing/functional-testing-repo-sileht.git","ssh_url":"git@github.com:mergifyio-testing/functional-testing-repo-sileht.git","clone_url":"https://github.com/mergifyio-testing/functional-testing-repo-sileht.git","svn_url":"https://github.com/mergifyio-testing/functional-testing-repo-sileht","homepage":null,"size":28,"stargazers_count":0,"watchers_count":0,"language":null,"has_issues":true,"has_projects":true,"has_downloads":true,"has_wiki":true,"has_pages":false,"forks_count":2,"mirror_url":null,"archived":false,"disabled":false,"open_issues_count":0,"license":null,"allow_forking":true,"is_template":false,"web_commit_signoff_required":false,"topics":[],"visibility":"public","forks":2,"open_issues":0,"watchers":0,"default_branch":"main","permissions":{"admin":false,"maintain":false,"push":false,"triage":false,"pull":false},"temp_clone_token":"","allow_squash_merge":true,"allow_merge_commit":true,"allow_rebase_merge":true,"allow_auto_merge":false,"delete_branch_on_merge":false,"allow_update_branch":true,"use_squash_pr_title_as_default":false,"squash_merge_commit_message":"COMMIT_MESSAGES","squash_merge_commit_title":"COMMIT_OR_PR_TITLE","merge_commit_message":"PR_TITLE","merge_commit_title":"MERGE_MESSAGE","organization":{"login":"mergifyio-testing","id":40527191,"node_id":"MDEyOk9yZ2FuaXphdGlvbjQwNTI3MTkx","avatar_url":"https://avatars.githubusercontent.com/u/40527191?v=4","gravatar_id":"","url":"https://api.github.com/users/mergifyio-testing","html_url":"https://github.com/mergifyio-testing","followers_url":"https://api.github.com/users/mergifyio-testing/followers","following_url":"https://api.github.com/users/mergifyio-testing/following{/other_user}","gists_url":"https://api.github.com/users/mergifyio-testing/gists{/gist_id}","starred_url":"https://api.github.com/users/mergifyio-testing/starred{/owner}{/repo}","subscriptions_url":"https://api.github.com/users/mergifyio-testing/subscriptions","organizations_url":"https://api.github.com/users/mergifyio-testing/orgs","repos_url":"https://api.github.com/users/mergifyio-testing/repos","events_url":"https://api.github.com/users/mergifyio-testing/events{/privacy}","received_events_url":"https://api.github.com/users/mergifyio-testing/received_events","type":"Organization","site_admin":false},"network_count":2,"subscribers_count":1}'
    headers:
      Content-Encoding:
      - gzip
      Content-Type:
      - application/json; charset=utf-8
      Transfer-Encoding:
      - chunked
      X-GitHub-Media-Type:
      - github.v3; param=machine-man-preview; format=json
    http_version: HTTP/1.1
    status_code: 200
- request:
    body: whatdataisthat
    headers:
      X-Hub-Signature:
      - <SIGNATURE>
      accept:
      - '*/*'
      content-length:
      - '14'
      host:
      - test-forwarder.mergify.io
    method: DELETE
    uri: https://test-forwarder.mergify.io/events/github.com/214863/399426199
  response:
    content: Event queued
    headers:
      Connection:
      - keep-alive
      Content-Length:
      - '12'
    http_version: HTTP/1.1
    status_code: 202
- request:
    body: whatdataisthat
    headers:
      X-Hub-Signature:
      - <SIGNATURE>
      accept:
      - '*/*'
      content-length:
      - '14'
      host:
      - test-forwarder.mergify.io
    method: GET
    uri: https://test-forwarder.mergify.io/events/github.com/214863/399426199?counter=1
  response:
    content: '[]'
    headers:
      Connection:
      - keep-alive
      Content-Length:
      - '2'
      Content-Type:
      - application/json
    http_version: HTTP/1.1
    status_code: 200
- request:
    body: whatdataisthat
    headers:
      X-Hub-Signature:
      - <SIGNATURE>
      accept:
      - '*/*'
      content-length:
      - '14'
      host:
      - test-forwarder.mergify.io
    method: GET
    uri: https://test-forwarder.mergify.io/events/github.com/214863/399426199?counter=2
  response:
    content: '[]'
    headers:
      Connection:
      - keep-alive
      Content-Length:
      - '2'
      Content-Type:
      - application/json
    http_version: HTTP/1.1
    status_code: 200
- request:
    body: whatdataisthat
    headers:
      X-Hub-Signature:
      - <SIGNATURE>
      accept:
      - '*/*'
      content-length:
      - '14'
      host:
      - test-forwarder.mergify.io
    method: GET
    uri: https://test-forwarder.mergify.io/events/github.com/214863/399426199?counter=3
  response:
    content: '[]'
    headers:
      Connection:
      - keep-alive
      Content-Length:
      - '2'
      Content-Type:
      - application/json
    http_version: HTTP/1.1
    status_code: 200
- request:
    body: whatdataisthat
    headers:
      X-Hub-Signature:
      - <SIGNATURE>
      accept:
      - '*/*'
      content-length:
      - '14'
      host:
      - test-forwarder.mergify.io
    method: GET
    uri: https://test-forwarder.mergify.io/events/github.com/214863/399426199?counter=4
  response:
    content: '[{"id":"c5af03e8-3c14-11ed-9df6-431dacd8b8ad","type":"push","payload":{"ref":"refs/heads/20220924142540/test_invalid_configuration_in_pull_request/main","before":"0000000000000000000000000000000000000000","after":"ab1795554af4dba67c01094a0da1d7d5c10206aa","repository":{"id":399426199,"node_id":"MDEwOlJlcG9zaXRvcnkzOTk0MjYxOTk=","name":"functional-testing-repo-sileht","full_name":"mergifyio-testing/functional-testing-repo-sileht","private":false,"owner":{"name":"mergifyio-testing","email":null,"login":"mergifyio-testing","id":40527191,"node_id":"MDEyOk9yZ2FuaXphdGlvbjQwNTI3MTkx","avatar_url":"https://avatars.githubusercontent.com/u/40527191?v=4","gravatar_id":"","url":"https://api.github.com/users/mergifyio-testing","html_url":"https://github.com/mergifyio-testing","followers_url":"https://api.github.com/users/mergifyio-testing/followers","following_url":"https://api.github.com/users/mergifyio-testing/following{/other_user}","gists_url":"https://api.github.com/users/mergifyio-testing/gists{/gist_id}","starred_url":"https://api.github.com/users/mergifyio-testing/starred{/owner}{/repo}","subscriptions_url":"https://api.github.com/users/mergifyio-testing/subscriptions","organizations_url":"https://api.github.com/users/mergifyio-testing/orgs","repos_url":"https://api.github.com/users/mergifyio-testing/repos","events_url":"https://api.github.com/users/mergifyio-testing/events{/privacy}","received_events_url":"https://api.github.com/users/mergifyio-testing/received_events","type":"Organization","site_admin":false},"html_url":"https://github.com/mergifyio-testing/functional-testing-repo-sileht","description":null,"fork":false,"url":"https://github.com/mergifyio-testing/functional-testing-repo-sileht","forks_url":"https://api.github.com/repos/mergifyio-testing/functional-testing-repo-sileht/forks","keys_url":"https://api.github.com/repos/mergifyio-testing/functional-testing-repo-sileht/keys{/key_id}","collaborators_url":"https://api.github.com/repos/mergifyio-testing/functional-testing-repo-sileht/collaborators{/collaborator}","teams_url":"https://api.github.com/repos/mergifyio-testing/functional-testing-repo-sileht/teams","hooks_url":"https://api.github.com/repos/mergifyio-testing/functional-testing-repo-sileht/hooks","issue_events_url":"https://api.github.com/repos/mergifyio-testing/functional-testing-repo-sileht/issues/events{/number}","events_url":"https://api.github.com/repos/mergifyio-testing/functional-testing-repo-sileht/events","assignees_url":"https://api.github.com/repos/mergifyio-testing/functional-testing-repo-sileht/assignees{/user}","branches_url":"https://api.github.com/repos/mergifyio-testing/functional-testing-repo-sileht/branches{/branch}","tags_url":"https://api.github.com/repos/mergifyio-testing/functional-testing-repo-sileht/tags","blobs_url":"https://api.github.com/repos/mergifyio-testing/functional-testing-repo-sileht/git/blobs{/sha}","git_tags_url":"https://api.github.com/repos/mergifyio-testing/functional-testing-repo-sileht/git/tags{/sha}","git_refs_url":"https://api.github.com/repos/mergifyio-testing/functional-testing-repo-sileht/git/refs{/sha}","trees_url":"https://api.github.com/repos/mergifyio-testing/functional-testing-repo-sileht/git/trees{/sha}","statuses_url":"https://api.github.com/repos/mergifyio-testing/functional-testing-repo-sileht/statuses/{sha}","languages_url":"https://api.github.com/repos/mergifyio-testing/functional-testing-repo-sileht/languages","stargazers_url":"https://api.github.com/repos/mergifyio-testing/functional-testing-repo-sileht/stargazers","contributors_url":"https://api.github.com/repos/mergifyio-testing/functional-testing-repo-sileht/contributors","subscribers_url":"https://api.github.com/repos/mergifyio-testing/functional-testing-repo-sileht/subscribers","subscription_url":"https://api.github.com/repos/mergifyio-testing/functional-testing-repo-sileht/subscription","commits_url":"https://api.github.com/repos/mergifyio-testing/functional-testing-repo-sileht/commits{/sha}","git_commits_url":"https://api.github.com/repos/mergifyio-testing/functional-testing-repo-sileht/git/commits{/sha}","comments_url":"https://api.github.com/repos/mergifyio-testing/functional-testing-repo-sileht/comments{/number}","issue_comment_url":"https://api.github.com/repos/mergifyio-testing/functional-testing-repo-sileht/issues/comments{/number}","contents_url":"https://api.github.com/repos/mergifyio-testing/functional-testing-repo-sileht/contents/{+path}","compare_url":"https://api.github.com/repos/mergifyio-testing/functional-testing-repo-sileht/compare/{base}...{head}","merges_url":"https://api.github.com/repos/mergifyio-testing/functional-testing-repo-sileht/merges","archive_url":"https://api.github.com/repos/mergifyio-testing/functional-testing-repo-sileht/{archive_format}{/ref}","downloads_url":"https://api.github.com/repos/mergifyio-testing/functional-testing-repo-sileht/downloads","issues_url":"https://api.github.com/repos/mergifyio-testing/functional-testing-repo-sileht/issues{/number}","pulls_url":"https://api.github.com/repos/mergifyio-testing/functional-testing-repo-sileht/pulls{/number}","milestones_url":"https://api.github.com/repos/mergifyio-testing/functional-testing-repo-sileht/milestones{/number}","notifications_url":"https://api.github.com/repos/mergifyio-testing/functional-testing-repo-sileht/notifications{?since,all,participating}","labels_url":"https://api.github.com/repos/mergifyio-testing/functional-testing-repo-sileht/labels{/name}","releases_url":"https://api.github.com/repos/mergifyio-testing/functional-testing-repo-sileht/releases{/id}","deployments_url":"https://api.github.com/repos/mergifyio-testing/functional-testing-repo-sileht/deployments","created_at":1629801394,"updated_at":"2022-01-10T14:33:17Z","pushed_at":1664029542,"git_url":"git://github.com/mergifyio-testing/functional-testing-repo-sileht.git","ssh_url":"git@github.com:mergifyio-testing/functional-testing-repo-sileht.git","clone_url":"https://github.com/mergifyio-testing/functional-testing-repo-sileht.git","svn_url":"https://github.com/mergifyio-testing/functional-testing-repo-sileht","homepage":null,"size":28,"stargazers_count":0,"watchers_count":0,"language":null,"has_issues":true,"has_projects":true,"has_downloads":true,"has_wiki":true,"has_pages":false,"forks_count":2,"mirror_url":null,"archived":false,"disabled":false,"open_issues_count":0,"license":null,"allow_forking":true,"is_template":false,"web_commit_signoff_required":false,"topics":[],"visibility":"public","forks":2,"open_issues":0,"watchers":0,"default_branch":"main","stargazers":0,"master_branch":"main","organization":"mergifyio-testing"},"pusher":{"name":"mergify-test1","email":"38494943+mergify-test1@users.noreply.github.com"},"organization":{"login":"mergifyio-testing","id":40527191,"node_id":"MDEyOk9yZ2FuaXphdGlvbjQwNTI3MTkx","url":"https://api.github.com/orgs/mergifyio-testing","repos_url":"https://api.github.com/orgs/mergifyio-testing/repos","events_url":"https://api.github.com/orgs/mergifyio-testing/events","hooks_url":"https://api.github.com/orgs/mergifyio-testing/hooks","issues_url":"https://api.github.com/orgs/mergifyio-testing/issues","members_url":"https://api.github.com/orgs/mergifyio-testing/members{/member}","public_members_url":"https://api.github.com/orgs/mergifyio-testing/public_members{/member}","avatar_url":"https://avatars.githubusercontent.com/u/40527191?v=4","description":"This
      account is for testing purpose of the workflow of the GitHub App @Mergifyio"},"sender":{"login":"mergify-test1","id":38494943,"node_id":"MDQ6VXNlcjM4NDk0OTQz","avatar_url":"https://avatars.githubusercontent.com/u/38494943?v=4","gravatar_id":"","url":"https://api.github.com/users/mergify-test1","html_url":"https://github.com/mergify-test1","followers_url":"https://api.github.com/users/mergify-test1/followers","following_url":"https://api.github.com/users/mergify-test1/following{/other_user}","gists_url":"https://api.github.com/users/mergify-test1/gists{/gist_id}","starred_url":"https://api.github.com/users/mergify-test1/starred{/owner}{/repo}","subscriptions_url":"https://api.github.com/users/mergify-test1/subscriptions","organizations_url":"https://api.github.com/users/mergify-test1/orgs","repos_url":"https://api.github.com/users/mergify-test1/repos","events_url":"https://api.github.com/users/mergify-test1/events{/privacy}","received_events_url":"https://api.github.com/users/mergify-test1/received_events","type":"User","site_admin":false},"installation":{"id":26894537,"node_id":"MDIzOkludGVncmF0aW9uSW5zdGFsbGF0aW9uMjY4OTQ1Mzc="},"created":true,"deleted":false,"forced":false,"base_ref":null,"compare":"https://github.com/mergifyio-testing/functional-testing-repo-sileht/commit/ab1795554af4","commits":[{"id":"ab1795554af4dba67c01094a0da1d7d5c10206aa","tree_id":"28c01464a05475fa2a532364c70ccd3f6f7cd07a","distinct":true,"message":"initial
      commit","timestamp":"2022-09-24T16:25:42+02:00","url":"https://github.com/mergifyio-testing/functional-testing-repo-sileht/commit/ab1795554af4dba67c01094a0da1d7d5c10206aa","author":{"name":"Mergify","email":"108276933+mergify-sileht[bot]@users.noreply.github.com","username":"mergify-sileht[bot]"},"committer":{"name":"Mergify","email":"108276933+mergify-sileht[bot]@users.noreply.github.com","username":"mergify-sileht[bot]"},"added":[".mergify.yml"],"removed":[],"modified":[]}],"head_commit":{"id":"ab1795554af4dba67c01094a0da1d7d5c10206aa","tree_id":"28c01464a05475fa2a532364c70ccd3f6f7cd07a","distinct":true,"message":"initial
      commit","timestamp":"2022-09-24T16:25:42+02:00","url":"https://github.com/mergifyio-testing/functional-testing-repo-sileht/commit/ab1795554af4dba67c01094a0da1d7d5c10206aa","author":{"name":"Mergify","email":"108276933+mergify-sileht[bot]@users.noreply.github.com","username":"mergify-sileht[bot]"},"committer":{"name":"Mergify","email":"108276933+mergify-sileht[bot]@users.noreply.github.com","username":"mergify-sileht[bot]"},"added":[".mergify.yml"],"removed":[],"modified":[]}}},{"id":"c5d9a120-3c14-11ed-9c9c-cd0fc7ef7873","type":"check_suite","payload":{"action":"requested","check_suite":{"id":8451369799,"node_id":"CS_kwDOF87Cl88AAAAB972rRw","head_branch":"20220924142540/test_invalid_configuration_in_pull_request/main","head_sha":"ab1795554af4dba67c01094a0da1d7d5c10206aa","status":"queued","conclusion":null,"url":"https://api.github.com/repos/mergifyio-testing/functional-testing-repo-sileht/check-suites/8451369799","before":"0000000000000000000000000000000000000000","after":"ab1795554af4dba67c01094a0da1d7d5c10206aa","pull_requests":[],"app":{"id":214863,"slug":"mergify-sileht","node_id":"A_kwHOAmplV84AA0dP","owner":{"login":"mergifyio-testing","id":40527191,"node_id":"MDEyOk9yZ2FuaXphdGlvbjQwNTI3MTkx","avatar_url":"https://avatars.githubusercontent.com/u/40527191?v=4","gravatar_id":"","url":"https://api.github.com/users/mergifyio-testing","html_url":"https://github.com/mergifyio-testing","followers_url":"https://api.github.com/users/mergifyio-testing/followers","following_url":"https://api.github.com/users/mergifyio-testing/following{/other_user}","gists_url":"https://api.github.com/users/mergifyio-testing/gists{/gist_id}","starred_url":"https://api.github.com/users/mergifyio-testing/starred{/owner}{/repo}","subscriptions_url":"https://api.github.com/users/mergifyio-testing/subscriptions","organizations_url":"https://api.github.com/users/mergifyio-testing/orgs","repos_url":"https://api.github.com/users/mergifyio-testing/repos","events_url":"https://api.github.com/users/mergifyio-testing/events{/privacy}","received_events_url":"https://api.github.com/users/mergifyio-testing/received_events","type":"Organization","site_admin":false},"name":"mergify-sileht","description":"Mergify
      testing installation for sileht","external_url":"https://mergify.com/","html_url":"https://github.com/apps/mergify-sileht","created_at":"2022-06-27T12:22:05Z","updated_at":"2022-08-11T08:10:14Z","permissions":{"administration":"read","checks":"write","contents":"write","emails":"read","issues":"write","members":"read","merge_queues":"write","metadata":"read","pages":"write","pull_requests":"write","statuses":"write","workflows":"write"},"events":["check_run","check_suite","issue_comment","member","membership","organization","pull_request","pull_request_review","pull_request_review_comment","pull_request_review_thread","push","repository","status","team","team_add"]},"created_at":"2022-09-24T14:25:43Z","updated_at":"2022-09-24T14:25:43Z","rerequestable":true,"runs_rerequestable":true,"latest_check_runs_count":0,"check_runs_url":"https://api.github.com/repos/mergifyio-testing/functional-testing-repo-sileht/check-suites/8451369799/check-runs","head_commit":{"id":"ab1795554af4dba67c01094a0da1d7d5c10206aa","tree_id":"28c01464a05475fa2a532364c70ccd3f6f7cd07a","message":"initial
      commit","timestamp":"2022-09-24T14:25:42Z","author":{"name":"Mergify","email":"108276933+mergify-sileht[bot]@users.noreply.github.com"},"committer":{"name":"Mergify","email":"108276933+mergify-sileht[bot]@users.noreply.github.com"}}},"repository":{"id":399426199,"node_id":"MDEwOlJlcG9zaXRvcnkzOTk0MjYxOTk=","name":"functional-testing-repo-sileht","full_name":"mergifyio-testing/functional-testing-repo-sileht","private":false,"owner":{"login":"mergifyio-testing","id":40527191,"node_id":"MDEyOk9yZ2FuaXphdGlvbjQwNTI3MTkx","avatar_url":"https://avatars.githubusercontent.com/u/40527191?v=4","gravatar_id":"","url":"https://api.github.com/users/mergifyio-testing","html_url":"https://github.com/mergifyio-testing","followers_url":"https://api.github.com/users/mergifyio-testing/followers","following_url":"https://api.github.com/users/mergifyio-testing/following{/other_user}","gists_url":"https://api.github.com/users/mergifyio-testing/gists{/gist_id}","starred_url":"https://api.github.com/users/mergifyio-testing/starred{/owner}{/repo}","subscriptions_url":"https://api.github.com/users/mergifyio-testing/subscriptions","organizations_url":"https://api.github.com/users/mergifyio-testing/orgs","repos_url":"https://api.github.com/users/mergifyio-testing/repos","events_url":"https://api.github.com/users/mergifyio-testing/events{/privacy}","received_events_url":"https://api.github.com/users/mergifyio-testing/received_events","type":"Organization","site_admin":false},"html_url":"https://github.com/mergifyio-testing/functional-testing-repo-sileht","description":null,"fork":false,"url":"https://api.github.com/repos/mergifyio-testing/functional-testing-repo-sileht","forks_url":"https://api.github.com/repos/mergifyio-testing/functional-testing-repo-sileht/forks","keys_url":"https://api.github.com/repos/mergifyio-testing/functional-testing-repo-sileht/keys{/key_id}","collaborators_url":"https://api.github.com/repos/mergifyio-testing/functional-testing-repo-sileht/collaborators{/collaborator}","teams_url":"https://api.github.com/repos/mergifyio-testing/functional-testing-repo-sileht/teams","hooks_url":"https://api.github.com/repos/mergifyio-testing/functional-testing-repo-sileht/hooks","issue_events_url":"https://api.github.com/repos/mergifyio-testing/functional-testing-repo-sileht/issues/events{/number}","events_url":"https://api.github.com/repos/mergifyio-testing/functional-testing-repo-sileht/events","assignees_url":"https://api.github.com/repos/mergifyio-testing/functional-testing-repo-sileht/assignees{/user}","branches_url":"https://api.github.com/repos/mergifyio-testing/functional-testing-repo-sileht/branches{/branch}","tags_url":"https://api.github.com/repos/mergifyio-testing/functional-testing-repo-sileht/tags","blobs_url":"https://api.github.com/repos/mergifyio-testing/functional-testing-repo-sileht/git/blobs{/sha}","git_tags_url":"https://api.github.com/repos/mergifyio-testing/functional-testing-repo-sileht/git/tags{/sha}","git_refs_url":"https://api.github.com/repos/mergifyio-testing/functional-testing-repo-sileht/git/refs{/sha}","trees_url":"https://api.github.com/repos/mergifyio-testing/functional-testing-repo-sileht/git/trees{/sha}","statuses_url":"https://api.github.com/repos/mergifyio-testing/functional-testing-repo-sileht/statuses/{sha}","languages_url":"https://api.github.com/repos/mergifyio-testing/functional-testing-repo-sileht/languages","stargazers_url":"https://api.github.com/repos/mergifyio-testing/functional-testing-repo-sileht/stargazers","contributors_url":"https://api.github.com/repos/mergifyio-testing/functional-testing-repo-sileht/contributors","subscribers_url":"https://api.github.com/repos/mergifyio-testing/functional-testing-repo-sileht/subscribers","subscription_url":"https://api.github.com/repos/mergifyio-testing/functional-testing-repo-sileht/subscription","commits_url":"https://api.github.com/repos/mergifyio-testing/functional-testing-repo-sileht/commits{/sha}","git_commits_url":"https://api.github.com/repos/mergifyio-testing/functional-testing-repo-sileht/git/commits{/sha}","comments_url":"https://api.github.com/repos/mergifyio-testing/functional-testing-repo-sileht/comments{/number}","issue_comment_url":"https://api.github.com/repos/mergifyio-testing/functional-testing-repo-sileht/issues/comments{/number}","contents_url":"https://api.github.com/repos/mergifyio-testing/functional-testing-repo-sileht/contents/{+path}","compare_url":"https://api.github.com/repos/mergifyio-testing/functional-testing-repo-sileht/compare/{base}...{head}","merges_url":"https://api.github.com/repos/mergifyio-testing/functional-testing-repo-sileht/merges","archive_url":"https://api.github.com/repos/mergifyio-testing/functional-testing-repo-sileht/{archive_format}{/ref}","downloads_url":"https://api.github.com/repos/mergifyio-testing/functional-testing-repo-sileht/downloads","issues_url":"https://api.github.com/repos/mergifyio-testing/functional-testing-repo-sileht/issues{/number}","pulls_url":"https://api.github.com/repos/mergifyio-testing/functional-testing-repo-sileht/pulls{/number}","milestones_url":"https://api.github.com/repos/mergifyio-testing/functional-testing-repo-sileht/milestones{/number}","notifications_url":"https://api.github.com/repos/mergifyio-testing/functional-testing-repo-sileht/notifications{?since,all,participating}","labels_url":"https://api.github.com/repos/mergifyio-testing/functional-testing-repo-sileht/labels{/name}","releases_url":"https://api.github.com/repos/mergifyio-testing/functional-testing-repo-sileht/releases{/id}","deployments_url":"https://api.github.com/repos/mergifyio-testing/functional-testing-repo-sileht/deployments","created_at":"2021-08-24T10:36:34Z","updated_at":"2022-01-10T14:33:17Z","pushed_at":"2022-09-24T14:25:42Z","git_url":"git://github.com/mergifyio-testing/functional-testing-repo-sileht.git","ssh_url":"git@github.com:mergifyio-testing/functional-testing-repo-sileht.git","clone_url":"https://github.com/mergifyio-testing/functional-testing-repo-sileht.git","svn_url":"https://github.com/mergifyio-testing/functional-testing-repo-sileht","homepage":null,"size":28,"stargazers_count":0,"watchers_count":0,"language":null,"has_issues":true,"has_projects":true,"has_downloads":true,"has_wiki":true,"has_pages":false,"forks_count":2,"mirror_url":null,"archived":false,"disabled":false,"open_issues_count":0,"license":null,"allow_forking":true,"is_template":false,"web_commit_signoff_required":false,"topics":[],"visibility":"public","forks":2,"open_issues":0,"watchers":0,"default_branch":"main"},"organization":{"login":"mergifyio-testing","id":40527191,"node_id":"MDEyOk9yZ2FuaXphdGlvbjQwNTI3MTkx","url":"https://api.github.com/orgs/mergifyio-testing","repos_url":"https://api.github.com/orgs/mergifyio-testing/repos","events_url":"https://api.github.com/orgs/mergifyio-testing/events","hooks_url":"https://api.github.com/orgs/mergifyio-testing/hooks","issues_url":"https://api.github.com/orgs/mergifyio-testing/issues","members_url":"https://api.github.com/orgs/mergifyio-testing/members{/member}","public_members_url":"https://api.github.com/orgs/mergifyio-testing/public_members{/member}","avatar_url":"https://avatars.githubusercontent.com/u/40527191?v=4","description":"This
      account is for testing purpose of the workflow of the GitHub App @Mergifyio"},"sender":{"login":"mergify-test1","id":38494943,"node_id":"MDQ6VXNlcjM4NDk0OTQz","avatar_url":"https://avatars.githubusercontent.com/u/38494943?v=4","gravatar_id":"","url":"https://api.github.com/users/mergify-test1","html_url":"https://github.com/mergify-test1","followers_url":"https://api.github.com/users/mergify-test1/followers","following_url":"https://api.github.com/users/mergify-test1/following{/other_user}","gists_url":"https://api.github.com/users/mergify-test1/gists{/gist_id}","starred_url":"https://api.github.com/users/mergify-test1/starred{/owner}{/repo}","subscriptions_url":"https://api.github.com/users/mergify-test1/subscriptions","organizations_url":"https://api.github.com/users/mergify-test1/orgs","repos_url":"https://api.github.com/users/mergify-test1/repos","events_url":"https://api.github.com/users/mergify-test1/events{/privacy}","received_events_url":"https://api.github.com/users/mergify-test1/received_events","type":"User","site_admin":false},"installation":{"id":26894537,"node_id":"MDIzOkludGVncmF0aW9uSW5zdGFsbGF0aW9uMjY4OTQ1Mzc="}}}]'
    headers:
      Connection:
      - keep-alive
      Content-Length:
      - '21185'
      Content-Type:
      - application/json
    http_version: HTTP/1.1
    status_code: 200
- request:
    body: '{"default_branch": "20220924142540/test_invalid_configuration_in_pull_request/main"}'
    headers:
      accept:
      - application/vnd.github.machine-man-preview+json
      content-length:
      - '84'
      content-type:
      - application/json
      host:
      - api.github.com
    method: PATCH
    uri: https://api.github.com/repos/mergifyio-testing/functional-testing-repo-sileht
  response:
    content: '{"id":399426199,"node_id":"MDEwOlJlcG9zaXRvcnkzOTk0MjYxOTk=","name":"functional-testing-repo-sileht","full_name":"mergifyio-testing/functional-testing-repo-sileht","private":false,"owner":{"login":"mergifyio-testing","id":40527191,"node_id":"MDEyOk9yZ2FuaXphdGlvbjQwNTI3MTkx","avatar_url":"https://avatars.githubusercontent.com/u/40527191?v=4","gravatar_id":"","url":"https://api.github.com/users/mergifyio-testing","html_url":"https://github.com/mergifyio-testing","followers_url":"https://api.github.com/users/mergifyio-testing/followers","following_url":"https://api.github.com/users/mergifyio-testing/following{/other_user}","gists_url":"https://api.github.com/users/mergifyio-testing/gists{/gist_id}","starred_url":"https://api.github.com/users/mergifyio-testing/starred{/owner}{/repo}","subscriptions_url":"https://api.github.com/users/mergifyio-testing/subscriptions","organizations_url":"https://api.github.com/users/mergifyio-testing/orgs","repos_url":"https://api.github.com/users/mergifyio-testing/repos","events_url":"https://api.github.com/users/mergifyio-testing/events{/privacy}","received_events_url":"https://api.github.com/users/mergifyio-testing/received_events","type":"Organization","site_admin":false},"html_url":"https://github.com/mergifyio-testing/functional-testing-repo-sileht","description":null,"fork":false,"url":"https://api.github.com/repos/mergifyio-testing/functional-testing-repo-sileht","forks_url":"https://api.github.com/repos/mergifyio-testing/functional-testing-repo-sileht/forks","keys_url":"https://api.github.com/repos/mergifyio-testing/functional-testing-repo-sileht/keys{/key_id}","collaborators_url":"https://api.github.com/repos/mergifyio-testing/functional-testing-repo-sileht/collaborators{/collaborator}","teams_url":"https://api.github.com/repos/mergifyio-testing/functional-testing-repo-sileht/teams","hooks_url":"https://api.github.com/repos/mergifyio-testing/functional-testing-repo-sileht/hooks","issue_events_url":"https://api.github.com/repos/mergifyio-testing/functional-testing-repo-sileht/issues/events{/number}","events_url":"https://api.github.com/repos/mergifyio-testing/functional-testing-repo-sileht/events","assignees_url":"https://api.github.com/repos/mergifyio-testing/functional-testing-repo-sileht/assignees{/user}","branches_url":"https://api.github.com/repos/mergifyio-testing/functional-testing-repo-sileht/branches{/branch}","tags_url":"https://api.github.com/repos/mergifyio-testing/functional-testing-repo-sileht/tags","blobs_url":"https://api.github.com/repos/mergifyio-testing/functional-testing-repo-sileht/git/blobs{/sha}","git_tags_url":"https://api.github.com/repos/mergifyio-testing/functional-testing-repo-sileht/git/tags{/sha}","git_refs_url":"https://api.github.com/repos/mergifyio-testing/functional-testing-repo-sileht/git/refs{/sha}","trees_url":"https://api.github.com/repos/mergifyio-testing/functional-testing-repo-sileht/git/trees{/sha}","statuses_url":"https://api.github.com/repos/mergifyio-testing/functional-testing-repo-sileht/statuses/{sha}","languages_url":"https://api.github.com/repos/mergifyio-testing/functional-testing-repo-sileht/languages","stargazers_url":"https://api.github.com/repos/mergifyio-testing/functional-testing-repo-sileht/stargazers","contributors_url":"https://api.github.com/repos/mergifyio-testing/functional-testing-repo-sileht/contributors","subscribers_url":"https://api.github.com/repos/mergifyio-testing/functional-testing-repo-sileht/subscribers","subscription_url":"https://api.github.com/repos/mergifyio-testing/functional-testing-repo-sileht/subscription","commits_url":"https://api.github.com/repos/mergifyio-testing/functional-testing-repo-sileht/commits{/sha}","git_commits_url":"https://api.github.com/repos/mergifyio-testing/functional-testing-repo-sileht/git/commits{/sha}","comments_url":"https://api.github.com/repos/mergifyio-testing/functional-testing-repo-sileht/comments{/number}","issue_comment_url":"https://api.github.com/repos/mergifyio-testing/functional-testing-repo-sileht/issues/comments{/number}","contents_url":"https://api.github.com/repos/mergifyio-testing/functional-testing-repo-sileht/contents/{+path}","compare_url":"https://api.github.com/repos/mergifyio-testing/functional-testing-repo-sileht/compare/{base}...{head}","merges_url":"https://api.github.com/repos/mergifyio-testing/functional-testing-repo-sileht/merges","archive_url":"https://api.github.com/repos/mergifyio-testing/functional-testing-repo-sileht/{archive_format}{/ref}","downloads_url":"https://api.github.com/repos/mergifyio-testing/functional-testing-repo-sileht/downloads","issues_url":"https://api.github.com/repos/mergifyio-testing/functional-testing-repo-sileht/issues{/number}","pulls_url":"https://api.github.com/repos/mergifyio-testing/functional-testing-repo-sileht/pulls{/number}","milestones_url":"https://api.github.com/repos/mergifyio-testing/functional-testing-repo-sileht/milestones{/number}","notifications_url":"https://api.github.com/repos/mergifyio-testing/functional-testing-repo-sileht/notifications{?since,all,participating}","labels_url":"https://api.github.com/repos/mergifyio-testing/functional-testing-repo-sileht/labels{/name}","releases_url":"https://api.github.com/repos/mergifyio-testing/functional-testing-repo-sileht/releases{/id}","deployments_url":"https://api.github.com/repos/mergifyio-testing/functional-testing-repo-sileht/deployments","created_at":"2021-08-24T10:36:34Z","updated_at":"2022-01-10T14:33:17Z","pushed_at":"2022-09-24T14:25:42Z","git_url":"git://github.com/mergifyio-testing/functional-testing-repo-sileht.git","ssh_url":"git@github.com:mergifyio-testing/functional-testing-repo-sileht.git","clone_url":"https://github.com/mergifyio-testing/functional-testing-repo-sileht.git","svn_url":"https://github.com/mergifyio-testing/functional-testing-repo-sileht","homepage":null,"size":28,"stargazers_count":0,"watchers_count":0,"language":null,"has_issues":true,"has_projects":true,"has_downloads":true,"has_wiki":true,"has_pages":false,"forks_count":2,"mirror_url":null,"archived":false,"disabled":false,"open_issues_count":0,"license":null,"allow_forking":true,"is_template":false,"web_commit_signoff_required":false,"topics":[],"visibility":"public","forks":2,"open_issues":0,"watchers":0,"default_branch":"20220924142540/test_invalid_configuration_in_pull_request/main","permissions":{"admin":true,"maintain":true,"push":true,"triage":true,"pull":true},"allow_squash_merge":true,"allow_merge_commit":true,"allow_rebase_merge":true,"allow_auto_merge":false,"delete_branch_on_merge":false,"allow_update_branch":true,"use_squash_pr_title_as_default":false,"squash_merge_commit_message":"COMMIT_MESSAGES","squash_merge_commit_title":"COMMIT_OR_PR_TITLE","merge_commit_message":"PR_TITLE","merge_commit_title":"MERGE_MESSAGE","organization":{"login":"mergifyio-testing","id":40527191,"node_id":"MDEyOk9yZ2FuaXphdGlvbjQwNTI3MTkx","avatar_url":"https://avatars.githubusercontent.com/u/40527191?v=4","gravatar_id":"","url":"https://api.github.com/users/mergifyio-testing","html_url":"https://github.com/mergifyio-testing","followers_url":"https://api.github.com/users/mergifyio-testing/followers","following_url":"https://api.github.com/users/mergifyio-testing/following{/other_user}","gists_url":"https://api.github.com/users/mergifyio-testing/gists{/gist_id}","starred_url":"https://api.github.com/users/mergifyio-testing/starred{/owner}{/repo}","subscriptions_url":"https://api.github.com/users/mergifyio-testing/subscriptions","organizations_url":"https://api.github.com/users/mergifyio-testing/orgs","repos_url":"https://api.github.com/users/mergifyio-testing/repos","events_url":"https://api.github.com/users/mergifyio-testing/events{/privacy}","received_events_url":"https://api.github.com/users/mergifyio-testing/received_events","type":"Organization","site_admin":false},"network_count":2,"subscribers_count":1}'
    headers:
      Content-Encoding:
      - gzip
      Content-Type:
      - application/json; charset=utf-8
      Transfer-Encoding:
      - chunked
      X-Accepted-OAuth-Scopes:
      - ''
      X-GitHub-Media-Type:
      - github.v3; param=machine-man-preview; format=json
      X-OAuth-Scopes:
      - admin:org, delete_repo, read:public_key, repo, user, workflow
    http_version: HTTP/1.1
    status_code: 200
- request:
    body: whatdataisthat
    headers:
      X-Hub-Signature:
      - <SIGNATURE>
      accept:
      - '*/*'
      content-length:
      - '14'
      host:
      - test-forwarder.mergify.io
    method: GET
    uri: https://test-forwarder.mergify.io/events/github.com/214863/399426199?counter=5
  response:
    content: '[]'
    headers:
      Connection:
      - keep-alive
      Content-Length:
      - '2'
      Content-Type:
      - application/json
    http_version: HTTP/1.1
    status_code: 200
- request:
    body: whatdataisthat
    headers:
      X-Hub-Signature:
      - <SIGNATURE>
      accept:
      - '*/*'
      content-length:
      - '14'
      host:
      - test-forwarder.mergify.io
    method: GET
    uri: https://test-forwarder.mergify.io/events/github.com/214863/399426199?counter=6
  response:
    content: '[{"id":"c7a9f450-3c14-11ed-9eb7-e554605f029c","type":"repository","payload":{"action":"edited","changes":{"default_branch":{"from":"main"}},"repository":{"id":399426199,"node_id":"MDEwOlJlcG9zaXRvcnkzOTk0MjYxOTk=","name":"functional-testing-repo-sileht","full_name":"mergifyio-testing/functional-testing-repo-sileht","private":false,"owner":{"login":"mergifyio-testing","id":40527191,"node_id":"MDEyOk9yZ2FuaXphdGlvbjQwNTI3MTkx","avatar_url":"https://avatars.githubusercontent.com/u/40527191?v=4","gravatar_id":"","url":"https://api.github.com/users/mergifyio-testing","html_url":"https://github.com/mergifyio-testing","followers_url":"https://api.github.com/users/mergifyio-testing/followers","following_url":"https://api.github.com/users/mergifyio-testing/following{/other_user}","gists_url":"https://api.github.com/users/mergifyio-testing/gists{/gist_id}","starred_url":"https://api.github.com/users/mergifyio-testing/starred{/owner}{/repo}","subscriptions_url":"https://api.github.com/users/mergifyio-testing/subscriptions","organizations_url":"https://api.github.com/users/mergifyio-testing/orgs","repos_url":"https://api.github.com/users/mergifyio-testing/repos","events_url":"https://api.github.com/users/mergifyio-testing/events{/privacy}","received_events_url":"https://api.github.com/users/mergifyio-testing/received_events","type":"Organization","site_admin":false},"html_url":"https://github.com/mergifyio-testing/functional-testing-repo-sileht","description":null,"fork":false,"url":"https://api.github.com/repos/mergifyio-testing/functional-testing-repo-sileht","forks_url":"https://api.github.com/repos/mergifyio-testing/functional-testing-repo-sileht/forks","keys_url":"https://api.github.com/repos/mergifyio-testing/functional-testing-repo-sileht/keys{/key_id}","collaborators_url":"https://api.github.com/repos/mergifyio-testing/functional-testing-repo-sileht/collaborators{/collaborator}","teams_url":"https://api.github.com/repos/mergifyio-testing/functional-testing-repo-sileht/teams","hooks_url":"https://api.github.com/repos/mergifyio-testing/functional-testing-repo-sileht/hooks","issue_events_url":"https://api.github.com/repos/mergifyio-testing/functional-testing-repo-sileht/issues/events{/number}","events_url":"https://api.github.com/repos/mergifyio-testing/functional-testing-repo-sileht/events","assignees_url":"https://api.github.com/repos/mergifyio-testing/functional-testing-repo-sileht/assignees{/user}","branches_url":"https://api.github.com/repos/mergifyio-testing/functional-testing-repo-sileht/branches{/branch}","tags_url":"https://api.github.com/repos/mergifyio-testing/functional-testing-repo-sileht/tags","blobs_url":"https://api.github.com/repos/mergifyio-testing/functional-testing-repo-sileht/git/blobs{/sha}","git_tags_url":"https://api.github.com/repos/mergifyio-testing/functional-testing-repo-sileht/git/tags{/sha}","git_refs_url":"https://api.github.com/repos/mergifyio-testing/functional-testing-repo-sileht/git/refs{/sha}","trees_url":"https://api.github.com/repos/mergifyio-testing/functional-testing-repo-sileht/git/trees{/sha}","statuses_url":"https://api.github.com/repos/mergifyio-testing/functional-testing-repo-sileht/statuses/{sha}","languages_url":"https://api.github.com/repos/mergifyio-testing/functional-testing-repo-sileht/languages","stargazers_url":"https://api.github.com/repos/mergifyio-testing/functional-testing-repo-sileht/stargazers","contributors_url":"https://api.github.com/repos/mergifyio-testing/functional-testing-repo-sileht/contributors","subscribers_url":"https://api.github.com/repos/mergifyio-testing/functional-testing-repo-sileht/subscribers","subscription_url":"https://api.github.com/repos/mergifyio-testing/functional-testing-repo-sileht/subscription","commits_url":"https://api.github.com/repos/mergifyio-testing/functional-testing-repo-sileht/commits{/sha}","git_commits_url":"https://api.github.com/repos/mergifyio-testing/functional-testing-repo-sileht/git/commits{/sha}","comments_url":"https://api.github.com/repos/mergifyio-testing/functional-testing-repo-sileht/comments{/number}","issue_comment_url":"https://api.github.com/repos/mergifyio-testing/functional-testing-repo-sileht/issues/comments{/number}","contents_url":"https://api.github.com/repos/mergifyio-testing/functional-testing-repo-sileht/contents/{+path}","compare_url":"https://api.github.com/repos/mergifyio-testing/functional-testing-repo-sileht/compare/{base}...{head}","merges_url":"https://api.github.com/repos/mergifyio-testing/functional-testing-repo-sileht/merges","archive_url":"https://api.github.com/repos/mergifyio-testing/functional-testing-repo-sileht/{archive_format}{/ref}","downloads_url":"https://api.github.com/repos/mergifyio-testing/functional-testing-repo-sileht/downloads","issues_url":"https://api.github.com/repos/mergifyio-testing/functional-testing-repo-sileht/issues{/number}","pulls_url":"https://api.github.com/repos/mergifyio-testing/functional-testing-repo-sileht/pulls{/number}","milestones_url":"https://api.github.com/repos/mergifyio-testing/functional-testing-repo-sileht/milestones{/number}","notifications_url":"https://api.github.com/repos/mergifyio-testing/functional-testing-repo-sileht/notifications{?since,all,participating}","labels_url":"https://api.github.com/repos/mergifyio-testing/functional-testing-repo-sileht/labels{/name}","releases_url":"https://api.github.com/repos/mergifyio-testing/functional-testing-repo-sileht/releases{/id}","deployments_url":"https://api.github.com/repos/mergifyio-testing/functional-testing-repo-sileht/deployments","created_at":"2021-08-24T10:36:34Z","updated_at":"2022-01-10T14:33:17Z","pushed_at":"2022-09-24T14:25:42Z","git_url":"git://github.com/mergifyio-testing/functional-testing-repo-sileht.git","ssh_url":"git@github.com:mergifyio-testing/functional-testing-repo-sileht.git","clone_url":"https://github.com/mergifyio-testing/functional-testing-repo-sileht.git","svn_url":"https://github.com/mergifyio-testing/functional-testing-repo-sileht","homepage":null,"size":28,"stargazers_count":0,"watchers_count":0,"language":null,"has_issues":true,"has_projects":true,"has_downloads":true,"has_wiki":true,"has_pages":false,"forks_count":2,"mirror_url":null,"archived":false,"disabled":false,"open_issues_count":0,"license":null,"allow_forking":true,"is_template":false,"web_commit_signoff_required":false,"topics":[],"visibility":"public","forks":2,"open_issues":0,"watchers":0,"default_branch":"20220924142540/test_invalid_configuration_in_pull_request/main"},"organization":{"login":"mergifyio-testing","id":40527191,"node_id":"MDEyOk9yZ2FuaXphdGlvbjQwNTI3MTkx","url":"https://api.github.com/orgs/mergifyio-testing","repos_url":"https://api.github.com/orgs/mergifyio-testing/repos","events_url":"https://api.github.com/orgs/mergifyio-testing/events","hooks_url":"https://api.github.com/orgs/mergifyio-testing/hooks","issues_url":"https://api.github.com/orgs/mergifyio-testing/issues","members_url":"https://api.github.com/orgs/mergifyio-testing/members{/member}","public_members_url":"https://api.github.com/orgs/mergifyio-testing/public_members{/member}","avatar_url":"https://avatars.githubusercontent.com/u/40527191?v=4","description":"This
      account is for testing purpose of the workflow of the GitHub App @Mergifyio"},"sender":{"login":"mergify-test1","id":38494943,"node_id":"MDQ6VXNlcjM4NDk0OTQz","avatar_url":"https://avatars.githubusercontent.com/u/38494943?v=4","gravatar_id":"","url":"https://api.github.com/users/mergify-test1","html_url":"https://github.com/mergify-test1","followers_url":"https://api.github.com/users/mergify-test1/followers","following_url":"https://api.github.com/users/mergify-test1/following{/other_user}","gists_url":"https://api.github.com/users/mergify-test1/gists{/gist_id}","starred_url":"https://api.github.com/users/mergify-test1/starred{/owner}{/repo}","subscriptions_url":"https://api.github.com/users/mergify-test1/subscriptions","organizations_url":"https://api.github.com/users/mergify-test1/orgs","repos_url":"https://api.github.com/users/mergify-test1/repos","events_url":"https://api.github.com/users/mergify-test1/events{/privacy}","received_events_url":"https://api.github.com/users/mergify-test1/received_events","type":"User","site_admin":false},"installation":{"id":26894537,"node_id":"MDIzOkludGVncmF0aW9uSW5zdGFsbGF0aW9uMjY4OTQ1Mzc="}}}]'
    headers:
      Connection:
      - keep-alive
      Content-Length:
      - '8338'
      Content-Type:
      - application/json
    http_version: HTTP/1.1
    status_code: 200
- request:
    body: whatdataisthat
    headers:
      X-Hub-Signature:
      - <SIGNATURE>
      accept:
      - '*/*'
      content-length:
      - '14'
      host:
      - test-forwarder.mergify.io
    method: GET
    uri: https://test-forwarder.mergify.io/events/github.com/214863/399426199?counter=7
  response:
    content: '[]'
    headers:
      Connection:
      - keep-alive
      Content-Length:
      - '2'
      Content-Type:
      - application/json
    http_version: HTTP/1.1
    status_code: 200
- request:
    body: whatdataisthat
    headers:
      X-Hub-Signature:
      - <SIGNATURE>
      accept:
      - '*/*'
      content-length:
      - '14'
      host:
      - test-forwarder.mergify.io
    method: GET
    uri: https://test-forwarder.mergify.io/events/github.com/214863/399426199?counter=8
  response:
    content: '[]'
    headers:
      Connection:
      - keep-alive
      Content-Length:
      - '2'
      Content-Type:
      - application/json
    http_version: HTTP/1.1
    status_code: 200
- request:
    body: whatdataisthat
    headers:
      X-Hub-Signature:
      - <SIGNATURE>
      accept:
      - '*/*'
      content-length:
      - '14'
      host:
      - test-forwarder.mergify.io
    method: GET
    uri: https://test-forwarder.mergify.io/events/github.com/214863/399426199?counter=9
  response:
    content: '[{"id":"c8d708cc-3c14-11ed-8977-925a1d9b6d99","type":"push","payload":{"ref":"refs/heads/20220924142540/test_invalid_configuration_in_pull_request/integration/pr1","before":"0000000000000000000000000000000000000000","after":"3d5f134017b33c73a99ce63322da230dd6587d5d","repository":{"id":399426199,"node_id":"MDEwOlJlcG9zaXRvcnkzOTk0MjYxOTk=","name":"functional-testing-repo-sileht","full_name":"mergifyio-testing/functional-testing-repo-sileht","private":false,"owner":{"name":"mergifyio-testing","email":null,"login":"mergifyio-testing","id":40527191,"node_id":"MDEyOk9yZ2FuaXphdGlvbjQwNTI3MTkx","avatar_url":"https://avatars.githubusercontent.com/u/40527191?v=4","gravatar_id":"","url":"https://api.github.com/users/mergifyio-testing","html_url":"https://github.com/mergifyio-testing","followers_url":"https://api.github.com/users/mergifyio-testing/followers","following_url":"https://api.github.com/users/mergifyio-testing/following{/other_user}","gists_url":"https://api.github.com/users/mergifyio-testing/gists{/gist_id}","starred_url":"https://api.github.com/users/mergifyio-testing/starred{/owner}{/repo}","subscriptions_url":"https://api.github.com/users/mergifyio-testing/subscriptions","organizations_url":"https://api.github.com/users/mergifyio-testing/orgs","repos_url":"https://api.github.com/users/mergifyio-testing/repos","events_url":"https://api.github.com/users/mergifyio-testing/events{/privacy}","received_events_url":"https://api.github.com/users/mergifyio-testing/received_events","type":"Organization","site_admin":false},"html_url":"https://github.com/mergifyio-testing/functional-testing-repo-sileht","description":null,"fork":false,"url":"https://github.com/mergifyio-testing/functional-testing-repo-sileht","forks_url":"https://api.github.com/repos/mergifyio-testing/functional-testing-repo-sileht/forks","keys_url":"https://api.github.com/repos/mergifyio-testing/functional-testing-repo-sileht/keys{/key_id}","collaborators_url":"https://api.github.com/repos/mergifyio-testing/functional-testing-repo-sileht/collaborators{/collaborator}","teams_url":"https://api.github.com/repos/mergifyio-testing/functional-testing-repo-sileht/teams","hooks_url":"https://api.github.com/repos/mergifyio-testing/functional-testing-repo-sileht/hooks","issue_events_url":"https://api.github.com/repos/mergifyio-testing/functional-testing-repo-sileht/issues/events{/number}","events_url":"https://api.github.com/repos/mergifyio-testing/functional-testing-repo-sileht/events","assignees_url":"https://api.github.com/repos/mergifyio-testing/functional-testing-repo-sileht/assignees{/user}","branches_url":"https://api.github.com/repos/mergifyio-testing/functional-testing-repo-sileht/branches{/branch}","tags_url":"https://api.github.com/repos/mergifyio-testing/functional-testing-repo-sileht/tags","blobs_url":"https://api.github.com/repos/mergifyio-testing/functional-testing-repo-sileht/git/blobs{/sha}","git_tags_url":"https://api.github.com/repos/mergifyio-testing/functional-testing-repo-sileht/git/tags{/sha}","git_refs_url":"https://api.github.com/repos/mergifyio-testing/functional-testing-repo-sileht/git/refs{/sha}","trees_url":"https://api.github.com/repos/mergifyio-testing/functional-testing-repo-sileht/git/trees{/sha}","statuses_url":"https://api.github.com/repos/mergifyio-testing/functional-testing-repo-sileht/statuses/{sha}","languages_url":"https://api.github.com/repos/mergifyio-testing/functional-testing-repo-sileht/languages","stargazers_url":"https://api.github.com/repos/mergifyio-testing/functional-testing-repo-sileht/stargazers","contributors_url":"https://api.github.com/repos/mergifyio-testing/functional-testing-repo-sileht/contributors","subscribers_url":"https://api.github.com/repos/mergifyio-testing/functional-testing-repo-sileht/subscribers","subscription_url":"https://api.github.com/repos/mergifyio-testing/functional-testing-repo-sileht/subscription","commits_url":"https://api.github.com/repos/mergifyio-testing/functional-testing-repo-sileht/commits{/sha}","git_commits_url":"https://api.github.com/repos/mergifyio-testing/functional-testing-repo-sileht/git/commits{/sha}","comments_url":"https://api.github.com/repos/mergifyio-testing/functional-testing-repo-sileht/comments{/number}","issue_comment_url":"https://api.github.com/repos/mergifyio-testing/functional-testing-repo-sileht/issues/comments{/number}","contents_url":"https://api.github.com/repos/mergifyio-testing/functional-testing-repo-sileht/contents/{+path}","compare_url":"https://api.github.com/repos/mergifyio-testing/functional-testing-repo-sileht/compare/{base}...{head}","merges_url":"https://api.github.com/repos/mergifyio-testing/functional-testing-repo-sileht/merges","archive_url":"https://api.github.com/repos/mergifyio-testing/functional-testing-repo-sileht/{archive_format}{/ref}","downloads_url":"https://api.github.com/repos/mergifyio-testing/functional-testing-repo-sileht/downloads","issues_url":"https://api.github.com/repos/mergifyio-testing/functional-testing-repo-sileht/issues{/number}","pulls_url":"https://api.github.com/repos/mergifyio-testing/functional-testing-repo-sileht/pulls{/number}","milestones_url":"https://api.github.com/repos/mergifyio-testing/functional-testing-repo-sileht/milestones{/number}","notifications_url":"https://api.github.com/repos/mergifyio-testing/functional-testing-repo-sileht/notifications{?since,all,participating}","labels_url":"https://api.github.com/repos/mergifyio-testing/functional-testing-repo-sileht/labels{/name}","releases_url":"https://api.github.com/repos/mergifyio-testing/functional-testing-repo-sileht/releases{/id}","deployments_url":"https://api.github.com/repos/mergifyio-testing/functional-testing-repo-sileht/deployments","created_at":1629801394,"updated_at":"2022-01-10T14:33:17Z","pushed_at":1664029548,"git_url":"git://github.com/mergifyio-testing/functional-testing-repo-sileht.git","ssh_url":"git@github.com:mergifyio-testing/functional-testing-repo-sileht.git","clone_url":"https://github.com/mergifyio-testing/functional-testing-repo-sileht.git","svn_url":"https://github.com/mergifyio-testing/functional-testing-repo-sileht","homepage":null,"size":28,"stargazers_count":0,"watchers_count":0,"language":null,"has_issues":true,"has_projects":true,"has_downloads":true,"has_wiki":true,"has_pages":false,"forks_count":2,"mirror_url":null,"archived":false,"disabled":false,"open_issues_count":0,"license":null,"allow_forking":true,"is_template":false,"web_commit_signoff_required":false,"topics":[],"visibility":"public","forks":2,"open_issues":0,"watchers":0,"default_branch":"20220924142540/test_invalid_configuration_in_pull_request/main","stargazers":0,"master_branch":"20220924142540/test_invalid_configuration_in_pull_request/main","organization":"mergifyio-testing"},"pusher":{"name":"mergify-test1","email":"38494943+mergify-test1@users.noreply.github.com"},"organization":{"login":"mergifyio-testing","id":40527191,"node_id":"MDEyOk9yZ2FuaXphdGlvbjQwNTI3MTkx","url":"https://api.github.com/orgs/mergifyio-testing","repos_url":"https://api.github.com/orgs/mergifyio-testing/repos","events_url":"https://api.github.com/orgs/mergifyio-testing/events","hooks_url":"https://api.github.com/orgs/mergifyio-testing/hooks","issues_url":"https://api.github.com/orgs/mergifyio-testing/issues","members_url":"https://api.github.com/orgs/mergifyio-testing/members{/member}","public_members_url":"https://api.github.com/orgs/mergifyio-testing/public_members{/member}","avatar_url":"https://avatars.githubusercontent.com/u/40527191?v=4","description":"This
      account is for testing purpose of the workflow of the GitHub App @Mergifyio"},"sender":{"login":"mergify-test1","id":38494943,"node_id":"MDQ6VXNlcjM4NDk0OTQz","avatar_url":"https://avatars.githubusercontent.com/u/38494943?v=4","gravatar_id":"","url":"https://api.github.com/users/mergify-test1","html_url":"https://github.com/mergify-test1","followers_url":"https://api.github.com/users/mergify-test1/followers","following_url":"https://api.github.com/users/mergify-test1/following{/other_user}","gists_url":"https://api.github.com/users/mergify-test1/gists{/gist_id}","starred_url":"https://api.github.com/users/mergify-test1/starred{/owner}{/repo}","subscriptions_url":"https://api.github.com/users/mergify-test1/subscriptions","organizations_url":"https://api.github.com/users/mergify-test1/orgs","repos_url":"https://api.github.com/users/mergify-test1/repos","events_url":"https://api.github.com/users/mergify-test1/events{/privacy}","received_events_url":"https://api.github.com/users/mergify-test1/received_events","type":"User","site_admin":false},"installation":{"id":26894537,"node_id":"MDIzOkludGVncmF0aW9uSW5zdGFsbGF0aW9uMjY4OTQ1Mzc="},"created":true,"deleted":false,"forced":false,"base_ref":null,"compare":"https://github.com/mergifyio-testing/functional-testing-repo-sileht/commit/3d5f134017b3","commits":[{"id":"3d5f134017b33c73a99ce63322da230dd6587d5d","tree_id":"15ac011a0a6adb76f1d2a83054b1313a6acf7b61","distinct":true,"message":"test_invalid_configuration_in_pull_request:
      pull request n1 from integration","timestamp":"2022-09-24T16:25:47+02:00","url":"https://github.com/mergifyio-testing/functional-testing-repo-sileht/commit/3d5f134017b33c73a99ce63322da230dd6587d5d","author":{"name":"Mergify","email":"108276933+mergify-sileht[bot]@users.noreply.github.com","username":"mergify-sileht[bot]"},"committer":{"name":"Mergify","email":"108276933+mergify-sileht[bot]@users.noreply.github.com","username":"mergify-sileht[bot]"},"added":[],"removed":[],"modified":[".mergify.yml"]}],"head_commit":{"id":"3d5f134017b33c73a99ce63322da230dd6587d5d","tree_id":"15ac011a0a6adb76f1d2a83054b1313a6acf7b61","distinct":true,"message":"test_invalid_configuration_in_pull_request:
      pull request n1 from integration","timestamp":"2022-09-24T16:25:47+02:00","url":"https://github.com/mergifyio-testing/functional-testing-repo-sileht/commit/3d5f134017b33c73a99ce63322da230dd6587d5d","author":{"name":"Mergify","email":"108276933+mergify-sileht[bot]@users.noreply.github.com","username":"mergify-sileht[bot]"},"committer":{"name":"Mergify","email":"108276933+mergify-sileht[bot]@users.noreply.github.com","username":"mergify-sileht[bot]"},"added":[],"removed":[],"modified":[".mergify.yml"]}}}]'
    headers:
      Connection:
      - keep-alive
      Content-Length:
      - '10240'
      Content-Type:
      - application/json
    http_version: HTTP/1.1
    status_code: 200
- request:
    body: '{"base": "20220924142540/test_invalid_configuration_in_pull_request/main",
      "head": "mergifyio-testing:20220924142540/test_invalid_configuration_in_pull_request/integration/pr1",
      "title": "test_invalid_configuration_in_pull_request: pull request n1 from integration",
      "body": "test_invalid_configuration_in_pull_request: pull request n1 from integration",
      "draft": false}'
    headers:
      accept:
      - application/vnd.github.machine-man-preview+json
      content-length:
      - '370'
      content-type:
      - application/json
      host:
      - api.github.com
    method: POST
    uri: https://api.github.com/repos/mergifyio-testing/functional-testing-repo-sileht/pulls
  response:
    content: '{"url":"https://api.github.com/repos/mergifyio-testing/functional-testing-repo-sileht/pulls/16660","id":1066066865,"node_id":"PR_kwDOF87Cl84_iuOx","html_url":"https://github.com/mergifyio-testing/functional-testing-repo-sileht/pull/16660","diff_url":"https://github.com/mergifyio-testing/functional-testing-repo-sileht/pull/16660.diff","patch_url":"https://github.com/mergifyio-testing/functional-testing-repo-sileht/pull/16660.patch","issue_url":"https://api.github.com/repos/mergifyio-testing/functional-testing-repo-sileht/issues/16660","number":16660,"state":"open","locked":false,"title":"test_invalid_configuration_in_pull_request:
      pull request n1 from integration","user":{"login":"mergify-sileht[bot]","id":108276933,"node_id":"BOT_kgDOBnQsxQ","avatar_url":"https://avatars.githubusercontent.com/u/40527191?v=4","gravatar_id":"","url":"https://api.github.com/users/mergify-sileht%5Bbot%5D","html_url":"https://github.com/apps/mergify-sileht","followers_url":"https://api.github.com/users/mergify-sileht%5Bbot%5D/followers","following_url":"https://api.github.com/users/mergify-sileht%5Bbot%5D/following{/other_user}","gists_url":"https://api.github.com/users/mergify-sileht%5Bbot%5D/gists{/gist_id}","starred_url":"https://api.github.com/users/mergify-sileht%5Bbot%5D/starred{/owner}{/repo}","subscriptions_url":"https://api.github.com/users/mergify-sileht%5Bbot%5D/subscriptions","organizations_url":"https://api.github.com/users/mergify-sileht%5Bbot%5D/orgs","repos_url":"https://api.github.com/users/mergify-sileht%5Bbot%5D/repos","events_url":"https://api.github.com/users/mergify-sileht%5Bbot%5D/events{/privacy}","received_events_url":"https://api.github.com/users/mergify-sileht%5Bbot%5D/received_events","type":"Bot","site_admin":false},"body":"test_invalid_configuration_in_pull_request:
      pull request n1 from integration","created_at":"2022-09-24T14:25:50Z","updated_at":"2022-09-24T14:25:50Z","closed_at":null,"merged_at":null,"merge_commit_sha":null,"assignee":null,"assignees":[],"requested_reviewers":[],"requested_teams":[],"labels":[],"milestone":null,"draft":false,"commits_url":"https://api.github.com/repos/mergifyio-testing/functional-testing-repo-sileht/pulls/16660/commits","review_comments_url":"https://api.github.com/repos/mergifyio-testing/functional-testing-repo-sileht/pulls/16660/comments","review_comment_url":"https://api.github.com/repos/mergifyio-testing/functional-testing-repo-sileht/pulls/comments{/number}","comments_url":"https://api.github.com/repos/mergifyio-testing/functional-testing-repo-sileht/issues/16660/comments","statuses_url":"https://api.github.com/repos/mergifyio-testing/functional-testing-repo-sileht/statuses/3d5f134017b33c73a99ce63322da230dd6587d5d","head":{"label":"mergifyio-testing:20220924142540/test_invalid_configuration_in_pull_request/integration/pr1","ref":"20220924142540/test_invalid_configuration_in_pull_request/integration/pr1","sha":"3d5f134017b33c73a99ce63322da230dd6587d5d","user":{"login":"mergifyio-testing","id":40527191,"node_id":"MDEyOk9yZ2FuaXphdGlvbjQwNTI3MTkx","avatar_url":"https://avatars.githubusercontent.com/u/40527191?v=4","gravatar_id":"","url":"https://api.github.com/users/mergifyio-testing","html_url":"https://github.com/mergifyio-testing","followers_url":"https://api.github.com/users/mergifyio-testing/followers","following_url":"https://api.github.com/users/mergifyio-testing/following{/other_user}","gists_url":"https://api.github.com/users/mergifyio-testing/gists{/gist_id}","starred_url":"https://api.github.com/users/mergifyio-testing/starred{/owner}{/repo}","subscriptions_url":"https://api.github.com/users/mergifyio-testing/subscriptions","organizations_url":"https://api.github.com/users/mergifyio-testing/orgs","repos_url":"https://api.github.com/users/mergifyio-testing/repos","events_url":"https://api.github.com/users/mergifyio-testing/events{/privacy}","received_events_url":"https://api.github.com/users/mergifyio-testing/received_events","type":"Organization","site_admin":false},"repo":{"id":399426199,"node_id":"MDEwOlJlcG9zaXRvcnkzOTk0MjYxOTk=","name":"functional-testing-repo-sileht","full_name":"mergifyio-testing/functional-testing-repo-sileht","private":false,"owner":{"login":"mergifyio-testing","id":40527191,"node_id":"MDEyOk9yZ2FuaXphdGlvbjQwNTI3MTkx","avatar_url":"https://avatars.githubusercontent.com/u/40527191?v=4","gravatar_id":"","url":"https://api.github.com/users/mergifyio-testing","html_url":"https://github.com/mergifyio-testing","followers_url":"https://api.github.com/users/mergifyio-testing/followers","following_url":"https://api.github.com/users/mergifyio-testing/following{/other_user}","gists_url":"https://api.github.com/users/mergifyio-testing/gists{/gist_id}","starred_url":"https://api.github.com/users/mergifyio-testing/starred{/owner}{/repo}","subscriptions_url":"https://api.github.com/users/mergifyio-testing/subscriptions","organizations_url":"https://api.github.com/users/mergifyio-testing/orgs","repos_url":"https://api.github.com/users/mergifyio-testing/repos","events_url":"https://api.github.com/users/mergifyio-testing/events{/privacy}","received_events_url":"https://api.github.com/users/mergifyio-testing/received_events","type":"Organization","site_admin":false},"html_url":"https://github.com/mergifyio-testing/functional-testing-repo-sileht","description":null,"fork":false,"url":"https://api.github.com/repos/mergifyio-testing/functional-testing-repo-sileht","forks_url":"https://api.github.com/repos/mergifyio-testing/functional-testing-repo-sileht/forks","keys_url":"https://api.github.com/repos/mergifyio-testing/functional-testing-repo-sileht/keys{/key_id}","collaborators_url":"https://api.github.com/repos/mergifyio-testing/functional-testing-repo-sileht/collaborators{/collaborator}","teams_url":"https://api.github.com/repos/mergifyio-testing/functional-testing-repo-sileht/teams","hooks_url":"https://api.github.com/repos/mergifyio-testing/functional-testing-repo-sileht/hooks","issue_events_url":"https://api.github.com/repos/mergifyio-testing/functional-testing-repo-sileht/issues/events{/number}","events_url":"https://api.github.com/repos/mergifyio-testing/functional-testing-repo-sileht/events","assignees_url":"https://api.github.com/repos/mergifyio-testing/functional-testing-repo-sileht/assignees{/user}","branches_url":"https://api.github.com/repos/mergifyio-testing/functional-testing-repo-sileht/branches{/branch}","tags_url":"https://api.github.com/repos/mergifyio-testing/functional-testing-repo-sileht/tags","blobs_url":"https://api.github.com/repos/mergifyio-testing/functional-testing-repo-sileht/git/blobs{/sha}","git_tags_url":"https://api.github.com/repos/mergifyio-testing/functional-testing-repo-sileht/git/tags{/sha}","git_refs_url":"https://api.github.com/repos/mergifyio-testing/functional-testing-repo-sileht/git/refs{/sha}","trees_url":"https://api.github.com/repos/mergifyio-testing/functional-testing-repo-sileht/git/trees{/sha}","statuses_url":"https://api.github.com/repos/mergifyio-testing/functional-testing-repo-sileht/statuses/{sha}","languages_url":"https://api.github.com/repos/mergifyio-testing/functional-testing-repo-sileht/languages","stargazers_url":"https://api.github.com/repos/mergifyio-testing/functional-testing-repo-sileht/stargazers","contributors_url":"https://api.github.com/repos/mergifyio-testing/functional-testing-repo-sileht/contributors","subscribers_url":"https://api.github.com/repos/mergifyio-testing/functional-testing-repo-sileht/subscribers","subscription_url":"https://api.github.com/repos/mergifyio-testing/functional-testing-repo-sileht/subscription","commits_url":"https://api.github.com/repos/mergifyio-testing/functional-testing-repo-sileht/commits{/sha}","git_commits_url":"https://api.github.com/repos/mergifyio-testing/functional-testing-repo-sileht/git/commits{/sha}","comments_url":"https://api.github.com/repos/mergifyio-testing/functional-testing-repo-sileht/comments{/number}","issue_comment_url":"https://api.github.com/repos/mergifyio-testing/functional-testing-repo-sileht/issues/comments{/number}","contents_url":"https://api.github.com/repos/mergifyio-testing/functional-testing-repo-sileht/contents/{+path}","compare_url":"https://api.github.com/repos/mergifyio-testing/functional-testing-repo-sileht/compare/{base}...{head}","merges_url":"https://api.github.com/repos/mergifyio-testing/functional-testing-repo-sileht/merges","archive_url":"https://api.github.com/repos/mergifyio-testing/functional-testing-repo-sileht/{archive_format}{/ref}","downloads_url":"https://api.github.com/repos/mergifyio-testing/functional-testing-repo-sileht/downloads","issues_url":"https://api.github.com/repos/mergifyio-testing/functional-testing-repo-sileht/issues{/number}","pulls_url":"https://api.github.com/repos/mergifyio-testing/functional-testing-repo-sileht/pulls{/number}","milestones_url":"https://api.github.com/repos/mergifyio-testing/functional-testing-repo-sileht/milestones{/number}","notifications_url":"https://api.github.com/repos/mergifyio-testing/functional-testing-repo-sileht/notifications{?since,all,participating}","labels_url":"https://api.github.com/repos/mergifyio-testing/functional-testing-repo-sileht/labels{/name}","releases_url":"https://api.github.com/repos/mergifyio-testing/functional-testing-repo-sileht/releases{/id}","deployments_url":"https://api.github.com/repos/mergifyio-testing/functional-testing-repo-sileht/deployments","created_at":"2021-08-24T10:36:34Z","updated_at":"2022-01-10T14:33:17Z","pushed_at":"2022-09-24T14:25:48Z","git_url":"git://github.com/mergifyio-testing/functional-testing-repo-sileht.git","ssh_url":"git@github.com:mergifyio-testing/functional-testing-repo-sileht.git","clone_url":"https://github.com/mergifyio-testing/functional-testing-repo-sileht.git","svn_url":"https://github.com/mergifyio-testing/functional-testing-repo-sileht","homepage":null,"size":28,"stargazers_count":0,"watchers_count":0,"language":null,"has_issues":true,"has_projects":true,"has_downloads":true,"has_wiki":true,"has_pages":false,"forks_count":2,"mirror_url":null,"archived":false,"disabled":false,"open_issues_count":1,"license":null,"allow_forking":true,"is_template":false,"web_commit_signoff_required":false,"topics":[],"visibility":"public","forks":2,"open_issues":1,"watchers":0,"default_branch":"20220924142540/test_invalid_configuration_in_pull_request/main"}},"base":{"label":"mergifyio-testing:20220924142540/test_invalid_configuration_in_pull_request/main","ref":"20220924142540/test_invalid_configuration_in_pull_request/main","sha":"ab1795554af4dba67c01094a0da1d7d5c10206aa","user":{"login":"mergifyio-testing","id":40527191,"node_id":"MDEyOk9yZ2FuaXphdGlvbjQwNTI3MTkx","avatar_url":"https://avatars.githubusercontent.com/u/40527191?v=4","gravatar_id":"","url":"https://api.github.com/users/mergifyio-testing","html_url":"https://github.com/mergifyio-testing","followers_url":"https://api.github.com/users/mergifyio-testing/followers","following_url":"https://api.github.com/users/mergifyio-testing/following{/other_user}","gists_url":"https://api.github.com/users/mergifyio-testing/gists{/gist_id}","starred_url":"https://api.github.com/users/mergifyio-testing/starred{/owner}{/repo}","subscriptions_url":"https://api.github.com/users/mergifyio-testing/subscriptions","organizations_url":"https://api.github.com/users/mergifyio-testing/orgs","repos_url":"https://api.github.com/users/mergifyio-testing/repos","events_url":"https://api.github.com/users/mergifyio-testing/events{/privacy}","received_events_url":"https://api.github.com/users/mergifyio-testing/received_events","type":"Organization","site_admin":false},"repo":{"id":399426199,"node_id":"MDEwOlJlcG9zaXRvcnkzOTk0MjYxOTk=","name":"functional-testing-repo-sileht","full_name":"mergifyio-testing/functional-testing-repo-sileht","private":false,"owner":{"login":"mergifyio-testing","id":40527191,"node_id":"MDEyOk9yZ2FuaXphdGlvbjQwNTI3MTkx","avatar_url":"https://avatars.githubusercontent.com/u/40527191?v=4","gravatar_id":"","url":"https://api.github.com/users/mergifyio-testing","html_url":"https://github.com/mergifyio-testing","followers_url":"https://api.github.com/users/mergifyio-testing/followers","following_url":"https://api.github.com/users/mergifyio-testing/following{/other_user}","gists_url":"https://api.github.com/users/mergifyio-testing/gists{/gist_id}","starred_url":"https://api.github.com/users/mergifyio-testing/starred{/owner}{/repo}","subscriptions_url":"https://api.github.com/users/mergifyio-testing/subscriptions","organizations_url":"https://api.github.com/users/mergifyio-testing/orgs","repos_url":"https://api.github.com/users/mergifyio-testing/repos","events_url":"https://api.github.com/users/mergifyio-testing/events{/privacy}","received_events_url":"https://api.github.com/users/mergifyio-testing/received_events","type":"Organization","site_admin":false},"html_url":"https://github.com/mergifyio-testing/functional-testing-repo-sileht","description":null,"fork":false,"url":"https://api.github.com/repos/mergifyio-testing/functional-testing-repo-sileht","forks_url":"https://api.github.com/repos/mergifyio-testing/functional-testing-repo-sileht/forks","keys_url":"https://api.github.com/repos/mergifyio-testing/functional-testing-repo-sileht/keys{/key_id}","collaborators_url":"https://api.github.com/repos/mergifyio-testing/functional-testing-repo-sileht/collaborators{/collaborator}","teams_url":"https://api.github.com/repos/mergifyio-testing/functional-testing-repo-sileht/teams","hooks_url":"https://api.github.com/repos/mergifyio-testing/functional-testing-repo-sileht/hooks","issue_events_url":"https://api.github.com/repos/mergifyio-testing/functional-testing-repo-sileht/issues/events{/number}","events_url":"https://api.github.com/repos/mergifyio-testing/functional-testing-repo-sileht/events","assignees_url":"https://api.github.com/repos/mergifyio-testing/functional-testing-repo-sileht/assignees{/user}","branches_url":"https://api.github.com/repos/mergifyio-testing/functional-testing-repo-sileht/branches{/branch}","tags_url":"https://api.github.com/repos/mergifyio-testing/functional-testing-repo-sileht/tags","blobs_url":"https://api.github.com/repos/mergifyio-testing/functional-testing-repo-sileht/git/blobs{/sha}","git_tags_url":"https://api.github.com/repos/mergifyio-testing/functional-testing-repo-sileht/git/tags{/sha}","git_refs_url":"https://api.github.com/repos/mergifyio-testing/functional-testing-repo-sileht/git/refs{/sha}","trees_url":"https://api.github.com/repos/mergifyio-testing/functional-testing-repo-sileht/git/trees{/sha}","statuses_url":"https://api.github.com/repos/mergifyio-testing/functional-testing-repo-sileht/statuses/{sha}","languages_url":"https://api.github.com/repos/mergifyio-testing/functional-testing-repo-sileht/languages","stargazers_url":"https://api.github.com/repos/mergifyio-testing/functional-testing-repo-sileht/stargazers","contributors_url":"https://api.github.com/repos/mergifyio-testing/functional-testing-repo-sileht/contributors","subscribers_url":"https://api.github.com/repos/mergifyio-testing/functional-testing-repo-sileht/subscribers","subscription_url":"https://api.github.com/repos/mergifyio-testing/functional-testing-repo-sileht/subscription","commits_url":"https://api.github.com/repos/mergifyio-testing/functional-testing-repo-sileht/commits{/sha}","git_commits_url":"https://api.github.com/repos/mergifyio-testing/functional-testing-repo-sileht/git/commits{/sha}","comments_url":"https://api.github.com/repos/mergifyio-testing/functional-testing-repo-sileht/comments{/number}","issue_comment_url":"https://api.github.com/repos/mergifyio-testing/functional-testing-repo-sileht/issues/comments{/number}","contents_url":"https://api.github.com/repos/mergifyio-testing/functional-testing-repo-sileht/contents/{+path}","compare_url":"https://api.github.com/repos/mergifyio-testing/functional-testing-repo-sileht/compare/{base}...{head}","merges_url":"https://api.github.com/repos/mergifyio-testing/functional-testing-repo-sileht/merges","archive_url":"https://api.github.com/repos/mergifyio-testing/functional-testing-repo-sileht/{archive_format}{/ref}","downloads_url":"https://api.github.com/repos/mergifyio-testing/functional-testing-repo-sileht/downloads","issues_url":"https://api.github.com/repos/mergifyio-testing/functional-testing-repo-sileht/issues{/number}","pulls_url":"https://api.github.com/repos/mergifyio-testing/functional-testing-repo-sileht/pulls{/number}","milestones_url":"https://api.github.com/repos/mergifyio-testing/functional-testing-repo-sileht/milestones{/number}","notifications_url":"https://api.github.com/repos/mergifyio-testing/functional-testing-repo-sileht/notifications{?since,all,participating}","labels_url":"https://api.github.com/repos/mergifyio-testing/functional-testing-repo-sileht/labels{/name}","releases_url":"https://api.github.com/repos/mergifyio-testing/functional-testing-repo-sileht/releases{/id}","deployments_url":"https://api.github.com/repos/mergifyio-testing/functional-testing-repo-sileht/deployments","created_at":"2021-08-24T10:36:34Z","updated_at":"2022-01-10T14:33:17Z","pushed_at":"2022-09-24T14:25:48Z","git_url":"git://github.com/mergifyio-testing/functional-testing-repo-sileht.git","ssh_url":"git@github.com:mergifyio-testing/functional-testing-repo-sileht.git","clone_url":"https://github.com/mergifyio-testing/functional-testing-repo-sileht.git","svn_url":"https://github.com/mergifyio-testing/functional-testing-repo-sileht","homepage":null,"size":28,"stargazers_count":0,"watchers_count":0,"language":null,"has_issues":true,"has_projects":true,"has_downloads":true,"has_wiki":true,"has_pages":false,"forks_count":2,"mirror_url":null,"archived":false,"disabled":false,"open_issues_count":1,"license":null,"allow_forking":true,"is_template":false,"web_commit_signoff_required":false,"topics":[],"visibility":"public","forks":2,"open_issues":1,"watchers":0,"default_branch":"20220924142540/test_invalid_configuration_in_pull_request/main"}},"_links":{"self":{"href":"https://api.github.com/repos/mergifyio-testing/functional-testing-repo-sileht/pulls/16660"},"html":{"href":"https://github.com/mergifyio-testing/functional-testing-repo-sileht/pull/16660"},"issue":{"href":"https://api.github.com/repos/mergifyio-testing/functional-testing-repo-sileht/issues/16660"},"comments":{"href":"https://api.github.com/repos/mergifyio-testing/functional-testing-repo-sileht/issues/16660/comments"},"review_comments":{"href":"https://api.github.com/repos/mergifyio-testing/functional-testing-repo-sileht/pulls/16660/comments"},"review_comment":{"href":"https://api.github.com/repos/mergifyio-testing/functional-testing-repo-sileht/pulls/comments{/number}"},"commits":{"href":"https://api.github.com/repos/mergifyio-testing/functional-testing-repo-sileht/pulls/16660/commits"},"statuses":{"href":"https://api.github.com/repos/mergifyio-testing/functional-testing-repo-sileht/statuses/3d5f134017b33c73a99ce63322da230dd6587d5d"}},"author_association":"CONTRIBUTOR","auto_merge":null,"active_lock_reason":null,"merged":false,"mergeable":null,"rebaseable":null,"mergeable_state":"unknown","merged_by":null,"comments":0,"review_comments":0,"maintainer_can_modify":false,"commits":1,"additions":1,"deletions":7,"changed_files":1}'
    headers:
      Content-Length:
      - '19247'
      Content-Type:
      - application/json; charset=utf-8
      Location:
      - https://api.github.com/repos/mergifyio-testing/functional-testing-repo-sileht/pulls/16660
      X-GitHub-Media-Type:
      - github.v3; param=machine-man-preview; format=json
    http_version: HTTP/1.1
    status_code: 201
- request:
    body: whatdataisthat
    headers:
      X-Hub-Signature:
      - <SIGNATURE>
      accept:
      - '*/*'
      content-length:
      - '14'
      host:
      - test-forwarder.mergify.io
    method: GET
    uri: https://test-forwarder.mergify.io/events/github.com/214863/399426199?counter=10
  response:
    content: '[{"id":"c8fe87d0-3c14-11ed-8f28-1f413aa487ae","type":"check_suite","payload":{"action":"requested","check_suite":{"id":8451370231,"node_id":"CS_kwDOF87Cl88AAAAB972s9w","head_branch":"20220924142540/test_invalid_configuration_in_pull_request/integration/pr1","head_sha":"3d5f134017b33c73a99ce63322da230dd6587d5d","status":"queued","conclusion":null,"url":"https://api.github.com/repos/mergifyio-testing/functional-testing-repo-sileht/check-suites/8451370231","before":"0000000000000000000000000000000000000000","after":"3d5f134017b33c73a99ce63322da230dd6587d5d","pull_requests":[],"app":{"id":214863,"slug":"mergify-sileht","node_id":"A_kwHOAmplV84AA0dP","owner":{"login":"mergifyio-testing","id":40527191,"node_id":"MDEyOk9yZ2FuaXphdGlvbjQwNTI3MTkx","avatar_url":"https://avatars.githubusercontent.com/u/40527191?v=4","gravatar_id":"","url":"https://api.github.com/users/mergifyio-testing","html_url":"https://github.com/mergifyio-testing","followers_url":"https://api.github.com/users/mergifyio-testing/followers","following_url":"https://api.github.com/users/mergifyio-testing/following{/other_user}","gists_url":"https://api.github.com/users/mergifyio-testing/gists{/gist_id}","starred_url":"https://api.github.com/users/mergifyio-testing/starred{/owner}{/repo}","subscriptions_url":"https://api.github.com/users/mergifyio-testing/subscriptions","organizations_url":"https://api.github.com/users/mergifyio-testing/orgs","repos_url":"https://api.github.com/users/mergifyio-testing/repos","events_url":"https://api.github.com/users/mergifyio-testing/events{/privacy}","received_events_url":"https://api.github.com/users/mergifyio-testing/received_events","type":"Organization","site_admin":false},"name":"mergify-sileht","description":"Mergify
      testing installation for sileht","external_url":"https://mergify.com/","html_url":"https://github.com/apps/mergify-sileht","created_at":"2022-06-27T12:22:05Z","updated_at":"2022-08-11T08:10:14Z","permissions":{"administration":"read","checks":"write","contents":"write","emails":"read","issues":"write","members":"read","merge_queues":"write","metadata":"read","pages":"write","pull_requests":"write","statuses":"write","workflows":"write"},"events":["check_run","check_suite","issue_comment","member","membership","organization","pull_request","pull_request_review","pull_request_review_comment","pull_request_review_thread","push","repository","status","team","team_add"]},"created_at":"2022-09-24T14:25:48Z","updated_at":"2022-09-24T14:25:48Z","rerequestable":true,"runs_rerequestable":true,"latest_check_runs_count":0,"check_runs_url":"https://api.github.com/repos/mergifyio-testing/functional-testing-repo-sileht/check-suites/8451370231/check-runs","head_commit":{"id":"3d5f134017b33c73a99ce63322da230dd6587d5d","tree_id":"15ac011a0a6adb76f1d2a83054b1313a6acf7b61","message":"test_invalid_configuration_in_pull_request:
      pull request n1 from integration","timestamp":"2022-09-24T14:25:47Z","author":{"name":"Mergify","email":"108276933+mergify-sileht[bot]@users.noreply.github.com"},"committer":{"name":"Mergify","email":"108276933+mergify-sileht[bot]@users.noreply.github.com"}}},"repository":{"id":399426199,"node_id":"MDEwOlJlcG9zaXRvcnkzOTk0MjYxOTk=","name":"functional-testing-repo-sileht","full_name":"mergifyio-testing/functional-testing-repo-sileht","private":false,"owner":{"login":"mergifyio-testing","id":40527191,"node_id":"MDEyOk9yZ2FuaXphdGlvbjQwNTI3MTkx","avatar_url":"https://avatars.githubusercontent.com/u/40527191?v=4","gravatar_id":"","url":"https://api.github.com/users/mergifyio-testing","html_url":"https://github.com/mergifyio-testing","followers_url":"https://api.github.com/users/mergifyio-testing/followers","following_url":"https://api.github.com/users/mergifyio-testing/following{/other_user}","gists_url":"https://api.github.com/users/mergifyio-testing/gists{/gist_id}","starred_url":"https://api.github.com/users/mergifyio-testing/starred{/owner}{/repo}","subscriptions_url":"https://api.github.com/users/mergifyio-testing/subscriptions","organizations_url":"https://api.github.com/users/mergifyio-testing/orgs","repos_url":"https://api.github.com/users/mergifyio-testing/repos","events_url":"https://api.github.com/users/mergifyio-testing/events{/privacy}","received_events_url":"https://api.github.com/users/mergifyio-testing/received_events","type":"Organization","site_admin":false},"html_url":"https://github.com/mergifyio-testing/functional-testing-repo-sileht","description":null,"fork":false,"url":"https://api.github.com/repos/mergifyio-testing/functional-testing-repo-sileht","forks_url":"https://api.github.com/repos/mergifyio-testing/functional-testing-repo-sileht/forks","keys_url":"https://api.github.com/repos/mergifyio-testing/functional-testing-repo-sileht/keys{/key_id}","collaborators_url":"https://api.github.com/repos/mergifyio-testing/functional-testing-repo-sileht/collaborators{/collaborator}","teams_url":"https://api.github.com/repos/mergifyio-testing/functional-testing-repo-sileht/teams","hooks_url":"https://api.github.com/repos/mergifyio-testing/functional-testing-repo-sileht/hooks","issue_events_url":"https://api.github.com/repos/mergifyio-testing/functional-testing-repo-sileht/issues/events{/number}","events_url":"https://api.github.com/repos/mergifyio-testing/functional-testing-repo-sileht/events","assignees_url":"https://api.github.com/repos/mergifyio-testing/functional-testing-repo-sileht/assignees{/user}","branches_url":"https://api.github.com/repos/mergifyio-testing/functional-testing-repo-sileht/branches{/branch}","tags_url":"https://api.github.com/repos/mergifyio-testing/functional-testing-repo-sileht/tags","blobs_url":"https://api.github.com/repos/mergifyio-testing/functional-testing-repo-sileht/git/blobs{/sha}","git_tags_url":"https://api.github.com/repos/mergifyio-testing/functional-testing-repo-sileht/git/tags{/sha}","git_refs_url":"https://api.github.com/repos/mergifyio-testing/functional-testing-repo-sileht/git/refs{/sha}","trees_url":"https://api.github.com/repos/mergifyio-testing/functional-testing-repo-sileht/git/trees{/sha}","statuses_url":"https://api.github.com/repos/mergifyio-testing/functional-testing-repo-sileht/statuses/{sha}","languages_url":"https://api.github.com/repos/mergifyio-testing/functional-testing-repo-sileht/languages","stargazers_url":"https://api.github.com/repos/mergifyio-testing/functional-testing-repo-sileht/stargazers","contributors_url":"https://api.github.com/repos/mergifyio-testing/functional-testing-repo-sileht/contributors","subscribers_url":"https://api.github.com/repos/mergifyio-testing/functional-testing-repo-sileht/subscribers","subscription_url":"https://api.github.com/repos/mergifyio-testing/functional-testing-repo-sileht/subscription","commits_url":"https://api.github.com/repos/mergifyio-testing/functional-testing-repo-sileht/commits{/sha}","git_commits_url":"https://api.github.com/repos/mergifyio-testing/functional-testing-repo-sileht/git/commits{/sha}","comments_url":"https://api.github.com/repos/mergifyio-testing/functional-testing-repo-sileht/comments{/number}","issue_comment_url":"https://api.github.com/repos/mergifyio-testing/functional-testing-repo-sileht/issues/comments{/number}","contents_url":"https://api.github.com/repos/mergifyio-testing/functional-testing-repo-sileht/contents/{+path}","compare_url":"https://api.github.com/repos/mergifyio-testing/functional-testing-repo-sileht/compare/{base}...{head}","merges_url":"https://api.github.com/repos/mergifyio-testing/functional-testing-repo-sileht/merges","archive_url":"https://api.github.com/repos/mergifyio-testing/functional-testing-repo-sileht/{archive_format}{/ref}","downloads_url":"https://api.github.com/repos/mergifyio-testing/functional-testing-repo-sileht/downloads","issues_url":"https://api.github.com/repos/mergifyio-testing/functional-testing-repo-sileht/issues{/number}","pulls_url":"https://api.github.com/repos/mergifyio-testing/functional-testing-repo-sileht/pulls{/number}","milestones_url":"https://api.github.com/repos/mergifyio-testing/functional-testing-repo-sileht/milestones{/number}","notifications_url":"https://api.github.com/repos/mergifyio-testing/functional-testing-repo-sileht/notifications{?since,all,participating}","labels_url":"https://api.github.com/repos/mergifyio-testing/functional-testing-repo-sileht/labels{/name}","releases_url":"https://api.github.com/repos/mergifyio-testing/functional-testing-repo-sileht/releases{/id}","deployments_url":"https://api.github.com/repos/mergifyio-testing/functional-testing-repo-sileht/deployments","created_at":"2021-08-24T10:36:34Z","updated_at":"2022-01-10T14:33:17Z","pushed_at":"2022-09-24T14:25:48Z","git_url":"git://github.com/mergifyio-testing/functional-testing-repo-sileht.git","ssh_url":"git@github.com:mergifyio-testing/functional-testing-repo-sileht.git","clone_url":"https://github.com/mergifyio-testing/functional-testing-repo-sileht.git","svn_url":"https://github.com/mergifyio-testing/functional-testing-repo-sileht","homepage":null,"size":28,"stargazers_count":0,"watchers_count":0,"language":null,"has_issues":true,"has_projects":true,"has_downloads":true,"has_wiki":true,"has_pages":false,"forks_count":2,"mirror_url":null,"archived":false,"disabled":false,"open_issues_count":0,"license":null,"allow_forking":true,"is_template":false,"web_commit_signoff_required":false,"topics":[],"visibility":"public","forks":2,"open_issues":0,"watchers":0,"default_branch":"20220924142540/test_invalid_configuration_in_pull_request/main"},"organization":{"login":"mergifyio-testing","id":40527191,"node_id":"MDEyOk9yZ2FuaXphdGlvbjQwNTI3MTkx","url":"https://api.github.com/orgs/mergifyio-testing","repos_url":"https://api.github.com/orgs/mergifyio-testing/repos","events_url":"https://api.github.com/orgs/mergifyio-testing/events","hooks_url":"https://api.github.com/orgs/mergifyio-testing/hooks","issues_url":"https://api.github.com/orgs/mergifyio-testing/issues","members_url":"https://api.github.com/orgs/mergifyio-testing/members{/member}","public_members_url":"https://api.github.com/orgs/mergifyio-testing/public_members{/member}","avatar_url":"https://avatars.githubusercontent.com/u/40527191?v=4","description":"This
      account is for testing purpose of the workflow of the GitHub App @Mergifyio"},"sender":{"login":"mergify-test1","id":38494943,"node_id":"MDQ6VXNlcjM4NDk0OTQz","avatar_url":"https://avatars.githubusercontent.com/u/38494943?v=4","gravatar_id":"","url":"https://api.github.com/users/mergify-test1","html_url":"https://github.com/mergify-test1","followers_url":"https://api.github.com/users/mergify-test1/followers","following_url":"https://api.github.com/users/mergify-test1/following{/other_user}","gists_url":"https://api.github.com/users/mergify-test1/gists{/gist_id}","starred_url":"https://api.github.com/users/mergify-test1/starred{/owner}{/repo}","subscriptions_url":"https://api.github.com/users/mergify-test1/subscriptions","organizations_url":"https://api.github.com/users/mergify-test1/orgs","repos_url":"https://api.github.com/users/mergify-test1/repos","events_url":"https://api.github.com/users/mergify-test1/events{/privacy}","received_events_url":"https://api.github.com/users/mergify-test1/received_events","type":"User","site_admin":false},"installation":{"id":26894537,"node_id":"MDIzOkludGVncmF0aW9uSW5zdGFsbGF0aW9uMjY4OTQ1Mzc="}}}]'
    headers:
      Connection:
      - keep-alive
      Content-Length:
      - '11328'
      Content-Type:
      - application/json
    http_version: HTTP/1.1
    status_code: 200
- request:
    body: whatdataisthat
    headers:
      X-Hub-Signature:
      - <SIGNATURE>
      accept:
      - '*/*'
      content-length:
      - '14'
      host:
      - test-forwarder.mergify.io
    method: GET
    uri: https://test-forwarder.mergify.io/events/github.com/214863/399426199?counter=11
  response:
    content: '[{"id":"c9e2cd50-3c14-11ed-95c3-1bd3de0d34fc","type":"pull_request","payload":{"action":"opened","number":16660,"pull_request":{"url":"https://api.github.com/repos/mergifyio-testing/functional-testing-repo-sileht/pulls/16660","id":1066066865,"node_id":"PR_kwDOF87Cl84_iuOx","html_url":"https://github.com/mergifyio-testing/functional-testing-repo-sileht/pull/16660","diff_url":"https://github.com/mergifyio-testing/functional-testing-repo-sileht/pull/16660.diff","patch_url":"https://github.com/mergifyio-testing/functional-testing-repo-sileht/pull/16660.patch","issue_url":"https://api.github.com/repos/mergifyio-testing/functional-testing-repo-sileht/issues/16660","number":16660,"state":"open","locked":false,"title":"test_invalid_configuration_in_pull_request:
      pull request n1 from integration","user":{"login":"mergify-sileht[bot]","id":108276933,"node_id":"BOT_kgDOBnQsxQ","avatar_url":"https://avatars.githubusercontent.com/u/40527191?v=4","gravatar_id":"","url":"https://api.github.com/users/mergify-sileht%5Bbot%5D","html_url":"https://github.com/apps/mergify-sileht","followers_url":"https://api.github.com/users/mergify-sileht%5Bbot%5D/followers","following_url":"https://api.github.com/users/mergify-sileht%5Bbot%5D/following{/other_user}","gists_url":"https://api.github.com/users/mergify-sileht%5Bbot%5D/gists{/gist_id}","starred_url":"https://api.github.com/users/mergify-sileht%5Bbot%5D/starred{/owner}{/repo}","subscriptions_url":"https://api.github.com/users/mergify-sileht%5Bbot%5D/subscriptions","organizations_url":"https://api.github.com/users/mergify-sileht%5Bbot%5D/orgs","repos_url":"https://api.github.com/users/mergify-sileht%5Bbot%5D/repos","events_url":"https://api.github.com/users/mergify-sileht%5Bbot%5D/events{/privacy}","received_events_url":"https://api.github.com/users/mergify-sileht%5Bbot%5D/received_events","type":"Bot","site_admin":false},"body":"test_invalid_configuration_in_pull_request:
      pull request n1 from integration","created_at":"2022-09-24T14:25:50Z","updated_at":"2022-09-24T14:25:50Z","closed_at":null,"merged_at":null,"merge_commit_sha":null,"assignee":null,"assignees":[],"requested_reviewers":[],"requested_teams":[],"labels":[],"milestone":null,"draft":false,"commits_url":"https://api.github.com/repos/mergifyio-testing/functional-testing-repo-sileht/pulls/16660/commits","review_comments_url":"https://api.github.com/repos/mergifyio-testing/functional-testing-repo-sileht/pulls/16660/comments","review_comment_url":"https://api.github.com/repos/mergifyio-testing/functional-testing-repo-sileht/pulls/comments{/number}","comments_url":"https://api.github.com/repos/mergifyio-testing/functional-testing-repo-sileht/issues/16660/comments","statuses_url":"https://api.github.com/repos/mergifyio-testing/functional-testing-repo-sileht/statuses/3d5f134017b33c73a99ce63322da230dd6587d5d","head":{"label":"mergifyio-testing:20220924142540/test_invalid_configuration_in_pull_request/integration/pr1","ref":"20220924142540/test_invalid_configuration_in_pull_request/integration/pr1","sha":"3d5f134017b33c73a99ce63322da230dd6587d5d","user":{"login":"mergifyio-testing","id":40527191,"node_id":"MDEyOk9yZ2FuaXphdGlvbjQwNTI3MTkx","avatar_url":"https://avatars.githubusercontent.com/u/40527191?v=4","gravatar_id":"","url":"https://api.github.com/users/mergifyio-testing","html_url":"https://github.com/mergifyio-testing","followers_url":"https://api.github.com/users/mergifyio-testing/followers","following_url":"https://api.github.com/users/mergifyio-testing/following{/other_user}","gists_url":"https://api.github.com/users/mergifyio-testing/gists{/gist_id}","starred_url":"https://api.github.com/users/mergifyio-testing/starred{/owner}{/repo}","subscriptions_url":"https://api.github.com/users/mergifyio-testing/subscriptions","organizations_url":"https://api.github.com/users/mergifyio-testing/orgs","repos_url":"https://api.github.com/users/mergifyio-testing/repos","events_url":"https://api.github.com/users/mergifyio-testing/events{/privacy}","received_events_url":"https://api.github.com/users/mergifyio-testing/received_events","type":"Organization","site_admin":false},"repo":{"id":399426199,"node_id":"MDEwOlJlcG9zaXRvcnkzOTk0MjYxOTk=","name":"functional-testing-repo-sileht","full_name":"mergifyio-testing/functional-testing-repo-sileht","private":false,"owner":{"login":"mergifyio-testing","id":40527191,"node_id":"MDEyOk9yZ2FuaXphdGlvbjQwNTI3MTkx","avatar_url":"https://avatars.githubusercontent.com/u/40527191?v=4","gravatar_id":"","url":"https://api.github.com/users/mergifyio-testing","html_url":"https://github.com/mergifyio-testing","followers_url":"https://api.github.com/users/mergifyio-testing/followers","following_url":"https://api.github.com/users/mergifyio-testing/following{/other_user}","gists_url":"https://api.github.com/users/mergifyio-testing/gists{/gist_id}","starred_url":"https://api.github.com/users/mergifyio-testing/starred{/owner}{/repo}","subscriptions_url":"https://api.github.com/users/mergifyio-testing/subscriptions","organizations_url":"https://api.github.com/users/mergifyio-testing/orgs","repos_url":"https://api.github.com/users/mergifyio-testing/repos","events_url":"https://api.github.com/users/mergifyio-testing/events{/privacy}","received_events_url":"https://api.github.com/users/mergifyio-testing/received_events","type":"Organization","site_admin":false},"html_url":"https://github.com/mergifyio-testing/functional-testing-repo-sileht","description":null,"fork":false,"url":"https://api.github.com/repos/mergifyio-testing/functional-testing-repo-sileht","forks_url":"https://api.github.com/repos/mergifyio-testing/functional-testing-repo-sileht/forks","keys_url":"https://api.github.com/repos/mergifyio-testing/functional-testing-repo-sileht/keys{/key_id}","collaborators_url":"https://api.github.com/repos/mergifyio-testing/functional-testing-repo-sileht/collaborators{/collaborator}","teams_url":"https://api.github.com/repos/mergifyio-testing/functional-testing-repo-sileht/teams","hooks_url":"https://api.github.com/repos/mergifyio-testing/functional-testing-repo-sileht/hooks","issue_events_url":"https://api.github.com/repos/mergifyio-testing/functional-testing-repo-sileht/issues/events{/number}","events_url":"https://api.github.com/repos/mergifyio-testing/functional-testing-repo-sileht/events","assignees_url":"https://api.github.com/repos/mergifyio-testing/functional-testing-repo-sileht/assignees{/user}","branches_url":"https://api.github.com/repos/mergifyio-testing/functional-testing-repo-sileht/branches{/branch}","tags_url":"https://api.github.com/repos/mergifyio-testing/functional-testing-repo-sileht/tags","blobs_url":"https://api.github.com/repos/mergifyio-testing/functional-testing-repo-sileht/git/blobs{/sha}","git_tags_url":"https://api.github.com/repos/mergifyio-testing/functional-testing-repo-sileht/git/tags{/sha}","git_refs_url":"https://api.github.com/repos/mergifyio-testing/functional-testing-repo-sileht/git/refs{/sha}","trees_url":"https://api.github.com/repos/mergifyio-testing/functional-testing-repo-sileht/git/trees{/sha}","statuses_url":"https://api.github.com/repos/mergifyio-testing/functional-testing-repo-sileht/statuses/{sha}","languages_url":"https://api.github.com/repos/mergifyio-testing/functional-testing-repo-sileht/languages","stargazers_url":"https://api.github.com/repos/mergifyio-testing/functional-testing-repo-sileht/stargazers","contributors_url":"https://api.github.com/repos/mergifyio-testing/functional-testing-repo-sileht/contributors","subscribers_url":"https://api.github.com/repos/mergifyio-testing/functional-testing-repo-sileht/subscribers","subscription_url":"https://api.github.com/repos/mergifyio-testing/functional-testing-repo-sileht/subscription","commits_url":"https://api.github.com/repos/mergifyio-testing/functional-testing-repo-sileht/commits{/sha}","git_commits_url":"https://api.github.com/repos/mergifyio-testing/functional-testing-repo-sileht/git/commits{/sha}","comments_url":"https://api.github.com/repos/mergifyio-testing/functional-testing-repo-sileht/comments{/number}","issue_comment_url":"https://api.github.com/repos/mergifyio-testing/functional-testing-repo-sileht/issues/comments{/number}","contents_url":"https://api.github.com/repos/mergifyio-testing/functional-testing-repo-sileht/contents/{+path}","compare_url":"https://api.github.com/repos/mergifyio-testing/functional-testing-repo-sileht/compare/{base}...{head}","merges_url":"https://api.github.com/repos/mergifyio-testing/functional-testing-repo-sileht/merges","archive_url":"https://api.github.com/repos/mergifyio-testing/functional-testing-repo-sileht/{archive_format}{/ref}","downloads_url":"https://api.github.com/repos/mergifyio-testing/functional-testing-repo-sileht/downloads","issues_url":"https://api.github.com/repos/mergifyio-testing/functional-testing-repo-sileht/issues{/number}","pulls_url":"https://api.github.com/repos/mergifyio-testing/functional-testing-repo-sileht/pulls{/number}","milestones_url":"https://api.github.com/repos/mergifyio-testing/functional-testing-repo-sileht/milestones{/number}","notifications_url":"https://api.github.com/repos/mergifyio-testing/functional-testing-repo-sileht/notifications{?since,all,participating}","labels_url":"https://api.github.com/repos/mergifyio-testing/functional-testing-repo-sileht/labels{/name}","releases_url":"https://api.github.com/repos/mergifyio-testing/functional-testing-repo-sileht/releases{/id}","deployments_url":"https://api.github.com/repos/mergifyio-testing/functional-testing-repo-sileht/deployments","created_at":"2021-08-24T10:36:34Z","updated_at":"2022-01-10T14:33:17Z","pushed_at":"2022-09-24T14:25:48Z","git_url":"git://github.com/mergifyio-testing/functional-testing-repo-sileht.git","ssh_url":"git@github.com:mergifyio-testing/functional-testing-repo-sileht.git","clone_url":"https://github.com/mergifyio-testing/functional-testing-repo-sileht.git","svn_url":"https://github.com/mergifyio-testing/functional-testing-repo-sileht","homepage":null,"size":28,"stargazers_count":0,"watchers_count":0,"language":null,"has_issues":true,"has_projects":true,"has_downloads":true,"has_wiki":true,"has_pages":false,"forks_count":2,"mirror_url":null,"archived":false,"disabled":false,"open_issues_count":1,"license":null,"allow_forking":true,"is_template":false,"web_commit_signoff_required":false,"topics":[],"visibility":"public","forks":2,"open_issues":1,"watchers":0,"default_branch":"20220924142540/test_invalid_configuration_in_pull_request/main","allow_squash_merge":true,"allow_merge_commit":true,"allow_rebase_merge":true,"allow_auto_merge":false,"delete_branch_on_merge":false,"allow_update_branch":true,"use_squash_pr_title_as_default":false,"squash_merge_commit_message":"COMMIT_MESSAGES","squash_merge_commit_title":"COMMIT_OR_PR_TITLE","merge_commit_message":"PR_TITLE","merge_commit_title":"MERGE_MESSAGE"}},"base":{"label":"mergifyio-testing:20220924142540/test_invalid_configuration_in_pull_request/main","ref":"20220924142540/test_invalid_configuration_in_pull_request/main","sha":"ab1795554af4dba67c01094a0da1d7d5c10206aa","user":{"login":"mergifyio-testing","id":40527191,"node_id":"MDEyOk9yZ2FuaXphdGlvbjQwNTI3MTkx","avatar_url":"https://avatars.githubusercontent.com/u/40527191?v=4","gravatar_id":"","url":"https://api.github.com/users/mergifyio-testing","html_url":"https://github.com/mergifyio-testing","followers_url":"https://api.github.com/users/mergifyio-testing/followers","following_url":"https://api.github.com/users/mergifyio-testing/following{/other_user}","gists_url":"https://api.github.com/users/mergifyio-testing/gists{/gist_id}","starred_url":"https://api.github.com/users/mergifyio-testing/starred{/owner}{/repo}","subscriptions_url":"https://api.github.com/users/mergifyio-testing/subscriptions","organizations_url":"https://api.github.com/users/mergifyio-testing/orgs","repos_url":"https://api.github.com/users/mergifyio-testing/repos","events_url":"https://api.github.com/users/mergifyio-testing/events{/privacy}","received_events_url":"https://api.github.com/users/mergifyio-testing/received_events","type":"Organization","site_admin":false},"repo":{"id":399426199,"node_id":"MDEwOlJlcG9zaXRvcnkzOTk0MjYxOTk=","name":"functional-testing-repo-sileht","full_name":"mergifyio-testing/functional-testing-repo-sileht","private":false,"owner":{"login":"mergifyio-testing","id":40527191,"node_id":"MDEyOk9yZ2FuaXphdGlvbjQwNTI3MTkx","avatar_url":"https://avatars.githubusercontent.com/u/40527191?v=4","gravatar_id":"","url":"https://api.github.com/users/mergifyio-testing","html_url":"https://github.com/mergifyio-testing","followers_url":"https://api.github.com/users/mergifyio-testing/followers","following_url":"https://api.github.com/users/mergifyio-testing/following{/other_user}","gists_url":"https://api.github.com/users/mergifyio-testing/gists{/gist_id}","starred_url":"https://api.github.com/users/mergifyio-testing/starred{/owner}{/repo}","subscriptions_url":"https://api.github.com/users/mergifyio-testing/subscriptions","organizations_url":"https://api.github.com/users/mergifyio-testing/orgs","repos_url":"https://api.github.com/users/mergifyio-testing/repos","events_url":"https://api.github.com/users/mergifyio-testing/events{/privacy}","received_events_url":"https://api.github.com/users/mergifyio-testing/received_events","type":"Organization","site_admin":false},"html_url":"https://github.com/mergifyio-testing/functional-testing-repo-sileht","description":null,"fork":false,"url":"https://api.github.com/repos/mergifyio-testing/functional-testing-repo-sileht","forks_url":"https://api.github.com/repos/mergifyio-testing/functional-testing-repo-sileht/forks","keys_url":"https://api.github.com/repos/mergifyio-testing/functional-testing-repo-sileht/keys{/key_id}","collaborators_url":"https://api.github.com/repos/mergifyio-testing/functional-testing-repo-sileht/collaborators{/collaborator}","teams_url":"https://api.github.com/repos/mergifyio-testing/functional-testing-repo-sileht/teams","hooks_url":"https://api.github.com/repos/mergifyio-testing/functional-testing-repo-sileht/hooks","issue_events_url":"https://api.github.com/repos/mergifyio-testing/functional-testing-repo-sileht/issues/events{/number}","events_url":"https://api.github.com/repos/mergifyio-testing/functional-testing-repo-sileht/events","assignees_url":"https://api.github.com/repos/mergifyio-testing/functional-testing-repo-sileht/assignees{/user}","branches_url":"https://api.github.com/repos/mergifyio-testing/functional-testing-repo-sileht/branches{/branch}","tags_url":"https://api.github.com/repos/mergifyio-testing/functional-testing-repo-sileht/tags","blobs_url":"https://api.github.com/repos/mergifyio-testing/functional-testing-repo-sileht/git/blobs{/sha}","git_tags_url":"https://api.github.com/repos/mergifyio-testing/functional-testing-repo-sileht/git/tags{/sha}","git_refs_url":"https://api.github.com/repos/mergifyio-testing/functional-testing-repo-sileht/git/refs{/sha}","trees_url":"https://api.github.com/repos/mergifyio-testing/functional-testing-repo-sileht/git/trees{/sha}","statuses_url":"https://api.github.com/repos/mergifyio-testing/functional-testing-repo-sileht/statuses/{sha}","languages_url":"https://api.github.com/repos/mergifyio-testing/functional-testing-repo-sileht/languages","stargazers_url":"https://api.github.com/repos/mergifyio-testing/functional-testing-repo-sileht/stargazers","contributors_url":"https://api.github.com/repos/mergifyio-testing/functional-testing-repo-sileht/contributors","subscribers_url":"https://api.github.com/repos/mergifyio-testing/functional-testing-repo-sileht/subscribers","subscription_url":"https://api.github.com/repos/mergifyio-testing/functional-testing-repo-sileht/subscription","commits_url":"https://api.github.com/repos/mergifyio-testing/functional-testing-repo-sileht/commits{/sha}","git_commits_url":"https://api.github.com/repos/mergifyio-testing/functional-testing-repo-sileht/git/commits{/sha}","comments_url":"https://api.github.com/repos/mergifyio-testing/functional-testing-repo-sileht/comments{/number}","issue_comment_url":"https://api.github.com/repos/mergifyio-testing/functional-testing-repo-sileht/issues/comments{/number}","contents_url":"https://api.github.com/repos/mergifyio-testing/functional-testing-repo-sileht/contents/{+path}","compare_url":"https://api.github.com/repos/mergifyio-testing/functional-testing-repo-sileht/compare/{base}...{head}","merges_url":"https://api.github.com/repos/mergifyio-testing/functional-testing-repo-sileht/merges","archive_url":"https://api.github.com/repos/mergifyio-testing/functional-testing-repo-sileht/{archive_format}{/ref}","downloads_url":"https://api.github.com/repos/mergifyio-testing/functional-testing-repo-sileht/downloads","issues_url":"https://api.github.com/repos/mergifyio-testing/functional-testing-repo-sileht/issues{/number}","pulls_url":"https://api.github.com/repos/mergifyio-testing/functional-testing-repo-sileht/pulls{/number}","milestones_url":"https://api.github.com/repos/mergifyio-testing/functional-testing-repo-sileht/milestones{/number}","notifications_url":"https://api.github.com/repos/mergifyio-testing/functional-testing-repo-sileht/notifications{?since,all,participating}","labels_url":"https://api.github.com/repos/mergifyio-testing/functional-testing-repo-sileht/labels{/name}","releases_url":"https://api.github.com/repos/mergifyio-testing/functional-testing-repo-sileht/releases{/id}","deployments_url":"https://api.github.com/repos/mergifyio-testing/functional-testing-repo-sileht/deployments","created_at":"2021-08-24T10:36:34Z","updated_at":"2022-01-10T14:33:17Z","pushed_at":"2022-09-24T14:25:48Z","git_url":"git://github.com/mergifyio-testing/functional-testing-repo-sileht.git","ssh_url":"git@github.com:mergifyio-testing/functional-testing-repo-sileht.git","clone_url":"https://github.com/mergifyio-testing/functional-testing-repo-sileht.git","svn_url":"https://github.com/mergifyio-testing/functional-testing-repo-sileht","homepage":null,"size":28,"stargazers_count":0,"watchers_count":0,"language":null,"has_issues":true,"has_projects":true,"has_downloads":true,"has_wiki":true,"has_pages":false,"forks_count":2,"mirror_url":null,"archived":false,"disabled":false,"open_issues_count":1,"license":null,"allow_forking":true,"is_template":false,"web_commit_signoff_required":false,"topics":[],"visibility":"public","forks":2,"open_issues":1,"watchers":0,"default_branch":"20220924142540/test_invalid_configuration_in_pull_request/main","allow_squash_merge":true,"allow_merge_commit":true,"allow_rebase_merge":true,"allow_auto_merge":false,"delete_branch_on_merge":false,"allow_update_branch":true,"use_squash_pr_title_as_default":false,"squash_merge_commit_message":"COMMIT_MESSAGES","squash_merge_commit_title":"COMMIT_OR_PR_TITLE","merge_commit_message":"PR_TITLE","merge_commit_title":"MERGE_MESSAGE"}},"_links":{"self":{"href":"https://api.github.com/repos/mergifyio-testing/functional-testing-repo-sileht/pulls/16660"},"html":{"href":"https://github.com/mergifyio-testing/functional-testing-repo-sileht/pull/16660"},"issue":{"href":"https://api.github.com/repos/mergifyio-testing/functional-testing-repo-sileht/issues/16660"},"comments":{"href":"https://api.github.com/repos/mergifyio-testing/functional-testing-repo-sileht/issues/16660/comments"},"review_comments":{"href":"https://api.github.com/repos/mergifyio-testing/functional-testing-repo-sileht/pulls/16660/comments"},"review_comment":{"href":"https://api.github.com/repos/mergifyio-testing/functional-testing-repo-sileht/pulls/comments{/number}"},"commits":{"href":"https://api.github.com/repos/mergifyio-testing/functional-testing-repo-sileht/pulls/16660/commits"},"statuses":{"href":"https://api.github.com/repos/mergifyio-testing/functional-testing-repo-sileht/statuses/3d5f134017b33c73a99ce63322da230dd6587d5d"}},"author_association":"CONTRIBUTOR","auto_merge":null,"active_lock_reason":null,"merged":false,"mergeable":null,"rebaseable":null,"mergeable_state":"unknown","merged_by":null,"comments":0,"review_comments":0,"maintainer_can_modify":false,"commits":1,"additions":1,"deletions":7,"changed_files":1},"repository":{"id":399426199,"node_id":"MDEwOlJlcG9zaXRvcnkzOTk0MjYxOTk=","name":"functional-testing-repo-sileht","full_name":"mergifyio-testing/functional-testing-repo-sileht","private":false,"owner":{"login":"mergifyio-testing","id":40527191,"node_id":"MDEyOk9yZ2FuaXphdGlvbjQwNTI3MTkx","avatar_url":"https://avatars.githubusercontent.com/u/40527191?v=4","gravatar_id":"","url":"https://api.github.com/users/mergifyio-testing","html_url":"https://github.com/mergifyio-testing","followers_url":"https://api.github.com/users/mergifyio-testing/followers","following_url":"https://api.github.com/users/mergifyio-testing/following{/other_user}","gists_url":"https://api.github.com/users/mergifyio-testing/gists{/gist_id}","starred_url":"https://api.github.com/users/mergifyio-testing/starred{/owner}{/repo}","subscriptions_url":"https://api.github.com/users/mergifyio-testing/subscriptions","organizations_url":"https://api.github.com/users/mergifyio-testing/orgs","repos_url":"https://api.github.com/users/mergifyio-testing/repos","events_url":"https://api.github.com/users/mergifyio-testing/events{/privacy}","received_events_url":"https://api.github.com/users/mergifyio-testing/received_events","type":"Organization","site_admin":false},"html_url":"https://github.com/mergifyio-testing/functional-testing-repo-sileht","description":null,"fork":false,"url":"https://api.github.com/repos/mergifyio-testing/functional-testing-repo-sileht","forks_url":"https://api.github.com/repos/mergifyio-testing/functional-testing-repo-sileht/forks","keys_url":"https://api.github.com/repos/mergifyio-testing/functional-testing-repo-sileht/keys{/key_id}","collaborators_url":"https://api.github.com/repos/mergifyio-testing/functional-testing-repo-sileht/collaborators{/collaborator}","teams_url":"https://api.github.com/repos/mergifyio-testing/functional-testing-repo-sileht/teams","hooks_url":"https://api.github.com/repos/mergifyio-testing/functional-testing-repo-sileht/hooks","issue_events_url":"https://api.github.com/repos/mergifyio-testing/functional-testing-repo-sileht/issues/events{/number}","events_url":"https://api.github.com/repos/mergifyio-testing/functional-testing-repo-sileht/events","assignees_url":"https://api.github.com/repos/mergifyio-testing/functional-testing-repo-sileht/assignees{/user}","branches_url":"https://api.github.com/repos/mergifyio-testing/functional-testing-repo-sileht/branches{/branch}","tags_url":"https://api.github.com/repos/mergifyio-testing/functional-testing-repo-sileht/tags","blobs_url":"https://api.github.com/repos/mergifyio-testing/functional-testing-repo-sileht/git/blobs{/sha}","git_tags_url":"https://api.github.com/repos/mergifyio-testing/functional-testing-repo-sileht/git/tags{/sha}","git_refs_url":"https://api.github.com/repos/mergifyio-testing/functional-testing-repo-sileht/git/refs{/sha}","trees_url":"https://api.github.com/repos/mergifyio-testing/functional-testing-repo-sileht/git/trees{/sha}","statuses_url":"https://api.github.com/repos/mergifyio-testing/functional-testing-repo-sileht/statuses/{sha}","languages_url":"https://api.github.com/repos/mergifyio-testing/functional-testing-repo-sileht/languages","stargazers_url":"https://api.github.com/repos/mergifyio-testing/functional-testing-repo-sileht/stargazers","contributors_url":"https://api.github.com/repos/mergifyio-testing/functional-testing-repo-sileht/contributors","subscribers_url":"https://api.github.com/repos/mergifyio-testing/functional-testing-repo-sileht/subscribers","subscription_url":"https://api.github.com/repos/mergifyio-testing/functional-testing-repo-sileht/subscription","commits_url":"https://api.github.com/repos/mergifyio-testing/functional-testing-repo-sileht/commits{/sha}","git_commits_url":"https://api.github.com/repos/mergifyio-testing/functional-testing-repo-sileht/git/commits{/sha}","comments_url":"https://api.github.com/repos/mergifyio-testing/functional-testing-repo-sileht/comments{/number}","issue_comment_url":"https://api.github.com/repos/mergifyio-testing/functional-testing-repo-sileht/issues/comments{/number}","contents_url":"https://api.github.com/repos/mergifyio-testing/functional-testing-repo-sileht/contents/{+path}","compare_url":"https://api.github.com/repos/mergifyio-testing/functional-testing-repo-sileht/compare/{base}...{head}","merges_url":"https://api.github.com/repos/mergifyio-testing/functional-testing-repo-sileht/merges","archive_url":"https://api.github.com/repos/mergifyio-testing/functional-testing-repo-sileht/{archive_format}{/ref}","downloads_url":"https://api.github.com/repos/mergifyio-testing/functional-testing-repo-sileht/downloads","issues_url":"https://api.github.com/repos/mergifyio-testing/functional-testing-repo-sileht/issues{/number}","pulls_url":"https://api.github.com/repos/mergifyio-testing/functional-testing-repo-sileht/pulls{/number}","milestones_url":"https://api.github.com/repos/mergifyio-testing/functional-testing-repo-sileht/milestones{/number}","notifications_url":"https://api.github.com/repos/mergifyio-testing/functional-testing-repo-sileht/notifications{?since,all,participating}","labels_url":"https://api.github.com/repos/mergifyio-testing/functional-testing-repo-sileht/labels{/name}","releases_url":"https://api.github.com/repos/mergifyio-testing/functional-testing-repo-sileht/releases{/id}","deployments_url":"https://api.github.com/repos/mergifyio-testing/functional-testing-repo-sileht/deployments","created_at":"2021-08-24T10:36:34Z","updated_at":"2022-01-10T14:33:17Z","pushed_at":"2022-09-24T14:25:48Z","git_url":"git://github.com/mergifyio-testing/functional-testing-repo-sileht.git","ssh_url":"git@github.com:mergifyio-testing/functional-testing-repo-sileht.git","clone_url":"https://github.com/mergifyio-testing/functional-testing-repo-sileht.git","svn_url":"https://github.com/mergifyio-testing/functional-testing-repo-sileht","homepage":null,"size":28,"stargazers_count":0,"watchers_count":0,"language":null,"has_issues":true,"has_projects":true,"has_downloads":true,"has_wiki":true,"has_pages":false,"forks_count":2,"mirror_url":null,"archived":false,"disabled":false,"open_issues_count":1,"license":null,"allow_forking":true,"is_template":false,"web_commit_signoff_required":false,"topics":[],"visibility":"public","forks":2,"open_issues":1,"watchers":0,"default_branch":"20220924142540/test_invalid_configuration_in_pull_request/main"},"organization":{"login":"mergifyio-testing","id":40527191,"node_id":"MDEyOk9yZ2FuaXphdGlvbjQwNTI3MTkx","url":"https://api.github.com/orgs/mergifyio-testing","repos_url":"https://api.github.com/orgs/mergifyio-testing/repos","events_url":"https://api.github.com/orgs/mergifyio-testing/events","hooks_url":"https://api.github.com/orgs/mergifyio-testing/hooks","issues_url":"https://api.github.com/orgs/mergifyio-testing/issues","members_url":"https://api.github.com/orgs/mergifyio-testing/members{/member}","public_members_url":"https://api.github.com/orgs/mergifyio-testing/public_members{/member}","avatar_url":"https://avatars.githubusercontent.com/u/40527191?v=4","description":"This
      account is for testing purpose of the workflow of the GitHub App @Mergifyio"},"sender":{"login":"mergify-sileht[bot]","id":108276933,"node_id":"BOT_kgDOBnQsxQ","avatar_url":"https://avatars.githubusercontent.com/u/40527191?v=4","gravatar_id":"","url":"https://api.github.com/users/mergify-sileht%5Bbot%5D","html_url":"https://github.com/apps/mergify-sileht","followers_url":"https://api.github.com/users/mergify-sileht%5Bbot%5D/followers","following_url":"https://api.github.com/users/mergify-sileht%5Bbot%5D/following{/other_user}","gists_url":"https://api.github.com/users/mergify-sileht%5Bbot%5D/gists{/gist_id}","starred_url":"https://api.github.com/users/mergify-sileht%5Bbot%5D/starred{/owner}{/repo}","subscriptions_url":"https://api.github.com/users/mergify-sileht%5Bbot%5D/subscriptions","organizations_url":"https://api.github.com/users/mergify-sileht%5Bbot%5D/orgs","repos_url":"https://api.github.com/users/mergify-sileht%5Bbot%5D/repos","events_url":"https://api.github.com/users/mergify-sileht%5Bbot%5D/events{/privacy}","received_events_url":"https://api.github.com/users/mergify-sileht%5Bbot%5D/received_events","type":"Bot","site_admin":false},"installation":{"id":26894537,"node_id":"MDIzOkludGVncmF0aW9uSW5zdGFsbGF0aW9uMjY4OTQ1Mzc="}}}]'
    headers:
      Connection:
      - keep-alive
      Content-Length:
      - '28415'
      Content-Type:
      - application/json
    http_version: HTTP/1.1
    status_code: 200
- request:
    body: ''
    headers:
      accept:
      - application/vnd.github.machine-man-preview+json
      host:
      - api.github.com
    method: GET
    uri: https://api.github.com/user/40527191/installation
  response:
    content: '{"id":26894537,"account":{"login":"mergifyio-testing","id":40527191,"node_id":"MDEyOk9yZ2FuaXphdGlvbjQwNTI3MTkx","avatar_url":"https://avatars.githubusercontent.com/u/40527191?v=4","gravatar_id":"","url":"https://api.github.com/users/mergifyio-testing","html_url":"https://github.com/mergifyio-testing","followers_url":"https://api.github.com/users/mergifyio-testing/followers","following_url":"https://api.github.com/users/mergifyio-testing/following{/other_user}","gists_url":"https://api.github.com/users/mergifyio-testing/gists{/gist_id}","starred_url":"https://api.github.com/users/mergifyio-testing/starred{/owner}{/repo}","subscriptions_url":"https://api.github.com/users/mergifyio-testing/subscriptions","organizations_url":"https://api.github.com/users/mergifyio-testing/orgs","repos_url":"https://api.github.com/users/mergifyio-testing/repos","events_url":"https://api.github.com/users/mergifyio-testing/events{/privacy}","received_events_url":"https://api.github.com/users/mergifyio-testing/received_events","type":"Organization","site_admin":false},"repository_selection":"selected","access_tokens_url":"https://api.github.com/app/installations/26894537/access_tokens","repositories_url":"https://api.github.com/installation/repositories","html_url":"https://github.com/organizations/mergifyio-testing/settings/installations/26894537","app_id":214863,"app_slug":"mergify-sileht","target_id":40527191,"target_type":"Organization","permissions":{"pages":"write","checks":"write","issues":"write","members":"read","contents":"write","metadata":"read","statuses":"write","workflows":"write","merge_queues":"write","pull_requests":"write","administration":"read"},"events":["check_run","check_suite","issue_comment","member","membership","organization","pull_request","pull_request_review","pull_request_review_comment","pull_request_review_thread","push","repository","status","team","team_add"],"created_at":"2022-06-27T12:22:13.000Z","updated_at":"2022-09-16T16:32:37.000Z","single_file_name":null,"has_multiple_single_files":false,"single_file_paths":[],"suspended_by":null,"suspended_at":null}'
    headers:
      Content-Encoding:
      - gzip
      Content-Type:
      - application/json; charset=utf-8
      Transfer-Encoding:
      - chunked
      X-GitHub-Media-Type:
      - github.v3; param=machine-man-preview; format=json
    http_version: HTTP/1.1
    status_code: 200
- request:
    body: ''
    headers:
      accept:
      - application/vnd.github.machine-man-preview+json
      host:
      - api.github.com
    method: GET
    uri: https://api.github.com/repositories/399426199/pulls?base=20220924142540%2Ftest_invalid_configuration_in_pull_request%2Fintegration%2Fpr1&per_page=100
  response:
    content: '[]'
    headers:
      Content-Length:
      - '2'
      Content-Type:
      - application/json; charset=utf-8
      X-GitHub-Media-Type:
      - github.v3; param=machine-man-preview; format=json
    http_version: HTTP/1.1
    status_code: 200
- request:
    body: ''
    headers:
      accept:
      - application/vnd.github.machine-man-preview+json
      host:
      - api.github.com
    method: GET
    uri: https://api.github.com/repositories/399426199/pulls/16660
  response:
    content: '{"url":"https://api.github.com/repos/mergifyio-testing/functional-testing-repo-sileht/pulls/16660","id":1066066865,"node_id":"PR_kwDOF87Cl84_iuOx","html_url":"https://github.com/mergifyio-testing/functional-testing-repo-sileht/pull/16660","diff_url":"https://github.com/mergifyio-testing/functional-testing-repo-sileht/pull/16660.diff","patch_url":"https://github.com/mergifyio-testing/functional-testing-repo-sileht/pull/16660.patch","issue_url":"https://api.github.com/repos/mergifyio-testing/functional-testing-repo-sileht/issues/16660","number":16660,"state":"open","locked":false,"title":"test_invalid_configuration_in_pull_request:
      pull request n1 from integration","user":{"login":"mergify-sileht[bot]","id":108276933,"node_id":"BOT_kgDOBnQsxQ","avatar_url":"https://avatars.githubusercontent.com/u/40527191?v=4","gravatar_id":"","url":"https://api.github.com/users/mergify-sileht%5Bbot%5D","html_url":"https://github.com/apps/mergify-sileht","followers_url":"https://api.github.com/users/mergify-sileht%5Bbot%5D/followers","following_url":"https://api.github.com/users/mergify-sileht%5Bbot%5D/following{/other_user}","gists_url":"https://api.github.com/users/mergify-sileht%5Bbot%5D/gists{/gist_id}","starred_url":"https://api.github.com/users/mergify-sileht%5Bbot%5D/starred{/owner}{/repo}","subscriptions_url":"https://api.github.com/users/mergify-sileht%5Bbot%5D/subscriptions","organizations_url":"https://api.github.com/users/mergify-sileht%5Bbot%5D/orgs","repos_url":"https://api.github.com/users/mergify-sileht%5Bbot%5D/repos","events_url":"https://api.github.com/users/mergify-sileht%5Bbot%5D/events{/privacy}","received_events_url":"https://api.github.com/users/mergify-sileht%5Bbot%5D/received_events","type":"Bot","site_admin":false},"body":"test_invalid_configuration_in_pull_request:
      pull request n1 from integration","created_at":"2022-09-24T14:25:50Z","updated_at":"2022-09-24T14:25:50Z","closed_at":null,"merged_at":null,"merge_commit_sha":"2253fd525ba1d5f84214436a96b04a39db42401a","assignee":null,"assignees":[],"requested_reviewers":[],"requested_teams":[],"labels":[],"milestone":null,"draft":false,"commits_url":"https://api.github.com/repos/mergifyio-testing/functional-testing-repo-sileht/pulls/16660/commits","review_comments_url":"https://api.github.com/repos/mergifyio-testing/functional-testing-repo-sileht/pulls/16660/comments","review_comment_url":"https://api.github.com/repos/mergifyio-testing/functional-testing-repo-sileht/pulls/comments{/number}","comments_url":"https://api.github.com/repos/mergifyio-testing/functional-testing-repo-sileht/issues/16660/comments","statuses_url":"https://api.github.com/repos/mergifyio-testing/functional-testing-repo-sileht/statuses/3d5f134017b33c73a99ce63322da230dd6587d5d","head":{"label":"mergifyio-testing:20220924142540/test_invalid_configuration_in_pull_request/integration/pr1","ref":"20220924142540/test_invalid_configuration_in_pull_request/integration/pr1","sha":"3d5f134017b33c73a99ce63322da230dd6587d5d","user":{"login":"mergifyio-testing","id":40527191,"node_id":"MDEyOk9yZ2FuaXphdGlvbjQwNTI3MTkx","avatar_url":"https://avatars.githubusercontent.com/u/40527191?v=4","gravatar_id":"","url":"https://api.github.com/users/mergifyio-testing","html_url":"https://github.com/mergifyio-testing","followers_url":"https://api.github.com/users/mergifyio-testing/followers","following_url":"https://api.github.com/users/mergifyio-testing/following{/other_user}","gists_url":"https://api.github.com/users/mergifyio-testing/gists{/gist_id}","starred_url":"https://api.github.com/users/mergifyio-testing/starred{/owner}{/repo}","subscriptions_url":"https://api.github.com/users/mergifyio-testing/subscriptions","organizations_url":"https://api.github.com/users/mergifyio-testing/orgs","repos_url":"https://api.github.com/users/mergifyio-testing/repos","events_url":"https://api.github.com/users/mergifyio-testing/events{/privacy}","received_events_url":"https://api.github.com/users/mergifyio-testing/received_events","type":"Organization","site_admin":false},"repo":{"id":399426199,"node_id":"MDEwOlJlcG9zaXRvcnkzOTk0MjYxOTk=","name":"functional-testing-repo-sileht","full_name":"mergifyio-testing/functional-testing-repo-sileht","private":false,"owner":{"login":"mergifyio-testing","id":40527191,"node_id":"MDEyOk9yZ2FuaXphdGlvbjQwNTI3MTkx","avatar_url":"https://avatars.githubusercontent.com/u/40527191?v=4","gravatar_id":"","url":"https://api.github.com/users/mergifyio-testing","html_url":"https://github.com/mergifyio-testing","followers_url":"https://api.github.com/users/mergifyio-testing/followers","following_url":"https://api.github.com/users/mergifyio-testing/following{/other_user}","gists_url":"https://api.github.com/users/mergifyio-testing/gists{/gist_id}","starred_url":"https://api.github.com/users/mergifyio-testing/starred{/owner}{/repo}","subscriptions_url":"https://api.github.com/users/mergifyio-testing/subscriptions","organizations_url":"https://api.github.com/users/mergifyio-testing/orgs","repos_url":"https://api.github.com/users/mergifyio-testing/repos","events_url":"https://api.github.com/users/mergifyio-testing/events{/privacy}","received_events_url":"https://api.github.com/users/mergifyio-testing/received_events","type":"Organization","site_admin":false},"html_url":"https://github.com/mergifyio-testing/functional-testing-repo-sileht","description":null,"fork":false,"url":"https://api.github.com/repos/mergifyio-testing/functional-testing-repo-sileht","forks_url":"https://api.github.com/repos/mergifyio-testing/functional-testing-repo-sileht/forks","keys_url":"https://api.github.com/repos/mergifyio-testing/functional-testing-repo-sileht/keys{/key_id}","collaborators_url":"https://api.github.com/repos/mergifyio-testing/functional-testing-repo-sileht/collaborators{/collaborator}","teams_url":"https://api.github.com/repos/mergifyio-testing/functional-testing-repo-sileht/teams","hooks_url":"https://api.github.com/repos/mergifyio-testing/functional-testing-repo-sileht/hooks","issue_events_url":"https://api.github.com/repos/mergifyio-testing/functional-testing-repo-sileht/issues/events{/number}","events_url":"https://api.github.com/repos/mergifyio-testing/functional-testing-repo-sileht/events","assignees_url":"https://api.github.com/repos/mergifyio-testing/functional-testing-repo-sileht/assignees{/user}","branches_url":"https://api.github.com/repos/mergifyio-testing/functional-testing-repo-sileht/branches{/branch}","tags_url":"https://api.github.com/repos/mergifyio-testing/functional-testing-repo-sileht/tags","blobs_url":"https://api.github.com/repos/mergifyio-testing/functional-testing-repo-sileht/git/blobs{/sha}","git_tags_url":"https://api.github.com/repos/mergifyio-testing/functional-testing-repo-sileht/git/tags{/sha}","git_refs_url":"https://api.github.com/repos/mergifyio-testing/functional-testing-repo-sileht/git/refs{/sha}","trees_url":"https://api.github.com/repos/mergifyio-testing/functional-testing-repo-sileht/git/trees{/sha}","statuses_url":"https://api.github.com/repos/mergifyio-testing/functional-testing-repo-sileht/statuses/{sha}","languages_url":"https://api.github.com/repos/mergifyio-testing/functional-testing-repo-sileht/languages","stargazers_url":"https://api.github.com/repos/mergifyio-testing/functional-testing-repo-sileht/stargazers","contributors_url":"https://api.github.com/repos/mergifyio-testing/functional-testing-repo-sileht/contributors","subscribers_url":"https://api.github.com/repos/mergifyio-testing/functional-testing-repo-sileht/subscribers","subscription_url":"https://api.github.com/repos/mergifyio-testing/functional-testing-repo-sileht/subscription","commits_url":"https://api.github.com/repos/mergifyio-testing/functional-testing-repo-sileht/commits{/sha}","git_commits_url":"https://api.github.com/repos/mergifyio-testing/functional-testing-repo-sileht/git/commits{/sha}","comments_url":"https://api.github.com/repos/mergifyio-testing/functional-testing-repo-sileht/comments{/number}","issue_comment_url":"https://api.github.com/repos/mergifyio-testing/functional-testing-repo-sileht/issues/comments{/number}","contents_url":"https://api.github.com/repos/mergifyio-testing/functional-testing-repo-sileht/contents/{+path}","compare_url":"https://api.github.com/repos/mergifyio-testing/functional-testing-repo-sileht/compare/{base}...{head}","merges_url":"https://api.github.com/repos/mergifyio-testing/functional-testing-repo-sileht/merges","archive_url":"https://api.github.com/repos/mergifyio-testing/functional-testing-repo-sileht/{archive_format}{/ref}","downloads_url":"https://api.github.com/repos/mergifyio-testing/functional-testing-repo-sileht/downloads","issues_url":"https://api.github.com/repos/mergifyio-testing/functional-testing-repo-sileht/issues{/number}","pulls_url":"https://api.github.com/repos/mergifyio-testing/functional-testing-repo-sileht/pulls{/number}","milestones_url":"https://api.github.com/repos/mergifyio-testing/functional-testing-repo-sileht/milestones{/number}","notifications_url":"https://api.github.com/repos/mergifyio-testing/functional-testing-repo-sileht/notifications{?since,all,participating}","labels_url":"https://api.github.com/repos/mergifyio-testing/functional-testing-repo-sileht/labels{/name}","releases_url":"https://api.github.com/repos/mergifyio-testing/functional-testing-repo-sileht/releases{/id}","deployments_url":"https://api.github.com/repos/mergifyio-testing/functional-testing-repo-sileht/deployments","created_at":"2021-08-24T10:36:34Z","updated_at":"2022-01-10T14:33:17Z","pushed_at":"2022-09-24T14:25:50Z","git_url":"git://github.com/mergifyio-testing/functional-testing-repo-sileht.git","ssh_url":"git@github.com:mergifyio-testing/functional-testing-repo-sileht.git","clone_url":"https://github.com/mergifyio-testing/functional-testing-repo-sileht.git","svn_url":"https://github.com/mergifyio-testing/functional-testing-repo-sileht","homepage":null,"size":28,"stargazers_count":0,"watchers_count":0,"language":null,"has_issues":true,"has_projects":true,"has_downloads":true,"has_wiki":true,"has_pages":false,"forks_count":2,"mirror_url":null,"archived":false,"disabled":false,"open_issues_count":1,"license":null,"allow_forking":true,"is_template":false,"web_commit_signoff_required":false,"topics":[],"visibility":"public","forks":2,"open_issues":1,"watchers":0,"default_branch":"20220924142540/test_invalid_configuration_in_pull_request/main"}},"base":{"label":"mergifyio-testing:20220924142540/test_invalid_configuration_in_pull_request/main","ref":"20220924142540/test_invalid_configuration_in_pull_request/main","sha":"ab1795554af4dba67c01094a0da1d7d5c10206aa","user":{"login":"mergifyio-testing","id":40527191,"node_id":"MDEyOk9yZ2FuaXphdGlvbjQwNTI3MTkx","avatar_url":"https://avatars.githubusercontent.com/u/40527191?v=4","gravatar_id":"","url":"https://api.github.com/users/mergifyio-testing","html_url":"https://github.com/mergifyio-testing","followers_url":"https://api.github.com/users/mergifyio-testing/followers","following_url":"https://api.github.com/users/mergifyio-testing/following{/other_user}","gists_url":"https://api.github.com/users/mergifyio-testing/gists{/gist_id}","starred_url":"https://api.github.com/users/mergifyio-testing/starred{/owner}{/repo}","subscriptions_url":"https://api.github.com/users/mergifyio-testing/subscriptions","organizations_url":"https://api.github.com/users/mergifyio-testing/orgs","repos_url":"https://api.github.com/users/mergifyio-testing/repos","events_url":"https://api.github.com/users/mergifyio-testing/events{/privacy}","received_events_url":"https://api.github.com/users/mergifyio-testing/received_events","type":"Organization","site_admin":false},"repo":{"id":399426199,"node_id":"MDEwOlJlcG9zaXRvcnkzOTk0MjYxOTk=","name":"functional-testing-repo-sileht","full_name":"mergifyio-testing/functional-testing-repo-sileht","private":false,"owner":{"login":"mergifyio-testing","id":40527191,"node_id":"MDEyOk9yZ2FuaXphdGlvbjQwNTI3MTkx","avatar_url":"https://avatars.githubusercontent.com/u/40527191?v=4","gravatar_id":"","url":"https://api.github.com/users/mergifyio-testing","html_url":"https://github.com/mergifyio-testing","followers_url":"https://api.github.com/users/mergifyio-testing/followers","following_url":"https://api.github.com/users/mergifyio-testing/following{/other_user}","gists_url":"https://api.github.com/users/mergifyio-testing/gists{/gist_id}","starred_url":"https://api.github.com/users/mergifyio-testing/starred{/owner}{/repo}","subscriptions_url":"https://api.github.com/users/mergifyio-testing/subscriptions","organizations_url":"https://api.github.com/users/mergifyio-testing/orgs","repos_url":"https://api.github.com/users/mergifyio-testing/repos","events_url":"https://api.github.com/users/mergifyio-testing/events{/privacy}","received_events_url":"https://api.github.com/users/mergifyio-testing/received_events","type":"Organization","site_admin":false},"html_url":"https://github.com/mergifyio-testing/functional-testing-repo-sileht","description":null,"fork":false,"url":"https://api.github.com/repos/mergifyio-testing/functional-testing-repo-sileht","forks_url":"https://api.github.com/repos/mergifyio-testing/functional-testing-repo-sileht/forks","keys_url":"https://api.github.com/repos/mergifyio-testing/functional-testing-repo-sileht/keys{/key_id}","collaborators_url":"https://api.github.com/repos/mergifyio-testing/functional-testing-repo-sileht/collaborators{/collaborator}","teams_url":"https://api.github.com/repos/mergifyio-testing/functional-testing-repo-sileht/teams","hooks_url":"https://api.github.com/repos/mergifyio-testing/functional-testing-repo-sileht/hooks","issue_events_url":"https://api.github.com/repos/mergifyio-testing/functional-testing-repo-sileht/issues/events{/number}","events_url":"https://api.github.com/repos/mergifyio-testing/functional-testing-repo-sileht/events","assignees_url":"https://api.github.com/repos/mergifyio-testing/functional-testing-repo-sileht/assignees{/user}","branches_url":"https://api.github.com/repos/mergifyio-testing/functional-testing-repo-sileht/branches{/branch}","tags_url":"https://api.github.com/repos/mergifyio-testing/functional-testing-repo-sileht/tags","blobs_url":"https://api.github.com/repos/mergifyio-testing/functional-testing-repo-sileht/git/blobs{/sha}","git_tags_url":"https://api.github.com/repos/mergifyio-testing/functional-testing-repo-sileht/git/tags{/sha}","git_refs_url":"https://api.github.com/repos/mergifyio-testing/functional-testing-repo-sileht/git/refs{/sha}","trees_url":"https://api.github.com/repos/mergifyio-testing/functional-testing-repo-sileht/git/trees{/sha}","statuses_url":"https://api.github.com/repos/mergifyio-testing/functional-testing-repo-sileht/statuses/{sha}","languages_url":"https://api.github.com/repos/mergifyio-testing/functional-testing-repo-sileht/languages","stargazers_url":"https://api.github.com/repos/mergifyio-testing/functional-testing-repo-sileht/stargazers","contributors_url":"https://api.github.com/repos/mergifyio-testing/functional-testing-repo-sileht/contributors","subscribers_url":"https://api.github.com/repos/mergifyio-testing/functional-testing-repo-sileht/subscribers","subscription_url":"https://api.github.com/repos/mergifyio-testing/functional-testing-repo-sileht/subscription","commits_url":"https://api.github.com/repos/mergifyio-testing/functional-testing-repo-sileht/commits{/sha}","git_commits_url":"https://api.github.com/repos/mergifyio-testing/functional-testing-repo-sileht/git/commits{/sha}","comments_url":"https://api.github.com/repos/mergifyio-testing/functional-testing-repo-sileht/comments{/number}","issue_comment_url":"https://api.github.com/repos/mergifyio-testing/functional-testing-repo-sileht/issues/comments{/number}","contents_url":"https://api.github.com/repos/mergifyio-testing/functional-testing-repo-sileht/contents/{+path}","compare_url":"https://api.github.com/repos/mergifyio-testing/functional-testing-repo-sileht/compare/{base}...{head}","merges_url":"https://api.github.com/repos/mergifyio-testing/functional-testing-repo-sileht/merges","archive_url":"https://api.github.com/repos/mergifyio-testing/functional-testing-repo-sileht/{archive_format}{/ref}","downloads_url":"https://api.github.com/repos/mergifyio-testing/functional-testing-repo-sileht/downloads","issues_url":"https://api.github.com/repos/mergifyio-testing/functional-testing-repo-sileht/issues{/number}","pulls_url":"https://api.github.com/repos/mergifyio-testing/functional-testing-repo-sileht/pulls{/number}","milestones_url":"https://api.github.com/repos/mergifyio-testing/functional-testing-repo-sileht/milestones{/number}","notifications_url":"https://api.github.com/repos/mergifyio-testing/functional-testing-repo-sileht/notifications{?since,all,participating}","labels_url":"https://api.github.com/repos/mergifyio-testing/functional-testing-repo-sileht/labels{/name}","releases_url":"https://api.github.com/repos/mergifyio-testing/functional-testing-repo-sileht/releases{/id}","deployments_url":"https://api.github.com/repos/mergifyio-testing/functional-testing-repo-sileht/deployments","created_at":"2021-08-24T10:36:34Z","updated_at":"2022-01-10T14:33:17Z","pushed_at":"2022-09-24T14:25:50Z","git_url":"git://github.com/mergifyio-testing/functional-testing-repo-sileht.git","ssh_url":"git@github.com:mergifyio-testing/functional-testing-repo-sileht.git","clone_url":"https://github.com/mergifyio-testing/functional-testing-repo-sileht.git","svn_url":"https://github.com/mergifyio-testing/functional-testing-repo-sileht","homepage":null,"size":28,"stargazers_count":0,"watchers_count":0,"language":null,"has_issues":true,"has_projects":true,"has_downloads":true,"has_wiki":true,"has_pages":false,"forks_count":2,"mirror_url":null,"archived":false,"disabled":false,"open_issues_count":1,"license":null,"allow_forking":true,"is_template":false,"web_commit_signoff_required":false,"topics":[],"visibility":"public","forks":2,"open_issues":1,"watchers":0,"default_branch":"20220924142540/test_invalid_configuration_in_pull_request/main"}},"_links":{"self":{"href":"https://api.github.com/repos/mergifyio-testing/functional-testing-repo-sileht/pulls/16660"},"html":{"href":"https://github.com/mergifyio-testing/functional-testing-repo-sileht/pull/16660"},"issue":{"href":"https://api.github.com/repos/mergifyio-testing/functional-testing-repo-sileht/issues/16660"},"comments":{"href":"https://api.github.com/repos/mergifyio-testing/functional-testing-repo-sileht/issues/16660/comments"},"review_comments":{"href":"https://api.github.com/repos/mergifyio-testing/functional-testing-repo-sileht/pulls/16660/comments"},"review_comment":{"href":"https://api.github.com/repos/mergifyio-testing/functional-testing-repo-sileht/pulls/comments{/number}"},"commits":{"href":"https://api.github.com/repos/mergifyio-testing/functional-testing-repo-sileht/pulls/16660/commits"},"statuses":{"href":"https://api.github.com/repos/mergifyio-testing/functional-testing-repo-sileht/statuses/3d5f134017b33c73a99ce63322da230dd6587d5d"}},"author_association":"CONTRIBUTOR","auto_merge":null,"active_lock_reason":null,"merged":false,"mergeable":true,"rebaseable":true,"mergeable_state":"clean","merged_by":null,"comments":0,"review_comments":0,"maintainer_can_modify":false,"commits":1,"additions":1,"deletions":7,"changed_files":1}'
    headers:
      Content-Encoding:
      - gzip
      Content-Type:
      - application/json; charset=utf-8
      Transfer-Encoding:
      - chunked
      X-GitHub-Media-Type:
      - github.v3; param=machine-man-preview; format=json
    http_version: HTTP/1.1
    status_code: 200
- request:
    body: ''
    headers:
      accept:
      - application/vnd.github.machine-man-preview+json
      host:
      - api.github.com
    method: GET
    uri: https://api.github.com/repos/mergifyio-testing/functional-testing-repo-sileht/contents/.mergify.yml
  response:
    content: '{"name":".mergify.yml","path":".mergify.yml","sha":"2de0a160e23b6d1f3c109064d1582978e6c69e22","size":108,"url":"https://api.github.com/repos/mergifyio-testing/functional-testing-repo-sileht/contents/.mergify.yml?ref=20220924142540/test_invalid_configuration_in_pull_request/main","html_url":"https://github.com/mergifyio-testing/functional-testing-repo-sileht/blob/20220924142540/test_invalid_configuration_in_pull_request/main/.mergify.yml","git_url":"https://api.github.com/repos/mergifyio-testing/functional-testing-repo-sileht/git/blobs/2de0a160e23b6d1f3c109064d1582978e6c69e22","download_url":"https://raw.githubusercontent.com/mergifyio-testing/functional-testing-repo-sileht/20220924142540/test_invalid_configuration_in_pull_request/main/.mergify.yml","type":"file","content":"cHVsbF9yZXF1ZXN0X3J1bGVzOgotIGFjdGlvbnM6CiAgICBjb21tZW50Ogog\nICAgICBtZXNzYWdlOiBoZWxsbwogIGNvbmRpdGlvbnM6CiAgLSBiYXNlPW1h\naW4KICBuYW1lOiBmb29iYXIK\n","encoding":"base64","_links":{"self":"https://api.github.com/repos/mergifyio-testing/functional-testing-repo-sileht/contents/.mergify.yml?ref=20220924142540/test_invalid_configuration_in_pull_request/main","git":"https://api.github.com/repos/mergifyio-testing/functional-testing-repo-sileht/git/blobs/2de0a160e23b6d1f3c109064d1582978e6c69e22","html":"https://github.com/mergifyio-testing/functional-testing-repo-sileht/blob/20220924142540/test_invalid_configuration_in_pull_request/main/.mergify.yml"}}'
    headers:
      Content-Encoding:
      - gzip
      Content-Type:
      - application/json; charset=utf-8
      Transfer-Encoding:
      - chunked
      X-GitHub-Media-Type:
      - github.v3; param=machine-man-preview; format=json
    http_version: HTTP/1.1
    status_code: 200
- request:
    body: ''
    headers:
      accept:
      - application/vnd.github.antiope-preview+json
      host:
      - api.github.com
    method: GET
    uri: https://api.github.com/repos/mergifyio-testing/functional-testing-repo-sileht/commits/3d5f134017b33c73a99ce63322da230dd6587d5d/check-runs?per_page=100
  response:
    content: '{"total_count":0,"check_runs":[]}'
    headers:
      Content-Encoding:
      - gzip
      Content-Type:
      - application/json; charset=utf-8
      Transfer-Encoding:
      - chunked
      X-GitHub-Media-Type:
      - github.v3; param=antiope-preview; format=json
    http_version: HTTP/1.1
    status_code: 200
- request:
    body: ''
    headers:
      accept:
      - application/vnd.github.machine-man-preview+json
      host:
      - api.github.com
    method: GET
    uri: https://api.github.com/repos/mergifyio-testing/functional-testing-repo-sileht/contents/.mergify.yml?ref=2253fd525ba1d5f84214436a96b04a39db42401a
  response:
    content: '{"name":".mergify.yml","path":".mergify.yml","sha":"bec6f916a71f27035adaa0d208edbdc57a208d69","size":9,"url":"https://api.github.com/repos/mergifyio-testing/functional-testing-repo-sileht/contents/.mergify.yml?ref=2253fd525ba1d5f84214436a96b04a39db42401a","html_url":"https://github.com/mergifyio-testing/functional-testing-repo-sileht/blob/2253fd525ba1d5f84214436a96b04a39db42401a/.mergify.yml","git_url":"https://api.github.com/repos/mergifyio-testing/functional-testing-repo-sileht/git/blobs/bec6f916a71f27035adaa0d208edbdc57a208d69","download_url":"https://raw.githubusercontent.com/mergifyio-testing/functional-testing-repo-sileht/2253fd525ba1d5f84214436a96b04a39db42401a/.mergify.yml","type":"file","content":"bm90IHZhbGlk\n","encoding":"base64","_links":{"self":"https://api.github.com/repos/mergifyio-testing/functional-testing-repo-sileht/contents/.mergify.yml?ref=2253fd525ba1d5f84214436a96b04a39db42401a","git":"https://api.github.com/repos/mergifyio-testing/functional-testing-repo-sileht/git/blobs/bec6f916a71f27035adaa0d208edbdc57a208d69","html":"https://github.com/mergifyio-testing/functional-testing-repo-sileht/blob/2253fd525ba1d5f84214436a96b04a39db42401a/.mergify.yml"}}'
    headers:
      Content-Encoding:
      - gzip
      Content-Type:
      - application/json; charset=utf-8
      Transfer-Encoding:
      - chunked
      X-GitHub-Media-Type:
      - github.v3; param=machine-man-preview; format=json
    http_version: HTTP/1.1
    status_code: 200
- request:
    body: ''
    headers:
      accept:
      - application/vnd.github.machine-man-preview+json
      host:
      - api.github.com
    method: GET
    uri: https://api.github.com/repos/mergifyio-testing/functional-testing-repo-sileht/contents/.mergify/config.yml?ref=2253fd525ba1d5f84214436a96b04a39db42401a
  response:
    content: '{"message":"Not Found","documentation_url":"https://docs.github.com/rest/reference/repos#get-repository-content"}'
    headers:
      Content-Encoding:
      - gzip
      Content-Type:
      - application/json; charset=utf-8
      Transfer-Encoding:
      - chunked
      X-GitHub-Media-Type:
      - github.v3; param=machine-man-preview; format=json
    http_version: HTTP/1.1
    status_code: 404
- request:
    body: ''
    headers:
      accept:
      - application/vnd.github.machine-man-preview+json
      host:
      - api.github.com
    method: GET
    uri: https://api.github.com/repos/mergifyio-testing/functional-testing-repo-sileht/contents/.github/mergify.yml?ref=2253fd525ba1d5f84214436a96b04a39db42401a
  response:
    content: '{"message":"Not Found","documentation_url":"https://docs.github.com/rest/reference/repos#get-repository-content"}'
    headers:
      Content-Encoding:
      - gzip
      Content-Type:
      - application/json; charset=utf-8
      Transfer-Encoding:
      - chunked
      X-GitHub-Media-Type:
      - github.v3; param=machine-man-preview; format=json
    http_version: HTTP/1.1
    status_code: 404
- request:
    body: '{"name": "Configuration changed", "head_sha": "3d5f134017b33c73a99ce63322da230dd6587d5d",
      "status": "completed", "started_at": "2022-09-24T14:25:53.527474+00:00", "details_url":
      "https://github.com/mergifyio-testing/functional-testing-repo-sileht/pull/16660/checks",
      "output": {"title": "The new Mergify configuration is invalid", "summary": "expected
      a dictionary", "annotations": []}, "conclusion": "failure", "completed_at":
      "2022-09-24T14:25:53.527532+00:00"}'
    headers:
      accept:
      - application/vnd.github.antiope-preview+json
      content-length:
      - '463'
      content-type:
      - application/json
      host:
      - api.github.com
    method: POST
    uri: https://api.github.com/repos/mergifyio-testing/functional-testing-repo-sileht/check-runs
  response:
    content: '{"id":8529579246,"name":"Configuration changed","node_id":"CR_kwDOF87Cl88AAAAB_GcM7g","head_sha":"3d5f134017b33c73a99ce63322da230dd6587d5d","external_id":"","url":"https://api.github.com/repos/mergifyio-testing/functional-testing-repo-sileht/check-runs/8529579246","html_url":"https://github.com/mergifyio-testing/functional-testing-repo-sileht/runs/8529579246","details_url":"https://github.com/mergifyio-testing/functional-testing-repo-sileht/pull/16660/checks","status":"completed","conclusion":"failure","started_at":"2022-09-24T14:25:53Z","completed_at":"2022-09-24T14:25:53Z","output":{"title":"The
      new Mergify configuration is invalid","summary":"expected a dictionary","text":null,"annotations_count":0,"annotations_url":"https://api.github.com/repos/mergifyio-testing/functional-testing-repo-sileht/check-runs/8529579246/annotations"},"check_suite":{"id":8451370231},"app":{"id":214863,"slug":"mergify-sileht","node_id":"A_kwHOAmplV84AA0dP","owner":{"login":"mergifyio-testing","id":40527191,"node_id":"MDEyOk9yZ2FuaXphdGlvbjQwNTI3MTkx","avatar_url":"https://avatars.githubusercontent.com/u/40527191?v=4","gravatar_id":"","url":"https://api.github.com/users/mergifyio-testing","html_url":"https://github.com/mergifyio-testing","followers_url":"https://api.github.com/users/mergifyio-testing/followers","following_url":"https://api.github.com/users/mergifyio-testing/following{/other_user}","gists_url":"https://api.github.com/users/mergifyio-testing/gists{/gist_id}","starred_url":"https://api.github.com/users/mergifyio-testing/starred{/owner}{/repo}","subscriptions_url":"https://api.github.com/users/mergifyio-testing/subscriptions","organizations_url":"https://api.github.com/users/mergifyio-testing/orgs","repos_url":"https://api.github.com/users/mergifyio-testing/repos","events_url":"https://api.github.com/users/mergifyio-testing/events{/privacy}","received_events_url":"https://api.github.com/users/mergifyio-testing/received_events","type":"Organization","site_admin":false},"name":"mergify-sileht","description":"Mergify
      testing installation for sileht","external_url":"https://mergify.com/","html_url":"https://github.com/apps/mergify-sileht","created_at":"2022-06-27T12:22:05Z","updated_at":"2022-08-11T08:10:14Z","permissions":{"administration":"read","checks":"write","contents":"write","emails":"read","issues":"write","members":"read","merge_queues":"write","metadata":"read","pages":"write","pull_requests":"write","statuses":"write","workflows":"write"},"events":["check_run","check_suite","issue_comment","member","membership","organization","pull_request","pull_request_review","pull_request_review_comment","pull_request_review_thread","push","repository","status","team","team_add"]},"pull_requests":[{"url":"https://api.github.com/repos/mergifyio-testing/functional-testing-repo-sileht/pulls/16660","id":1066066865,"number":16660,"head":{"ref":"20220924142540/test_invalid_configuration_in_pull_request/integration/pr1","sha":"3d5f134017b33c73a99ce63322da230dd6587d5d","repo":{"id":399426199,"url":"https://api.github.com/repos/mergifyio-testing/functional-testing-repo-sileht","name":"functional-testing-repo-sileht"}},"base":{"ref":"20220924142540/test_invalid_configuration_in_pull_request/main","sha":"ab1795554af4dba67c01094a0da1d7d5c10206aa","repo":{"id":399426199,"url":"https://api.github.com/repos/mergifyio-testing/functional-testing-repo-sileht","name":"functional-testing-repo-sileht"}}}]}'
    headers:
      Content-Length:
      - '3434'
      Content-Type:
      - application/json; charset=utf-8
      Location:
      - https://api.github.com/repos/mergifyio-testing/functional-testing-repo-sileht/check-runs/8529579246
      X-GitHub-Media-Type:
      - github.v3; param=antiope-preview; format=json
    http_version: HTTP/1.1
    status_code: 201
- request:
    body: ''
    headers:
      accept:
      - application/vnd.github.machine-man-preview+json
      host:
      - api.github.com
    method: GET
    uri: https://api.github.com/repos/mergifyio-testing/functional-testing-repo-sileht/issues/16660/comments?per_page=100
  response:
    content: '[]'
    headers:
      Content-Length:
      - '2'
      Content-Type:
      - application/json; charset=utf-8
      X-GitHub-Media-Type:
      - github.v3; param=machine-man-preview; format=json
    http_version: HTTP/1.1
    status_code: 200
- request:
    body: '{"name": "Summary", "head_sha": "3d5f134017b33c73a99ce63322da230dd6587d5d",
      "status": "completed", "started_at": "2022-09-24T14:25:52.018469+00:00", "details_url":
      "https://github.com/mergifyio-testing/functional-testing-repo-sileht/pull/16660/checks",
      "output": {"title": "Configuration changed. This pull request must be merged
      manually \u2014 no rules match, no planned actions", "summary": "<!-- eydSdWxlOiBmb29iYXIgKGNvbW1lbnQpJzogbmV1dHJhbH0K
      -->\n\u26a0\ufe0f The configuration has been changed, *queue* and *merge* actions
      are ignored. \u26a0\ufe0f\n\n<hr />\n<details>\n<summary>1 not applicable rule</summary>\n\n###
      Rule: foobar (comment)\n- [ ] `base=main`\n\n</details>\n\n<details>\n<summary>Mergify
      commands and options</summary>\n\n<br />\n\nMore conditions and actions can
      be found in the [documentation](https://docs.mergify.com/).\n\nYou can also
      trigger Mergify actions by commenting on this pull request:\n\n- `@Mergifyio
      refresh` will re-evaluate the rules\n- `@Mergifyio rebase` will rebase this
      PR on its base branch\n- `@Mergifyio update` will merge the base branch into
      this PR\n- `@Mergifyio backport <destination>` will backport this PR on `<destination>`
      branch\n\nAdditionally, on Mergify [dashboard](https://dashboard.mergify.com/)
      you can:\n\n- look at your merge queues\n- generate the Mergify configuration
      with the config editor.\n\nFinally, you can contact us on https://mergify.com\n</details>\n"},
      "external_id": "16660", "conclusion": "success", "completed_at": "2022-09-24T14:25:54.398198+00:00"}'
    headers:
      accept:
      - application/vnd.github.antiope-preview+json
      content-length:
      - '1536'
      content-type:
      - application/json
      host:
      - api.github.com
    method: POST
    uri: https://api.github.com/repos/mergifyio-testing/functional-testing-repo-sileht/check-runs
  response:
    content: "{\"id\":8529579318,\"name\":\"Summary\",\"node_id\":\"CR_kwDOF87Cl88AAAAB_GcNNg\",\"head_sha\":\"3d5f134017b33c73a99ce63322da230dd6587d5d\",\"external_id\":\"16660\",\"url\":\"https://api.github.com/repos/mergifyio-testing/functional-testing-repo-sileht/check-runs/8529579318\",\"html_url\":\"https://github.com/mergifyio-testing/functional-testing-repo-sileht/runs/8529579318\",\"details_url\":\"https://github.com/mergifyio-testing/functional-testing-repo-sileht/pull/16660/checks\",\"status\":\"completed\",\"conclusion\":\"success\",\"started_at\":\"2022-09-24T14:25:52Z\",\"completed_at\":\"2022-09-24T14:25:54Z\",\"output\":{\"title\":\"Configuration
      changed. This pull request must be merged manually \u2014 no rules match, no
      planned actions\",\"summary\":\"<!-- eydSdWxlOiBmb29iYXIgKGNvbW1lbnQpJzogbmV1dHJhbH0K
      -->\\n\u26A0\uFE0F The configuration has been changed, *queue* and *merge* actions
      are ignored. \u26A0\uFE0F\\n\\n<hr />\\n<details>\\n<summary>1 not applicable
      rule</summary>\\n\\n### Rule: foobar (comment)\\n- [ ] `base=main`\\n\\n</details>\\n\\n<details>\\n<summary>Mergify
      commands and options</summary>\\n\\n<br />\\n\\nMore conditions and actions
      can be found in the [documentation](https://docs.mergify.com/).\\n\\nYou can
      also trigger Mergify actions by commenting on this pull request:\\n\\n- `@Mergifyio
      refresh` will re-evaluate the rules\\n- `@Mergifyio rebase` will rebase this
      PR on its base branch\\n- `@Mergifyio update` will merge the base branch into
      this PR\\n- `@Mergifyio backport <destination>` will backport this PR on `<destination>`
      branch\\n\\nAdditionally, on Mergify [dashboard](https://dashboard.mergify.com/)
      you can:\\n\\n- look at your merge queues\\n- generate the Mergify configuration
      with the config editor.\\n\\nFinally, you can contact us on https://mergify.com\\n</details>\\n\",\"text\":null,\"annotations_count\":0,\"annotations_url\":\"https://api.github.com/repos/mergifyio-testing/functional-testing-repo-sileht/check-runs/8529579318/annotations\"},\"check_suite\":{\"id\":8451370231},\"app\":{\"id\":214863,\"slug\":\"mergify-sileht\",\"node_id\":\"A_kwHOAmplV84AA0dP\",\"owner\":{\"login\":\"mergifyio-testing\",\"id\":40527191,\"node_id\":\"MDEyOk9yZ2FuaXphdGlvbjQwNTI3MTkx\",\"avatar_url\":\"https://avatars.githubusercontent.com/u/40527191?v=4\",\"gravatar_id\":\"\",\"url\":\"https://api.github.com/users/mergifyio-testing\",\"html_url\":\"https://github.com/mergifyio-testing\",\"followers_url\":\"https://api.github.com/users/mergifyio-testing/followers\",\"following_url\":\"https://api.github.com/users/mergifyio-testing/following{/other_user}\",\"gists_url\":\"https://api.github.com/users/mergifyio-testing/gists{/gist_id}\",\"starred_url\":\"https://api.github.com/users/mergifyio-testing/starred{/owner}{/repo}\",\"subscriptions_url\":\"https://api.github.com/users/mergifyio-testing/subscriptions\",\"organizations_url\":\"https://api.github.com/users/mergifyio-testing/orgs\",\"repos_url\":\"https://api.github.com/users/mergifyio-testing/repos\",\"events_url\":\"https://api.github.com/users/mergifyio-testing/events{/privacy}\",\"received_events_url\":\"https://api.github.com/users/mergifyio-testing/received_events\",\"type\":\"Organization\",\"site_admin\":false},\"name\":\"mergify-sileht\",\"description\":\"Mergify
      testing installation for sileht\",\"external_url\":\"https://mergify.com/\",\"html_url\":\"https://github.com/apps/mergify-sileht\",\"created_at\":\"2022-06-27T12:22:05Z\",\"updated_at\":\"2022-08-11T08:10:14Z\",\"permissions\":{\"administration\":\"read\",\"checks\":\"write\",\"contents\":\"write\",\"emails\":\"read\",\"issues\":\"write\",\"members\":\"read\",\"merge_queues\":\"write\",\"metadata\":\"read\",\"pages\":\"write\",\"pull_requests\":\"write\",\"statuses\":\"write\",\"workflows\":\"write\"},\"events\":[\"check_run\",\"check_suite\",\"issue_comment\",\"member\",\"membership\",\"organization\",\"pull_request\",\"pull_request_review\",\"pull_request_review_comment\",\"pull_request_review_thread\",\"push\",\"repository\",\"status\",\"team\",\"team_add\"]},\"pull_requests\":[{\"url\":\"https://api.github.com/repos/mergifyio-testing/functional-testing-repo-sileht/pulls/16660\",\"id\":1066066865,\"number\":16660,\"head\":{\"ref\":\"20220924142540/test_invalid_configuration_in_pull_request/integration/pr1\",\"sha\":\"3d5f134017b33c73a99ce63322da230dd6587d5d\",\"repo\":{\"id\":399426199,\"url\":\"https://api.github.com/repos/mergifyio-testing/functional-testing-repo-sileht\",\"name\":\"functional-testing-repo-sileht\"}},\"base\":{\"ref\":\"20220924142540/test_invalid_configuration_in_pull_request/main\",\"sha\":\"ab1795554af4dba67c01094a0da1d7d5c10206aa\",\"repo\":{\"id\":399426199,\"url\":\"https://api.github.com/repos/mergifyio-testing/functional-testing-repo-sileht\",\"name\":\"functional-testing-repo-sileht\"}}}]}"
    headers:
      Content-Length:
      - '4492'
      Content-Type:
      - application/json; charset=utf-8
      Location:
      - https://api.github.com/repos/mergifyio-testing/functional-testing-repo-sileht/check-runs/8529579318
      X-GitHub-Media-Type:
      - github.v3; param=antiope-preview; format=json
    http_version: HTTP/1.1
    status_code: 201
- request:
    body: ''
    headers:
      accept:
      - application/vnd.github.antiope-preview+json
      host:
      - api.github.com
    method: GET
    uri: https://api.github.com/repos/mergifyio-testing/functional-testing-repo-sileht/commits/3d5f134017b33c73a99ce63322da230dd6587d5d/check-runs?per_page=100
  response:
    content: "{\"total_count\":2,\"check_runs\":[{\"id\":8529579318,\"name\":\"Summary\",\"node_id\":\"CR_kwDOF87Cl88AAAAB_GcNNg\",\"head_sha\":\"3d5f134017b33c73a99ce63322da230dd6587d5d\",\"external_id\":\"16660\",\"url\":\"https://api.github.com/repos/mergifyio-testing/functional-testing-repo-sileht/check-runs/8529579318\",\"html_url\":\"https://github.com/mergifyio-testing/functional-testing-repo-sileht/runs/8529579318\",\"details_url\":\"https://github.com/mergifyio-testing/functional-testing-repo-sileht/pull/16660/checks\",\"status\":\"completed\",\"conclusion\":\"success\",\"started_at\":\"2022-09-24T14:25:52Z\",\"completed_at\":\"2022-09-24T14:25:54Z\",\"output\":{\"title\":\"Configuration
      changed. This pull request must be merged manually \u2014 no rules match, no
      planned actions\",\"summary\":\"<!-- eydSdWxlOiBmb29iYXIgKGNvbW1lbnQpJzogbmV1dHJhbH0K
      -->\\n\u26A0\uFE0F The configuration has been changed, *queue* and *merge* actions
      are ignored. \u26A0\uFE0F\\n\\n<hr />\\n<details>\\n<summary>1 not applicable
      rule</summary>\\n\\n### Rule: foobar (comment)\\n- [ ] `base=main`\\n\\n</details>\\n\\n<details>\\n<summary>Mergify
      commands and options</summary>\\n\\n<br />\\n\\nMore conditions and actions
      can be found in the [documentation](https://docs.mergify.com/).\\n\\nYou can
      also trigger Mergify actions by commenting on this pull request:\\n\\n- `@Mergifyio
      refresh` will re-evaluate the rules\\n- `@Mergifyio rebase` will rebase this
      PR on its base branch\\n- `@Mergifyio update` will merge the base branch into
      this PR\\n- `@Mergifyio backport <destination>` will backport this PR on `<destination>`
      branch\\n\\nAdditionally, on Mergify [dashboard](https://dashboard.mergify.com/)
      you can:\\n\\n- look at your merge queues\\n- generate the Mergify configuration
      with the config editor.\\n\\nFinally, you can contact us on https://mergify.com\\n</details>\\n\",\"text\":null,\"annotations_count\":0,\"annotations_url\":\"https://api.github.com/repos/mergifyio-testing/functional-testing-repo-sileht/check-runs/8529579318/annotations\"},\"check_suite\":{\"id\":8451370231},\"app\":{\"id\":214863,\"slug\":\"mergify-sileht\",\"node_id\":\"A_kwHOAmplV84AA0dP\",\"owner\":{\"login\":\"mergifyio-testing\",\"id\":40527191,\"node_id\":\"MDEyOk9yZ2FuaXphdGlvbjQwNTI3MTkx\",\"avatar_url\":\"https://avatars.githubusercontent.com/u/40527191?v=4\",\"gravatar_id\":\"\",\"url\":\"https://api.github.com/users/mergifyio-testing\",\"html_url\":\"https://github.com/mergifyio-testing\",\"followers_url\":\"https://api.github.com/users/mergifyio-testing/followers\",\"following_url\":\"https://api.github.com/users/mergifyio-testing/following{/other_user}\",\"gists_url\":\"https://api.github.com/users/mergifyio-testing/gists{/gist_id}\",\"starred_url\":\"https://api.github.com/users/mergifyio-testing/starred{/owner}{/repo}\",\"subscriptions_url\":\"https://api.github.com/users/mergifyio-testing/subscriptions\",\"organizations_url\":\"https://api.github.com/users/mergifyio-testing/orgs\",\"repos_url\":\"https://api.github.com/users/mergifyio-testing/repos\",\"events_url\":\"https://api.github.com/users/mergifyio-testing/events{/privacy}\",\"received_events_url\":\"https://api.github.com/users/mergifyio-testing/received_events\",\"type\":\"Organization\",\"site_admin\":false},\"name\":\"mergify-sileht\",\"description\":\"Mergify
      testing installation for sileht\",\"external_url\":\"https://mergify.com/\",\"html_url\":\"https://github.com/apps/mergify-sileht\",\"created_at\":\"2022-06-27T12:22:05Z\",\"updated_at\":\"2022-08-11T08:10:14Z\",\"permissions\":{\"administration\":\"read\",\"checks\":\"write\",\"contents\":\"write\",\"emails\":\"read\",\"issues\":\"write\",\"members\":\"read\",\"merge_queues\":\"write\",\"metadata\":\"read\",\"pages\":\"write\",\"pull_requests\":\"write\",\"statuses\":\"write\",\"workflows\":\"write\"},\"events\":[\"check_run\",\"check_suite\",\"issue_comment\",\"member\",\"membership\",\"organization\",\"pull_request\",\"pull_request_review\",\"pull_request_review_comment\",\"pull_request_review_thread\",\"push\",\"repository\",\"status\",\"team\",\"team_add\"]},\"pull_requests\":[{\"url\":\"https://api.github.com/repos/mergifyio-testing/functional-testing-repo-sileht/pulls/16660\",\"id\":1066066865,\"number\":16660,\"head\":{\"ref\":\"20220924142540/test_invalid_configuration_in_pull_request/integration/pr1\",\"sha\":\"3d5f134017b33c73a99ce63322da230dd6587d5d\",\"repo\":{\"id\":399426199,\"url\":\"https://api.github.com/repos/mergifyio-testing/functional-testing-repo-sileht\",\"name\":\"functional-testing-repo-sileht\"}},\"base\":{\"ref\":\"20220924142540/test_invalid_configuration_in_pull_request/main\",\"sha\":\"ab1795554af4dba67c01094a0da1d7d5c10206aa\",\"repo\":{\"id\":399426199,\"url\":\"https://api.github.com/repos/mergifyio-testing/functional-testing-repo-sileht\",\"name\":\"functional-testing-repo-sileht\"}}}]},{\"id\":8529579246,\"name\":\"Configuration
      changed\",\"node_id\":\"CR_kwDOF87Cl88AAAAB_GcM7g\",\"head_sha\":\"3d5f134017b33c73a99ce63322da230dd6587d5d\",\"external_id\":\"\",\"url\":\"https://api.github.com/repos/mergifyio-testing/functional-testing-repo-sileht/check-runs/8529579246\",\"html_url\":\"https://github.com/mergifyio-testing/functional-testing-repo-sileht/runs/8529579246\",\"details_url\":\"https://github.com/mergifyio-testing/functional-testing-repo-sileht/pull/16660/checks\",\"status\":\"completed\",\"conclusion\":\"failure\",\"started_at\":\"2022-09-24T14:25:53Z\",\"completed_at\":\"2022-09-24T14:25:53Z\",\"output\":{\"title\":\"The
      new Mergify configuration is invalid\",\"summary\":\"expected a dictionary\",\"text\":null,\"annotations_count\":0,\"annotations_url\":\"https://api.github.com/repos/mergifyio-testing/functional-testing-repo-sileht/check-runs/8529579246/annotations\"},\"check_suite\":{\"id\":8451370231},\"app\":{\"id\":214863,\"slug\":\"mergify-sileht\",\"node_id\":\"A_kwHOAmplV84AA0dP\",\"owner\":{\"login\":\"mergifyio-testing\",\"id\":40527191,\"node_id\":\"MDEyOk9yZ2FuaXphdGlvbjQwNTI3MTkx\",\"avatar_url\":\"https://avatars.githubusercontent.com/u/40527191?v=4\",\"gravatar_id\":\"\",\"url\":\"https://api.github.com/users/mergifyio-testing\",\"html_url\":\"https://github.com/mergifyio-testing\",\"followers_url\":\"https://api.github.com/users/mergifyio-testing/followers\",\"following_url\":\"https://api.github.com/users/mergifyio-testing/following{/other_user}\",\"gists_url\":\"https://api.github.com/users/mergifyio-testing/gists{/gist_id}\",\"starred_url\":\"https://api.github.com/users/mergifyio-testing/starred{/owner}{/repo}\",\"subscriptions_url\":\"https://api.github.com/users/mergifyio-testing/subscriptions\",\"organizations_url\":\"https://api.github.com/users/mergifyio-testing/orgs\",\"repos_url\":\"https://api.github.com/users/mergifyio-testing/repos\",\"events_url\":\"https://api.github.com/users/mergifyio-testing/events{/privacy}\",\"received_events_url\":\"https://api.github.com/users/mergifyio-testing/received_events\",\"type\":\"Organization\",\"site_admin\":false},\"name\":\"mergify-sileht\",\"description\":\"Mergify
      testing installation for sileht\",\"external_url\":\"https://mergify.com/\",\"html_url\":\"https://github.com/apps/mergify-sileht\",\"created_at\":\"2022-06-27T12:22:05Z\",\"updated_at\":\"2022-08-11T08:10:14Z\",\"permissions\":{\"administration\":\"read\",\"checks\":\"write\",\"contents\":\"write\",\"emails\":\"read\",\"issues\":\"write\",\"members\":\"read\",\"merge_queues\":\"write\",\"metadata\":\"read\",\"pages\":\"write\",\"pull_requests\":\"write\",\"statuses\":\"write\",\"workflows\":\"write\"},\"events\":[\"check_run\",\"check_suite\",\"issue_comment\",\"member\",\"membership\",\"organization\",\"pull_request\",\"pull_request_review\",\"pull_request_review_comment\",\"pull_request_review_thread\",\"push\",\"repository\",\"status\",\"team\",\"team_add\"]},\"pull_requests\":[{\"url\":\"https://api.github.com/repos/mergifyio-testing/functional-testing-repo-sileht/pulls/16660\",\"id\":1066066865,\"number\":16660,\"head\":{\"ref\":\"20220924142540/test_invalid_configuration_in_pull_request/integration/pr1\",\"sha\":\"3d5f134017b33c73a99ce63322da230dd6587d5d\",\"repo\":{\"id\":399426199,\"url\":\"https://api.github.com/repos/mergifyio-testing/functional-testing-repo-sileht\",\"name\":\"functional-testing-repo-sileht\"}},\"base\":{\"ref\":\"20220924142540/test_invalid_configuration_in_pull_request/main\",\"sha\":\"ab1795554af4dba67c01094a0da1d7d5c10206aa\",\"repo\":{\"id\":399426199,\"url\":\"https://api.github.com/repos/mergifyio-testing/functional-testing-repo-sileht\",\"name\":\"functional-testing-repo-sileht\"}}}]}]}"
    headers:
      Content-Encoding:
      - gzip
      Content-Type:
      - application/json; charset=utf-8
      Transfer-Encoding:
      - chunked
      X-GitHub-Media-Type:
      - github.v3; param=antiope-preview; format=json
    http_version: HTTP/1.1
    status_code: 200
- request:
    body: '{"default_branch": "main"}'
    headers:
      accept:
      - application/vnd.github.machine-man-preview+json
      content-length:
      - '26'
      content-type:
      - application/json
      host:
      - api.github.com
    method: PATCH
    uri: https://api.github.com/repos/mergifyio-testing/functional-testing-repo-sileht
  response:
    content: '{"id":399426199,"node_id":"MDEwOlJlcG9zaXRvcnkzOTk0MjYxOTk=","name":"functional-testing-repo-sileht","full_name":"mergifyio-testing/functional-testing-repo-sileht","private":false,"owner":{"login":"mergifyio-testing","id":40527191,"node_id":"MDEyOk9yZ2FuaXphdGlvbjQwNTI3MTkx","avatar_url":"https://avatars.githubusercontent.com/u/40527191?v=4","gravatar_id":"","url":"https://api.github.com/users/mergifyio-testing","html_url":"https://github.com/mergifyio-testing","followers_url":"https://api.github.com/users/mergifyio-testing/followers","following_url":"https://api.github.com/users/mergifyio-testing/following{/other_user}","gists_url":"https://api.github.com/users/mergifyio-testing/gists{/gist_id}","starred_url":"https://api.github.com/users/mergifyio-testing/starred{/owner}{/repo}","subscriptions_url":"https://api.github.com/users/mergifyio-testing/subscriptions","organizations_url":"https://api.github.com/users/mergifyio-testing/orgs","repos_url":"https://api.github.com/users/mergifyio-testing/repos","events_url":"https://api.github.com/users/mergifyio-testing/events{/privacy}","received_events_url":"https://api.github.com/users/mergifyio-testing/received_events","type":"Organization","site_admin":false},"html_url":"https://github.com/mergifyio-testing/functional-testing-repo-sileht","description":null,"fork":false,"url":"https://api.github.com/repos/mergifyio-testing/functional-testing-repo-sileht","forks_url":"https://api.github.com/repos/mergifyio-testing/functional-testing-repo-sileht/forks","keys_url":"https://api.github.com/repos/mergifyio-testing/functional-testing-repo-sileht/keys{/key_id}","collaborators_url":"https://api.github.com/repos/mergifyio-testing/functional-testing-repo-sileht/collaborators{/collaborator}","teams_url":"https://api.github.com/repos/mergifyio-testing/functional-testing-repo-sileht/teams","hooks_url":"https://api.github.com/repos/mergifyio-testing/functional-testing-repo-sileht/hooks","issue_events_url":"https://api.github.com/repos/mergifyio-testing/functional-testing-repo-sileht/issues/events{/number}","events_url":"https://api.github.com/repos/mergifyio-testing/functional-testing-repo-sileht/events","assignees_url":"https://api.github.com/repos/mergifyio-testing/functional-testing-repo-sileht/assignees{/user}","branches_url":"https://api.github.com/repos/mergifyio-testing/functional-testing-repo-sileht/branches{/branch}","tags_url":"https://api.github.com/repos/mergifyio-testing/functional-testing-repo-sileht/tags","blobs_url":"https://api.github.com/repos/mergifyio-testing/functional-testing-repo-sileht/git/blobs{/sha}","git_tags_url":"https://api.github.com/repos/mergifyio-testing/functional-testing-repo-sileht/git/tags{/sha}","git_refs_url":"https://api.github.com/repos/mergifyio-testing/functional-testing-repo-sileht/git/refs{/sha}","trees_url":"https://api.github.com/repos/mergifyio-testing/functional-testing-repo-sileht/git/trees{/sha}","statuses_url":"https://api.github.com/repos/mergifyio-testing/functional-testing-repo-sileht/statuses/{sha}","languages_url":"https://api.github.com/repos/mergifyio-testing/functional-testing-repo-sileht/languages","stargazers_url":"https://api.github.com/repos/mergifyio-testing/functional-testing-repo-sileht/stargazers","contributors_url":"https://api.github.com/repos/mergifyio-testing/functional-testing-repo-sileht/contributors","subscribers_url":"https://api.github.com/repos/mergifyio-testing/functional-testing-repo-sileht/subscribers","subscription_url":"https://api.github.com/repos/mergifyio-testing/functional-testing-repo-sileht/subscription","commits_url":"https://api.github.com/repos/mergifyio-testing/functional-testing-repo-sileht/commits{/sha}","git_commits_url":"https://api.github.com/repos/mergifyio-testing/functional-testing-repo-sileht/git/commits{/sha}","comments_url":"https://api.github.com/repos/mergifyio-testing/functional-testing-repo-sileht/comments{/number}","issue_comment_url":"https://api.github.com/repos/mergifyio-testing/functional-testing-repo-sileht/issues/comments{/number}","contents_url":"https://api.github.com/repos/mergifyio-testing/functional-testing-repo-sileht/contents/{+path}","compare_url":"https://api.github.com/repos/mergifyio-testing/functional-testing-repo-sileht/compare/{base}...{head}","merges_url":"https://api.github.com/repos/mergifyio-testing/functional-testing-repo-sileht/merges","archive_url":"https://api.github.com/repos/mergifyio-testing/functional-testing-repo-sileht/{archive_format}{/ref}","downloads_url":"https://api.github.com/repos/mergifyio-testing/functional-testing-repo-sileht/downloads","issues_url":"https://api.github.com/repos/mergifyio-testing/functional-testing-repo-sileht/issues{/number}","pulls_url":"https://api.github.com/repos/mergifyio-testing/functional-testing-repo-sileht/pulls{/number}","milestones_url":"https://api.github.com/repos/mergifyio-testing/functional-testing-repo-sileht/milestones{/number}","notifications_url":"https://api.github.com/repos/mergifyio-testing/functional-testing-repo-sileht/notifications{?since,all,participating}","labels_url":"https://api.github.com/repos/mergifyio-testing/functional-testing-repo-sileht/labels{/name}","releases_url":"https://api.github.com/repos/mergifyio-testing/functional-testing-repo-sileht/releases{/id}","deployments_url":"https://api.github.com/repos/mergifyio-testing/functional-testing-repo-sileht/deployments","created_at":"2021-08-24T10:36:34Z","updated_at":"2022-01-10T14:33:17Z","pushed_at":"2022-09-24T14:25:50Z","git_url":"git://github.com/mergifyio-testing/functional-testing-repo-sileht.git","ssh_url":"git@github.com:mergifyio-testing/functional-testing-repo-sileht.git","clone_url":"https://github.com/mergifyio-testing/functional-testing-repo-sileht.git","svn_url":"https://github.com/mergifyio-testing/functional-testing-repo-sileht","homepage":null,"size":28,"stargazers_count":0,"watchers_count":0,"language":null,"has_issues":true,"has_projects":true,"has_downloads":true,"has_wiki":true,"has_pages":false,"forks_count":2,"mirror_url":null,"archived":false,"disabled":false,"open_issues_count":1,"license":null,"allow_forking":true,"is_template":false,"web_commit_signoff_required":false,"topics":[],"visibility":"public","forks":2,"open_issues":1,"watchers":0,"default_branch":"main","permissions":{"admin":true,"maintain":true,"push":true,"triage":true,"pull":true},"allow_squash_merge":true,"allow_merge_commit":true,"allow_rebase_merge":true,"allow_auto_merge":false,"delete_branch_on_merge":false,"allow_update_branch":true,"use_squash_pr_title_as_default":false,"squash_merge_commit_message":"COMMIT_MESSAGES","squash_merge_commit_title":"COMMIT_OR_PR_TITLE","merge_commit_message":"PR_TITLE","merge_commit_title":"MERGE_MESSAGE","organization":{"login":"mergifyio-testing","id":40527191,"node_id":"MDEyOk9yZ2FuaXphdGlvbjQwNTI3MTkx","avatar_url":"https://avatars.githubusercontent.com/u/40527191?v=4","gravatar_id":"","url":"https://api.github.com/users/mergifyio-testing","html_url":"https://github.com/mergifyio-testing","followers_url":"https://api.github.com/users/mergifyio-testing/followers","following_url":"https://api.github.com/users/mergifyio-testing/following{/other_user}","gists_url":"https://api.github.com/users/mergifyio-testing/gists{/gist_id}","starred_url":"https://api.github.com/users/mergifyio-testing/starred{/owner}{/repo}","subscriptions_url":"https://api.github.com/users/mergifyio-testing/subscriptions","organizations_url":"https://api.github.com/users/mergifyio-testing/orgs","repos_url":"https://api.github.com/users/mergifyio-testing/repos","events_url":"https://api.github.com/users/mergifyio-testing/events{/privacy}","received_events_url":"https://api.github.com/users/mergifyio-testing/received_events","type":"Organization","site_admin":false},"network_count":2,"subscribers_count":1}'
    headers:
      Content-Encoding:
      - gzip
      Content-Type:
      - application/json; charset=utf-8
      Transfer-Encoding:
      - chunked
      X-Accepted-OAuth-Scopes:
      - ''
      X-GitHub-Media-Type:
      - github.v3; param=machine-man-preview; format=json
      X-OAuth-Scopes:
      - admin:org, delete_repo, read:public_key, repo, user, workflow
    http_version: HTTP/1.1
    status_code: 200
- request:
    body: ''
    headers:
      accept:
      - application/vnd.github.machine-man-preview+json
      host:
      - api.github.com
    method: GET
    uri: https://api.github.com/repos/mergifyio-testing/functional-testing-repo-sileht/branches?per_page=100
  response:
    content: '[{"name":"20220924142540/test_invalid_configuration_in_pull_request/integration/pr1","commit":{"sha":"3d5f134017b33c73a99ce63322da230dd6587d5d","url":"https://api.github.com/repos/mergifyio-testing/functional-testing-repo-sileht/commits/3d5f134017b33c73a99ce63322da230dd6587d5d"},"protected":false,"protection":{"enabled":false,"required_status_checks":{"enforcement_level":"off","contexts":[],"checks":[]}},"protection_url":"https://api.github.com/repos/mergifyio-testing/functional-testing-repo-sileht/branches/20220924142540/test_invalid_configuration_in_pull_request/integration/pr1/protection"},{"name":"20220924142540/test_invalid_configuration_in_pull_request/main","commit":{"sha":"ab1795554af4dba67c01094a0da1d7d5c10206aa","url":"https://api.github.com/repos/mergifyio-testing/functional-testing-repo-sileht/commits/ab1795554af4dba67c01094a0da1d7d5c10206aa"},"protected":false,"protection":{"enabled":false,"required_status_checks":{"enforcement_level":"off","contexts":[],"checks":[]}},"protection_url":"https://api.github.com/repos/mergifyio-testing/functional-testing-repo-sileht/branches/20220924142540/test_invalid_configuration_in_pull_request/main/protection"},{"name":"main","commit":{"sha":"8edb3b430c7df7adb055be3e29e548d5cf8aa1b3","url":"https://api.github.com/repos/mergifyio-testing/functional-testing-repo-sileht/commits/8edb3b430c7df7adb055be3e29e548d5cf8aa1b3"},"protected":true,"protection":{"enabled":true,"required_status_checks":{"enforcement_level":"off","contexts":[],"checks":[]}},"protection_url":"https://api.github.com/repos/mergifyio-testing/functional-testing-repo-sileht/branches/main/protection"},{"name":"mq-8cf53cab21","commit":{"sha":"657e8658c1e9b3cc999c9c007578d57b6a3f6ea2","url":"https://api.github.com/repos/mergifyio-testing/functional-testing-repo-sileht/commits/657e8658c1e9b3cc999c9c007578d57b6a3f6ea2"},"protected":false,"protection":{"enabled":false,"required_status_checks":{"enforcement_level":"off","contexts":[],"checks":[]}},"protection_url":"https://api.github.com/repos/mergifyio-testing/functional-testing-repo-sileht/branches/mq-8cf53cab21/protection"},{"name":"mq-f8a47ce42b","commit":{"sha":"1685f9520c826493c8b7af7018456f4cd6965513","url":"https://api.github.com/repos/mergifyio-testing/functional-testing-repo-sileht/commits/1685f9520c826493c8b7af7018456f4cd6965513"},"protected":false,"protection":{"enabled":false,"required_status_checks":{"enforcement_level":"off","contexts":[],"checks":[]}},"protection_url":"https://api.github.com/repos/mergifyio-testing/functional-testing-repo-sileht/branches/mq-f8a47ce42b/protection"}]'
    headers:
      Content-Encoding:
      - gzip
      Content-Type:
      - application/json; charset=utf-8
      Transfer-Encoding:
      - chunked
      X-GitHub-Media-Type:
      - github.v3; param=machine-man-preview; format=json
    http_version: HTTP/1.1
    status_code: 200
- request:
    body: ''
    headers:
      accept:
      - application/vnd.github.machine-man-preview+json
      host:
      - api.github.com
    method: DELETE
    uri: https://api.github.com/repos/mergifyio-testing/functional-testing-repo-sileht/git/refs/heads/20220924142540/test_invalid_configuration_in_pull_request/integration/pr1
  response:
    content: ''
    headers:
      X-GitHub-Media-Type:
      - github.v3; param=machine-man-preview; format=json
    http_version: HTTP/1.1
    status_code: 204
- request:
    body: ''
    headers:
      accept:
      - application/vnd.github.machine-man-preview+json
      host:
      - api.github.com
    method: DELETE
    uri: https://api.github.com/repos/mergifyio-testing/functional-testing-repo-sileht/git/refs/heads/20220924142540/test_invalid_configuration_in_pull_request/main
  response:
    content: ''
    headers:
      X-GitHub-Media-Type:
      - github.v3; param=machine-man-preview; format=json
    http_version: HTTP/1.1
    status_code: 204
- request:
    body: ''
    headers:
      accept:
      - application/vnd.github.machine-man-preview+json
      host:
      - api.github.com
    method: GET
    uri: https://api.github.com/repos/mergifyio-testing/functional-testing-repo-sileht/labels?per_page=100
  response:
    content: '[]'
    headers:
      Content-Length:
      - '2'
      Content-Type:
      - application/json; charset=utf-8
      X-GitHub-Media-Type:
      - github.v3; param=machine-man-preview; format=json
    http_version: HTTP/1.1
    status_code: 200
- request:
    body: ''
    headers:
      accept:
      - application/vnd.github.machine-man-preview+json
      host:
      - api.github.com
    method: GET
    uri: https://api.github.com/repos/mergifyio-testing/functional-testing-repo-sileht/pulls?per_page=100
  response:
    content: '[]'
    headers:
      Content-Length:
      - '2'
      Content-Type:
      - application/json; charset=utf-8
      X-GitHub-Media-Type:
      - github.v3; param=machine-man-preview; format=json
    http_version: HTTP/1.1
    status_code: 200
- request:
    body: whatdataisthat
    headers:
      X-Hub-Signature:
      - <SIGNATURE>
      accept:
      - '*/*'
      content-length:
      - '14'
      host:
      - test-forwarder.mergify.io
    method: DELETE
    uri: https://test-forwarder.mergify.io/events/github.com/214863/399426199
  response:
    content: Event queued
    headers:
      Connection:
      - keep-alive
      Content-Length:
      - '12'
    http_version: HTTP/1.1
    status_code: 202
version: 1
