interactions:
- request:
    body: ''
    headers:
      accept:
      - application/vnd.github.machine-man-preview+json
      host:
      - api.github.com
    method: GET
    uri: https://api.github.com/app
  response:
    content: '{"id":327815,"slug":"mergify-kontrolix","node_id":"A_kwHOAmplV84ABQCH","owner":{"login":"mergifyio-testing","id":40527191,"node_id":"MDEyOk9yZ2FuaXphdGlvbjQwNTI3MTkx","avatar_url":"https://avatars.githubusercontent.com/u/40527191?v=4","gravatar_id":"","url":"https://api.github.com/users/mergifyio-testing","html_url":"https://github.com/mergifyio-testing","followers_url":"https://api.github.com/users/mergifyio-testing/followers","following_url":"https://api.github.com/users/mergifyio-testing/following{/other_user}","gists_url":"https://api.github.com/users/mergifyio-testing/gists{/gist_id}","starred_url":"https://api.github.com/users/mergifyio-testing/starred{/owner}{/repo}","subscriptions_url":"https://api.github.com/users/mergifyio-testing/subscriptions","organizations_url":"https://api.github.com/users/mergifyio-testing/orgs","repos_url":"https://api.github.com/users/mergifyio-testing/repos","events_url":"https://api.github.com/users/mergifyio-testing/events{/privacy}","received_events_url":"https://api.github.com/users/mergifyio-testing/received_events","type":"Organization","site_admin":false},"name":"mergify-Kontrolix","description":"Mergify
      testing installation for Kontrolix","external_url":"https://mergify.com/","html_url":"https://github.com/apps/mergify-kontrolix","created_at":"2023-05-03T09:24:33Z","updated_at":"2023-05-03T09:24:33Z","permissions":{"administration":"read","checks":"write","contents":"write","emails":"read","issues":"write","members":"read","metadata":"read","pages":"write","pull_requests":"write","statuses":"write","workflows":"write"},"events":["check_run","check_suite","issue_comment","member","membership","organization","pull_request","pull_request_review","pull_request_review_comment","pull_request_review_thread","push","repository","status","team","team_add"],"installations_count":1}'
    headers:
      Content-Encoding:
      - gzip
      Content-Type:
      - application/json; charset=utf-8
      Transfer-Encoding:
      - chunked
      X-GitHub-Media-Type:
      - github.v3; param=machine-man-preview; format=json
      x-github-api-version-selected:
      - '2022-11-28'
    http_version: HTTP/1.1
    status_code: 200
- request:
    body: ''
    headers:
      accept:
      - application/vnd.github.machine-man-preview+json
      host:
      - api.github.com
    method: GET
    uri: https://api.github.com/app/installations?per_page=100
  response:
    content: '[{"id":37100555,"account":{"login":"mergifyio-testing","id":40527191,"node_id":"MDEyOk9yZ2FuaXphdGlvbjQwNTI3MTkx","avatar_url":"https://avatars.githubusercontent.com/u/40527191?v=4","gravatar_id":"","url":"https://api.github.com/users/mergifyio-testing","html_url":"https://github.com/mergifyio-testing","followers_url":"https://api.github.com/users/mergifyio-testing/followers","following_url":"https://api.github.com/users/mergifyio-testing/following{/other_user}","gists_url":"https://api.github.com/users/mergifyio-testing/gists{/gist_id}","starred_url":"https://api.github.com/users/mergifyio-testing/starred{/owner}{/repo}","subscriptions_url":"https://api.github.com/users/mergifyio-testing/subscriptions","organizations_url":"https://api.github.com/users/mergifyio-testing/orgs","repos_url":"https://api.github.com/users/mergifyio-testing/repos","events_url":"https://api.github.com/users/mergifyio-testing/events{/privacy}","received_events_url":"https://api.github.com/users/mergifyio-testing/received_events","type":"Organization","site_admin":false},"repository_selection":"selected","access_tokens_url":"https://api.github.com/app/installations/37100555/access_tokens","repositories_url":"https://api.github.com/installation/repositories","html_url":"https://github.com/organizations/mergifyio-testing/settings/installations/37100555","app_id":327815,"app_slug":"mergify-kontrolix","target_id":40527191,"target_type":"Organization","permissions":{"pages":"write","checks":"write","issues":"write","members":"read","contents":"write","metadata":"read","statuses":"write","workflows":"write","pull_requests":"write","administration":"read"},"events":["check_run","check_suite","issue_comment","member","membership","organization","pull_request","pull_request_review","pull_request_review_comment","pull_request_review_thread","push","repository","status","team","team_add"],"created_at":"2023-05-03T09:24:41.000Z","updated_at":"2023-05-24T09:30:21.000Z","single_file_name":null,"has_multiple_single_files":false,"single_file_paths":[],"suspended_by":null,"suspended_at":null}]'
    headers:
      Content-Encoding:
      - gzip
      Content-Type:
      - application/json; charset=utf-8
      Transfer-Encoding:
      - chunked
      X-GitHub-Media-Type:
      - github.v3; param=machine-man-preview; format=json
      x-github-api-version-selected:
      - '2022-11-28'
    http_version: HTTP/1.1
    status_code: 200
- request:
    body: ''
    headers:
      Authorization:
      - <TOKEN>
      accept:
      - application/vnd.github.machine-man-preview+json
      host:
      - api.github.com
    method: GET
    uri: https://api.github.com/users/mergify-kontrolix[bot]
  response:
    content: '{"login":"mergify-kontrolix[bot]","id":132445501,"node_id":"BOT_kgDOB-T1PQ","avatar_url":"https://avatars.githubusercontent.com/u/40527191?v=4","gravatar_id":"","url":"https://api.github.com/users/mergify-kontrolix%5Bbot%5D","html_url":"https://github.com/apps/mergify-kontrolix","followers_url":"https://api.github.com/users/mergify-kontrolix%5Bbot%5D/followers","following_url":"https://api.github.com/users/mergify-kontrolix%5Bbot%5D/following{/other_user}","gists_url":"https://api.github.com/users/mergify-kontrolix%5Bbot%5D/gists{/gist_id}","starred_url":"https://api.github.com/users/mergify-kontrolix%5Bbot%5D/starred{/owner}{/repo}","subscriptions_url":"https://api.github.com/users/mergify-kontrolix%5Bbot%5D/subscriptions","organizations_url":"https://api.github.com/users/mergify-kontrolix%5Bbot%5D/orgs","repos_url":"https://api.github.com/users/mergify-kontrolix%5Bbot%5D/repos","events_url":"https://api.github.com/users/mergify-kontrolix%5Bbot%5D/events{/privacy}","received_events_url":"https://api.github.com/users/mergify-kontrolix%5Bbot%5D/received_events","type":"Bot","site_admin":false,"name":null,"company":null,"blog":"","location":null,"email":null,"hireable":null,"bio":null,"twitter_username":null,"public_repos":0,"public_gists":0,"followers":0,"following":0,"created_at":"2023-05-03T09:24:33Z","updated_at":"2023-05-03T09:24:33Z"}'
    headers:
      Content-Encoding:
      - gzip
      Content-Type:
      - application/json; charset=utf-8
      Transfer-Encoding:
      - chunked
      X-GitHub-Media-Type:
      - github.v3; param=machine-man-preview; format=json
      x-github-api-version-selected:
      - '2022-11-28'
    http_version: HTTP/1.1
    status_code: 200
- request:
    body: ''
    headers:
      accept:
      - application/vnd.github.machine-man-preview+json
      host:
      - api.github.com
    method: GET
    uri: https://api.github.com/user/40527191/installation
  response:
    content: '{"id":37100555,"account":{"login":"mergifyio-testing","id":40527191,"node_id":"MDEyOk9yZ2FuaXphdGlvbjQwNTI3MTkx","avatar_url":"https://avatars.githubusercontent.com/u/40527191?v=4","gravatar_id":"","url":"https://api.github.com/users/mergifyio-testing","html_url":"https://github.com/mergifyio-testing","followers_url":"https://api.github.com/users/mergifyio-testing/followers","following_url":"https://api.github.com/users/mergifyio-testing/following{/other_user}","gists_url":"https://api.github.com/users/mergifyio-testing/gists{/gist_id}","starred_url":"https://api.github.com/users/mergifyio-testing/starred{/owner}{/repo}","subscriptions_url":"https://api.github.com/users/mergifyio-testing/subscriptions","organizations_url":"https://api.github.com/users/mergifyio-testing/orgs","repos_url":"https://api.github.com/users/mergifyio-testing/repos","events_url":"https://api.github.com/users/mergifyio-testing/events{/privacy}","received_events_url":"https://api.github.com/users/mergifyio-testing/received_events","type":"Organization","site_admin":false},"repository_selection":"selected","access_tokens_url":"https://api.github.com/app/installations/37100555/access_tokens","repositories_url":"https://api.github.com/installation/repositories","html_url":"https://github.com/organizations/mergifyio-testing/settings/installations/37100555","app_id":327815,"app_slug":"mergify-kontrolix","target_id":40527191,"target_type":"Organization","permissions":{"pages":"write","checks":"write","issues":"write","members":"read","contents":"write","metadata":"read","statuses":"write","workflows":"write","pull_requests":"write","administration":"read"},"events":["check_run","check_suite","issue_comment","member","membership","organization","pull_request","pull_request_review","pull_request_review_comment","pull_request_review_thread","push","repository","status","team","team_add"],"created_at":"2023-05-03T09:24:41.000Z","updated_at":"2023-05-24T09:30:21.000Z","single_file_name":null,"has_multiple_single_files":false,"single_file_paths":[],"suspended_by":null,"suspended_at":null}'
    headers:
      Content-Encoding:
      - gzip
      Content-Type:
      - application/json; charset=utf-8
      Transfer-Encoding:
      - chunked
      X-GitHub-Media-Type:
      - github.v3; param=machine-man-preview; format=json
      x-github-api-version-selected:
      - '2022-11-28'
    http_version: HTTP/1.1
    status_code: 200
- request:
    body: ''
    headers:
      accept:
      - application/vnd.github.machine-man-preview+json
      host:
      - api.github.com
    method: GET
    uri: https://api.github.com/user
  response:
    content: '{"login":"mergify-test1","id":38494943,"node_id":"MDQ6VXNlcjM4NDk0OTQz","avatar_url":"https://avatars.githubusercontent.com/u/38494943?v=4","gravatar_id":"","url":"https://api.github.com/users/mergify-test1","html_url":"https://github.com/mergify-test1","followers_url":"https://api.github.com/users/mergify-test1/followers","following_url":"https://api.github.com/users/mergify-test1/following{/other_user}","gists_url":"https://api.github.com/users/mergify-test1/gists{/gist_id}","starred_url":"https://api.github.com/users/mergify-test1/starred{/owner}{/repo}","subscriptions_url":"https://api.github.com/users/mergify-test1/subscriptions","organizations_url":"https://api.github.com/users/mergify-test1/orgs","repos_url":"https://api.github.com/users/mergify-test1/repos","events_url":"https://api.github.com/users/mergify-test1/events{/privacy}","received_events_url":"https://api.github.com/users/mergify-test1/received_events","type":"User","site_admin":false,"name":"mergify-test-user-1","company":"@mergifyio","blog":"https://mergify.com","location":null,"email":null,"hireable":null,"bio":"This
      account is for testing purpose of the workflow of the GitHub App @mergifyio","twitter_username":"mergifyio","public_repos":1,"public_gists":0,"followers":0,"following":0,"created_at":"2018-04-18T10:42:59Z","updated_at":"2023-05-15T11:36:56Z","private_gists":0,"total_private_repos":0,"owned_private_repos":0,"disk_usage":0,"collaborators":0,"two_factor_authentication":false,"plan":{"name":"free","space":976562499,"collaborators":0,"private_repos":10000}}'
    headers:
      Content-Encoding:
      - gzip
      Content-Type:
      - application/json; charset=utf-8
      Transfer-Encoding:
      - chunked
      X-Accepted-OAuth-Scopes:
      - ''
      X-GitHub-Media-Type:
      - github.v3; param=machine-man-preview; format=json
      X-OAuth-Scopes:
      - admin:org, delete_repo, read:public_key, repo, user, workflow
      x-github-api-version-selected:
      - '2022-11-28'
    http_version: HTTP/1.1
    status_code: 200
- request:
    body: ''
    headers:
      accept:
      - application/vnd.github.machine-man-preview+json
      host:
      - api.github.com
    method: GET
    uri: https://api.github.com/user
  response:
    content: '{"login":"mergify-test2","id":38495008,"node_id":"MDQ6VXNlcjM4NDk1MDA4","avatar_url":"https://avatars.githubusercontent.com/u/38495008?v=4","gravatar_id":"","url":"https://api.github.com/users/mergify-test2","html_url":"https://github.com/mergify-test2","followers_url":"https://api.github.com/users/mergify-test2/followers","following_url":"https://api.github.com/users/mergify-test2/following{/other_user}","gists_url":"https://api.github.com/users/mergify-test2/gists{/gist_id}","starred_url":"https://api.github.com/users/mergify-test2/starred{/owner}{/repo}","subscriptions_url":"https://api.github.com/users/mergify-test2/subscriptions","organizations_url":"https://api.github.com/users/mergify-test2/orgs","repos_url":"https://api.github.com/users/mergify-test2/repos","events_url":"https://api.github.com/users/mergify-test2/events{/privacy}","received_events_url":"https://api.github.com/users/mergify-test2/received_events","type":"User","site_admin":false,"name":"mergify-test-user-2","company":"@mergifyio","blog":"https://mergify.com","location":null,"email":null,"hireable":null,"bio":"This
      account is for integration testing purpose of the workflow of the GitHub App
      @mergifyio","twitter_username":"mergifyio","public_repos":15,"public_gists":0,"followers":0,"following":0,"created_at":"2018-04-18T10:45:18Z","updated_at":"2023-05-15T11:36:56Z","private_gists":0,"total_private_repos":0,"owned_private_repos":0,"disk_usage":1355,"collaborators":0,"two_factor_authentication":false,"plan":{"name":"free","space":976562499,"collaborators":0,"private_repos":10000}}'
    headers:
      Content-Encoding:
      - gzip
      Content-Type:
      - application/json; charset=utf-8
      Transfer-Encoding:
      - chunked
      X-Accepted-OAuth-Scopes:
      - ''
      X-GitHub-Media-Type:
      - github.v3; param=machine-man-preview; format=json
      X-OAuth-Scopes:
      - delete_repo, read:org, read:user, repo, user:email, workflow
      x-github-api-version-selected:
      - '2022-11-28'
    http_version: HTTP/1.1
    status_code: 200
- request:
    body: ''
    headers:
      accept:
      - application/vnd.github.machine-man-preview+json
      host:
      - api.github.com
    method: GET
    uri: https://api.github.com/repositories/635704693
  response:
    content: '{"id":635704693,"node_id":"R_kgDOJeQVdQ","name":"functional-testing-repo-Kontrolix","full_name":"mergifyio-testing/functional-testing-repo-Kontrolix","private":false,"owner":{"login":"mergifyio-testing","id":40527191,"node_id":"MDEyOk9yZ2FuaXphdGlvbjQwNTI3MTkx","avatar_url":"https://avatars.githubusercontent.com/u/40527191?v=4","gravatar_id":"","url":"https://api.github.com/users/mergifyio-testing","html_url":"https://github.com/mergifyio-testing","followers_url":"https://api.github.com/users/mergifyio-testing/followers","following_url":"https://api.github.com/users/mergifyio-testing/following{/other_user}","gists_url":"https://api.github.com/users/mergifyio-testing/gists{/gist_id}","starred_url":"https://api.github.com/users/mergifyio-testing/starred{/owner}{/repo}","subscriptions_url":"https://api.github.com/users/mergifyio-testing/subscriptions","organizations_url":"https://api.github.com/users/mergifyio-testing/orgs","repos_url":"https://api.github.com/users/mergifyio-testing/repos","events_url":"https://api.github.com/users/mergifyio-testing/events{/privacy}","received_events_url":"https://api.github.com/users/mergifyio-testing/received_events","type":"Organization","site_admin":false},"html_url":"https://github.com/mergifyio-testing/functional-testing-repo-Kontrolix","description":null,"fork":false,"url":"https://api.github.com/repos/mergifyio-testing/functional-testing-repo-Kontrolix","forks_url":"https://api.github.com/repos/mergifyio-testing/functional-testing-repo-Kontrolix/forks","keys_url":"https://api.github.com/repos/mergifyio-testing/functional-testing-repo-Kontrolix/keys{/key_id}","collaborators_url":"https://api.github.com/repos/mergifyio-testing/functional-testing-repo-Kontrolix/collaborators{/collaborator}","teams_url":"https://api.github.com/repos/mergifyio-testing/functional-testing-repo-Kontrolix/teams","hooks_url":"https://api.github.com/repos/mergifyio-testing/functional-testing-repo-Kontrolix/hooks","issue_events_url":"https://api.github.com/repos/mergifyio-testing/functional-testing-repo-Kontrolix/issues/events{/number}","events_url":"https://api.github.com/repos/mergifyio-testing/functional-testing-repo-Kontrolix/events","assignees_url":"https://api.github.com/repos/mergifyio-testing/functional-testing-repo-Kontrolix/assignees{/user}","branches_url":"https://api.github.com/repos/mergifyio-testing/functional-testing-repo-Kontrolix/branches{/branch}","tags_url":"https://api.github.com/repos/mergifyio-testing/functional-testing-repo-Kontrolix/tags","blobs_url":"https://api.github.com/repos/mergifyio-testing/functional-testing-repo-Kontrolix/git/blobs{/sha}","git_tags_url":"https://api.github.com/repos/mergifyio-testing/functional-testing-repo-Kontrolix/git/tags{/sha}","git_refs_url":"https://api.github.com/repos/mergifyio-testing/functional-testing-repo-Kontrolix/git/refs{/sha}","trees_url":"https://api.github.com/repos/mergifyio-testing/functional-testing-repo-Kontrolix/git/trees{/sha}","statuses_url":"https://api.github.com/repos/mergifyio-testing/functional-testing-repo-Kontrolix/statuses/{sha}","languages_url":"https://api.github.com/repos/mergifyio-testing/functional-testing-repo-Kontrolix/languages","stargazers_url":"https://api.github.com/repos/mergifyio-testing/functional-testing-repo-Kontrolix/stargazers","contributors_url":"https://api.github.com/repos/mergifyio-testing/functional-testing-repo-Kontrolix/contributors","subscribers_url":"https://api.github.com/repos/mergifyio-testing/functional-testing-repo-Kontrolix/subscribers","subscription_url":"https://api.github.com/repos/mergifyio-testing/functional-testing-repo-Kontrolix/subscription","commits_url":"https://api.github.com/repos/mergifyio-testing/functional-testing-repo-Kontrolix/commits{/sha}","git_commits_url":"https://api.github.com/repos/mergifyio-testing/functional-testing-repo-Kontrolix/git/commits{/sha}","comments_url":"https://api.github.com/repos/mergifyio-testing/functional-testing-repo-Kontrolix/comments{/number}","issue_comment_url":"https://api.github.com/repos/mergifyio-testing/functional-testing-repo-Kontrolix/issues/comments{/number}","contents_url":"https://api.github.com/repos/mergifyio-testing/functional-testing-repo-Kontrolix/contents/{+path}","compare_url":"https://api.github.com/repos/mergifyio-testing/functional-testing-repo-Kontrolix/compare/{base}...{head}","merges_url":"https://api.github.com/repos/mergifyio-testing/functional-testing-repo-Kontrolix/merges","archive_url":"https://api.github.com/repos/mergifyio-testing/functional-testing-repo-Kontrolix/{archive_format}{/ref}","downloads_url":"https://api.github.com/repos/mergifyio-testing/functional-testing-repo-Kontrolix/downloads","issues_url":"https://api.github.com/repos/mergifyio-testing/functional-testing-repo-Kontrolix/issues{/number}","pulls_url":"https://api.github.com/repos/mergifyio-testing/functional-testing-repo-Kontrolix/pulls{/number}","milestones_url":"https://api.github.com/repos/mergifyio-testing/functional-testing-repo-Kontrolix/milestones{/number}","notifications_url":"https://api.github.com/repos/mergifyio-testing/functional-testing-repo-Kontrolix/notifications{?since,all,participating}","labels_url":"https://api.github.com/repos/mergifyio-testing/functional-testing-repo-Kontrolix/labels{/name}","releases_url":"https://api.github.com/repos/mergifyio-testing/functional-testing-repo-Kontrolix/releases{/id}","deployments_url":"https://api.github.com/repos/mergifyio-testing/functional-testing-repo-Kontrolix/deployments","created_at":"2023-05-03T09:24:21Z","updated_at":"2023-05-03T09:24:22Z","pushed_at":"2023-05-24T09:39:44Z","git_url":"git://github.com/mergifyio-testing/functional-testing-repo-Kontrolix.git","ssh_url":"git@github.com:mergifyio-testing/functional-testing-repo-Kontrolix.git","clone_url":"https://github.com/mergifyio-testing/functional-testing-repo-Kontrolix.git","svn_url":"https://github.com/mergifyio-testing/functional-testing-repo-Kontrolix","homepage":null,"size":54,"stargazers_count":0,"watchers_count":0,"language":null,"has_issues":true,"has_projects":true,"has_downloads":true,"has_wiki":true,"has_pages":false,"has_discussions":false,"forks_count":1,"mirror_url":null,"archived":false,"disabled":false,"open_issues_count":5,"license":null,"allow_forking":true,"is_template":false,"web_commit_signoff_required":false,"topics":[],"visibility":"public","forks":1,"open_issues":5,"watchers":0,"default_branch":"main","permissions":{"admin":false,"maintain":false,"push":false,"triage":false,"pull":false},"temp_clone_token":"","allow_squash_merge":true,"allow_merge_commit":true,"allow_rebase_merge":true,"allow_auto_merge":false,"delete_branch_on_merge":false,"allow_update_branch":false,"use_squash_pr_title_as_default":false,"squash_merge_commit_message":"COMMIT_MESSAGES","squash_merge_commit_title":"COMMIT_OR_PR_TITLE","merge_commit_message":"PR_TITLE","merge_commit_title":"MERGE_MESSAGE","organization":{"login":"mergifyio-testing","id":40527191,"node_id":"MDEyOk9yZ2FuaXphdGlvbjQwNTI3MTkx","avatar_url":"https://avatars.githubusercontent.com/u/40527191?v=4","gravatar_id":"","url":"https://api.github.com/users/mergifyio-testing","html_url":"https://github.com/mergifyio-testing","followers_url":"https://api.github.com/users/mergifyio-testing/followers","following_url":"https://api.github.com/users/mergifyio-testing/following{/other_user}","gists_url":"https://api.github.com/users/mergifyio-testing/gists{/gist_id}","starred_url":"https://api.github.com/users/mergifyio-testing/starred{/owner}{/repo}","subscriptions_url":"https://api.github.com/users/mergifyio-testing/subscriptions","organizations_url":"https://api.github.com/users/mergifyio-testing/orgs","repos_url":"https://api.github.com/users/mergifyio-testing/repos","events_url":"https://api.github.com/users/mergifyio-testing/events{/privacy}","received_events_url":"https://api.github.com/users/mergifyio-testing/received_events","type":"Organization","site_admin":false},"security_and_analysis":{"secret_scanning":{"status":"disabled"},"secret_scanning_push_protection":{"status":"disabled"}},"network_count":1,"subscribers_count":1}'
    headers:
      Content-Encoding:
      - gzip
      Content-Type:
      - application/json; charset=utf-8
      Transfer-Encoding:
      - chunked
      X-GitHub-Media-Type:
      - github.v3; param=machine-man-preview; format=json
      x-github-api-version-selected:
      - '2022-11-28'
    http_version: HTTP/1.1
    status_code: 200
- request:
    body: whatdataisthat
    headers:
      X-Hub-Signature:
      - <SIGNATURE>
      accept:
      - '*/*'
      content-length:
      - '14'
      host:
      - test-forwarder.mergify.com
    method: DELETE
    uri: https://test-forwarder.mergify.com/events/github.com/327815/635704693/20230524094209-test_invalid_action_option
  response:
    content: Event queued
    headers:
      Connection:
      - keep-alive
      Content-Length:
      - '12'
    http_version: HTTP/1.1
    status_code: 202
- request:
    body: whatdataisthat
    headers:
      X-Hub-Signature:
      - <SIGNATURE>
      accept:
      - '*/*'
      content-length:
      - '14'
      host:
      - test-forwarder.mergify.com
    method: GET
    uri: https://test-forwarder.mergify.com/events/github.com/327815/635704693/20230524094209-test_invalid_action_option?counter=1
  response:
    content: '[]'
    headers:
      Connection:
      - keep-alive
      Content-Length:
      - '2'
      Content-Type:
      - application/json
    http_version: HTTP/1.1
    status_code: 200
- request:
    body: whatdataisthat
    headers:
      X-Hub-Signature:
      - <SIGNATURE>
      accept:
      - '*/*'
      content-length:
      - '14'
      host:
      - test-forwarder.mergify.com
    method: GET
    uri: https://test-forwarder.mergify.com/events/github.com/327815/635704693/20230524094209-test_invalid_action_option?counter=2
  response:
    content: '[]'
    headers:
      Connection:
      - keep-alive
      Content-Length:
      - '2'
      Content-Type:
      - application/json
    http_version: HTTP/1.1
    status_code: 200
- request:
    body: whatdataisthat
    headers:
      X-Hub-Signature:
      - <SIGNATURE>
      accept:
      - '*/*'
      content-length:
      - '14'
      host:
      - test-forwarder.mergify.com
    method: GET
    uri: https://test-forwarder.mergify.com/events/github.com/327815/635704693/20230524094209-test_invalid_action_option?counter=3
  response:
    content: '[]'
    headers:
      Connection:
      - keep-alive
      Content-Length:
      - '2'
      Content-Type:
      - application/json
    http_version: HTTP/1.1
    status_code: 200
- request:
    body: whatdataisthat
    headers:
      X-Hub-Signature:
      - <SIGNATURE>
      accept:
      - '*/*'
      content-length:
      - '14'
      host:
      - test-forwarder.mergify.com
    method: GET
    uri: https://test-forwarder.mergify.com/events/github.com/327815/635704693/20230524094209-test_invalid_action_option?counter=4
  response:
    content: '[{"id":"432651d0-fa17-11ed-9169-f77b2f8c6990","type":"check_suite","payload":{"action":"requested","check_suite":{"id":13112144366,"node_id":"CS_kwDOJeQVdc8AAAADDYtx7g","head_branch":"20230524094209/test_invalid_action_option/main","head_sha":"71a6c7a942bfd83082817ed1da947fb3715875e0","status":"queued","conclusion":null,"url":"https://api.github.com/repos/mergifyio-testing/functional-testing-repo-Kontrolix/check-suites/13112144366","before":"0000000000000000000000000000000000000000","after":"71a6c7a942bfd83082817ed1da947fb3715875e0","pull_requests":[],"app":{"id":327815,"slug":"mergify-kontrolix","node_id":"A_kwHOAmplV84ABQCH","owner":{"login":"mergifyio-testing","id":40527191,"node_id":"MDEyOk9yZ2FuaXphdGlvbjQwNTI3MTkx","avatar_url":"https://avatars.githubusercontent.com/u/40527191?v=4","gravatar_id":"","url":"https://api.github.com/users/mergifyio-testing","html_url":"https://github.com/mergifyio-testing","followers_url":"https://api.github.com/users/mergifyio-testing/followers","following_url":"https://api.github.com/users/mergifyio-testing/following{/other_user}","gists_url":"https://api.github.com/users/mergifyio-testing/gists{/gist_id}","starred_url":"https://api.github.com/users/mergifyio-testing/starred{/owner}{/repo}","subscriptions_url":"https://api.github.com/users/mergifyio-testing/subscriptions","organizations_url":"https://api.github.com/users/mergifyio-testing/orgs","repos_url":"https://api.github.com/users/mergifyio-testing/repos","events_url":"https://api.github.com/users/mergifyio-testing/events{/privacy}","received_events_url":"https://api.github.com/users/mergifyio-testing/received_events","type":"Organization","site_admin":false},"name":"mergify-Kontrolix","description":"Mergify
      testing installation for Kontrolix","external_url":"https://mergify.com/","html_url":"https://github.com/apps/mergify-kontrolix","created_at":"2023-05-03T09:24:33Z","updated_at":"2023-05-03T09:24:33Z","permissions":{"administration":"read","checks":"write","contents":"write","emails":"read","issues":"write","members":"read","metadata":"read","pages":"write","pull_requests":"write","statuses":"write","workflows":"write"},"events":["check_run","check_suite","issue_comment","member","membership","organization","pull_request","pull_request_review","pull_request_review_comment","pull_request_review_thread","push","repository","status","team","team_add"]},"created_at":"2023-05-24T09:42:13Z","updated_at":"2023-05-24T09:42:13Z","rerequestable":true,"runs_rerequestable":true,"latest_check_runs_count":0,"check_runs_url":"https://api.github.com/repos/mergifyio-testing/functional-testing-repo-Kontrolix/check-suites/13112144366/check-runs","head_commit":{"id":"71a6c7a942bfd83082817ed1da947fb3715875e0","tree_id":"584f63e0d4a19287321f43686651558022595557","message":"initial
      commit","timestamp":"2023-05-24T09:42:12Z","author":{"name":"Mergify","email":"132445501+mergify-kontrolix[bot]@users.noreply.github.com"},"committer":{"name":"Mergify","email":"132445501+mergify-kontrolix[bot]@users.noreply.github.com"}}},"repository":{"id":635704693,"node_id":"R_kgDOJeQVdQ","name":"functional-testing-repo-Kontrolix","full_name":"mergifyio-testing/functional-testing-repo-Kontrolix","private":false,"owner":{"login":"mergifyio-testing","id":40527191,"node_id":"MDEyOk9yZ2FuaXphdGlvbjQwNTI3MTkx","avatar_url":"https://avatars.githubusercontent.com/u/40527191?v=4","gravatar_id":"","url":"https://api.github.com/users/mergifyio-testing","html_url":"https://github.com/mergifyio-testing","followers_url":"https://api.github.com/users/mergifyio-testing/followers","following_url":"https://api.github.com/users/mergifyio-testing/following{/other_user}","gists_url":"https://api.github.com/users/mergifyio-testing/gists{/gist_id}","starred_url":"https://api.github.com/users/mergifyio-testing/starred{/owner}{/repo}","subscriptions_url":"https://api.github.com/users/mergifyio-testing/subscriptions","organizations_url":"https://api.github.com/users/mergifyio-testing/orgs","repos_url":"https://api.github.com/users/mergifyio-testing/repos","events_url":"https://api.github.com/users/mergifyio-testing/events{/privacy}","received_events_url":"https://api.github.com/users/mergifyio-testing/received_events","type":"Organization","site_admin":false},"html_url":"https://github.com/mergifyio-testing/functional-testing-repo-Kontrolix","description":null,"fork":false,"url":"https://api.github.com/repos/mergifyio-testing/functional-testing-repo-Kontrolix","forks_url":"https://api.github.com/repos/mergifyio-testing/functional-testing-repo-Kontrolix/forks","keys_url":"https://api.github.com/repos/mergifyio-testing/functional-testing-repo-Kontrolix/keys{/key_id}","collaborators_url":"https://api.github.com/repos/mergifyio-testing/functional-testing-repo-Kontrolix/collaborators{/collaborator}","teams_url":"https://api.github.com/repos/mergifyio-testing/functional-testing-repo-Kontrolix/teams","hooks_url":"https://api.github.com/repos/mergifyio-testing/functional-testing-repo-Kontrolix/hooks","issue_events_url":"https://api.github.com/repos/mergifyio-testing/functional-testing-repo-Kontrolix/issues/events{/number}","events_url":"https://api.github.com/repos/mergifyio-testing/functional-testing-repo-Kontrolix/events","assignees_url":"https://api.github.com/repos/mergifyio-testing/functional-testing-repo-Kontrolix/assignees{/user}","branches_url":"https://api.github.com/repos/mergifyio-testing/functional-testing-repo-Kontrolix/branches{/branch}","tags_url":"https://api.github.com/repos/mergifyio-testing/functional-testing-repo-Kontrolix/tags","blobs_url":"https://api.github.com/repos/mergifyio-testing/functional-testing-repo-Kontrolix/git/blobs{/sha}","git_tags_url":"https://api.github.com/repos/mergifyio-testing/functional-testing-repo-Kontrolix/git/tags{/sha}","git_refs_url":"https://api.github.com/repos/mergifyio-testing/functional-testing-repo-Kontrolix/git/refs{/sha}","trees_url":"https://api.github.com/repos/mergifyio-testing/functional-testing-repo-Kontrolix/git/trees{/sha}","statuses_url":"https://api.github.com/repos/mergifyio-testing/functional-testing-repo-Kontrolix/statuses/{sha}","languages_url":"https://api.github.com/repos/mergifyio-testing/functional-testing-repo-Kontrolix/languages","stargazers_url":"https://api.github.com/repos/mergifyio-testing/functional-testing-repo-Kontrolix/stargazers","contributors_url":"https://api.github.com/repos/mergifyio-testing/functional-testing-repo-Kontrolix/contributors","subscribers_url":"https://api.github.com/repos/mergifyio-testing/functional-testing-repo-Kontrolix/subscribers","subscription_url":"https://api.github.com/repos/mergifyio-testing/functional-testing-repo-Kontrolix/subscription","commits_url":"https://api.github.com/repos/mergifyio-testing/functional-testing-repo-Kontrolix/commits{/sha}","git_commits_url":"https://api.github.com/repos/mergifyio-testing/functional-testing-repo-Kontrolix/git/commits{/sha}","comments_url":"https://api.github.com/repos/mergifyio-testing/functional-testing-repo-Kontrolix/comments{/number}","issue_comment_url":"https://api.github.com/repos/mergifyio-testing/functional-testing-repo-Kontrolix/issues/comments{/number}","contents_url":"https://api.github.com/repos/mergifyio-testing/functional-testing-repo-Kontrolix/contents/{+path}","compare_url":"https://api.github.com/repos/mergifyio-testing/functional-testing-repo-Kontrolix/compare/{base}...{head}","merges_url":"https://api.github.com/repos/mergifyio-testing/functional-testing-repo-Kontrolix/merges","archive_url":"https://api.github.com/repos/mergifyio-testing/functional-testing-repo-Kontrolix/{archive_format}{/ref}","downloads_url":"https://api.github.com/repos/mergifyio-testing/functional-testing-repo-Kontrolix/downloads","issues_url":"https://api.github.com/repos/mergifyio-testing/functional-testing-repo-Kontrolix/issues{/number}","pulls_url":"https://api.github.com/repos/mergifyio-testing/functional-testing-repo-Kontrolix/pulls{/number}","milestones_url":"https://api.github.com/repos/mergifyio-testing/functional-testing-repo-Kontrolix/milestones{/number}","notifications_url":"https://api.github.com/repos/mergifyio-testing/functional-testing-repo-Kontrolix/notifications{?since,all,participating}","labels_url":"https://api.github.com/repos/mergifyio-testing/functional-testing-repo-Kontrolix/labels{/name}","releases_url":"https://api.github.com/repos/mergifyio-testing/functional-testing-repo-Kontrolix/releases{/id}","deployments_url":"https://api.github.com/repos/mergifyio-testing/functional-testing-repo-Kontrolix/deployments","created_at":"2023-05-03T09:24:21Z","updated_at":"2023-05-03T09:24:22Z","pushed_at":"2023-05-24T09:42:13Z","git_url":"git://github.com/mergifyio-testing/functional-testing-repo-Kontrolix.git","ssh_url":"git@github.com:mergifyio-testing/functional-testing-repo-Kontrolix.git","clone_url":"https://github.com/mergifyio-testing/functional-testing-repo-Kontrolix.git","svn_url":"https://github.com/mergifyio-testing/functional-testing-repo-Kontrolix","homepage":null,"size":54,"stargazers_count":0,"watchers_count":0,"language":null,"has_issues":true,"has_projects":true,"has_downloads":true,"has_wiki":true,"has_pages":false,"has_discussions":false,"forks_count":1,"mirror_url":null,"archived":false,"disabled":false,"open_issues_count":5,"license":null,"allow_forking":true,"is_template":false,"web_commit_signoff_required":false,"topics":[],"visibility":"public","forks":1,"open_issues":5,"watchers":0,"default_branch":"main"},"organization":{"login":"mergifyio-testing","id":40527191,"node_id":"MDEyOk9yZ2FuaXphdGlvbjQwNTI3MTkx","url":"https://api.github.com/orgs/mergifyio-testing","repos_url":"https://api.github.com/orgs/mergifyio-testing/repos","events_url":"https://api.github.com/orgs/mergifyio-testing/events","hooks_url":"https://api.github.com/orgs/mergifyio-testing/hooks","issues_url":"https://api.github.com/orgs/mergifyio-testing/issues","members_url":"https://api.github.com/orgs/mergifyio-testing/members{/member}","public_members_url":"https://api.github.com/orgs/mergifyio-testing/public_members{/member}","avatar_url":"https://avatars.githubusercontent.com/u/40527191?v=4","description":"This
      account is for testing purpose of the workflow of the GitHub App @Mergifyio"},"sender":{"login":"mergify-test1","id":38494943,"node_id":"MDQ6VXNlcjM4NDk0OTQz","avatar_url":"https://avatars.githubusercontent.com/u/38494943?v=4","gravatar_id":"","url":"https://api.github.com/users/mergify-test1","html_url":"https://github.com/mergify-test1","followers_url":"https://api.github.com/users/mergify-test1/followers","following_url":"https://api.github.com/users/mergify-test1/following{/other_user}","gists_url":"https://api.github.com/users/mergify-test1/gists{/gist_id}","starred_url":"https://api.github.com/users/mergify-test1/starred{/owner}{/repo}","subscriptions_url":"https://api.github.com/users/mergify-test1/subscriptions","organizations_url":"https://api.github.com/users/mergify-test1/orgs","repos_url":"https://api.github.com/users/mergify-test1/repos","events_url":"https://api.github.com/users/mergify-test1/events{/privacy}","received_events_url":"https://api.github.com/users/mergify-test1/received_events","type":"User","site_admin":false},"installation":{"id":37100555,"node_id":"MDIzOkludGVncmF0aW9uSW5zdGFsbGF0aW9uMzcxMDA1NTU="}}}]'
    headers:
      Connection:
      - keep-alive
      Content-Length:
      - '11321'
      Content-Type:
      - application/json
    http_version: HTTP/1.1
    status_code: 200
- request:
    body: whatdataisthat
    headers:
      X-Hub-Signature:
      - <SIGNATURE>
      accept:
      - '*/*'
      content-length:
      - '14'
      host:
      - test-forwarder.mergify.com
    method: GET
    uri: https://test-forwarder.mergify.com/events/github.com/327815/635704693/20230524094209-test_invalid_action_option?counter=5
  response:
    content: '[{"id":"43597f24-fa17-11ed-8a57-18406d61d404","type":"push","payload":{"ref":"refs/heads/20230524094209/test_invalid_action_option/main","before":"0000000000000000000000000000000000000000","after":"71a6c7a942bfd83082817ed1da947fb3715875e0","repository":{"id":635704693,"node_id":"R_kgDOJeQVdQ","name":"functional-testing-repo-Kontrolix","full_name":"mergifyio-testing/functional-testing-repo-Kontrolix","private":false,"owner":{"name":"mergifyio-testing","email":null,"login":"mergifyio-testing","id":40527191,"node_id":"MDEyOk9yZ2FuaXphdGlvbjQwNTI3MTkx","avatar_url":"https://avatars.githubusercontent.com/u/40527191?v=4","gravatar_id":"","url":"https://api.github.com/users/mergifyio-testing","html_url":"https://github.com/mergifyio-testing","followers_url":"https://api.github.com/users/mergifyio-testing/followers","following_url":"https://api.github.com/users/mergifyio-testing/following{/other_user}","gists_url":"https://api.github.com/users/mergifyio-testing/gists{/gist_id}","starred_url":"https://api.github.com/users/mergifyio-testing/starred{/owner}{/repo}","subscriptions_url":"https://api.github.com/users/mergifyio-testing/subscriptions","organizations_url":"https://api.github.com/users/mergifyio-testing/orgs","repos_url":"https://api.github.com/users/mergifyio-testing/repos","events_url":"https://api.github.com/users/mergifyio-testing/events{/privacy}","received_events_url":"https://api.github.com/users/mergifyio-testing/received_events","type":"Organization","site_admin":false},"html_url":"https://github.com/mergifyio-testing/functional-testing-repo-Kontrolix","description":null,"fork":false,"url":"https://github.com/mergifyio-testing/functional-testing-repo-Kontrolix","forks_url":"https://api.github.com/repos/mergifyio-testing/functional-testing-repo-Kontrolix/forks","keys_url":"https://api.github.com/repos/mergifyio-testing/functional-testing-repo-Kontrolix/keys{/key_id}","collaborators_url":"https://api.github.com/repos/mergifyio-testing/functional-testing-repo-Kontrolix/collaborators{/collaborator}","teams_url":"https://api.github.com/repos/mergifyio-testing/functional-testing-repo-Kontrolix/teams","hooks_url":"https://api.github.com/repos/mergifyio-testing/functional-testing-repo-Kontrolix/hooks","issue_events_url":"https://api.github.com/repos/mergifyio-testing/functional-testing-repo-Kontrolix/issues/events{/number}","events_url":"https://api.github.com/repos/mergifyio-testing/functional-testing-repo-Kontrolix/events","assignees_url":"https://api.github.com/repos/mergifyio-testing/functional-testing-repo-Kontrolix/assignees{/user}","branches_url":"https://api.github.com/repos/mergifyio-testing/functional-testing-repo-Kontrolix/branches{/branch}","tags_url":"https://api.github.com/repos/mergifyio-testing/functional-testing-repo-Kontrolix/tags","blobs_url":"https://api.github.com/repos/mergifyio-testing/functional-testing-repo-Kontrolix/git/blobs{/sha}","git_tags_url":"https://api.github.com/repos/mergifyio-testing/functional-testing-repo-Kontrolix/git/tags{/sha}","git_refs_url":"https://api.github.com/repos/mergifyio-testing/functional-testing-repo-Kontrolix/git/refs{/sha}","trees_url":"https://api.github.com/repos/mergifyio-testing/functional-testing-repo-Kontrolix/git/trees{/sha}","statuses_url":"https://api.github.com/repos/mergifyio-testing/functional-testing-repo-Kontrolix/statuses/{sha}","languages_url":"https://api.github.com/repos/mergifyio-testing/functional-testing-repo-Kontrolix/languages","stargazers_url":"https://api.github.com/repos/mergifyio-testing/functional-testing-repo-Kontrolix/stargazers","contributors_url":"https://api.github.com/repos/mergifyio-testing/functional-testing-repo-Kontrolix/contributors","subscribers_url":"https://api.github.com/repos/mergifyio-testing/functional-testing-repo-Kontrolix/subscribers","subscription_url":"https://api.github.com/repos/mergifyio-testing/functional-testing-repo-Kontrolix/subscription","commits_url":"https://api.github.com/repos/mergifyio-testing/functional-testing-repo-Kontrolix/commits{/sha}","git_commits_url":"https://api.github.com/repos/mergifyio-testing/functional-testing-repo-Kontrolix/git/commits{/sha}","comments_url":"https://api.github.com/repos/mergifyio-testing/functional-testing-repo-Kontrolix/comments{/number}","issue_comment_url":"https://api.github.com/repos/mergifyio-testing/functional-testing-repo-Kontrolix/issues/comments{/number}","contents_url":"https://api.github.com/repos/mergifyio-testing/functional-testing-repo-Kontrolix/contents/{+path}","compare_url":"https://api.github.com/repos/mergifyio-testing/functional-testing-repo-Kontrolix/compare/{base}...{head}","merges_url":"https://api.github.com/repos/mergifyio-testing/functional-testing-repo-Kontrolix/merges","archive_url":"https://api.github.com/repos/mergifyio-testing/functional-testing-repo-Kontrolix/{archive_format}{/ref}","downloads_url":"https://api.github.com/repos/mergifyio-testing/functional-testing-repo-Kontrolix/downloads","issues_url":"https://api.github.com/repos/mergifyio-testing/functional-testing-repo-Kontrolix/issues{/number}","pulls_url":"https://api.github.com/repos/mergifyio-testing/functional-testing-repo-Kontrolix/pulls{/number}","milestones_url":"https://api.github.com/repos/mergifyio-testing/functional-testing-repo-Kontrolix/milestones{/number}","notifications_url":"https://api.github.com/repos/mergifyio-testing/functional-testing-repo-Kontrolix/notifications{?since,all,participating}","labels_url":"https://api.github.com/repos/mergifyio-testing/functional-testing-repo-Kontrolix/labels{/name}","releases_url":"https://api.github.com/repos/mergifyio-testing/functional-testing-repo-Kontrolix/releases{/id}","deployments_url":"https://api.github.com/repos/mergifyio-testing/functional-testing-repo-Kontrolix/deployments","created_at":1683105861,"updated_at":"2023-05-03T09:24:22Z","pushed_at":1684921333,"git_url":"git://github.com/mergifyio-testing/functional-testing-repo-Kontrolix.git","ssh_url":"git@github.com:mergifyio-testing/functional-testing-repo-Kontrolix.git","clone_url":"https://github.com/mergifyio-testing/functional-testing-repo-Kontrolix.git","svn_url":"https://github.com/mergifyio-testing/functional-testing-repo-Kontrolix","homepage":null,"size":54,"stargazers_count":0,"watchers_count":0,"language":null,"has_issues":true,"has_projects":true,"has_downloads":true,"has_wiki":true,"has_pages":false,"has_discussions":false,"forks_count":1,"mirror_url":null,"archived":false,"disabled":false,"open_issues_count":5,"license":null,"allow_forking":true,"is_template":false,"web_commit_signoff_required":false,"topics":[],"visibility":"public","forks":1,"open_issues":5,"watchers":0,"default_branch":"main","stargazers":0,"master_branch":"main","organization":"mergifyio-testing"},"pusher":{"name":"mergify-test1","email":"38494943+mergify-test1@users.noreply.github.com"},"organization":{"login":"mergifyio-testing","id":40527191,"node_id":"MDEyOk9yZ2FuaXphdGlvbjQwNTI3MTkx","url":"https://api.github.com/orgs/mergifyio-testing","repos_url":"https://api.github.com/orgs/mergifyio-testing/repos","events_url":"https://api.github.com/orgs/mergifyio-testing/events","hooks_url":"https://api.github.com/orgs/mergifyio-testing/hooks","issues_url":"https://api.github.com/orgs/mergifyio-testing/issues","members_url":"https://api.github.com/orgs/mergifyio-testing/members{/member}","public_members_url":"https://api.github.com/orgs/mergifyio-testing/public_members{/member}","avatar_url":"https://avatars.githubusercontent.com/u/40527191?v=4","description":"This
      account is for testing purpose of the workflow of the GitHub App @Mergifyio"},"sender":{"login":"mergify-test1","id":38494943,"node_id":"MDQ6VXNlcjM4NDk0OTQz","avatar_url":"https://avatars.githubusercontent.com/u/38494943?v=4","gravatar_id":"","url":"https://api.github.com/users/mergify-test1","html_url":"https://github.com/mergify-test1","followers_url":"https://api.github.com/users/mergify-test1/followers","following_url":"https://api.github.com/users/mergify-test1/following{/other_user}","gists_url":"https://api.github.com/users/mergify-test1/gists{/gist_id}","starred_url":"https://api.github.com/users/mergify-test1/starred{/owner}{/repo}","subscriptions_url":"https://api.github.com/users/mergify-test1/subscriptions","organizations_url":"https://api.github.com/users/mergify-test1/orgs","repos_url":"https://api.github.com/users/mergify-test1/repos","events_url":"https://api.github.com/users/mergify-test1/events{/privacy}","received_events_url":"https://api.github.com/users/mergify-test1/received_events","type":"User","site_admin":false},"installation":{"id":37100555,"node_id":"MDIzOkludGVncmF0aW9uSW5zdGFsbGF0aW9uMzcxMDA1NTU="},"created":true,"deleted":false,"forced":false,"base_ref":null,"compare":"https://github.com/mergifyio-testing/functional-testing-repo-Kontrolix/commit/71a6c7a942bf","commits":[{"id":"71a6c7a942bfd83082817ed1da947fb3715875e0","tree_id":"584f63e0d4a19287321f43686651558022595557","distinct":true,"message":"initial
      commit","timestamp":"2023-05-24T11:42:12+02:00","url":"https://github.com/mergifyio-testing/functional-testing-repo-Kontrolix/commit/71a6c7a942bfd83082817ed1da947fb3715875e0","author":{"name":"Mergify","email":"132445501+mergify-kontrolix[bot]@users.noreply.github.com","username":"mergify-kontrolix[bot]"},"committer":{"name":"Mergify","email":"132445501+mergify-kontrolix[bot]@users.noreply.github.com","username":"mergify-kontrolix[bot]"},"added":[".mergify.yml"],"removed":[],"modified":[]}],"head_commit":{"id":"71a6c7a942bfd83082817ed1da947fb3715875e0","tree_id":"584f63e0d4a19287321f43686651558022595557","distinct":true,"message":"initial
      commit","timestamp":"2023-05-24T11:42:12+02:00","url":"https://github.com/mergifyio-testing/functional-testing-repo-Kontrolix/commit/71a6c7a942bfd83082817ed1da947fb3715875e0","author":{"name":"Mergify","email":"132445501+mergify-kontrolix[bot]@users.noreply.github.com","username":"mergify-kontrolix[bot]"},"committer":{"name":"Mergify","email":"132445501+mergify-kontrolix[bot]@users.noreply.github.com","username":"mergify-kontrolix[bot]"},"added":[".mergify.yml"],"removed":[],"modified":[]}}}]'
    headers:
      Connection:
      - keep-alive
      Content-Length:
      - '10142'
      Content-Type:
      - application/json
    http_version: HTTP/1.1
    status_code: 200
- request:
    body: whatdataisthat
    headers:
      X-Hub-Signature:
      - <SIGNATURE>
      accept:
      - '*/*'
      content-length:
      - '14'
      host:
      - test-forwarder.mergify.com
    method: GET
    uri: https://test-forwarder.mergify.com/events/github.com/327815/635704693/20230524094209-test_invalid_action_option?counter=6
  response:
    content: '[]'
    headers:
      Connection:
      - keep-alive
      Content-Length:
      - '2'
      Content-Type:
      - application/json
    http_version: HTTP/1.1
    status_code: 200
- request:
    body: whatdataisthat
    headers:
      X-Hub-Signature:
      - <SIGNATURE>
      accept:
      - '*/*'
      content-length:
      - '14'
      host:
      - test-forwarder.mergify.com
    method: GET
    uri: https://test-forwarder.mergify.com/events/github.com/327815/635704693/20230524094209-test_invalid_action_option?counter=7
  response:
    content: '[]'
    headers:
      Connection:
      - keep-alive
      Content-Length:
      - '2'
      Content-Type:
      - application/json
    http_version: HTTP/1.1
    status_code: 200
- request:
    body: whatdataisthat
    headers:
      X-Hub-Signature:
      - <SIGNATURE>
      accept:
      - '*/*'
      content-length:
      - '14'
      host:
      - test-forwarder.mergify.com
    method: GET
    uri: https://test-forwarder.mergify.com/events/github.com/327815/635704693/20230524094209-test_invalid_action_option?counter=8
  response:
    content: '[]'
    headers:
      Connection:
      - keep-alive
      Content-Length:
      - '2'
      Content-Type:
      - application/json
    http_version: HTTP/1.1
    status_code: 200
- request:
    body: whatdataisthat
    headers:
      X-Hub-Signature:
      - <SIGNATURE>
      accept:
      - '*/*'
      content-length:
      - '14'
      host:
      - test-forwarder.mergify.com
    method: GET
    uri: https://test-forwarder.mergify.com/events/github.com/327815/635704693/20230524094209-test_invalid_action_option?counter=9
  response:
    content: '[]'
    headers:
      Connection:
      - keep-alive
      Content-Length:
      - '2'
      Content-Type:
      - application/json
    http_version: HTTP/1.1
    status_code: 200
- request:
    body: whatdataisthat
    headers:
      X-Hub-Signature:
      - <SIGNATURE>
      accept:
      - '*/*'
      content-length:
      - '14'
      host:
      - test-forwarder.mergify.com
    method: GET
    uri: https://test-forwarder.mergify.com/events/github.com/327815/635704693/20230524094209-test_invalid_action_option?counter=10
  response:
    content: '[{"id":"44e2cee0-fa17-11ed-8d2c-6f6e30337263","type":"check_suite","payload":{"action":"requested","check_suite":{"id":13112145420,"node_id":"CS_kwDOJeQVdc8AAAADDYt2DA","head_branch":"20230524094209/test_invalid_action_option/integration/pr1","head_sha":"afc6c0088cd6015732fddb474e7a75cc9812fc84","status":"queued","conclusion":null,"url":"https://api.github.com/repos/mergifyio-testing/functional-testing-repo-Kontrolix/check-suites/13112145420","before":"0000000000000000000000000000000000000000","after":"afc6c0088cd6015732fddb474e7a75cc9812fc84","pull_requests":[],"app":{"id":327815,"slug":"mergify-kontrolix","node_id":"A_kwHOAmplV84ABQCH","owner":{"login":"mergifyio-testing","id":40527191,"node_id":"MDEyOk9yZ2FuaXphdGlvbjQwNTI3MTkx","avatar_url":"https://avatars.githubusercontent.com/u/40527191?v=4","gravatar_id":"","url":"https://api.github.com/users/mergifyio-testing","html_url":"https://github.com/mergifyio-testing","followers_url":"https://api.github.com/users/mergifyio-testing/followers","following_url":"https://api.github.com/users/mergifyio-testing/following{/other_user}","gists_url":"https://api.github.com/users/mergifyio-testing/gists{/gist_id}","starred_url":"https://api.github.com/users/mergifyio-testing/starred{/owner}{/repo}","subscriptions_url":"https://api.github.com/users/mergifyio-testing/subscriptions","organizations_url":"https://api.github.com/users/mergifyio-testing/orgs","repos_url":"https://api.github.com/users/mergifyio-testing/repos","events_url":"https://api.github.com/users/mergifyio-testing/events{/privacy}","received_events_url":"https://api.github.com/users/mergifyio-testing/received_events","type":"Organization","site_admin":false},"name":"mergify-Kontrolix","description":"Mergify
      testing installation for Kontrolix","external_url":"https://mergify.com/","html_url":"https://github.com/apps/mergify-kontrolix","created_at":"2023-05-03T09:24:33Z","updated_at":"2023-05-03T09:24:33Z","permissions":{"administration":"read","checks":"write","contents":"write","emails":"read","issues":"write","members":"read","metadata":"read","pages":"write","pull_requests":"write","statuses":"write","workflows":"write"},"events":["check_run","check_suite","issue_comment","member","membership","organization","pull_request","pull_request_review","pull_request_review_comment","pull_request_review_thread","push","repository","status","team","team_add"]},"created_at":"2023-05-24T09:42:16Z","updated_at":"2023-05-24T09:42:16Z","rerequestable":true,"runs_rerequestable":true,"latest_check_runs_count":0,"check_runs_url":"https://api.github.com/repos/mergifyio-testing/functional-testing-repo-Kontrolix/check-suites/13112145420/check-runs","head_commit":{"id":"afc6c0088cd6015732fddb474e7a75cc9812fc84","tree_id":"60b507a65658326b04635af9559f8ea6d178eb4b","message":"test_invalid_action_option:
      pull request n1 from integration","timestamp":"2023-05-24T09:42:14Z","author":{"name":"Mergify","email":"132445501+mergify-kontrolix[bot]@users.noreply.github.com"},"committer":{"name":"Mergify","email":"132445501+mergify-kontrolix[bot]@users.noreply.github.com"}}},"repository":{"id":635704693,"node_id":"R_kgDOJeQVdQ","name":"functional-testing-repo-Kontrolix","full_name":"mergifyio-testing/functional-testing-repo-Kontrolix","private":false,"owner":{"login":"mergifyio-testing","id":40527191,"node_id":"MDEyOk9yZ2FuaXphdGlvbjQwNTI3MTkx","avatar_url":"https://avatars.githubusercontent.com/u/40527191?v=4","gravatar_id":"","url":"https://api.github.com/users/mergifyio-testing","html_url":"https://github.com/mergifyio-testing","followers_url":"https://api.github.com/users/mergifyio-testing/followers","following_url":"https://api.github.com/users/mergifyio-testing/following{/other_user}","gists_url":"https://api.github.com/users/mergifyio-testing/gists{/gist_id}","starred_url":"https://api.github.com/users/mergifyio-testing/starred{/owner}{/repo}","subscriptions_url":"https://api.github.com/users/mergifyio-testing/subscriptions","organizations_url":"https://api.github.com/users/mergifyio-testing/orgs","repos_url":"https://api.github.com/users/mergifyio-testing/repos","events_url":"https://api.github.com/users/mergifyio-testing/events{/privacy}","received_events_url":"https://api.github.com/users/mergifyio-testing/received_events","type":"Organization","site_admin":false},"html_url":"https://github.com/mergifyio-testing/functional-testing-repo-Kontrolix","description":null,"fork":false,"url":"https://api.github.com/repos/mergifyio-testing/functional-testing-repo-Kontrolix","forks_url":"https://api.github.com/repos/mergifyio-testing/functional-testing-repo-Kontrolix/forks","keys_url":"https://api.github.com/repos/mergifyio-testing/functional-testing-repo-Kontrolix/keys{/key_id}","collaborators_url":"https://api.github.com/repos/mergifyio-testing/functional-testing-repo-Kontrolix/collaborators{/collaborator}","teams_url":"https://api.github.com/repos/mergifyio-testing/functional-testing-repo-Kontrolix/teams","hooks_url":"https://api.github.com/repos/mergifyio-testing/functional-testing-repo-Kontrolix/hooks","issue_events_url":"https://api.github.com/repos/mergifyio-testing/functional-testing-repo-Kontrolix/issues/events{/number}","events_url":"https://api.github.com/repos/mergifyio-testing/functional-testing-repo-Kontrolix/events","assignees_url":"https://api.github.com/repos/mergifyio-testing/functional-testing-repo-Kontrolix/assignees{/user}","branches_url":"https://api.github.com/repos/mergifyio-testing/functional-testing-repo-Kontrolix/branches{/branch}","tags_url":"https://api.github.com/repos/mergifyio-testing/functional-testing-repo-Kontrolix/tags","blobs_url":"https://api.github.com/repos/mergifyio-testing/functional-testing-repo-Kontrolix/git/blobs{/sha}","git_tags_url":"https://api.github.com/repos/mergifyio-testing/functional-testing-repo-Kontrolix/git/tags{/sha}","git_refs_url":"https://api.github.com/repos/mergifyio-testing/functional-testing-repo-Kontrolix/git/refs{/sha}","trees_url":"https://api.github.com/repos/mergifyio-testing/functional-testing-repo-Kontrolix/git/trees{/sha}","statuses_url":"https://api.github.com/repos/mergifyio-testing/functional-testing-repo-Kontrolix/statuses/{sha}","languages_url":"https://api.github.com/repos/mergifyio-testing/functional-testing-repo-Kontrolix/languages","stargazers_url":"https://api.github.com/repos/mergifyio-testing/functional-testing-repo-Kontrolix/stargazers","contributors_url":"https://api.github.com/repos/mergifyio-testing/functional-testing-repo-Kontrolix/contributors","subscribers_url":"https://api.github.com/repos/mergifyio-testing/functional-testing-repo-Kontrolix/subscribers","subscription_url":"https://api.github.com/repos/mergifyio-testing/functional-testing-repo-Kontrolix/subscription","commits_url":"https://api.github.com/repos/mergifyio-testing/functional-testing-repo-Kontrolix/commits{/sha}","git_commits_url":"https://api.github.com/repos/mergifyio-testing/functional-testing-repo-Kontrolix/git/commits{/sha}","comments_url":"https://api.github.com/repos/mergifyio-testing/functional-testing-repo-Kontrolix/comments{/number}","issue_comment_url":"https://api.github.com/repos/mergifyio-testing/functional-testing-repo-Kontrolix/issues/comments{/number}","contents_url":"https://api.github.com/repos/mergifyio-testing/functional-testing-repo-Kontrolix/contents/{+path}","compare_url":"https://api.github.com/repos/mergifyio-testing/functional-testing-repo-Kontrolix/compare/{base}...{head}","merges_url":"https://api.github.com/repos/mergifyio-testing/functional-testing-repo-Kontrolix/merges","archive_url":"https://api.github.com/repos/mergifyio-testing/functional-testing-repo-Kontrolix/{archive_format}{/ref}","downloads_url":"https://api.github.com/repos/mergifyio-testing/functional-testing-repo-Kontrolix/downloads","issues_url":"https://api.github.com/repos/mergifyio-testing/functional-testing-repo-Kontrolix/issues{/number}","pulls_url":"https://api.github.com/repos/mergifyio-testing/functional-testing-repo-Kontrolix/pulls{/number}","milestones_url":"https://api.github.com/repos/mergifyio-testing/functional-testing-repo-Kontrolix/milestones{/number}","notifications_url":"https://api.github.com/repos/mergifyio-testing/functional-testing-repo-Kontrolix/notifications{?since,all,participating}","labels_url":"https://api.github.com/repos/mergifyio-testing/functional-testing-repo-Kontrolix/labels{/name}","releases_url":"https://api.github.com/repos/mergifyio-testing/functional-testing-repo-Kontrolix/releases{/id}","deployments_url":"https://api.github.com/repos/mergifyio-testing/functional-testing-repo-Kontrolix/deployments","created_at":"2023-05-03T09:24:21Z","updated_at":"2023-05-03T09:24:22Z","pushed_at":"2023-05-24T09:42:15Z","git_url":"git://github.com/mergifyio-testing/functional-testing-repo-Kontrolix.git","ssh_url":"git@github.com:mergifyio-testing/functional-testing-repo-Kontrolix.git","clone_url":"https://github.com/mergifyio-testing/functional-testing-repo-Kontrolix.git","svn_url":"https://github.com/mergifyio-testing/functional-testing-repo-Kontrolix","homepage":null,"size":54,"stargazers_count":0,"watchers_count":0,"language":null,"has_issues":true,"has_projects":true,"has_downloads":true,"has_wiki":true,"has_pages":false,"has_discussions":false,"forks_count":1,"mirror_url":null,"archived":false,"disabled":false,"open_issues_count":5,"license":null,"allow_forking":true,"is_template":false,"web_commit_signoff_required":false,"topics":[],"visibility":"public","forks":1,"open_issues":5,"watchers":0,"default_branch":"main"},"organization":{"login":"mergifyio-testing","id":40527191,"node_id":"MDEyOk9yZ2FuaXphdGlvbjQwNTI3MTkx","url":"https://api.github.com/orgs/mergifyio-testing","repos_url":"https://api.github.com/orgs/mergifyio-testing/repos","events_url":"https://api.github.com/orgs/mergifyio-testing/events","hooks_url":"https://api.github.com/orgs/mergifyio-testing/hooks","issues_url":"https://api.github.com/orgs/mergifyio-testing/issues","members_url":"https://api.github.com/orgs/mergifyio-testing/members{/member}","public_members_url":"https://api.github.com/orgs/mergifyio-testing/public_members{/member}","avatar_url":"https://avatars.githubusercontent.com/u/40527191?v=4","description":"This
      account is for testing purpose of the workflow of the GitHub App @Mergifyio"},"sender":{"login":"mergify-test1","id":38494943,"node_id":"MDQ6VXNlcjM4NDk0OTQz","avatar_url":"https://avatars.githubusercontent.com/u/38494943?v=4","gravatar_id":"","url":"https://api.github.com/users/mergify-test1","html_url":"https://github.com/mergify-test1","followers_url":"https://api.github.com/users/mergify-test1/followers","following_url":"https://api.github.com/users/mergify-test1/following{/other_user}","gists_url":"https://api.github.com/users/mergify-test1/gists{/gist_id}","starred_url":"https://api.github.com/users/mergify-test1/starred{/owner}{/repo}","subscriptions_url":"https://api.github.com/users/mergify-test1/subscriptions","organizations_url":"https://api.github.com/users/mergify-test1/orgs","repos_url":"https://api.github.com/users/mergify-test1/repos","events_url":"https://api.github.com/users/mergify-test1/events{/privacy}","received_events_url":"https://api.github.com/users/mergify-test1/received_events","type":"User","site_admin":false},"installation":{"id":37100555,"node_id":"MDIzOkludGVncmF0aW9uSW5zdGFsbGF0aW9uMzcxMDA1NTU="}}}]'
    headers:
      Connection:
      - keep-alive
      Content-Length:
      - '11378'
      Content-Type:
      - application/json
    http_version: HTTP/1.1
    status_code: 200
- request:
    body: whatdataisthat
    headers:
      X-Hub-Signature:
      - <SIGNATURE>
      accept:
      - '*/*'
      content-length:
      - '14'
      host:
      - test-forwarder.mergify.com
    method: GET
    uri: https://test-forwarder.mergify.com/events/github.com/327815/635704693/20230524094209-test_invalid_action_option?counter=11
  response:
    content: '[{"id":"44f8786c-fa17-11ed-8f19-803e2b839897","type":"push","payload":{"ref":"refs/heads/20230524094209/test_invalid_action_option/integration/pr1","before":"0000000000000000000000000000000000000000","after":"afc6c0088cd6015732fddb474e7a75cc9812fc84","repository":{"id":635704693,"node_id":"R_kgDOJeQVdQ","name":"functional-testing-repo-Kontrolix","full_name":"mergifyio-testing/functional-testing-repo-Kontrolix","private":false,"owner":{"name":"mergifyio-testing","email":null,"login":"mergifyio-testing","id":40527191,"node_id":"MDEyOk9yZ2FuaXphdGlvbjQwNTI3MTkx","avatar_url":"https://avatars.githubusercontent.com/u/40527191?v=4","gravatar_id":"","url":"https://api.github.com/users/mergifyio-testing","html_url":"https://github.com/mergifyio-testing","followers_url":"https://api.github.com/users/mergifyio-testing/followers","following_url":"https://api.github.com/users/mergifyio-testing/following{/other_user}","gists_url":"https://api.github.com/users/mergifyio-testing/gists{/gist_id}","starred_url":"https://api.github.com/users/mergifyio-testing/starred{/owner}{/repo}","subscriptions_url":"https://api.github.com/users/mergifyio-testing/subscriptions","organizations_url":"https://api.github.com/users/mergifyio-testing/orgs","repos_url":"https://api.github.com/users/mergifyio-testing/repos","events_url":"https://api.github.com/users/mergifyio-testing/events{/privacy}","received_events_url":"https://api.github.com/users/mergifyio-testing/received_events","type":"Organization","site_admin":false},"html_url":"https://github.com/mergifyio-testing/functional-testing-repo-Kontrolix","description":null,"fork":false,"url":"https://github.com/mergifyio-testing/functional-testing-repo-Kontrolix","forks_url":"https://api.github.com/repos/mergifyio-testing/functional-testing-repo-Kontrolix/forks","keys_url":"https://api.github.com/repos/mergifyio-testing/functional-testing-repo-Kontrolix/keys{/key_id}","collaborators_url":"https://api.github.com/repos/mergifyio-testing/functional-testing-repo-Kontrolix/collaborators{/collaborator}","teams_url":"https://api.github.com/repos/mergifyio-testing/functional-testing-repo-Kontrolix/teams","hooks_url":"https://api.github.com/repos/mergifyio-testing/functional-testing-repo-Kontrolix/hooks","issue_events_url":"https://api.github.com/repos/mergifyio-testing/functional-testing-repo-Kontrolix/issues/events{/number}","events_url":"https://api.github.com/repos/mergifyio-testing/functional-testing-repo-Kontrolix/events","assignees_url":"https://api.github.com/repos/mergifyio-testing/functional-testing-repo-Kontrolix/assignees{/user}","branches_url":"https://api.github.com/repos/mergifyio-testing/functional-testing-repo-Kontrolix/branches{/branch}","tags_url":"https://api.github.com/repos/mergifyio-testing/functional-testing-repo-Kontrolix/tags","blobs_url":"https://api.github.com/repos/mergifyio-testing/functional-testing-repo-Kontrolix/git/blobs{/sha}","git_tags_url":"https://api.github.com/repos/mergifyio-testing/functional-testing-repo-Kontrolix/git/tags{/sha}","git_refs_url":"https://api.github.com/repos/mergifyio-testing/functional-testing-repo-Kontrolix/git/refs{/sha}","trees_url":"https://api.github.com/repos/mergifyio-testing/functional-testing-repo-Kontrolix/git/trees{/sha}","statuses_url":"https://api.github.com/repos/mergifyio-testing/functional-testing-repo-Kontrolix/statuses/{sha}","languages_url":"https://api.github.com/repos/mergifyio-testing/functional-testing-repo-Kontrolix/languages","stargazers_url":"https://api.github.com/repos/mergifyio-testing/functional-testing-repo-Kontrolix/stargazers","contributors_url":"https://api.github.com/repos/mergifyio-testing/functional-testing-repo-Kontrolix/contributors","subscribers_url":"https://api.github.com/repos/mergifyio-testing/functional-testing-repo-Kontrolix/subscribers","subscription_url":"https://api.github.com/repos/mergifyio-testing/functional-testing-repo-Kontrolix/subscription","commits_url":"https://api.github.com/repos/mergifyio-testing/functional-testing-repo-Kontrolix/commits{/sha}","git_commits_url":"https://api.github.com/repos/mergifyio-testing/functional-testing-repo-Kontrolix/git/commits{/sha}","comments_url":"https://api.github.com/repos/mergifyio-testing/functional-testing-repo-Kontrolix/comments{/number}","issue_comment_url":"https://api.github.com/repos/mergifyio-testing/functional-testing-repo-Kontrolix/issues/comments{/number}","contents_url":"https://api.github.com/repos/mergifyio-testing/functional-testing-repo-Kontrolix/contents/{+path}","compare_url":"https://api.github.com/repos/mergifyio-testing/functional-testing-repo-Kontrolix/compare/{base}...{head}","merges_url":"https://api.github.com/repos/mergifyio-testing/functional-testing-repo-Kontrolix/merges","archive_url":"https://api.github.com/repos/mergifyio-testing/functional-testing-repo-Kontrolix/{archive_format}{/ref}","downloads_url":"https://api.github.com/repos/mergifyio-testing/functional-testing-repo-Kontrolix/downloads","issues_url":"https://api.github.com/repos/mergifyio-testing/functional-testing-repo-Kontrolix/issues{/number}","pulls_url":"https://api.github.com/repos/mergifyio-testing/functional-testing-repo-Kontrolix/pulls{/number}","milestones_url":"https://api.github.com/repos/mergifyio-testing/functional-testing-repo-Kontrolix/milestones{/number}","notifications_url":"https://api.github.com/repos/mergifyio-testing/functional-testing-repo-Kontrolix/notifications{?since,all,participating}","labels_url":"https://api.github.com/repos/mergifyio-testing/functional-testing-repo-Kontrolix/labels{/name}","releases_url":"https://api.github.com/repos/mergifyio-testing/functional-testing-repo-Kontrolix/releases{/id}","deployments_url":"https://api.github.com/repos/mergifyio-testing/functional-testing-repo-Kontrolix/deployments","created_at":1683105861,"updated_at":"2023-05-03T09:24:22Z","pushed_at":1684921335,"git_url":"git://github.com/mergifyio-testing/functional-testing-repo-Kontrolix.git","ssh_url":"git@github.com:mergifyio-testing/functional-testing-repo-Kontrolix.git","clone_url":"https://github.com/mergifyio-testing/functional-testing-repo-Kontrolix.git","svn_url":"https://github.com/mergifyio-testing/functional-testing-repo-Kontrolix","homepage":null,"size":54,"stargazers_count":0,"watchers_count":0,"language":null,"has_issues":true,"has_projects":true,"has_downloads":true,"has_wiki":true,"has_pages":false,"has_discussions":false,"forks_count":1,"mirror_url":null,"archived":false,"disabled":false,"open_issues_count":5,"license":null,"allow_forking":true,"is_template":false,"web_commit_signoff_required":false,"topics":[],"visibility":"public","forks":1,"open_issues":5,"watchers":0,"default_branch":"main","stargazers":0,"master_branch":"main","organization":"mergifyio-testing"},"pusher":{"name":"mergify-test1","email":"38494943+mergify-test1@users.noreply.github.com"},"organization":{"login":"mergifyio-testing","id":40527191,"node_id":"MDEyOk9yZ2FuaXphdGlvbjQwNTI3MTkx","url":"https://api.github.com/orgs/mergifyio-testing","repos_url":"https://api.github.com/orgs/mergifyio-testing/repos","events_url":"https://api.github.com/orgs/mergifyio-testing/events","hooks_url":"https://api.github.com/orgs/mergifyio-testing/hooks","issues_url":"https://api.github.com/orgs/mergifyio-testing/issues","members_url":"https://api.github.com/orgs/mergifyio-testing/members{/member}","public_members_url":"https://api.github.com/orgs/mergifyio-testing/public_members{/member}","avatar_url":"https://avatars.githubusercontent.com/u/40527191?v=4","description":"This
      account is for testing purpose of the workflow of the GitHub App @Mergifyio"},"sender":{"login":"mergify-test1","id":38494943,"node_id":"MDQ6VXNlcjM4NDk0OTQz","avatar_url":"https://avatars.githubusercontent.com/u/38494943?v=4","gravatar_id":"","url":"https://api.github.com/users/mergify-test1","html_url":"https://github.com/mergify-test1","followers_url":"https://api.github.com/users/mergify-test1/followers","following_url":"https://api.github.com/users/mergify-test1/following{/other_user}","gists_url":"https://api.github.com/users/mergify-test1/gists{/gist_id}","starred_url":"https://api.github.com/users/mergify-test1/starred{/owner}{/repo}","subscriptions_url":"https://api.github.com/users/mergify-test1/subscriptions","organizations_url":"https://api.github.com/users/mergify-test1/orgs","repos_url":"https://api.github.com/users/mergify-test1/repos","events_url":"https://api.github.com/users/mergify-test1/events{/privacy}","received_events_url":"https://api.github.com/users/mergify-test1/received_events","type":"User","site_admin":false},"installation":{"id":37100555,"node_id":"MDIzOkludGVncmF0aW9uSW5zdGFsbGF0aW9uMzcxMDA1NTU="},"created":true,"deleted":false,"forced":false,"base_ref":null,"compare":"https://github.com/mergifyio-testing/functional-testing-repo-Kontrolix/commit/afc6c0088cd6","commits":[{"id":"afc6c0088cd6015732fddb474e7a75cc9812fc84","tree_id":"60b507a65658326b04635af9559f8ea6d178eb4b","distinct":true,"message":"test_invalid_action_option:
      pull request n1 from integration","timestamp":"2023-05-24T11:42:14+02:00","url":"https://github.com/mergifyio-testing/functional-testing-repo-Kontrolix/commit/afc6c0088cd6015732fddb474e7a75cc9812fc84","author":{"name":"Mergify","email":"132445501+mergify-kontrolix[bot]@users.noreply.github.com","username":"mergify-kontrolix[bot]"},"committer":{"name":"Mergify","email":"132445501+mergify-kontrolix[bot]@users.noreply.github.com","username":"mergify-kontrolix[bot]"},"added":["test1"],"removed":[],"modified":[]}],"head_commit":{"id":"afc6c0088cd6015732fddb474e7a75cc9812fc84","tree_id":"60b507a65658326b04635af9559f8ea6d178eb4b","distinct":true,"message":"test_invalid_action_option:
      pull request n1 from integration","timestamp":"2023-05-24T11:42:14+02:00","url":"https://github.com/mergifyio-testing/functional-testing-repo-Kontrolix/commit/afc6c0088cd6015732fddb474e7a75cc9812fc84","author":{"name":"Mergify","email":"132445501+mergify-kontrolix[bot]@users.noreply.github.com","username":"mergify-kontrolix[bot]"},"committer":{"name":"Mergify","email":"132445501+mergify-kontrolix[bot]@users.noreply.github.com","username":"mergify-kontrolix[bot]"},"added":["test1"],"removed":[],"modified":[]}}}]'
    headers:
      Connection:
      - keep-alive
      Content-Length:
      - '10231'
      Content-Type:
      - application/json
    http_version: HTTP/1.1
    status_code: 200
- request:
    body: '{"base": "20230524094209/test_invalid_action_option/main", "head": "mergifyio-testing:20230524094209/test_invalid_action_option/integration/pr1",
      "title": "test_invalid_action_option: pull request n1 from integration", "body":
      "test_invalid_action_option: pull request n1 from integration", "draft": false}'
    headers:
      accept:
      - application/vnd.github.machine-man-preview+json
      content-length:
      - '306'
      content-type:
      - application/json
      host:
      - api.github.com
    method: POST
    uri: https://api.github.com/repos/mergifyio-testing/functional-testing-repo-Kontrolix/pulls
  response:
    content: '{"url":"https://api.github.com/repos/mergifyio-testing/functional-testing-repo-Kontrolix/pulls/544","id":1362755392,"node_id":"PR_kwDOJeQVdc5ROf9A","html_url":"https://github.com/mergifyio-testing/functional-testing-repo-Kontrolix/pull/544","diff_url":"https://github.com/mergifyio-testing/functional-testing-repo-Kontrolix/pull/544.diff","patch_url":"https://github.com/mergifyio-testing/functional-testing-repo-Kontrolix/pull/544.patch","issue_url":"https://api.github.com/repos/mergifyio-testing/functional-testing-repo-Kontrolix/issues/544","number":544,"state":"open","locked":false,"title":"test_invalid_action_option:
      pull request n1 from integration","user":{"login":"mergify-kontrolix[bot]","id":132445501,"node_id":"BOT_kgDOB-T1PQ","avatar_url":"https://avatars.githubusercontent.com/u/40527191?v=4","gravatar_id":"","url":"https://api.github.com/users/mergify-kontrolix%5Bbot%5D","html_url":"https://github.com/apps/mergify-kontrolix","followers_url":"https://api.github.com/users/mergify-kontrolix%5Bbot%5D/followers","following_url":"https://api.github.com/users/mergify-kontrolix%5Bbot%5D/following{/other_user}","gists_url":"https://api.github.com/users/mergify-kontrolix%5Bbot%5D/gists{/gist_id}","starred_url":"https://api.github.com/users/mergify-kontrolix%5Bbot%5D/starred{/owner}{/repo}","subscriptions_url":"https://api.github.com/users/mergify-kontrolix%5Bbot%5D/subscriptions","organizations_url":"https://api.github.com/users/mergify-kontrolix%5Bbot%5D/orgs","repos_url":"https://api.github.com/users/mergify-kontrolix%5Bbot%5D/repos","events_url":"https://api.github.com/users/mergify-kontrolix%5Bbot%5D/events{/privacy}","received_events_url":"https://api.github.com/users/mergify-kontrolix%5Bbot%5D/received_events","type":"Bot","site_admin":false},"body":"test_invalid_action_option:
      pull request n1 from integration","created_at":"2023-05-24T09:42:31Z","updated_at":"2023-05-24T09:42:31Z","closed_at":null,"merged_at":null,"merge_commit_sha":null,"assignee":null,"assignees":[],"requested_reviewers":[],"requested_teams":[],"labels":[],"milestone":null,"draft":false,"commits_url":"https://api.github.com/repos/mergifyio-testing/functional-testing-repo-Kontrolix/pulls/544/commits","review_comments_url":"https://api.github.com/repos/mergifyio-testing/functional-testing-repo-Kontrolix/pulls/544/comments","review_comment_url":"https://api.github.com/repos/mergifyio-testing/functional-testing-repo-Kontrolix/pulls/comments{/number}","comments_url":"https://api.github.com/repos/mergifyio-testing/functional-testing-repo-Kontrolix/issues/544/comments","statuses_url":"https://api.github.com/repos/mergifyio-testing/functional-testing-repo-Kontrolix/statuses/afc6c0088cd6015732fddb474e7a75cc9812fc84","head":{"label":"mergifyio-testing:20230524094209/test_invalid_action_option/integration/pr1","ref":"20230524094209/test_invalid_action_option/integration/pr1","sha":"afc6c0088cd6015732fddb474e7a75cc9812fc84","user":{"login":"mergifyio-testing","id":40527191,"node_id":"MDEyOk9yZ2FuaXphdGlvbjQwNTI3MTkx","avatar_url":"https://avatars.githubusercontent.com/u/40527191?v=4","gravatar_id":"","url":"https://api.github.com/users/mergifyio-testing","html_url":"https://github.com/mergifyio-testing","followers_url":"https://api.github.com/users/mergifyio-testing/followers","following_url":"https://api.github.com/users/mergifyio-testing/following{/other_user}","gists_url":"https://api.github.com/users/mergifyio-testing/gists{/gist_id}","starred_url":"https://api.github.com/users/mergifyio-testing/starred{/owner}{/repo}","subscriptions_url":"https://api.github.com/users/mergifyio-testing/subscriptions","organizations_url":"https://api.github.com/users/mergifyio-testing/orgs","repos_url":"https://api.github.com/users/mergifyio-testing/repos","events_url":"https://api.github.com/users/mergifyio-testing/events{/privacy}","received_events_url":"https://api.github.com/users/mergifyio-testing/received_events","type":"Organization","site_admin":false},"repo":{"id":635704693,"node_id":"R_kgDOJeQVdQ","name":"functional-testing-repo-Kontrolix","full_name":"mergifyio-testing/functional-testing-repo-Kontrolix","private":false,"owner":{"login":"mergifyio-testing","id":40527191,"node_id":"MDEyOk9yZ2FuaXphdGlvbjQwNTI3MTkx","avatar_url":"https://avatars.githubusercontent.com/u/40527191?v=4","gravatar_id":"","url":"https://api.github.com/users/mergifyio-testing","html_url":"https://github.com/mergifyio-testing","followers_url":"https://api.github.com/users/mergifyio-testing/followers","following_url":"https://api.github.com/users/mergifyio-testing/following{/other_user}","gists_url":"https://api.github.com/users/mergifyio-testing/gists{/gist_id}","starred_url":"https://api.github.com/users/mergifyio-testing/starred{/owner}{/repo}","subscriptions_url":"https://api.github.com/users/mergifyio-testing/subscriptions","organizations_url":"https://api.github.com/users/mergifyio-testing/orgs","repos_url":"https://api.github.com/users/mergifyio-testing/repos","events_url":"https://api.github.com/users/mergifyio-testing/events{/privacy}","received_events_url":"https://api.github.com/users/mergifyio-testing/received_events","type":"Organization","site_admin":false},"html_url":"https://github.com/mergifyio-testing/functional-testing-repo-Kontrolix","description":null,"fork":false,"url":"https://api.github.com/repos/mergifyio-testing/functional-testing-repo-Kontrolix","forks_url":"https://api.github.com/repos/mergifyio-testing/functional-testing-repo-Kontrolix/forks","keys_url":"https://api.github.com/repos/mergifyio-testing/functional-testing-repo-Kontrolix/keys{/key_id}","collaborators_url":"https://api.github.com/repos/mergifyio-testing/functional-testing-repo-Kontrolix/collaborators{/collaborator}","teams_url":"https://api.github.com/repos/mergifyio-testing/functional-testing-repo-Kontrolix/teams","hooks_url":"https://api.github.com/repos/mergifyio-testing/functional-testing-repo-Kontrolix/hooks","issue_events_url":"https://api.github.com/repos/mergifyio-testing/functional-testing-repo-Kontrolix/issues/events{/number}","events_url":"https://api.github.com/repos/mergifyio-testing/functional-testing-repo-Kontrolix/events","assignees_url":"https://api.github.com/repos/mergifyio-testing/functional-testing-repo-Kontrolix/assignees{/user}","branches_url":"https://api.github.com/repos/mergifyio-testing/functional-testing-repo-Kontrolix/branches{/branch}","tags_url":"https://api.github.com/repos/mergifyio-testing/functional-testing-repo-Kontrolix/tags","blobs_url":"https://api.github.com/repos/mergifyio-testing/functional-testing-repo-Kontrolix/git/blobs{/sha}","git_tags_url":"https://api.github.com/repos/mergifyio-testing/functional-testing-repo-Kontrolix/git/tags{/sha}","git_refs_url":"https://api.github.com/repos/mergifyio-testing/functional-testing-repo-Kontrolix/git/refs{/sha}","trees_url":"https://api.github.com/repos/mergifyio-testing/functional-testing-repo-Kontrolix/git/trees{/sha}","statuses_url":"https://api.github.com/repos/mergifyio-testing/functional-testing-repo-Kontrolix/statuses/{sha}","languages_url":"https://api.github.com/repos/mergifyio-testing/functional-testing-repo-Kontrolix/languages","stargazers_url":"https://api.github.com/repos/mergifyio-testing/functional-testing-repo-Kontrolix/stargazers","contributors_url":"https://api.github.com/repos/mergifyio-testing/functional-testing-repo-Kontrolix/contributors","subscribers_url":"https://api.github.com/repos/mergifyio-testing/functional-testing-repo-Kontrolix/subscribers","subscription_url":"https://api.github.com/repos/mergifyio-testing/functional-testing-repo-Kontrolix/subscription","commits_url":"https://api.github.com/repos/mergifyio-testing/functional-testing-repo-Kontrolix/commits{/sha}","git_commits_url":"https://api.github.com/repos/mergifyio-testing/functional-testing-repo-Kontrolix/git/commits{/sha}","comments_url":"https://api.github.com/repos/mergifyio-testing/functional-testing-repo-Kontrolix/comments{/number}","issue_comment_url":"https://api.github.com/repos/mergifyio-testing/functional-testing-repo-Kontrolix/issues/comments{/number}","contents_url":"https://api.github.com/repos/mergifyio-testing/functional-testing-repo-Kontrolix/contents/{+path}","compare_url":"https://api.github.com/repos/mergifyio-testing/functional-testing-repo-Kontrolix/compare/{base}...{head}","merges_url":"https://api.github.com/repos/mergifyio-testing/functional-testing-repo-Kontrolix/merges","archive_url":"https://api.github.com/repos/mergifyio-testing/functional-testing-repo-Kontrolix/{archive_format}{/ref}","downloads_url":"https://api.github.com/repos/mergifyio-testing/functional-testing-repo-Kontrolix/downloads","issues_url":"https://api.github.com/repos/mergifyio-testing/functional-testing-repo-Kontrolix/issues{/number}","pulls_url":"https://api.github.com/repos/mergifyio-testing/functional-testing-repo-Kontrolix/pulls{/number}","milestones_url":"https://api.github.com/repos/mergifyio-testing/functional-testing-repo-Kontrolix/milestones{/number}","notifications_url":"https://api.github.com/repos/mergifyio-testing/functional-testing-repo-Kontrolix/notifications{?since,all,participating}","labels_url":"https://api.github.com/repos/mergifyio-testing/functional-testing-repo-Kontrolix/labels{/name}","releases_url":"https://api.github.com/repos/mergifyio-testing/functional-testing-repo-Kontrolix/releases{/id}","deployments_url":"https://api.github.com/repos/mergifyio-testing/functional-testing-repo-Kontrolix/deployments","created_at":"2023-05-03T09:24:21Z","updated_at":"2023-05-03T09:24:22Z","pushed_at":"2023-05-24T09:42:27Z","git_url":"git://github.com/mergifyio-testing/functional-testing-repo-Kontrolix.git","ssh_url":"git@github.com:mergifyio-testing/functional-testing-repo-Kontrolix.git","clone_url":"https://github.com/mergifyio-testing/functional-testing-repo-Kontrolix.git","svn_url":"https://github.com/mergifyio-testing/functional-testing-repo-Kontrolix","homepage":null,"size":54,"stargazers_count":0,"watchers_count":0,"language":null,"has_issues":true,"has_projects":true,"has_downloads":true,"has_wiki":true,"has_pages":false,"has_discussions":false,"forks_count":1,"mirror_url":null,"archived":false,"disabled":false,"open_issues_count":11,"license":null,"allow_forking":true,"is_template":false,"web_commit_signoff_required":false,"topics":[],"visibility":"public","forks":1,"open_issues":11,"watchers":0,"default_branch":"main"}},"base":{"label":"mergifyio-testing:20230524094209/test_invalid_action_option/main","ref":"20230524094209/test_invalid_action_option/main","sha":"71a6c7a942bfd83082817ed1da947fb3715875e0","user":{"login":"mergifyio-testing","id":40527191,"node_id":"MDEyOk9yZ2FuaXphdGlvbjQwNTI3MTkx","avatar_url":"https://avatars.githubusercontent.com/u/40527191?v=4","gravatar_id":"","url":"https://api.github.com/users/mergifyio-testing","html_url":"https://github.com/mergifyio-testing","followers_url":"https://api.github.com/users/mergifyio-testing/followers","following_url":"https://api.github.com/users/mergifyio-testing/following{/other_user}","gists_url":"https://api.github.com/users/mergifyio-testing/gists{/gist_id}","starred_url":"https://api.github.com/users/mergifyio-testing/starred{/owner}{/repo}","subscriptions_url":"https://api.github.com/users/mergifyio-testing/subscriptions","organizations_url":"https://api.github.com/users/mergifyio-testing/orgs","repos_url":"https://api.github.com/users/mergifyio-testing/repos","events_url":"https://api.github.com/users/mergifyio-testing/events{/privacy}","received_events_url":"https://api.github.com/users/mergifyio-testing/received_events","type":"Organization","site_admin":false},"repo":{"id":635704693,"node_id":"R_kgDOJeQVdQ","name":"functional-testing-repo-Kontrolix","full_name":"mergifyio-testing/functional-testing-repo-Kontrolix","private":false,"owner":{"login":"mergifyio-testing","id":40527191,"node_id":"MDEyOk9yZ2FuaXphdGlvbjQwNTI3MTkx","avatar_url":"https://avatars.githubusercontent.com/u/40527191?v=4","gravatar_id":"","url":"https://api.github.com/users/mergifyio-testing","html_url":"https://github.com/mergifyio-testing","followers_url":"https://api.github.com/users/mergifyio-testing/followers","following_url":"https://api.github.com/users/mergifyio-testing/following{/other_user}","gists_url":"https://api.github.com/users/mergifyio-testing/gists{/gist_id}","starred_url":"https://api.github.com/users/mergifyio-testing/starred{/owner}{/repo}","subscriptions_url":"https://api.github.com/users/mergifyio-testing/subscriptions","organizations_url":"https://api.github.com/users/mergifyio-testing/orgs","repos_url":"https://api.github.com/users/mergifyio-testing/repos","events_url":"https://api.github.com/users/mergifyio-testing/events{/privacy}","received_events_url":"https://api.github.com/users/mergifyio-testing/received_events","type":"Organization","site_admin":false},"html_url":"https://github.com/mergifyio-testing/functional-testing-repo-Kontrolix","description":null,"fork":false,"url":"https://api.github.com/repos/mergifyio-testing/functional-testing-repo-Kontrolix","forks_url":"https://api.github.com/repos/mergifyio-testing/functional-testing-repo-Kontrolix/forks","keys_url":"https://api.github.com/repos/mergifyio-testing/functional-testing-repo-Kontrolix/keys{/key_id}","collaborators_url":"https://api.github.com/repos/mergifyio-testing/functional-testing-repo-Kontrolix/collaborators{/collaborator}","teams_url":"https://api.github.com/repos/mergifyio-testing/functional-testing-repo-Kontrolix/teams","hooks_url":"https://api.github.com/repos/mergifyio-testing/functional-testing-repo-Kontrolix/hooks","issue_events_url":"https://api.github.com/repos/mergifyio-testing/functional-testing-repo-Kontrolix/issues/events{/number}","events_url":"https://api.github.com/repos/mergifyio-testing/functional-testing-repo-Kontrolix/events","assignees_url":"https://api.github.com/repos/mergifyio-testing/functional-testing-repo-Kontrolix/assignees{/user}","branches_url":"https://api.github.com/repos/mergifyio-testing/functional-testing-repo-Kontrolix/branches{/branch}","tags_url":"https://api.github.com/repos/mergifyio-testing/functional-testing-repo-Kontrolix/tags","blobs_url":"https://api.github.com/repos/mergifyio-testing/functional-testing-repo-Kontrolix/git/blobs{/sha}","git_tags_url":"https://api.github.com/repos/mergifyio-testing/functional-testing-repo-Kontrolix/git/tags{/sha}","git_refs_url":"https://api.github.com/repos/mergifyio-testing/functional-testing-repo-Kontrolix/git/refs{/sha}","trees_url":"https://api.github.com/repos/mergifyio-testing/functional-testing-repo-Kontrolix/git/trees{/sha}","statuses_url":"https://api.github.com/repos/mergifyio-testing/functional-testing-repo-Kontrolix/statuses/{sha}","languages_url":"https://api.github.com/repos/mergifyio-testing/functional-testing-repo-Kontrolix/languages","stargazers_url":"https://api.github.com/repos/mergifyio-testing/functional-testing-repo-Kontrolix/stargazers","contributors_url":"https://api.github.com/repos/mergifyio-testing/functional-testing-repo-Kontrolix/contributors","subscribers_url":"https://api.github.com/repos/mergifyio-testing/functional-testing-repo-Kontrolix/subscribers","subscription_url":"https://api.github.com/repos/mergifyio-testing/functional-testing-repo-Kontrolix/subscription","commits_url":"https://api.github.com/repos/mergifyio-testing/functional-testing-repo-Kontrolix/commits{/sha}","git_commits_url":"https://api.github.com/repos/mergifyio-testing/functional-testing-repo-Kontrolix/git/commits{/sha}","comments_url":"https://api.github.com/repos/mergifyio-testing/functional-testing-repo-Kontrolix/comments{/number}","issue_comment_url":"https://api.github.com/repos/mergifyio-testing/functional-testing-repo-Kontrolix/issues/comments{/number}","contents_url":"https://api.github.com/repos/mergifyio-testing/functional-testing-repo-Kontrolix/contents/{+path}","compare_url":"https://api.github.com/repos/mergifyio-testing/functional-testing-repo-Kontrolix/compare/{base}...{head}","merges_url":"https://api.github.com/repos/mergifyio-testing/functional-testing-repo-Kontrolix/merges","archive_url":"https://api.github.com/repos/mergifyio-testing/functional-testing-repo-Kontrolix/{archive_format}{/ref}","downloads_url":"https://api.github.com/repos/mergifyio-testing/functional-testing-repo-Kontrolix/downloads","issues_url":"https://api.github.com/repos/mergifyio-testing/functional-testing-repo-Kontrolix/issues{/number}","pulls_url":"https://api.github.com/repos/mergifyio-testing/functional-testing-repo-Kontrolix/pulls{/number}","milestones_url":"https://api.github.com/repos/mergifyio-testing/functional-testing-repo-Kontrolix/milestones{/number}","notifications_url":"https://api.github.com/repos/mergifyio-testing/functional-testing-repo-Kontrolix/notifications{?since,all,participating}","labels_url":"https://api.github.com/repos/mergifyio-testing/functional-testing-repo-Kontrolix/labels{/name}","releases_url":"https://api.github.com/repos/mergifyio-testing/functional-testing-repo-Kontrolix/releases{/id}","deployments_url":"https://api.github.com/repos/mergifyio-testing/functional-testing-repo-Kontrolix/deployments","created_at":"2023-05-03T09:24:21Z","updated_at":"2023-05-03T09:24:22Z","pushed_at":"2023-05-24T09:42:27Z","git_url":"git://github.com/mergifyio-testing/functional-testing-repo-Kontrolix.git","ssh_url":"git@github.com:mergifyio-testing/functional-testing-repo-Kontrolix.git","clone_url":"https://github.com/mergifyio-testing/functional-testing-repo-Kontrolix.git","svn_url":"https://github.com/mergifyio-testing/functional-testing-repo-Kontrolix","homepage":null,"size":54,"stargazers_count":0,"watchers_count":0,"language":null,"has_issues":true,"has_projects":true,"has_downloads":true,"has_wiki":true,"has_pages":false,"has_discussions":false,"forks_count":1,"mirror_url":null,"archived":false,"disabled":false,"open_issues_count":11,"license":null,"allow_forking":true,"is_template":false,"web_commit_signoff_required":false,"topics":[],"visibility":"public","forks":1,"open_issues":11,"watchers":0,"default_branch":"main"}},"_links":{"self":{"href":"https://api.github.com/repos/mergifyio-testing/functional-testing-repo-Kontrolix/pulls/544"},"html":{"href":"https://github.com/mergifyio-testing/functional-testing-repo-Kontrolix/pull/544"},"issue":{"href":"https://api.github.com/repos/mergifyio-testing/functional-testing-repo-Kontrolix/issues/544"},"comments":{"href":"https://api.github.com/repos/mergifyio-testing/functional-testing-repo-Kontrolix/issues/544/comments"},"review_comments":{"href":"https://api.github.com/repos/mergifyio-testing/functional-testing-repo-Kontrolix/pulls/544/comments"},"review_comment":{"href":"https://api.github.com/repos/mergifyio-testing/functional-testing-repo-Kontrolix/pulls/comments{/number}"},"commits":{"href":"https://api.github.com/repos/mergifyio-testing/functional-testing-repo-Kontrolix/pulls/544/commits"},"statuses":{"href":"https://api.github.com/repos/mergifyio-testing/functional-testing-repo-Kontrolix/statuses/afc6c0088cd6015732fddb474e7a75cc9812fc84"}},"author_association":"NONE","auto_merge":null,"active_lock_reason":null,"merged":false,"mergeable":null,"rebaseable":null,"mergeable_state":"unknown","merged_by":null,"comments":0,"review_comments":0,"maintainer_can_modify":false,"commits":1,"additions":0,"deletions":0,"changed_files":1}'
    headers:
      Content-Length:
      - '19364'
      Content-Type:
      - application/json; charset=utf-8
      Location:
      - https://api.github.com/repos/mergifyio-testing/functional-testing-repo-Kontrolix/pulls/544
      X-GitHub-Media-Type:
      - github.v3; param=machine-man-preview; format=json
      x-github-api-version-selected:
      - '2022-11-28'
    http_version: HTTP/1.1
    status_code: 201
- request:
    body: whatdataisthat
    headers:
      X-Hub-Signature:
      - <SIGNATURE>
      accept:
      - '*/*'
      content-length:
      - '14'
      host:
      - test-forwarder.mergify.com
    method: GET
    uri: https://test-forwarder.mergify.com/events/github.com/327815/635704693/20230524094209-test_invalid_action_option?counter=12
  response:
    content: '[]'
    headers:
      Connection:
      - keep-alive
      Content-Length:
      - '2'
      Content-Type:
      - application/json
    http_version: HTTP/1.1
    status_code: 200
- request:
    body: whatdataisthat
    headers:
      X-Hub-Signature:
      - <SIGNATURE>
      accept:
      - '*/*'
      content-length:
      - '14'
      host:
      - test-forwarder.mergify.com
    method: GET
    uri: https://test-forwarder.mergify.com/events/github.com/327815/635704693/20230524094209-test_invalid_action_option?counter=13
  response:
    content: '[{"id":"4dcc9b80-fa17-11ed-8eab-f1867c3cba3d","type":"pull_request","payload":{"action":"opened","number":544,"pull_request":{"url":"https://api.github.com/repos/mergifyio-testing/functional-testing-repo-Kontrolix/pulls/544","id":1362755392,"node_id":"PR_kwDOJeQVdc5ROf9A","html_url":"https://github.com/mergifyio-testing/functional-testing-repo-Kontrolix/pull/544","diff_url":"https://github.com/mergifyio-testing/functional-testing-repo-Kontrolix/pull/544.diff","patch_url":"https://github.com/mergifyio-testing/functional-testing-repo-Kontrolix/pull/544.patch","issue_url":"https://api.github.com/repos/mergifyio-testing/functional-testing-repo-Kontrolix/issues/544","number":544,"state":"open","locked":false,"title":"test_invalid_action_option:
      pull request n1 from integration","user":{"login":"mergify-kontrolix[bot]","id":132445501,"node_id":"BOT_kgDOB-T1PQ","avatar_url":"https://avatars.githubusercontent.com/u/40527191?v=4","gravatar_id":"","url":"https://api.github.com/users/mergify-kontrolix%5Bbot%5D","html_url":"https://github.com/apps/mergify-kontrolix","followers_url":"https://api.github.com/users/mergify-kontrolix%5Bbot%5D/followers","following_url":"https://api.github.com/users/mergify-kontrolix%5Bbot%5D/following{/other_user}","gists_url":"https://api.github.com/users/mergify-kontrolix%5Bbot%5D/gists{/gist_id}","starred_url":"https://api.github.com/users/mergify-kontrolix%5Bbot%5D/starred{/owner}{/repo}","subscriptions_url":"https://api.github.com/users/mergify-kontrolix%5Bbot%5D/subscriptions","organizations_url":"https://api.github.com/users/mergify-kontrolix%5Bbot%5D/orgs","repos_url":"https://api.github.com/users/mergify-kontrolix%5Bbot%5D/repos","events_url":"https://api.github.com/users/mergify-kontrolix%5Bbot%5D/events{/privacy}","received_events_url":"https://api.github.com/users/mergify-kontrolix%5Bbot%5D/received_events","type":"Bot","site_admin":false},"body":"test_invalid_action_option:
      pull request n1 from integration","created_at":"2023-05-24T09:42:31Z","updated_at":"2023-05-24T09:42:31Z","closed_at":null,"merged_at":null,"merge_commit_sha":null,"assignee":null,"assignees":[],"requested_reviewers":[],"requested_teams":[],"labels":[],"milestone":null,"draft":false,"commits_url":"https://api.github.com/repos/mergifyio-testing/functional-testing-repo-Kontrolix/pulls/544/commits","review_comments_url":"https://api.github.com/repos/mergifyio-testing/functional-testing-repo-Kontrolix/pulls/544/comments","review_comment_url":"https://api.github.com/repos/mergifyio-testing/functional-testing-repo-Kontrolix/pulls/comments{/number}","comments_url":"https://api.github.com/repos/mergifyio-testing/functional-testing-repo-Kontrolix/issues/544/comments","statuses_url":"https://api.github.com/repos/mergifyio-testing/functional-testing-repo-Kontrolix/statuses/afc6c0088cd6015732fddb474e7a75cc9812fc84","head":{"label":"mergifyio-testing:20230524094209/test_invalid_action_option/integration/pr1","ref":"20230524094209/test_invalid_action_option/integration/pr1","sha":"afc6c0088cd6015732fddb474e7a75cc9812fc84","user":{"login":"mergifyio-testing","id":40527191,"node_id":"MDEyOk9yZ2FuaXphdGlvbjQwNTI3MTkx","avatar_url":"https://avatars.githubusercontent.com/u/40527191?v=4","gravatar_id":"","url":"https://api.github.com/users/mergifyio-testing","html_url":"https://github.com/mergifyio-testing","followers_url":"https://api.github.com/users/mergifyio-testing/followers","following_url":"https://api.github.com/users/mergifyio-testing/following{/other_user}","gists_url":"https://api.github.com/users/mergifyio-testing/gists{/gist_id}","starred_url":"https://api.github.com/users/mergifyio-testing/starred{/owner}{/repo}","subscriptions_url":"https://api.github.com/users/mergifyio-testing/subscriptions","organizations_url":"https://api.github.com/users/mergifyio-testing/orgs","repos_url":"https://api.github.com/users/mergifyio-testing/repos","events_url":"https://api.github.com/users/mergifyio-testing/events{/privacy}","received_events_url":"https://api.github.com/users/mergifyio-testing/received_events","type":"Organization","site_admin":false},"repo":{"id":635704693,"node_id":"R_kgDOJeQVdQ","name":"functional-testing-repo-Kontrolix","full_name":"mergifyio-testing/functional-testing-repo-Kontrolix","private":false,"owner":{"login":"mergifyio-testing","id":40527191,"node_id":"MDEyOk9yZ2FuaXphdGlvbjQwNTI3MTkx","avatar_url":"https://avatars.githubusercontent.com/u/40527191?v=4","gravatar_id":"","url":"https://api.github.com/users/mergifyio-testing","html_url":"https://github.com/mergifyio-testing","followers_url":"https://api.github.com/users/mergifyio-testing/followers","following_url":"https://api.github.com/users/mergifyio-testing/following{/other_user}","gists_url":"https://api.github.com/users/mergifyio-testing/gists{/gist_id}","starred_url":"https://api.github.com/users/mergifyio-testing/starred{/owner}{/repo}","subscriptions_url":"https://api.github.com/users/mergifyio-testing/subscriptions","organizations_url":"https://api.github.com/users/mergifyio-testing/orgs","repos_url":"https://api.github.com/users/mergifyio-testing/repos","events_url":"https://api.github.com/users/mergifyio-testing/events{/privacy}","received_events_url":"https://api.github.com/users/mergifyio-testing/received_events","type":"Organization","site_admin":false},"html_url":"https://github.com/mergifyio-testing/functional-testing-repo-Kontrolix","description":null,"fork":false,"url":"https://api.github.com/repos/mergifyio-testing/functional-testing-repo-Kontrolix","forks_url":"https://api.github.com/repos/mergifyio-testing/functional-testing-repo-Kontrolix/forks","keys_url":"https://api.github.com/repos/mergifyio-testing/functional-testing-repo-Kontrolix/keys{/key_id}","collaborators_url":"https://api.github.com/repos/mergifyio-testing/functional-testing-repo-Kontrolix/collaborators{/collaborator}","teams_url":"https://api.github.com/repos/mergifyio-testing/functional-testing-repo-Kontrolix/teams","hooks_url":"https://api.github.com/repos/mergifyio-testing/functional-testing-repo-Kontrolix/hooks","issue_events_url":"https://api.github.com/repos/mergifyio-testing/functional-testing-repo-Kontrolix/issues/events{/number}","events_url":"https://api.github.com/repos/mergifyio-testing/functional-testing-repo-Kontrolix/events","assignees_url":"https://api.github.com/repos/mergifyio-testing/functional-testing-repo-Kontrolix/assignees{/user}","branches_url":"https://api.github.com/repos/mergifyio-testing/functional-testing-repo-Kontrolix/branches{/branch}","tags_url":"https://api.github.com/repos/mergifyio-testing/functional-testing-repo-Kontrolix/tags","blobs_url":"https://api.github.com/repos/mergifyio-testing/functional-testing-repo-Kontrolix/git/blobs{/sha}","git_tags_url":"https://api.github.com/repos/mergifyio-testing/functional-testing-repo-Kontrolix/git/tags{/sha}","git_refs_url":"https://api.github.com/repos/mergifyio-testing/functional-testing-repo-Kontrolix/git/refs{/sha}","trees_url":"https://api.github.com/repos/mergifyio-testing/functional-testing-repo-Kontrolix/git/trees{/sha}","statuses_url":"https://api.github.com/repos/mergifyio-testing/functional-testing-repo-Kontrolix/statuses/{sha}","languages_url":"https://api.github.com/repos/mergifyio-testing/functional-testing-repo-Kontrolix/languages","stargazers_url":"https://api.github.com/repos/mergifyio-testing/functional-testing-repo-Kontrolix/stargazers","contributors_url":"https://api.github.com/repos/mergifyio-testing/functional-testing-repo-Kontrolix/contributors","subscribers_url":"https://api.github.com/repos/mergifyio-testing/functional-testing-repo-Kontrolix/subscribers","subscription_url":"https://api.github.com/repos/mergifyio-testing/functional-testing-repo-Kontrolix/subscription","commits_url":"https://api.github.com/repos/mergifyio-testing/functional-testing-repo-Kontrolix/commits{/sha}","git_commits_url":"https://api.github.com/repos/mergifyio-testing/functional-testing-repo-Kontrolix/git/commits{/sha}","comments_url":"https://api.github.com/repos/mergifyio-testing/functional-testing-repo-Kontrolix/comments{/number}","issue_comment_url":"https://api.github.com/repos/mergifyio-testing/functional-testing-repo-Kontrolix/issues/comments{/number}","contents_url":"https://api.github.com/repos/mergifyio-testing/functional-testing-repo-Kontrolix/contents/{+path}","compare_url":"https://api.github.com/repos/mergifyio-testing/functional-testing-repo-Kontrolix/compare/{base}...{head}","merges_url":"https://api.github.com/repos/mergifyio-testing/functional-testing-repo-Kontrolix/merges","archive_url":"https://api.github.com/repos/mergifyio-testing/functional-testing-repo-Kontrolix/{archive_format}{/ref}","downloads_url":"https://api.github.com/repos/mergifyio-testing/functional-testing-repo-Kontrolix/downloads","issues_url":"https://api.github.com/repos/mergifyio-testing/functional-testing-repo-Kontrolix/issues{/number}","pulls_url":"https://api.github.com/repos/mergifyio-testing/functional-testing-repo-Kontrolix/pulls{/number}","milestones_url":"https://api.github.com/repos/mergifyio-testing/functional-testing-repo-Kontrolix/milestones{/number}","notifications_url":"https://api.github.com/repos/mergifyio-testing/functional-testing-repo-Kontrolix/notifications{?since,all,participating}","labels_url":"https://api.github.com/repos/mergifyio-testing/functional-testing-repo-Kontrolix/labels{/name}","releases_url":"https://api.github.com/repos/mergifyio-testing/functional-testing-repo-Kontrolix/releases{/id}","deployments_url":"https://api.github.com/repos/mergifyio-testing/functional-testing-repo-Kontrolix/deployments","created_at":"2023-05-03T09:24:21Z","updated_at":"2023-05-03T09:24:22Z","pushed_at":"2023-05-24T09:42:31Z","git_url":"git://github.com/mergifyio-testing/functional-testing-repo-Kontrolix.git","ssh_url":"git@github.com:mergifyio-testing/functional-testing-repo-Kontrolix.git","clone_url":"https://github.com/mergifyio-testing/functional-testing-repo-Kontrolix.git","svn_url":"https://github.com/mergifyio-testing/functional-testing-repo-Kontrolix","homepage":null,"size":54,"stargazers_count":0,"watchers_count":0,"language":null,"has_issues":true,"has_projects":true,"has_downloads":true,"has_wiki":true,"has_pages":false,"has_discussions":false,"forks_count":1,"mirror_url":null,"archived":false,"disabled":false,"open_issues_count":11,"license":null,"allow_forking":true,"is_template":false,"web_commit_signoff_required":false,"topics":[],"visibility":"public","forks":1,"open_issues":11,"watchers":0,"default_branch":"main","allow_squash_merge":true,"allow_merge_commit":true,"allow_rebase_merge":true,"allow_auto_merge":false,"delete_branch_on_merge":false,"allow_update_branch":false,"use_squash_pr_title_as_default":false,"squash_merge_commit_message":"COMMIT_MESSAGES","squash_merge_commit_title":"COMMIT_OR_PR_TITLE","merge_commit_message":"PR_TITLE","merge_commit_title":"MERGE_MESSAGE"}},"base":{"label":"mergifyio-testing:20230524094209/test_invalid_action_option/main","ref":"20230524094209/test_invalid_action_option/main","sha":"71a6c7a942bfd83082817ed1da947fb3715875e0","user":{"login":"mergifyio-testing","id":40527191,"node_id":"MDEyOk9yZ2FuaXphdGlvbjQwNTI3MTkx","avatar_url":"https://avatars.githubusercontent.com/u/40527191?v=4","gravatar_id":"","url":"https://api.github.com/users/mergifyio-testing","html_url":"https://github.com/mergifyio-testing","followers_url":"https://api.github.com/users/mergifyio-testing/followers","following_url":"https://api.github.com/users/mergifyio-testing/following{/other_user}","gists_url":"https://api.github.com/users/mergifyio-testing/gists{/gist_id}","starred_url":"https://api.github.com/users/mergifyio-testing/starred{/owner}{/repo}","subscriptions_url":"https://api.github.com/users/mergifyio-testing/subscriptions","organizations_url":"https://api.github.com/users/mergifyio-testing/orgs","repos_url":"https://api.github.com/users/mergifyio-testing/repos","events_url":"https://api.github.com/users/mergifyio-testing/events{/privacy}","received_events_url":"https://api.github.com/users/mergifyio-testing/received_events","type":"Organization","site_admin":false},"repo":{"id":635704693,"node_id":"R_kgDOJeQVdQ","name":"functional-testing-repo-Kontrolix","full_name":"mergifyio-testing/functional-testing-repo-Kontrolix","private":false,"owner":{"login":"mergifyio-testing","id":40527191,"node_id":"MDEyOk9yZ2FuaXphdGlvbjQwNTI3MTkx","avatar_url":"https://avatars.githubusercontent.com/u/40527191?v=4","gravatar_id":"","url":"https://api.github.com/users/mergifyio-testing","html_url":"https://github.com/mergifyio-testing","followers_url":"https://api.github.com/users/mergifyio-testing/followers","following_url":"https://api.github.com/users/mergifyio-testing/following{/other_user}","gists_url":"https://api.github.com/users/mergifyio-testing/gists{/gist_id}","starred_url":"https://api.github.com/users/mergifyio-testing/starred{/owner}{/repo}","subscriptions_url":"https://api.github.com/users/mergifyio-testing/subscriptions","organizations_url":"https://api.github.com/users/mergifyio-testing/orgs","repos_url":"https://api.github.com/users/mergifyio-testing/repos","events_url":"https://api.github.com/users/mergifyio-testing/events{/privacy}","received_events_url":"https://api.github.com/users/mergifyio-testing/received_events","type":"Organization","site_admin":false},"html_url":"https://github.com/mergifyio-testing/functional-testing-repo-Kontrolix","description":null,"fork":false,"url":"https://api.github.com/repos/mergifyio-testing/functional-testing-repo-Kontrolix","forks_url":"https://api.github.com/repos/mergifyio-testing/functional-testing-repo-Kontrolix/forks","keys_url":"https://api.github.com/repos/mergifyio-testing/functional-testing-repo-Kontrolix/keys{/key_id}","collaborators_url":"https://api.github.com/repos/mergifyio-testing/functional-testing-repo-Kontrolix/collaborators{/collaborator}","teams_url":"https://api.github.com/repos/mergifyio-testing/functional-testing-repo-Kontrolix/teams","hooks_url":"https://api.github.com/repos/mergifyio-testing/functional-testing-repo-Kontrolix/hooks","issue_events_url":"https://api.github.com/repos/mergifyio-testing/functional-testing-repo-Kontrolix/issues/events{/number}","events_url":"https://api.github.com/repos/mergifyio-testing/functional-testing-repo-Kontrolix/events","assignees_url":"https://api.github.com/repos/mergifyio-testing/functional-testing-repo-Kontrolix/assignees{/user}","branches_url":"https://api.github.com/repos/mergifyio-testing/functional-testing-repo-Kontrolix/branches{/branch}","tags_url":"https://api.github.com/repos/mergifyio-testing/functional-testing-repo-Kontrolix/tags","blobs_url":"https://api.github.com/repos/mergifyio-testing/functional-testing-repo-Kontrolix/git/blobs{/sha}","git_tags_url":"https://api.github.com/repos/mergifyio-testing/functional-testing-repo-Kontrolix/git/tags{/sha}","git_refs_url":"https://api.github.com/repos/mergifyio-testing/functional-testing-repo-Kontrolix/git/refs{/sha}","trees_url":"https://api.github.com/repos/mergifyio-testing/functional-testing-repo-Kontrolix/git/trees{/sha}","statuses_url":"https://api.github.com/repos/mergifyio-testing/functional-testing-repo-Kontrolix/statuses/{sha}","languages_url":"https://api.github.com/repos/mergifyio-testing/functional-testing-repo-Kontrolix/languages","stargazers_url":"https://api.github.com/repos/mergifyio-testing/functional-testing-repo-Kontrolix/stargazers","contributors_url":"https://api.github.com/repos/mergifyio-testing/functional-testing-repo-Kontrolix/contributors","subscribers_url":"https://api.github.com/repos/mergifyio-testing/functional-testing-repo-Kontrolix/subscribers","subscription_url":"https://api.github.com/repos/mergifyio-testing/functional-testing-repo-Kontrolix/subscription","commits_url":"https://api.github.com/repos/mergifyio-testing/functional-testing-repo-Kontrolix/commits{/sha}","git_commits_url":"https://api.github.com/repos/mergifyio-testing/functional-testing-repo-Kontrolix/git/commits{/sha}","comments_url":"https://api.github.com/repos/mergifyio-testing/functional-testing-repo-Kontrolix/comments{/number}","issue_comment_url":"https://api.github.com/repos/mergifyio-testing/functional-testing-repo-Kontrolix/issues/comments{/number}","contents_url":"https://api.github.com/repos/mergifyio-testing/functional-testing-repo-Kontrolix/contents/{+path}","compare_url":"https://api.github.com/repos/mergifyio-testing/functional-testing-repo-Kontrolix/compare/{base}...{head}","merges_url":"https://api.github.com/repos/mergifyio-testing/functional-testing-repo-Kontrolix/merges","archive_url":"https://api.github.com/repos/mergifyio-testing/functional-testing-repo-Kontrolix/{archive_format}{/ref}","downloads_url":"https://api.github.com/repos/mergifyio-testing/functional-testing-repo-Kontrolix/downloads","issues_url":"https://api.github.com/repos/mergifyio-testing/functional-testing-repo-Kontrolix/issues{/number}","pulls_url":"https://api.github.com/repos/mergifyio-testing/functional-testing-repo-Kontrolix/pulls{/number}","milestones_url":"https://api.github.com/repos/mergifyio-testing/functional-testing-repo-Kontrolix/milestones{/number}","notifications_url":"https://api.github.com/repos/mergifyio-testing/functional-testing-repo-Kontrolix/notifications{?since,all,participating}","labels_url":"https://api.github.com/repos/mergifyio-testing/functional-testing-repo-Kontrolix/labels{/name}","releases_url":"https://api.github.com/repos/mergifyio-testing/functional-testing-repo-Kontrolix/releases{/id}","deployments_url":"https://api.github.com/repos/mergifyio-testing/functional-testing-repo-Kontrolix/deployments","created_at":"2023-05-03T09:24:21Z","updated_at":"2023-05-03T09:24:22Z","pushed_at":"2023-05-24T09:42:31Z","git_url":"git://github.com/mergifyio-testing/functional-testing-repo-Kontrolix.git","ssh_url":"git@github.com:mergifyio-testing/functional-testing-repo-Kontrolix.git","clone_url":"https://github.com/mergifyio-testing/functional-testing-repo-Kontrolix.git","svn_url":"https://github.com/mergifyio-testing/functional-testing-repo-Kontrolix","homepage":null,"size":54,"stargazers_count":0,"watchers_count":0,"language":null,"has_issues":true,"has_projects":true,"has_downloads":true,"has_wiki":true,"has_pages":false,"has_discussions":false,"forks_count":1,"mirror_url":null,"archived":false,"disabled":false,"open_issues_count":11,"license":null,"allow_forking":true,"is_template":false,"web_commit_signoff_required":false,"topics":[],"visibility":"public","forks":1,"open_issues":11,"watchers":0,"default_branch":"main","allow_squash_merge":true,"allow_merge_commit":true,"allow_rebase_merge":true,"allow_auto_merge":false,"delete_branch_on_merge":false,"allow_update_branch":false,"use_squash_pr_title_as_default":false,"squash_merge_commit_message":"COMMIT_MESSAGES","squash_merge_commit_title":"COMMIT_OR_PR_TITLE","merge_commit_message":"PR_TITLE","merge_commit_title":"MERGE_MESSAGE"}},"_links":{"self":{"href":"https://api.github.com/repos/mergifyio-testing/functional-testing-repo-Kontrolix/pulls/544"},"html":{"href":"https://github.com/mergifyio-testing/functional-testing-repo-Kontrolix/pull/544"},"issue":{"href":"https://api.github.com/repos/mergifyio-testing/functional-testing-repo-Kontrolix/issues/544"},"comments":{"href":"https://api.github.com/repos/mergifyio-testing/functional-testing-repo-Kontrolix/issues/544/comments"},"review_comments":{"href":"https://api.github.com/repos/mergifyio-testing/functional-testing-repo-Kontrolix/pulls/544/comments"},"review_comment":{"href":"https://api.github.com/repos/mergifyio-testing/functional-testing-repo-Kontrolix/pulls/comments{/number}"},"commits":{"href":"https://api.github.com/repos/mergifyio-testing/functional-testing-repo-Kontrolix/pulls/544/commits"},"statuses":{"href":"https://api.github.com/repos/mergifyio-testing/functional-testing-repo-Kontrolix/statuses/afc6c0088cd6015732fddb474e7a75cc9812fc84"}},"author_association":"NONE","auto_merge":null,"active_lock_reason":null,"merged":false,"mergeable":null,"rebaseable":null,"mergeable_state":"unknown","merged_by":null,"comments":0,"review_comments":0,"maintainer_can_modify":false,"commits":1,"additions":0,"deletions":0,"changed_files":1},"repository":{"id":635704693,"node_id":"R_kgDOJeQVdQ","name":"functional-testing-repo-Kontrolix","full_name":"mergifyio-testing/functional-testing-repo-Kontrolix","private":false,"owner":{"login":"mergifyio-testing","id":40527191,"node_id":"MDEyOk9yZ2FuaXphdGlvbjQwNTI3MTkx","avatar_url":"https://avatars.githubusercontent.com/u/40527191?v=4","gravatar_id":"","url":"https://api.github.com/users/mergifyio-testing","html_url":"https://github.com/mergifyio-testing","followers_url":"https://api.github.com/users/mergifyio-testing/followers","following_url":"https://api.github.com/users/mergifyio-testing/following{/other_user}","gists_url":"https://api.github.com/users/mergifyio-testing/gists{/gist_id}","starred_url":"https://api.github.com/users/mergifyio-testing/starred{/owner}{/repo}","subscriptions_url":"https://api.github.com/users/mergifyio-testing/subscriptions","organizations_url":"https://api.github.com/users/mergifyio-testing/orgs","repos_url":"https://api.github.com/users/mergifyio-testing/repos","events_url":"https://api.github.com/users/mergifyio-testing/events{/privacy}","received_events_url":"https://api.github.com/users/mergifyio-testing/received_events","type":"Organization","site_admin":false},"html_url":"https://github.com/mergifyio-testing/functional-testing-repo-Kontrolix","description":null,"fork":false,"url":"https://api.github.com/repos/mergifyio-testing/functional-testing-repo-Kontrolix","forks_url":"https://api.github.com/repos/mergifyio-testing/functional-testing-repo-Kontrolix/forks","keys_url":"https://api.github.com/repos/mergifyio-testing/functional-testing-repo-Kontrolix/keys{/key_id}","collaborators_url":"https://api.github.com/repos/mergifyio-testing/functional-testing-repo-Kontrolix/collaborators{/collaborator}","teams_url":"https://api.github.com/repos/mergifyio-testing/functional-testing-repo-Kontrolix/teams","hooks_url":"https://api.github.com/repos/mergifyio-testing/functional-testing-repo-Kontrolix/hooks","issue_events_url":"https://api.github.com/repos/mergifyio-testing/functional-testing-repo-Kontrolix/issues/events{/number}","events_url":"https://api.github.com/repos/mergifyio-testing/functional-testing-repo-Kontrolix/events","assignees_url":"https://api.github.com/repos/mergifyio-testing/functional-testing-repo-Kontrolix/assignees{/user}","branches_url":"https://api.github.com/repos/mergifyio-testing/functional-testing-repo-Kontrolix/branches{/branch}","tags_url":"https://api.github.com/repos/mergifyio-testing/functional-testing-repo-Kontrolix/tags","blobs_url":"https://api.github.com/repos/mergifyio-testing/functional-testing-repo-Kontrolix/git/blobs{/sha}","git_tags_url":"https://api.github.com/repos/mergifyio-testing/functional-testing-repo-Kontrolix/git/tags{/sha}","git_refs_url":"https://api.github.com/repos/mergifyio-testing/functional-testing-repo-Kontrolix/git/refs{/sha}","trees_url":"https://api.github.com/repos/mergifyio-testing/functional-testing-repo-Kontrolix/git/trees{/sha}","statuses_url":"https://api.github.com/repos/mergifyio-testing/functional-testing-repo-Kontrolix/statuses/{sha}","languages_url":"https://api.github.com/repos/mergifyio-testing/functional-testing-repo-Kontrolix/languages","stargazers_url":"https://api.github.com/repos/mergifyio-testing/functional-testing-repo-Kontrolix/stargazers","contributors_url":"https://api.github.com/repos/mergifyio-testing/functional-testing-repo-Kontrolix/contributors","subscribers_url":"https://api.github.com/repos/mergifyio-testing/functional-testing-repo-Kontrolix/subscribers","subscription_url":"https://api.github.com/repos/mergifyio-testing/functional-testing-repo-Kontrolix/subscription","commits_url":"https://api.github.com/repos/mergifyio-testing/functional-testing-repo-Kontrolix/commits{/sha}","git_commits_url":"https://api.github.com/repos/mergifyio-testing/functional-testing-repo-Kontrolix/git/commits{/sha}","comments_url":"https://api.github.com/repos/mergifyio-testing/functional-testing-repo-Kontrolix/comments{/number}","issue_comment_url":"https://api.github.com/repos/mergifyio-testing/functional-testing-repo-Kontrolix/issues/comments{/number}","contents_url":"https://api.github.com/repos/mergifyio-testing/functional-testing-repo-Kontrolix/contents/{+path}","compare_url":"https://api.github.com/repos/mergifyio-testing/functional-testing-repo-Kontrolix/compare/{base}...{head}","merges_url":"https://api.github.com/repos/mergifyio-testing/functional-testing-repo-Kontrolix/merges","archive_url":"https://api.github.com/repos/mergifyio-testing/functional-testing-repo-Kontrolix/{archive_format}{/ref}","downloads_url":"https://api.github.com/repos/mergifyio-testing/functional-testing-repo-Kontrolix/downloads","issues_url":"https://api.github.com/repos/mergifyio-testing/functional-testing-repo-Kontrolix/issues{/number}","pulls_url":"https://api.github.com/repos/mergifyio-testing/functional-testing-repo-Kontrolix/pulls{/number}","milestones_url":"https://api.github.com/repos/mergifyio-testing/functional-testing-repo-Kontrolix/milestones{/number}","notifications_url":"https://api.github.com/repos/mergifyio-testing/functional-testing-repo-Kontrolix/notifications{?since,all,participating}","labels_url":"https://api.github.com/repos/mergifyio-testing/functional-testing-repo-Kontrolix/labels{/name}","releases_url":"https://api.github.com/repos/mergifyio-testing/functional-testing-repo-Kontrolix/releases{/id}","deployments_url":"https://api.github.com/repos/mergifyio-testing/functional-testing-repo-Kontrolix/deployments","created_at":"2023-05-03T09:24:21Z","updated_at":"2023-05-03T09:24:22Z","pushed_at":"2023-05-24T09:42:31Z","git_url":"git://github.com/mergifyio-testing/functional-testing-repo-Kontrolix.git","ssh_url":"git@github.com:mergifyio-testing/functional-testing-repo-Kontrolix.git","clone_url":"https://github.com/mergifyio-testing/functional-testing-repo-Kontrolix.git","svn_url":"https://github.com/mergifyio-testing/functional-testing-repo-Kontrolix","homepage":null,"size":54,"stargazers_count":0,"watchers_count":0,"language":null,"has_issues":true,"has_projects":true,"has_downloads":true,"has_wiki":true,"has_pages":false,"has_discussions":false,"forks_count":1,"mirror_url":null,"archived":false,"disabled":false,"open_issues_count":11,"license":null,"allow_forking":true,"is_template":false,"web_commit_signoff_required":false,"topics":[],"visibility":"public","forks":1,"open_issues":11,"watchers":0,"default_branch":"main"},"organization":{"login":"mergifyio-testing","id":40527191,"node_id":"MDEyOk9yZ2FuaXphdGlvbjQwNTI3MTkx","url":"https://api.github.com/orgs/mergifyio-testing","repos_url":"https://api.github.com/orgs/mergifyio-testing/repos","events_url":"https://api.github.com/orgs/mergifyio-testing/events","hooks_url":"https://api.github.com/orgs/mergifyio-testing/hooks","issues_url":"https://api.github.com/orgs/mergifyio-testing/issues","members_url":"https://api.github.com/orgs/mergifyio-testing/members{/member}","public_members_url":"https://api.github.com/orgs/mergifyio-testing/public_members{/member}","avatar_url":"https://avatars.githubusercontent.com/u/40527191?v=4","description":"This
      account is for testing purpose of the workflow of the GitHub App @Mergifyio"},"sender":{"login":"mergify-kontrolix[bot]","id":132445501,"node_id":"BOT_kgDOB-T1PQ","avatar_url":"https://avatars.githubusercontent.com/u/40527191?v=4","gravatar_id":"","url":"https://api.github.com/users/mergify-kontrolix%5Bbot%5D","html_url":"https://github.com/apps/mergify-kontrolix","followers_url":"https://api.github.com/users/mergify-kontrolix%5Bbot%5D/followers","following_url":"https://api.github.com/users/mergify-kontrolix%5Bbot%5D/following{/other_user}","gists_url":"https://api.github.com/users/mergify-kontrolix%5Bbot%5D/gists{/gist_id}","starred_url":"https://api.github.com/users/mergify-kontrolix%5Bbot%5D/starred{/owner}{/repo}","subscriptions_url":"https://api.github.com/users/mergify-kontrolix%5Bbot%5D/subscriptions","organizations_url":"https://api.github.com/users/mergify-kontrolix%5Bbot%5D/orgs","repos_url":"https://api.github.com/users/mergify-kontrolix%5Bbot%5D/repos","events_url":"https://api.github.com/users/mergify-kontrolix%5Bbot%5D/events{/privacy}","received_events_url":"https://api.github.com/users/mergify-kontrolix%5Bbot%5D/received_events","type":"Bot","site_admin":false},"installation":{"id":37100555,"node_id":"MDIzOkludGVncmF0aW9uSW5zdGFsbGF0aW9uMzcxMDA1NTU="}}}]'
    headers:
      Connection:
      - keep-alive
      Content-Length:
      - '28648'
      Content-Type:
      - application/json
    http_version: HTTP/1.1
    status_code: 200
- request:
    body: ''
    headers:
      accept:
      - application/vnd.github.machine-man-preview+json
      host:
      - api.github.com
    method: GET
    uri: https://api.github.com/user/40527191/installation
  response:
    content: '{"id":37100555,"account":{"login":"mergifyio-testing","id":40527191,"node_id":"MDEyOk9yZ2FuaXphdGlvbjQwNTI3MTkx","avatar_url":"https://avatars.githubusercontent.com/u/40527191?v=4","gravatar_id":"","url":"https://api.github.com/users/mergifyio-testing","html_url":"https://github.com/mergifyio-testing","followers_url":"https://api.github.com/users/mergifyio-testing/followers","following_url":"https://api.github.com/users/mergifyio-testing/following{/other_user}","gists_url":"https://api.github.com/users/mergifyio-testing/gists{/gist_id}","starred_url":"https://api.github.com/users/mergifyio-testing/starred{/owner}{/repo}","subscriptions_url":"https://api.github.com/users/mergifyio-testing/subscriptions","organizations_url":"https://api.github.com/users/mergifyio-testing/orgs","repos_url":"https://api.github.com/users/mergifyio-testing/repos","events_url":"https://api.github.com/users/mergifyio-testing/events{/privacy}","received_events_url":"https://api.github.com/users/mergifyio-testing/received_events","type":"Organization","site_admin":false},"repository_selection":"selected","access_tokens_url":"https://api.github.com/app/installations/37100555/access_tokens","repositories_url":"https://api.github.com/installation/repositories","html_url":"https://github.com/organizations/mergifyio-testing/settings/installations/37100555","app_id":327815,"app_slug":"mergify-kontrolix","target_id":40527191,"target_type":"Organization","permissions":{"pages":"write","checks":"write","issues":"write","members":"read","contents":"write","metadata":"read","statuses":"write","workflows":"write","pull_requests":"write","administration":"read"},"events":["check_run","check_suite","issue_comment","member","membership","organization","pull_request","pull_request_review","pull_request_review_comment","pull_request_review_thread","push","repository","status","team","team_add"],"created_at":"2023-05-03T09:24:41.000Z","updated_at":"2023-05-24T09:30:21.000Z","single_file_name":null,"has_multiple_single_files":false,"single_file_paths":[],"suspended_by":null,"suspended_at":null}'
    headers:
      Content-Encoding:
      - gzip
      Content-Type:
      - application/json; charset=utf-8
      Transfer-Encoding:
      - chunked
      X-GitHub-Media-Type:
      - github.v3; param=machine-man-preview; format=json
      x-github-api-version-selected:
      - '2022-11-28'
    http_version: HTTP/1.1
    status_code: 200
- request:
    body: ''
    headers:
      accept:
      - application/vnd.github.machine-man-preview+json
      host:
      - api.github.com
    method: GET
    uri: https://api.github.com/repositories/635704693/pulls/544
  response:
    content: '{"url":"https://api.github.com/repos/mergifyio-testing/functional-testing-repo-Kontrolix/pulls/544","id":1362755392,"node_id":"PR_kwDOJeQVdc5ROf9A","html_url":"https://github.com/mergifyio-testing/functional-testing-repo-Kontrolix/pull/544","diff_url":"https://github.com/mergifyio-testing/functional-testing-repo-Kontrolix/pull/544.diff","patch_url":"https://github.com/mergifyio-testing/functional-testing-repo-Kontrolix/pull/544.patch","issue_url":"https://api.github.com/repos/mergifyio-testing/functional-testing-repo-Kontrolix/issues/544","number":544,"state":"open","locked":false,"title":"test_invalid_action_option:
      pull request n1 from integration","user":{"login":"mergify-kontrolix[bot]","id":132445501,"node_id":"BOT_kgDOB-T1PQ","avatar_url":"https://avatars.githubusercontent.com/u/40527191?v=4","gravatar_id":"","url":"https://api.github.com/users/mergify-kontrolix%5Bbot%5D","html_url":"https://github.com/apps/mergify-kontrolix","followers_url":"https://api.github.com/users/mergify-kontrolix%5Bbot%5D/followers","following_url":"https://api.github.com/users/mergify-kontrolix%5Bbot%5D/following{/other_user}","gists_url":"https://api.github.com/users/mergify-kontrolix%5Bbot%5D/gists{/gist_id}","starred_url":"https://api.github.com/users/mergify-kontrolix%5Bbot%5D/starred{/owner}{/repo}","subscriptions_url":"https://api.github.com/users/mergify-kontrolix%5Bbot%5D/subscriptions","organizations_url":"https://api.github.com/users/mergify-kontrolix%5Bbot%5D/orgs","repos_url":"https://api.github.com/users/mergify-kontrolix%5Bbot%5D/repos","events_url":"https://api.github.com/users/mergify-kontrolix%5Bbot%5D/events{/privacy}","received_events_url":"https://api.github.com/users/mergify-kontrolix%5Bbot%5D/received_events","type":"Bot","site_admin":false},"body":"test_invalid_action_option:
      pull request n1 from integration","created_at":"2023-05-24T09:42:31Z","updated_at":"2023-05-24T09:42:31Z","closed_at":null,"merged_at":null,"merge_commit_sha":"181a14107abb0665b3f4dead4c89a55cd4ea2309","assignee":null,"assignees":[],"requested_reviewers":[],"requested_teams":[],"labels":[],"milestone":null,"draft":false,"commits_url":"https://api.github.com/repos/mergifyio-testing/functional-testing-repo-Kontrolix/pulls/544/commits","review_comments_url":"https://api.github.com/repos/mergifyio-testing/functional-testing-repo-Kontrolix/pulls/544/comments","review_comment_url":"https://api.github.com/repos/mergifyio-testing/functional-testing-repo-Kontrolix/pulls/comments{/number}","comments_url":"https://api.github.com/repos/mergifyio-testing/functional-testing-repo-Kontrolix/issues/544/comments","statuses_url":"https://api.github.com/repos/mergifyio-testing/functional-testing-repo-Kontrolix/statuses/afc6c0088cd6015732fddb474e7a75cc9812fc84","head":{"label":"mergifyio-testing:20230524094209/test_invalid_action_option/integration/pr1","ref":"20230524094209/test_invalid_action_option/integration/pr1","sha":"afc6c0088cd6015732fddb474e7a75cc9812fc84","user":{"login":"mergifyio-testing","id":40527191,"node_id":"MDEyOk9yZ2FuaXphdGlvbjQwNTI3MTkx","avatar_url":"https://avatars.githubusercontent.com/u/40527191?v=4","gravatar_id":"","url":"https://api.github.com/users/mergifyio-testing","html_url":"https://github.com/mergifyio-testing","followers_url":"https://api.github.com/users/mergifyio-testing/followers","following_url":"https://api.github.com/users/mergifyio-testing/following{/other_user}","gists_url":"https://api.github.com/users/mergifyio-testing/gists{/gist_id}","starred_url":"https://api.github.com/users/mergifyio-testing/starred{/owner}{/repo}","subscriptions_url":"https://api.github.com/users/mergifyio-testing/subscriptions","organizations_url":"https://api.github.com/users/mergifyio-testing/orgs","repos_url":"https://api.github.com/users/mergifyio-testing/repos","events_url":"https://api.github.com/users/mergifyio-testing/events{/privacy}","received_events_url":"https://api.github.com/users/mergifyio-testing/received_events","type":"Organization","site_admin":false},"repo":{"id":635704693,"node_id":"R_kgDOJeQVdQ","name":"functional-testing-repo-Kontrolix","full_name":"mergifyio-testing/functional-testing-repo-Kontrolix","private":false,"owner":{"login":"mergifyio-testing","id":40527191,"node_id":"MDEyOk9yZ2FuaXphdGlvbjQwNTI3MTkx","avatar_url":"https://avatars.githubusercontent.com/u/40527191?v=4","gravatar_id":"","url":"https://api.github.com/users/mergifyio-testing","html_url":"https://github.com/mergifyio-testing","followers_url":"https://api.github.com/users/mergifyio-testing/followers","following_url":"https://api.github.com/users/mergifyio-testing/following{/other_user}","gists_url":"https://api.github.com/users/mergifyio-testing/gists{/gist_id}","starred_url":"https://api.github.com/users/mergifyio-testing/starred{/owner}{/repo}","subscriptions_url":"https://api.github.com/users/mergifyio-testing/subscriptions","organizations_url":"https://api.github.com/users/mergifyio-testing/orgs","repos_url":"https://api.github.com/users/mergifyio-testing/repos","events_url":"https://api.github.com/users/mergifyio-testing/events{/privacy}","received_events_url":"https://api.github.com/users/mergifyio-testing/received_events","type":"Organization","site_admin":false},"html_url":"https://github.com/mergifyio-testing/functional-testing-repo-Kontrolix","description":null,"fork":false,"url":"https://api.github.com/repos/mergifyio-testing/functional-testing-repo-Kontrolix","forks_url":"https://api.github.com/repos/mergifyio-testing/functional-testing-repo-Kontrolix/forks","keys_url":"https://api.github.com/repos/mergifyio-testing/functional-testing-repo-Kontrolix/keys{/key_id}","collaborators_url":"https://api.github.com/repos/mergifyio-testing/functional-testing-repo-Kontrolix/collaborators{/collaborator}","teams_url":"https://api.github.com/repos/mergifyio-testing/functional-testing-repo-Kontrolix/teams","hooks_url":"https://api.github.com/repos/mergifyio-testing/functional-testing-repo-Kontrolix/hooks","issue_events_url":"https://api.github.com/repos/mergifyio-testing/functional-testing-repo-Kontrolix/issues/events{/number}","events_url":"https://api.github.com/repos/mergifyio-testing/functional-testing-repo-Kontrolix/events","assignees_url":"https://api.github.com/repos/mergifyio-testing/functional-testing-repo-Kontrolix/assignees{/user}","branches_url":"https://api.github.com/repos/mergifyio-testing/functional-testing-repo-Kontrolix/branches{/branch}","tags_url":"https://api.github.com/repos/mergifyio-testing/functional-testing-repo-Kontrolix/tags","blobs_url":"https://api.github.com/repos/mergifyio-testing/functional-testing-repo-Kontrolix/git/blobs{/sha}","git_tags_url":"https://api.github.com/repos/mergifyio-testing/functional-testing-repo-Kontrolix/git/tags{/sha}","git_refs_url":"https://api.github.com/repos/mergifyio-testing/functional-testing-repo-Kontrolix/git/refs{/sha}","trees_url":"https://api.github.com/repos/mergifyio-testing/functional-testing-repo-Kontrolix/git/trees{/sha}","statuses_url":"https://api.github.com/repos/mergifyio-testing/functional-testing-repo-Kontrolix/statuses/{sha}","languages_url":"https://api.github.com/repos/mergifyio-testing/functional-testing-repo-Kontrolix/languages","stargazers_url":"https://api.github.com/repos/mergifyio-testing/functional-testing-repo-Kontrolix/stargazers","contributors_url":"https://api.github.com/repos/mergifyio-testing/functional-testing-repo-Kontrolix/contributors","subscribers_url":"https://api.github.com/repos/mergifyio-testing/functional-testing-repo-Kontrolix/subscribers","subscription_url":"https://api.github.com/repos/mergifyio-testing/functional-testing-repo-Kontrolix/subscription","commits_url":"https://api.github.com/repos/mergifyio-testing/functional-testing-repo-Kontrolix/commits{/sha}","git_commits_url":"https://api.github.com/repos/mergifyio-testing/functional-testing-repo-Kontrolix/git/commits{/sha}","comments_url":"https://api.github.com/repos/mergifyio-testing/functional-testing-repo-Kontrolix/comments{/number}","issue_comment_url":"https://api.github.com/repos/mergifyio-testing/functional-testing-repo-Kontrolix/issues/comments{/number}","contents_url":"https://api.github.com/repos/mergifyio-testing/functional-testing-repo-Kontrolix/contents/{+path}","compare_url":"https://api.github.com/repos/mergifyio-testing/functional-testing-repo-Kontrolix/compare/{base}...{head}","merges_url":"https://api.github.com/repos/mergifyio-testing/functional-testing-repo-Kontrolix/merges","archive_url":"https://api.github.com/repos/mergifyio-testing/functional-testing-repo-Kontrolix/{archive_format}{/ref}","downloads_url":"https://api.github.com/repos/mergifyio-testing/functional-testing-repo-Kontrolix/downloads","issues_url":"https://api.github.com/repos/mergifyio-testing/functional-testing-repo-Kontrolix/issues{/number}","pulls_url":"https://api.github.com/repos/mergifyio-testing/functional-testing-repo-Kontrolix/pulls{/number}","milestones_url":"https://api.github.com/repos/mergifyio-testing/functional-testing-repo-Kontrolix/milestones{/number}","notifications_url":"https://api.github.com/repos/mergifyio-testing/functional-testing-repo-Kontrolix/notifications{?since,all,participating}","labels_url":"https://api.github.com/repos/mergifyio-testing/functional-testing-repo-Kontrolix/labels{/name}","releases_url":"https://api.github.com/repos/mergifyio-testing/functional-testing-repo-Kontrolix/releases{/id}","deployments_url":"https://api.github.com/repos/mergifyio-testing/functional-testing-repo-Kontrolix/deployments","created_at":"2023-05-03T09:24:21Z","updated_at":"2023-05-03T09:24:22Z","pushed_at":"2023-05-24T09:42:31Z","git_url":"git://github.com/mergifyio-testing/functional-testing-repo-Kontrolix.git","ssh_url":"git@github.com:mergifyio-testing/functional-testing-repo-Kontrolix.git","clone_url":"https://github.com/mergifyio-testing/functional-testing-repo-Kontrolix.git","svn_url":"https://github.com/mergifyio-testing/functional-testing-repo-Kontrolix","homepage":null,"size":54,"stargazers_count":0,"watchers_count":0,"language":null,"has_issues":true,"has_projects":true,"has_downloads":true,"has_wiki":true,"has_pages":false,"has_discussions":false,"forks_count":1,"mirror_url":null,"archived":false,"disabled":false,"open_issues_count":11,"license":null,"allow_forking":true,"is_template":false,"web_commit_signoff_required":false,"topics":[],"visibility":"public","forks":1,"open_issues":11,"watchers":0,"default_branch":"main"}},"base":{"label":"mergifyio-testing:20230524094209/test_invalid_action_option/main","ref":"20230524094209/test_invalid_action_option/main","sha":"71a6c7a942bfd83082817ed1da947fb3715875e0","user":{"login":"mergifyio-testing","id":40527191,"node_id":"MDEyOk9yZ2FuaXphdGlvbjQwNTI3MTkx","avatar_url":"https://avatars.githubusercontent.com/u/40527191?v=4","gravatar_id":"","url":"https://api.github.com/users/mergifyio-testing","html_url":"https://github.com/mergifyio-testing","followers_url":"https://api.github.com/users/mergifyio-testing/followers","following_url":"https://api.github.com/users/mergifyio-testing/following{/other_user}","gists_url":"https://api.github.com/users/mergifyio-testing/gists{/gist_id}","starred_url":"https://api.github.com/users/mergifyio-testing/starred{/owner}{/repo}","subscriptions_url":"https://api.github.com/users/mergifyio-testing/subscriptions","organizations_url":"https://api.github.com/users/mergifyio-testing/orgs","repos_url":"https://api.github.com/users/mergifyio-testing/repos","events_url":"https://api.github.com/users/mergifyio-testing/events{/privacy}","received_events_url":"https://api.github.com/users/mergifyio-testing/received_events","type":"Organization","site_admin":false},"repo":{"id":635704693,"node_id":"R_kgDOJeQVdQ","name":"functional-testing-repo-Kontrolix","full_name":"mergifyio-testing/functional-testing-repo-Kontrolix","private":false,"owner":{"login":"mergifyio-testing","id":40527191,"node_id":"MDEyOk9yZ2FuaXphdGlvbjQwNTI3MTkx","avatar_url":"https://avatars.githubusercontent.com/u/40527191?v=4","gravatar_id":"","url":"https://api.github.com/users/mergifyio-testing","html_url":"https://github.com/mergifyio-testing","followers_url":"https://api.github.com/users/mergifyio-testing/followers","following_url":"https://api.github.com/users/mergifyio-testing/following{/other_user}","gists_url":"https://api.github.com/users/mergifyio-testing/gists{/gist_id}","starred_url":"https://api.github.com/users/mergifyio-testing/starred{/owner}{/repo}","subscriptions_url":"https://api.github.com/users/mergifyio-testing/subscriptions","organizations_url":"https://api.github.com/users/mergifyio-testing/orgs","repos_url":"https://api.github.com/users/mergifyio-testing/repos","events_url":"https://api.github.com/users/mergifyio-testing/events{/privacy}","received_events_url":"https://api.github.com/users/mergifyio-testing/received_events","type":"Organization","site_admin":false},"html_url":"https://github.com/mergifyio-testing/functional-testing-repo-Kontrolix","description":null,"fork":false,"url":"https://api.github.com/repos/mergifyio-testing/functional-testing-repo-Kontrolix","forks_url":"https://api.github.com/repos/mergifyio-testing/functional-testing-repo-Kontrolix/forks","keys_url":"https://api.github.com/repos/mergifyio-testing/functional-testing-repo-Kontrolix/keys{/key_id}","collaborators_url":"https://api.github.com/repos/mergifyio-testing/functional-testing-repo-Kontrolix/collaborators{/collaborator}","teams_url":"https://api.github.com/repos/mergifyio-testing/functional-testing-repo-Kontrolix/teams","hooks_url":"https://api.github.com/repos/mergifyio-testing/functional-testing-repo-Kontrolix/hooks","issue_events_url":"https://api.github.com/repos/mergifyio-testing/functional-testing-repo-Kontrolix/issues/events{/number}","events_url":"https://api.github.com/repos/mergifyio-testing/functional-testing-repo-Kontrolix/events","assignees_url":"https://api.github.com/repos/mergifyio-testing/functional-testing-repo-Kontrolix/assignees{/user}","branches_url":"https://api.github.com/repos/mergifyio-testing/functional-testing-repo-Kontrolix/branches{/branch}","tags_url":"https://api.github.com/repos/mergifyio-testing/functional-testing-repo-Kontrolix/tags","blobs_url":"https://api.github.com/repos/mergifyio-testing/functional-testing-repo-Kontrolix/git/blobs{/sha}","git_tags_url":"https://api.github.com/repos/mergifyio-testing/functional-testing-repo-Kontrolix/git/tags{/sha}","git_refs_url":"https://api.github.com/repos/mergifyio-testing/functional-testing-repo-Kontrolix/git/refs{/sha}","trees_url":"https://api.github.com/repos/mergifyio-testing/functional-testing-repo-Kontrolix/git/trees{/sha}","statuses_url":"https://api.github.com/repos/mergifyio-testing/functional-testing-repo-Kontrolix/statuses/{sha}","languages_url":"https://api.github.com/repos/mergifyio-testing/functional-testing-repo-Kontrolix/languages","stargazers_url":"https://api.github.com/repos/mergifyio-testing/functional-testing-repo-Kontrolix/stargazers","contributors_url":"https://api.github.com/repos/mergifyio-testing/functional-testing-repo-Kontrolix/contributors","subscribers_url":"https://api.github.com/repos/mergifyio-testing/functional-testing-repo-Kontrolix/subscribers","subscription_url":"https://api.github.com/repos/mergifyio-testing/functional-testing-repo-Kontrolix/subscription","commits_url":"https://api.github.com/repos/mergifyio-testing/functional-testing-repo-Kontrolix/commits{/sha}","git_commits_url":"https://api.github.com/repos/mergifyio-testing/functional-testing-repo-Kontrolix/git/commits{/sha}","comments_url":"https://api.github.com/repos/mergifyio-testing/functional-testing-repo-Kontrolix/comments{/number}","issue_comment_url":"https://api.github.com/repos/mergifyio-testing/functional-testing-repo-Kontrolix/issues/comments{/number}","contents_url":"https://api.github.com/repos/mergifyio-testing/functional-testing-repo-Kontrolix/contents/{+path}","compare_url":"https://api.github.com/repos/mergifyio-testing/functional-testing-repo-Kontrolix/compare/{base}...{head}","merges_url":"https://api.github.com/repos/mergifyio-testing/functional-testing-repo-Kontrolix/merges","archive_url":"https://api.github.com/repos/mergifyio-testing/functional-testing-repo-Kontrolix/{archive_format}{/ref}","downloads_url":"https://api.github.com/repos/mergifyio-testing/functional-testing-repo-Kontrolix/downloads","issues_url":"https://api.github.com/repos/mergifyio-testing/functional-testing-repo-Kontrolix/issues{/number}","pulls_url":"https://api.github.com/repos/mergifyio-testing/functional-testing-repo-Kontrolix/pulls{/number}","milestones_url":"https://api.github.com/repos/mergifyio-testing/functional-testing-repo-Kontrolix/milestones{/number}","notifications_url":"https://api.github.com/repos/mergifyio-testing/functional-testing-repo-Kontrolix/notifications{?since,all,participating}","labels_url":"https://api.github.com/repos/mergifyio-testing/functional-testing-repo-Kontrolix/labels{/name}","releases_url":"https://api.github.com/repos/mergifyio-testing/functional-testing-repo-Kontrolix/releases{/id}","deployments_url":"https://api.github.com/repos/mergifyio-testing/functional-testing-repo-Kontrolix/deployments","created_at":"2023-05-03T09:24:21Z","updated_at":"2023-05-03T09:24:22Z","pushed_at":"2023-05-24T09:42:31Z","git_url":"git://github.com/mergifyio-testing/functional-testing-repo-Kontrolix.git","ssh_url":"git@github.com:mergifyio-testing/functional-testing-repo-Kontrolix.git","clone_url":"https://github.com/mergifyio-testing/functional-testing-repo-Kontrolix.git","svn_url":"https://github.com/mergifyio-testing/functional-testing-repo-Kontrolix","homepage":null,"size":54,"stargazers_count":0,"watchers_count":0,"language":null,"has_issues":true,"has_projects":true,"has_downloads":true,"has_wiki":true,"has_pages":false,"has_discussions":false,"forks_count":1,"mirror_url":null,"archived":false,"disabled":false,"open_issues_count":11,"license":null,"allow_forking":true,"is_template":false,"web_commit_signoff_required":false,"topics":[],"visibility":"public","forks":1,"open_issues":11,"watchers":0,"default_branch":"main"}},"_links":{"self":{"href":"https://api.github.com/repos/mergifyio-testing/functional-testing-repo-Kontrolix/pulls/544"},"html":{"href":"https://github.com/mergifyio-testing/functional-testing-repo-Kontrolix/pull/544"},"issue":{"href":"https://api.github.com/repos/mergifyio-testing/functional-testing-repo-Kontrolix/issues/544"},"comments":{"href":"https://api.github.com/repos/mergifyio-testing/functional-testing-repo-Kontrolix/issues/544/comments"},"review_comments":{"href":"https://api.github.com/repos/mergifyio-testing/functional-testing-repo-Kontrolix/pulls/544/comments"},"review_comment":{"href":"https://api.github.com/repos/mergifyio-testing/functional-testing-repo-Kontrolix/pulls/comments{/number}"},"commits":{"href":"https://api.github.com/repos/mergifyio-testing/functional-testing-repo-Kontrolix/pulls/544/commits"},"statuses":{"href":"https://api.github.com/repos/mergifyio-testing/functional-testing-repo-Kontrolix/statuses/afc6c0088cd6015732fddb474e7a75cc9812fc84"}},"author_association":"NONE","auto_merge":null,"active_lock_reason":null,"merged":false,"mergeable":true,"rebaseable":true,"mergeable_state":"clean","merged_by":null,"comments":0,"review_comments":0,"maintainer_can_modify":false,"commits":1,"additions":0,"deletions":0,"changed_files":1}'
    headers:
      Content-Encoding:
      - gzip
      Content-Type:
      - application/json; charset=utf-8
      Transfer-Encoding:
      - chunked
      X-GitHub-Media-Type:
      - github.v3; param=machine-man-preview; format=json
      x-github-api-version-selected:
      - '2022-11-28'
    http_version: HTTP/1.1
    status_code: 200
- request:
    body: ''
    headers:
      accept:
      - application/vnd.github.machine-man-preview+json
      host:
      - api.github.com
    method: GET
    uri: https://api.github.com/repos/mergifyio-testing/functional-testing-repo-Kontrolix/contents/.mergify.yml?ref=20230524094209/test_invalid_action_option/main
  response:
    content: '{"name":".mergify.yml","path":".mergify.yml","sha":"32540ce7c0f6f2e8405a2c4dd4e02c175aff436e","size":129,"url":"https://api.github.com/repos/mergifyio-testing/functional-testing-repo-Kontrolix/contents/.mergify.yml?ref=20230524094209/test_invalid_action_option/main","html_url":"https://github.com/mergifyio-testing/functional-testing-repo-Kontrolix/blob/20230524094209/test_invalid_action_option/main/.mergify.yml","git_url":"https://api.github.com/repos/mergifyio-testing/functional-testing-repo-Kontrolix/git/blobs/32540ce7c0f6f2e8405a2c4dd4e02c175aff436e","download_url":"https://raw.githubusercontent.com/mergifyio-testing/functional-testing-repo-Kontrolix/20230524094209/test_invalid_action_option/main/.mergify.yml","type":"file","content":"cHVsbF9yZXF1ZXN0X3J1bGVzOgotIGFjdGlvbnM6CiAgICBjb21tZW50Ogog\nICAgICBtZXNzYWdlOiBoZWxsbwogICAgICB1bmtub3duOiBoZWxsbwogIGNv\nbmRpdGlvbnM6CiAgLSBiYXNlPW1haW4KICBuYW1lOiBmb29iYXIK\n","encoding":"base64","_links":{"self":"https://api.github.com/repos/mergifyio-testing/functional-testing-repo-Kontrolix/contents/.mergify.yml?ref=20230524094209/test_invalid_action_option/main","git":"https://api.github.com/repos/mergifyio-testing/functional-testing-repo-Kontrolix/git/blobs/32540ce7c0f6f2e8405a2c4dd4e02c175aff436e","html":"https://github.com/mergifyio-testing/functional-testing-repo-Kontrolix/blob/20230524094209/test_invalid_action_option/main/.mergify.yml"}}'
    headers:
      Content-Encoding:
      - gzip
      Content-Type:
      - application/json; charset=utf-8
      Transfer-Encoding:
      - chunked
      X-GitHub-Media-Type:
      - github.v3; param=machine-man-preview; format=json
      x-github-api-version-selected:
      - '2022-11-28'
    http_version: HTTP/1.1
    status_code: 200
- request:
    body: ''
    headers:
      accept:
      - application/vnd.github.antiope-preview+json
      host:
      - api.github.com
    method: GET
    uri: https://api.github.com/repos/mergifyio-testing/functional-testing-repo-Kontrolix/commits/afc6c0088cd6015732fddb474e7a75cc9812fc84/check-runs?per_page=100
  response:
    content: '{"total_count":0,"check_runs":[]}'
    headers:
      Content-Encoding:
      - gzip
      Content-Type:
      - application/json; charset=utf-8
      Transfer-Encoding:
      - chunked
      X-GitHub-Media-Type:
      - github.v3; param=antiope-preview; format=json
      x-github-api-version-selected:
      - '2022-11-28'
    http_version: HTTP/1.1
    status_code: 200
- request:
    body: ''
    headers:
      accept:
      - application/vnd.github.machine-man-preview+json
      host:
      - api.github.com
    method: GET
    uri: https://api.github.com/repos/mergifyio-testing/functional-testing-repo-Kontrolix/pulls/544/files?per_page=100
  response:
    content: '[{"sha":"e69de29bb2d1d6434b8b29ae775ad8c2e48c5391","filename":"test1","status":"added","additions":0,"deletions":0,"changes":0,"blob_url":"https://github.com/mergifyio-testing/functional-testing-repo-Kontrolix/blob/afc6c0088cd6015732fddb474e7a75cc9812fc84/test1","raw_url":"https://github.com/mergifyio-testing/functional-testing-repo-Kontrolix/raw/afc6c0088cd6015732fddb474e7a75cc9812fc84/test1","contents_url":"https://api.github.com/repos/mergifyio-testing/functional-testing-repo-Kontrolix/contents/test1?ref=afc6c0088cd6015732fddb474e7a75cc9812fc84"}]'
    headers:
      Content-Encoding:
      - gzip
      Content-Type:
      - application/json; charset=utf-8
      Transfer-Encoding:
      - chunked
      X-GitHub-Media-Type:
      - github.v3; param=machine-man-preview; format=json
      x-github-api-version-selected:
      - '2022-11-28'
    http_version: HTTP/1.1
    status_code: 200
- request:
    body: '{"name": "Summary", "head_sha": "afc6c0088cd6015732fddb474e7a75cc9812fc84",
      "status": "completed", "started_at": "2023-05-24T09:42:33.206511+00:00", "details_url":
      "https://github.com/mergifyio-testing/functional-testing-repo-Kontrolix/pull/544/checks",
      "output": {"title": "The current Mergify configuration is invalid", "summary":
      "extra keys not allowed @ pull_request_rules \u2192 item 0 \u2192 actions \u2192
      comment \u2192 unknown", "annotations": []}, "external_id": "544", "conclusion":
      "failure", "completed_at": "2023-05-24T09:42:34.612930+00:00"}'
    headers:
      accept:
      - application/vnd.github.antiope-preview+json
      content-length:
      - '557'
      content-type:
      - application/json
      host:
      - api.github.com
    method: POST
    uri: https://api.github.com/repos/mergifyio-testing/functional-testing-repo-Kontrolix/check-runs
  response:
    content: "{\"id\":13719375474,\"name\":\"Summary\",\"node_id\":\"CR_kwDOJeQVdc8AAAADMb0Ocg\",\"head_sha\":\"afc6c0088cd6015732fddb474e7a75cc9812fc84\",\"external_id\":\"544\",\"url\":\"https://api.github.com/repos/mergifyio-testing/functional-testing-repo-Kontrolix/check-runs/13719375474\",\"html_url\":\"https://github.com/mergifyio-testing/functional-testing-repo-Kontrolix/runs/13719375474\",\"details_url\":\"https://github.com/mergifyio-testing/functional-testing-repo-Kontrolix/pull/544/checks\",\"status\":\"completed\",\"conclusion\":\"failure\",\"started_at\":\"2023-05-24T09:42:33Z\",\"completed_at\":\"2023-05-24T09:42:34Z\",\"output\":{\"title\":\"The
      current Mergify configuration is invalid\",\"summary\":\"extra keys not allowed
      @ pull_request_rules \u2192 item 0 \u2192 actions \u2192 comment \u2192 unknown\",\"text\":null,\"annotations_count\":0,\"annotations_url\":\"https://api.github.com/repos/mergifyio-testing/functional-testing-repo-Kontrolix/check-runs/13719375474/annotations\"},\"check_suite\":{\"id\":13112145420},\"app\":{\"id\":327815,\"slug\":\"mergify-kontrolix\",\"node_id\":\"A_kwHOAmplV84ABQCH\",\"owner\":{\"login\":\"mergifyio-testing\",\"id\":40527191,\"node_id\":\"MDEyOk9yZ2FuaXphdGlvbjQwNTI3MTkx\",\"avatar_url\":\"https://avatars.githubusercontent.com/u/40527191?v=4\",\"gravatar_id\":\"\",\"url\":\"https://api.github.com/users/mergifyio-testing\",\"html_url\":\"https://github.com/mergifyio-testing\",\"followers_url\":\"https://api.github.com/users/mergifyio-testing/followers\",\"following_url\":\"https://api.github.com/users/mergifyio-testing/following{/other_user}\",\"gists_url\":\"https://api.github.com/users/mergifyio-testing/gists{/gist_id}\",\"starred_url\":\"https://api.github.com/users/mergifyio-testing/starred{/owner}{/repo}\",\"subscriptions_url\":\"https://api.github.com/users/mergifyio-testing/subscriptions\",\"organizations_url\":\"https://api.github.com/users/mergifyio-testing/orgs\",\"repos_url\":\"https://api.github.com/users/mergifyio-testing/repos\",\"events_url\":\"https://api.github.com/users/mergifyio-testing/events{/privacy}\",\"received_events_url\":\"https://api.github.com/users/mergifyio-testing/received_events\",\"type\":\"Organization\",\"site_admin\":false},\"name\":\"mergify-Kontrolix\",\"description\":\"Mergify
      testing installation for Kontrolix\",\"external_url\":\"https://mergify.com/\",\"html_url\":\"https://github.com/apps/mergify-kontrolix\",\"created_at\":\"2023-05-03T09:24:33Z\",\"updated_at\":\"2023-05-03T09:24:33Z\",\"permissions\":{\"administration\":\"read\",\"checks\":\"write\",\"contents\":\"write\",\"emails\":\"read\",\"issues\":\"write\",\"members\":\"read\",\"metadata\":\"read\",\"pages\":\"write\",\"pull_requests\":\"write\",\"statuses\":\"write\",\"workflows\":\"write\"},\"events\":[\"check_run\",\"check_suite\",\"issue_comment\",\"member\",\"membership\",\"organization\",\"pull_request\",\"pull_request_review\",\"pull_request_review_comment\",\"pull_request_review_thread\",\"push\",\"repository\",\"status\",\"team\",\"team_add\"]},\"pull_requests\":[{\"url\":\"https://api.github.com/repos/mergifyio-testing/functional-testing-repo-Kontrolix/pulls/544\",\"id\":1362755392,\"number\":544,\"head\":{\"ref\":\"20230524094209/test_invalid_action_option/integration/pr1\",\"sha\":\"afc6c0088cd6015732fddb474e7a75cc9812fc84\",\"repo\":{\"id\":635704693,\"url\":\"https://api.github.com/repos/mergifyio-testing/functional-testing-repo-Kontrolix\",\"name\":\"functional-testing-repo-Kontrolix\"}},\"base\":{\"ref\":\"20230524094209/test_invalid_action_option/main\",\"sha\":\"71a6c7a942bfd83082817ed1da947fb3715875e0\",\"repo\":{\"id\":635704693,\"url\":\"https://api.github.com/repos/mergifyio-testing/functional-testing-repo-Kontrolix\",\"name\":\"functional-testing-repo-Kontrolix\"}}}]}"
    headers:
      Content-Length:
      - '3479'
      Content-Type:
      - application/json; charset=utf-8
      Location:
      - https://api.github.com/repos/mergifyio-testing/functional-testing-repo-Kontrolix/check-runs/13719375474
      X-GitHub-Media-Type:
      - github.v3; param=antiope-preview; format=json
      x-github-api-version-selected:
      - '2022-11-28'
    http_version: HTTP/1.1
    status_code: 201
- request:
    body: ''
    headers:
      accept:
      - application/vnd.github.antiope-preview+json
      host:
      - api.github.com
    method: GET
    uri: https://api.github.com/repos/mergifyio-testing/functional-testing-repo-Kontrolix/commits/afc6c0088cd6015732fddb474e7a75cc9812fc84/check-runs?per_page=100
  response:
    content: "{\"total_count\":1,\"check_runs\":[{\"id\":13719375474,\"name\":\"Summary\",\"node_id\":\"CR_kwDOJeQVdc8AAAADMb0Ocg\",\"head_sha\":\"afc6c0088cd6015732fddb474e7a75cc9812fc84\",\"external_id\":\"544\",\"url\":\"https://api.github.com/repos/mergifyio-testing/functional-testing-repo-Kontrolix/check-runs/13719375474\",\"html_url\":\"https://github.com/mergifyio-testing/functional-testing-repo-Kontrolix/runs/13719375474\",\"details_url\":\"https://github.com/mergifyio-testing/functional-testing-repo-Kontrolix/pull/544/checks\",\"status\":\"completed\",\"conclusion\":\"failure\",\"started_at\":\"2023-05-24T09:42:33Z\",\"completed_at\":\"2023-05-24T09:42:34Z\",\"output\":{\"title\":\"The
      current Mergify configuration is invalid\",\"summary\":\"extra keys not allowed
      @ pull_request_rules \u2192 item 0 \u2192 actions \u2192 comment \u2192 unknown\",\"text\":null,\"annotations_count\":0,\"annotations_url\":\"https://api.github.com/repos/mergifyio-testing/functional-testing-repo-Kontrolix/check-runs/13719375474/annotations\"},\"check_suite\":{\"id\":13112145420},\"app\":{\"id\":327815,\"slug\":\"mergify-kontrolix\",\"node_id\":\"A_kwHOAmplV84ABQCH\",\"owner\":{\"login\":\"mergifyio-testing\",\"id\":40527191,\"node_id\":\"MDEyOk9yZ2FuaXphdGlvbjQwNTI3MTkx\",\"avatar_url\":\"https://avatars.githubusercontent.com/u/40527191?v=4\",\"gravatar_id\":\"\",\"url\":\"https://api.github.com/users/mergifyio-testing\",\"html_url\":\"https://github.com/mergifyio-testing\",\"followers_url\":\"https://api.github.com/users/mergifyio-testing/followers\",\"following_url\":\"https://api.github.com/users/mergifyio-testing/following{/other_user}\",\"gists_url\":\"https://api.github.com/users/mergifyio-testing/gists{/gist_id}\",\"starred_url\":\"https://api.github.com/users/mergifyio-testing/starred{/owner}{/repo}\",\"subscriptions_url\":\"https://api.github.com/users/mergifyio-testing/subscriptions\",\"organizations_url\":\"https://api.github.com/users/mergifyio-testing/orgs\",\"repos_url\":\"https://api.github.com/users/mergifyio-testing/repos\",\"events_url\":\"https://api.github.com/users/mergifyio-testing/events{/privacy}\",\"received_events_url\":\"https://api.github.com/users/mergifyio-testing/received_events\",\"type\":\"Organization\",\"site_admin\":false},\"name\":\"mergify-Kontrolix\",\"description\":\"Mergify
      testing installation for Kontrolix\",\"external_url\":\"https://mergify.com/\",\"html_url\":\"https://github.com/apps/mergify-kontrolix\",\"created_at\":\"2023-05-03T09:24:33Z\",\"updated_at\":\"2023-05-03T09:24:33Z\",\"permissions\":{\"administration\":\"read\",\"checks\":\"write\",\"contents\":\"write\",\"emails\":\"read\",\"issues\":\"write\",\"members\":\"read\",\"metadata\":\"read\",\"pages\":\"write\",\"pull_requests\":\"write\",\"statuses\":\"write\",\"workflows\":\"write\"},\"events\":[\"check_run\",\"check_suite\",\"issue_comment\",\"member\",\"membership\",\"organization\",\"pull_request\",\"pull_request_review\",\"pull_request_review_comment\",\"pull_request_review_thread\",\"push\",\"repository\",\"status\",\"team\",\"team_add\"]},\"pull_requests\":[{\"url\":\"https://api.github.com/repos/mergifyio-testing/functional-testing-repo-Kontrolix/pulls/544\",\"id\":1362755392,\"number\":544,\"head\":{\"ref\":\"20230524094209/test_invalid_action_option/integration/pr1\",\"sha\":\"afc6c0088cd6015732fddb474e7a75cc9812fc84\",\"repo\":{\"id\":635704693,\"url\":\"https://api.github.com/repos/mergifyio-testing/functional-testing-repo-Kontrolix\",\"name\":\"functional-testing-repo-Kontrolix\"}},\"base\":{\"ref\":\"20230524094209/test_invalid_action_option/main\",\"sha\":\"71a6c7a942bfd83082817ed1da947fb3715875e0\",\"repo\":{\"id\":635704693,\"url\":\"https://api.github.com/repos/mergifyio-testing/functional-testing-repo-Kontrolix\",\"name\":\"functional-testing-repo-Kontrolix\"}}}]}]}"
    headers:
      Content-Encoding:
      - gzip
      Content-Type:
      - application/json; charset=utf-8
      Transfer-Encoding:
      - chunked
      X-GitHub-Media-Type:
      - github.v3; param=antiope-preview; format=json
      x-github-api-version-selected:
      - '2022-11-28'
    http_version: HTTP/1.1
    status_code: 200
- request:
    body: ''
    headers:
      accept:
      - application/vnd.github.machine-man-preview+json
      host:
      - api.github.com
    method: GET
    uri: https://api.github.com/repos/mergifyio-testing/functional-testing-repo-Kontrolix/git/matching-refs/heads/20230524094209/test_invalid_action_option/main?per_page=100
  response:
    content: '[{"ref":"refs/heads/20230524094209/test_invalid_action_option/main","node_id":"REF_kwDOJeQVddoAOXJlZnMvaGVhZHMvMjAyMzA1MjQwOTQyMDkvdGVzdF9pbnZhbGlkX2FjdGlvbl9vcHRpb24vbWFpbg","url":"https://api.github.com/repos/mergifyio-testing/functional-testing-repo-Kontrolix/git/refs/heads/20230524094209/test_invalid_action_option/main","object":{"sha":"71a6c7a942bfd83082817ed1da947fb3715875e0","type":"commit","url":"https://api.github.com/repos/mergifyio-testing/functional-testing-repo-Kontrolix/git/commits/71a6c7a942bfd83082817ed1da947fb3715875e0"}}]'
    headers:
      Content-Encoding:
      - gzip
      Content-Type:
      - application/json; charset=utf-8
      Transfer-Encoding:
      - chunked
      X-GitHub-Media-Type:
      - github.v3; param=machine-man-preview; format=json
      X-Poll-Interval:
      - '300'
      x-github-api-version-selected:
      - '2022-11-28'
    http_version: HTTP/1.1
    status_code: 200
- request:
    body: ''
    headers:
      accept:
      - application/vnd.github.machine-man-preview+json
      host:
      - api.github.com
    method: GET
    uri: https://api.github.com/repos/mergifyio-testing/functional-testing-repo-Kontrolix/git/matching-refs/heads/test_invalid_action_option/mq/?per_page=100
  response:
    content: '[]'
    headers:
      Content-Length:
      - '2'
      Content-Type:
      - application/json; charset=utf-8
      X-GitHub-Media-Type:
      - github.v3; param=machine-man-preview; format=json
      X-Poll-Interval:
      - '300'
      x-github-api-version-selected:
      - '2022-11-28'
    http_version: HTTP/1.1
    status_code: 200
- request:
    body: ''
    headers:
      accept:
      - application/vnd.github.machine-man-preview+json
      host:
      - api.github.com
    method: GET
    uri: https://api.github.com/repos/mergifyio-testing/functional-testing-repo-Kontrolix/git/matching-refs/heads/mergify/bp?per_page=100
  response:
    content: '[]'
    headers:
      Content-Length:
      - '2'
      Content-Type:
      - application/json; charset=utf-8
      X-GitHub-Media-Type:
      - github.v3; param=machine-man-preview; format=json
      X-Poll-Interval:
      - '300'
      x-github-api-version-selected:
      - '2022-11-28'
    http_version: HTTP/1.1
    status_code: 200
- request:
    body: ''
    headers:
      accept:
      - application/vnd.github.machine-man-preview+json
      host:
      - api.github.com
    method: GET
    uri: https://api.github.com/repos/mergifyio-testing/functional-testing-repo-Kontrolix/git/matching-refs/heads/mergify/copy?per_page=100
  response:
    content: '[]'
    headers:
      Content-Length:
      - '2'
      Content-Type:
      - application/json; charset=utf-8
      X-GitHub-Media-Type:
      - github.v3; param=machine-man-preview; format=json
      X-Poll-Interval:
      - '300'
      x-github-api-version-selected:
      - '2022-11-28'
    http_version: HTTP/1.1
    status_code: 200
- request:
    body: ''
    headers:
      accept:
      - application/vnd.github.machine-man-preview+json
      host:
      - api.github.com
    method: GET
    uri: https://api.github.com/repos/mergifyio-testing/functional-testing-repo-Kontrolix/branches/20230524094209%2Ftest_invalid_action_option%2Fintegration%2Fpr1
  response:
    content: '{"name":"20230524094209/test_invalid_action_option/integration/pr1","commit":{"sha":"afc6c0088cd6015732fddb474e7a75cc9812fc84","node_id":"C_kwDOJeQVddoAKGFmYzZjMDA4OGNkNjAxNTczMmZkZGI0NzRlN2E3NWNjOTgxMmZjODQ","commit":{"author":{"name":"Mergify","email":"132445501+mergify-kontrolix[bot]@users.noreply.github.com","date":"2023-05-24T09:42:14Z"},"committer":{"name":"Mergify","email":"132445501+mergify-kontrolix[bot]@users.noreply.github.com","date":"2023-05-24T09:42:14Z"},"message":"test_invalid_action_option:
      pull request n1 from integration","tree":{"sha":"60b507a65658326b04635af9559f8ea6d178eb4b","url":"https://api.github.com/repos/mergifyio-testing/functional-testing-repo-Kontrolix/git/trees/60b507a65658326b04635af9559f8ea6d178eb4b"},"url":"https://api.github.com/repos/mergifyio-testing/functional-testing-repo-Kontrolix/git/commits/afc6c0088cd6015732fddb474e7a75cc9812fc84","comment_count":0,"verification":{"verified":false,"reason":"unsigned","signature":null,"payload":null}},"url":"https://api.github.com/repos/mergifyio-testing/functional-testing-repo-Kontrolix/commits/afc6c0088cd6015732fddb474e7a75cc9812fc84","html_url":"https://github.com/mergifyio-testing/functional-testing-repo-Kontrolix/commit/afc6c0088cd6015732fddb474e7a75cc9812fc84","comments_url":"https://api.github.com/repos/mergifyio-testing/functional-testing-repo-Kontrolix/commits/afc6c0088cd6015732fddb474e7a75cc9812fc84/comments","author":{"login":"mergify-kontrolix[bot]","id":132445501,"node_id":"BOT_kgDOB-T1PQ","avatar_url":"https://avatars.githubusercontent.com/u/40527191?v=4","gravatar_id":"","url":"https://api.github.com/users/mergify-kontrolix%5Bbot%5D","html_url":"https://github.com/apps/mergify-kontrolix","followers_url":"https://api.github.com/users/mergify-kontrolix%5Bbot%5D/followers","following_url":"https://api.github.com/users/mergify-kontrolix%5Bbot%5D/following{/other_user}","gists_url":"https://api.github.com/users/mergify-kontrolix%5Bbot%5D/gists{/gist_id}","starred_url":"https://api.github.com/users/mergify-kontrolix%5Bbot%5D/starred{/owner}{/repo}","subscriptions_url":"https://api.github.com/users/mergify-kontrolix%5Bbot%5D/subscriptions","organizations_url":"https://api.github.com/users/mergify-kontrolix%5Bbot%5D/orgs","repos_url":"https://api.github.com/users/mergify-kontrolix%5Bbot%5D/repos","events_url":"https://api.github.com/users/mergify-kontrolix%5Bbot%5D/events{/privacy}","received_events_url":"https://api.github.com/users/mergify-kontrolix%5Bbot%5D/received_events","type":"Bot","site_admin":false},"committer":{"login":"mergify-kontrolix[bot]","id":132445501,"node_id":"BOT_kgDOB-T1PQ","avatar_url":"https://avatars.githubusercontent.com/u/40527191?v=4","gravatar_id":"","url":"https://api.github.com/users/mergify-kontrolix%5Bbot%5D","html_url":"https://github.com/apps/mergify-kontrolix","followers_url":"https://api.github.com/users/mergify-kontrolix%5Bbot%5D/followers","following_url":"https://api.github.com/users/mergify-kontrolix%5Bbot%5D/following{/other_user}","gists_url":"https://api.github.com/users/mergify-kontrolix%5Bbot%5D/gists{/gist_id}","starred_url":"https://api.github.com/users/mergify-kontrolix%5Bbot%5D/starred{/owner}{/repo}","subscriptions_url":"https://api.github.com/users/mergify-kontrolix%5Bbot%5D/subscriptions","organizations_url":"https://api.github.com/users/mergify-kontrolix%5Bbot%5D/orgs","repos_url":"https://api.github.com/users/mergify-kontrolix%5Bbot%5D/repos","events_url":"https://api.github.com/users/mergify-kontrolix%5Bbot%5D/events{/privacy}","received_events_url":"https://api.github.com/users/mergify-kontrolix%5Bbot%5D/received_events","type":"Bot","site_admin":false},"parents":[{"sha":"71a6c7a942bfd83082817ed1da947fb3715875e0","url":"https://api.github.com/repos/mergifyio-testing/functional-testing-repo-Kontrolix/commits/71a6c7a942bfd83082817ed1da947fb3715875e0","html_url":"https://github.com/mergifyio-testing/functional-testing-repo-Kontrolix/commit/71a6c7a942bfd83082817ed1da947fb3715875e0"}]},"_links":{"self":"https://api.github.com/repos/mergifyio-testing/functional-testing-repo-Kontrolix/branches/20230524094209/test_invalid_action_option/integration/pr1","html":"https://github.com/mergifyio-testing/functional-testing-repo-Kontrolix/tree/20230524094209/test_invalid_action_option/integration/pr1"},"protected":false,"protection":{"enabled":false,"required_status_checks":{"enforcement_level":"off","contexts":[],"checks":[]}},"protection_url":"https://api.github.com/repos/mergifyio-testing/functional-testing-repo-Kontrolix/branches/20230524094209/test_invalid_action_option/integration/pr1/protection"}'
    headers:
      Content-Encoding:
      - gzip
      Content-Type:
      - application/json; charset=utf-8
      Transfer-Encoding:
      - chunked
      X-GitHub-Media-Type:
      - github.v3; param=machine-man-preview; format=json
      x-github-api-version-selected:
      - '2022-11-28'
    http_version: HTTP/1.1
    status_code: 200
- request:
    body: ''
    headers:
      accept:
      - application/vnd.github.machine-man-preview+json
      host:
      - api.github.com
    method: DELETE
    uri: https://api.github.com/repos/mergifyio-testing/functional-testing-repo-Kontrolix/git/refs/heads/20230524094209/test_invalid_action_option/integration/pr1
  response:
    content: ''
    headers:
      X-GitHub-Media-Type:
      - github.v3; param=machine-man-preview; format=json
      x-github-api-version-selected:
      - '2022-11-28'
    http_version: HTTP/1.1
    status_code: 204
- request:
    body: ''
    headers:
      accept:
      - application/vnd.github.machine-man-preview+json
      host:
      - api.github.com
    method: GET
    uri: https://api.github.com/repos/mergifyio-testing/functional-testing-repo-Kontrolix/branches/20230524094209%2Ftest_invalid_action_option%2Fmain
  response:
    content: '{"name":"20230524094209/test_invalid_action_option/main","commit":{"sha":"71a6c7a942bfd83082817ed1da947fb3715875e0","node_id":"C_kwDOJeQVddoAKDcxYTZjN2E5NDJiZmQ4MzA4MjgxN2VkMWRhOTQ3ZmIzNzE1ODc1ZTA","commit":{"author":{"name":"Mergify","email":"132445501+mergify-kontrolix[bot]@users.noreply.github.com","date":"2023-05-24T09:42:12Z"},"committer":{"name":"Mergify","email":"132445501+mergify-kontrolix[bot]@users.noreply.github.com","date":"2023-05-24T09:42:12Z"},"message":"initial
      commit","tree":{"sha":"584f63e0d4a19287321f43686651558022595557","url":"https://api.github.com/repos/mergifyio-testing/functional-testing-repo-Kontrolix/git/trees/584f63e0d4a19287321f43686651558022595557"},"url":"https://api.github.com/repos/mergifyio-testing/functional-testing-repo-Kontrolix/git/commits/71a6c7a942bfd83082817ed1da947fb3715875e0","comment_count":0,"verification":{"verified":false,"reason":"unsigned","signature":null,"payload":null}},"url":"https://api.github.com/repos/mergifyio-testing/functional-testing-repo-Kontrolix/commits/71a6c7a942bfd83082817ed1da947fb3715875e0","html_url":"https://github.com/mergifyio-testing/functional-testing-repo-Kontrolix/commit/71a6c7a942bfd83082817ed1da947fb3715875e0","comments_url":"https://api.github.com/repos/mergifyio-testing/functional-testing-repo-Kontrolix/commits/71a6c7a942bfd83082817ed1da947fb3715875e0/comments","author":{"login":"mergify-kontrolix[bot]","id":132445501,"node_id":"BOT_kgDOB-T1PQ","avatar_url":"https://avatars.githubusercontent.com/u/40527191?v=4","gravatar_id":"","url":"https://api.github.com/users/mergify-kontrolix%5Bbot%5D","html_url":"https://github.com/apps/mergify-kontrolix","followers_url":"https://api.github.com/users/mergify-kontrolix%5Bbot%5D/followers","following_url":"https://api.github.com/users/mergify-kontrolix%5Bbot%5D/following{/other_user}","gists_url":"https://api.github.com/users/mergify-kontrolix%5Bbot%5D/gists{/gist_id}","starred_url":"https://api.github.com/users/mergify-kontrolix%5Bbot%5D/starred{/owner}{/repo}","subscriptions_url":"https://api.github.com/users/mergify-kontrolix%5Bbot%5D/subscriptions","organizations_url":"https://api.github.com/users/mergify-kontrolix%5Bbot%5D/orgs","repos_url":"https://api.github.com/users/mergify-kontrolix%5Bbot%5D/repos","events_url":"https://api.github.com/users/mergify-kontrolix%5Bbot%5D/events{/privacy}","received_events_url":"https://api.github.com/users/mergify-kontrolix%5Bbot%5D/received_events","type":"Bot","site_admin":false},"committer":{"login":"mergify-kontrolix[bot]","id":132445501,"node_id":"BOT_kgDOB-T1PQ","avatar_url":"https://avatars.githubusercontent.com/u/40527191?v=4","gravatar_id":"","url":"https://api.github.com/users/mergify-kontrolix%5Bbot%5D","html_url":"https://github.com/apps/mergify-kontrolix","followers_url":"https://api.github.com/users/mergify-kontrolix%5Bbot%5D/followers","following_url":"https://api.github.com/users/mergify-kontrolix%5Bbot%5D/following{/other_user}","gists_url":"https://api.github.com/users/mergify-kontrolix%5Bbot%5D/gists{/gist_id}","starred_url":"https://api.github.com/users/mergify-kontrolix%5Bbot%5D/starred{/owner}{/repo}","subscriptions_url":"https://api.github.com/users/mergify-kontrolix%5Bbot%5D/subscriptions","organizations_url":"https://api.github.com/users/mergify-kontrolix%5Bbot%5D/orgs","repos_url":"https://api.github.com/users/mergify-kontrolix%5Bbot%5D/repos","events_url":"https://api.github.com/users/mergify-kontrolix%5Bbot%5D/events{/privacy}","received_events_url":"https://api.github.com/users/mergify-kontrolix%5Bbot%5D/received_events","type":"Bot","site_admin":false},"parents":[]},"_links":{"self":"https://api.github.com/repos/mergifyio-testing/functional-testing-repo-Kontrolix/branches/20230524094209/test_invalid_action_option/main","html":"https://github.com/mergifyio-testing/functional-testing-repo-Kontrolix/tree/20230524094209/test_invalid_action_option/main"},"protected":false,"protection":{"enabled":false,"required_status_checks":{"enforcement_level":"off","contexts":[],"checks":[]}},"protection_url":"https://api.github.com/repos/mergifyio-testing/functional-testing-repo-Kontrolix/branches/20230524094209/test_invalid_action_option/main/protection"}'
    headers:
      Content-Encoding:
      - gzip
      Content-Type:
      - application/json; charset=utf-8
      Transfer-Encoding:
      - chunked
      X-GitHub-Media-Type:
      - github.v3; param=machine-man-preview; format=json
      x-github-api-version-selected:
      - '2022-11-28'
    http_version: HTTP/1.1
    status_code: 200
- request:
    body: ''
    headers:
      accept:
      - application/vnd.github.machine-man-preview+json
      host:
      - api.github.com
    method: DELETE
    uri: https://api.github.com/repos/mergifyio-testing/functional-testing-repo-Kontrolix/git/refs/heads/20230524094209/test_invalid_action_option/main
  response:
    content: ''
    headers:
      X-GitHub-Media-Type:
      - github.v3; param=machine-man-preview; format=json
      x-github-api-version-selected:
      - '2022-11-28'
    http_version: HTTP/1.1
    status_code: 204
- request:
    body: whatdataisthat
    headers:
      X-Hub-Signature:
      - <SIGNATURE>
      accept:
      - '*/*'
      content-length:
      - '14'
      host:
      - test-forwarder.mergify.com
    method: DELETE
    uri: https://test-forwarder.mergify.com/events/github.com/327815/635704693/20230524094209-test_invalid_action_option
  response:
    content: Event queued
    headers:
      Connection:
      - keep-alive
      Content-Length:
      - '12'
    http_version: HTTP/1.1
    status_code: 202
version: 1
