interactions:
- request:
    body: ''
    headers:
      accept:
      - application/vnd.github.machine-man-preview+json
      host:
      - api.github.com
    method: GET
    uri: https://api.github.com/user/40527191/installation
  response:
    content: '{"id":37100555,"account":{"login":"mergifyio-testing","id":40527191,"node_id":"MDEyOk9yZ2FuaXphdGlvbjQwNTI3MTkx","avatar_url":"https://avatars.githubusercontent.com/u/40527191?v=4","gravatar_id":"","url":"https://api.github.com/users/mergifyio-testing","html_url":"https://github.com/mergifyio-testing","followers_url":"https://api.github.com/users/mergifyio-testing/followers","following_url":"https://api.github.com/users/mergifyio-testing/following{/other_user}","gists_url":"https://api.github.com/users/mergifyio-testing/gists{/gist_id}","starred_url":"https://api.github.com/users/mergifyio-testing/starred{/owner}{/repo}","subscriptions_url":"https://api.github.com/users/mergifyio-testing/subscriptions","organizations_url":"https://api.github.com/users/mergifyio-testing/orgs","repos_url":"https://api.github.com/users/mergifyio-testing/repos","events_url":"https://api.github.com/users/mergifyio-testing/events{/privacy}","received_events_url":"https://api.github.com/users/mergifyio-testing/received_events","type":"Organization","site_admin":false},"repository_selection":"selected","access_tokens_url":"https://api.github.com/app/installations/37100555/access_tokens","repositories_url":"https://api.github.com/installation/repositories","html_url":"https://github.com/organizations/mergifyio-testing/settings/installations/37100555","app_id":327815,"app_slug":"mergify-kontrolix","target_id":40527191,"target_type":"Organization","permissions":{"pages":"write","checks":"write","issues":"write","members":"read","contents":"write","metadata":"read","statuses":"write","workflows":"write","pull_requests":"write","administration":"read"},"events":["check_run","check_suite","issue_comment","member","membership","organization","pull_request","pull_request_review","pull_request_review_comment","pull_request_review_thread","push","repository","status","team","team_add"],"created_at":"2023-05-03T09:24:41.000Z","updated_at":"2023-05-24T09:30:21.000Z","single_file_name":null,"has_multiple_single_files":false,"single_file_paths":[],"suspended_by":null,"suspended_at":null}'
    headers:
      Content-Encoding:
      - gzip
      Content-Type:
      - application/json; charset=utf-8
      Transfer-Encoding:
      - chunked
      X-GitHub-Media-Type:
      - github.v3; param=machine-man-preview; format=json
      x-github-api-version-selected:
      - '2022-11-28'
    http_version: HTTP/1.1
    status_code: 200
- request:
    body: ''
    headers:
      accept:
      - application/vnd.github.machine-man-preview+json
      host:
      - api.github.com
    method: GET
    uri: https://api.github.com/user
  response:
    content: '{"login":"mergify-test1","id":38494943,"node_id":"MDQ6VXNlcjM4NDk0OTQz","avatar_url":"https://avatars.githubusercontent.com/u/38494943?v=4","gravatar_id":"","url":"https://api.github.com/users/mergify-test1","html_url":"https://github.com/mergify-test1","followers_url":"https://api.github.com/users/mergify-test1/followers","following_url":"https://api.github.com/users/mergify-test1/following{/other_user}","gists_url":"https://api.github.com/users/mergify-test1/gists{/gist_id}","starred_url":"https://api.github.com/users/mergify-test1/starred{/owner}{/repo}","subscriptions_url":"https://api.github.com/users/mergify-test1/subscriptions","organizations_url":"https://api.github.com/users/mergify-test1/orgs","repos_url":"https://api.github.com/users/mergify-test1/repos","events_url":"https://api.github.com/users/mergify-test1/events{/privacy}","received_events_url":"https://api.github.com/users/mergify-test1/received_events","type":"User","site_admin":false,"name":"mergify-test-user-1","company":"@mergifyio","blog":"https://mergify.io","location":null,"email":null,"hireable":null,"bio":"This
      account is for testing purpose of the workflow of the GitHub App @mergifyio","twitter_username":"mergifyio","public_repos":1,"public_gists":0,"followers":0,"following":0,"created_at":"2018-04-18T10:42:59Z","updated_at":"2023-05-15T11:36:56Z","private_gists":0,"total_private_repos":0,"owned_private_repos":0,"disk_usage":0,"collaborators":0,"two_factor_authentication":false,"plan":{"name":"free","space":976562499,"collaborators":0,"private_repos":10000}}'
    headers:
      Content-Encoding:
      - gzip
      Content-Type:
      - application/json; charset=utf-8
      Transfer-Encoding:
      - chunked
      X-Accepted-OAuth-Scopes:
      - ''
      X-GitHub-Media-Type:
      - github.v3; param=machine-man-preview; format=json
      X-OAuth-Scopes:
      - admin:org, delete_repo, read:public_key, repo, user, workflow
      x-github-api-version-selected:
      - '2022-11-28'
    http_version: HTTP/1.1
    status_code: 200
- request:
    body: ''
    headers:
      accept:
      - application/vnd.github.machine-man-preview+json
      host:
      - api.github.com
    method: GET
    uri: https://api.github.com/user
  response:
    content: '{"login":"mergify-test2","id":38495008,"node_id":"MDQ6VXNlcjM4NDk1MDA4","avatar_url":"https://avatars.githubusercontent.com/u/38495008?v=4","gravatar_id":"","url":"https://api.github.com/users/mergify-test2","html_url":"https://github.com/mergify-test2","followers_url":"https://api.github.com/users/mergify-test2/followers","following_url":"https://api.github.com/users/mergify-test2/following{/other_user}","gists_url":"https://api.github.com/users/mergify-test2/gists{/gist_id}","starred_url":"https://api.github.com/users/mergify-test2/starred{/owner}{/repo}","subscriptions_url":"https://api.github.com/users/mergify-test2/subscriptions","organizations_url":"https://api.github.com/users/mergify-test2/orgs","repos_url":"https://api.github.com/users/mergify-test2/repos","events_url":"https://api.github.com/users/mergify-test2/events{/privacy}","received_events_url":"https://api.github.com/users/mergify-test2/received_events","type":"User","site_admin":false,"name":"mergify-test-user-2","company":"@mergifyio","blog":"https://mergify.com","location":null,"email":null,"hireable":null,"bio":"This
      account is for integration testing purpose of the workflow of the GitHub App
      @mergifyio","twitter_username":"mergifyio","public_repos":15,"public_gists":0,"followers":0,"following":0,"created_at":"2018-04-18T10:45:18Z","updated_at":"2023-05-15T11:36:56Z","private_gists":0,"total_private_repos":0,"owned_private_repos":0,"disk_usage":1355,"collaborators":0,"two_factor_authentication":false,"plan":{"name":"free","space":976562499,"collaborators":0,"private_repos":10000}}'
    headers:
      Content-Encoding:
      - gzip
      Content-Type:
      - application/json; charset=utf-8
      Transfer-Encoding:
      - chunked
      X-Accepted-OAuth-Scopes:
      - ''
      X-GitHub-Media-Type:
      - github.v3; param=machine-man-preview; format=json
      X-OAuth-Scopes:
      - delete_repo, read:org, read:user, repo, user:email, workflow
      x-github-api-version-selected:
      - '2022-11-28'
    http_version: HTTP/1.1
    status_code: 200
- request:
    body: ''
    headers:
      Authorization:
      - <TOKEN>
      accept:
      - application/vnd.github.machine-man-preview+json
      host:
      - api.github.com
    method: GET
    uri: https://api.github.com/repositories/635704693
  response:
    content: '{"id":635704693,"node_id":"R_kgDOJeQVdQ","name":"functional-testing-repo-Kontrolix","full_name":"mergifyio-testing/functional-testing-repo-Kontrolix","private":false,"owner":{"login":"mergifyio-testing","id":40527191,"node_id":"MDEyOk9yZ2FuaXphdGlvbjQwNTI3MTkx","avatar_url":"https://avatars.githubusercontent.com/u/40527191?v=4","gravatar_id":"","url":"https://api.github.com/users/mergifyio-testing","html_url":"https://github.com/mergifyio-testing","followers_url":"https://api.github.com/users/mergifyio-testing/followers","following_url":"https://api.github.com/users/mergifyio-testing/following{/other_user}","gists_url":"https://api.github.com/users/mergifyio-testing/gists{/gist_id}","starred_url":"https://api.github.com/users/mergifyio-testing/starred{/owner}{/repo}","subscriptions_url":"https://api.github.com/users/mergifyio-testing/subscriptions","organizations_url":"https://api.github.com/users/mergifyio-testing/orgs","repos_url":"https://api.github.com/users/mergifyio-testing/repos","events_url":"https://api.github.com/users/mergifyio-testing/events{/privacy}","received_events_url":"https://api.github.com/users/mergifyio-testing/received_events","type":"Organization","site_admin":false},"html_url":"https://github.com/mergifyio-testing/functional-testing-repo-Kontrolix","description":null,"fork":false,"url":"https://api.github.com/repos/mergifyio-testing/functional-testing-repo-Kontrolix","forks_url":"https://api.github.com/repos/mergifyio-testing/functional-testing-repo-Kontrolix/forks","keys_url":"https://api.github.com/repos/mergifyio-testing/functional-testing-repo-Kontrolix/keys{/key_id}","collaborators_url":"https://api.github.com/repos/mergifyio-testing/functional-testing-repo-Kontrolix/collaborators{/collaborator}","teams_url":"https://api.github.com/repos/mergifyio-testing/functional-testing-repo-Kontrolix/teams","hooks_url":"https://api.github.com/repos/mergifyio-testing/functional-testing-repo-Kontrolix/hooks","issue_events_url":"https://api.github.com/repos/mergifyio-testing/functional-testing-repo-Kontrolix/issues/events{/number}","events_url":"https://api.github.com/repos/mergifyio-testing/functional-testing-repo-Kontrolix/events","assignees_url":"https://api.github.com/repos/mergifyio-testing/functional-testing-repo-Kontrolix/assignees{/user}","branches_url":"https://api.github.com/repos/mergifyio-testing/functional-testing-repo-Kontrolix/branches{/branch}","tags_url":"https://api.github.com/repos/mergifyio-testing/functional-testing-repo-Kontrolix/tags","blobs_url":"https://api.github.com/repos/mergifyio-testing/functional-testing-repo-Kontrolix/git/blobs{/sha}","git_tags_url":"https://api.github.com/repos/mergifyio-testing/functional-testing-repo-Kontrolix/git/tags{/sha}","git_refs_url":"https://api.github.com/repos/mergifyio-testing/functional-testing-repo-Kontrolix/git/refs{/sha}","trees_url":"https://api.github.com/repos/mergifyio-testing/functional-testing-repo-Kontrolix/git/trees{/sha}","statuses_url":"https://api.github.com/repos/mergifyio-testing/functional-testing-repo-Kontrolix/statuses/{sha}","languages_url":"https://api.github.com/repos/mergifyio-testing/functional-testing-repo-Kontrolix/languages","stargazers_url":"https://api.github.com/repos/mergifyio-testing/functional-testing-repo-Kontrolix/stargazers","contributors_url":"https://api.github.com/repos/mergifyio-testing/functional-testing-repo-Kontrolix/contributors","subscribers_url":"https://api.github.com/repos/mergifyio-testing/functional-testing-repo-Kontrolix/subscribers","subscription_url":"https://api.github.com/repos/mergifyio-testing/functional-testing-repo-Kontrolix/subscription","commits_url":"https://api.github.com/repos/mergifyio-testing/functional-testing-repo-Kontrolix/commits{/sha}","git_commits_url":"https://api.github.com/repos/mergifyio-testing/functional-testing-repo-Kontrolix/git/commits{/sha}","comments_url":"https://api.github.com/repos/mergifyio-testing/functional-testing-repo-Kontrolix/comments{/number}","issue_comment_url":"https://api.github.com/repos/mergifyio-testing/functional-testing-repo-Kontrolix/issues/comments{/number}","contents_url":"https://api.github.com/repos/mergifyio-testing/functional-testing-repo-Kontrolix/contents/{+path}","compare_url":"https://api.github.com/repos/mergifyio-testing/functional-testing-repo-Kontrolix/compare/{base}...{head}","merges_url":"https://api.github.com/repos/mergifyio-testing/functional-testing-repo-Kontrolix/merges","archive_url":"https://api.github.com/repos/mergifyio-testing/functional-testing-repo-Kontrolix/{archive_format}{/ref}","downloads_url":"https://api.github.com/repos/mergifyio-testing/functional-testing-repo-Kontrolix/downloads","issues_url":"https://api.github.com/repos/mergifyio-testing/functional-testing-repo-Kontrolix/issues{/number}","pulls_url":"https://api.github.com/repos/mergifyio-testing/functional-testing-repo-Kontrolix/pulls{/number}","milestones_url":"https://api.github.com/repos/mergifyio-testing/functional-testing-repo-Kontrolix/milestones{/number}","notifications_url":"https://api.github.com/repos/mergifyio-testing/functional-testing-repo-Kontrolix/notifications{?since,all,participating}","labels_url":"https://api.github.com/repos/mergifyio-testing/functional-testing-repo-Kontrolix/labels{/name}","releases_url":"https://api.github.com/repos/mergifyio-testing/functional-testing-repo-Kontrolix/releases{/id}","deployments_url":"https://api.github.com/repos/mergifyio-testing/functional-testing-repo-Kontrolix/deployments","created_at":"2023-05-03T09:24:21Z","updated_at":"2023-05-03T09:24:22Z","pushed_at":"2023-05-24T10:43:16Z","git_url":"git://github.com/mergifyio-testing/functional-testing-repo-Kontrolix.git","ssh_url":"git@github.com:mergifyio-testing/functional-testing-repo-Kontrolix.git","clone_url":"https://github.com/mergifyio-testing/functional-testing-repo-Kontrolix.git","svn_url":"https://github.com/mergifyio-testing/functional-testing-repo-Kontrolix","homepage":null,"size":65,"stargazers_count":0,"watchers_count":0,"language":null,"has_issues":true,"has_projects":true,"has_downloads":true,"has_wiki":true,"has_pages":false,"has_discussions":false,"forks_count":1,"mirror_url":null,"archived":false,"disabled":false,"open_issues_count":6,"license":null,"allow_forking":true,"is_template":false,"web_commit_signoff_required":false,"topics":[],"visibility":"public","forks":1,"open_issues":6,"watchers":0,"default_branch":"main","permissions":{"admin":false,"maintain":false,"push":false,"triage":false,"pull":false},"temp_clone_token":"","allow_squash_merge":true,"allow_merge_commit":true,"allow_rebase_merge":true,"allow_auto_merge":false,"delete_branch_on_merge":false,"allow_update_branch":false,"use_squash_pr_title_as_default":false,"squash_merge_commit_message":"COMMIT_MESSAGES","squash_merge_commit_title":"COMMIT_OR_PR_TITLE","merge_commit_message":"PR_TITLE","merge_commit_title":"MERGE_MESSAGE","organization":{"login":"mergifyio-testing","id":40527191,"node_id":"MDEyOk9yZ2FuaXphdGlvbjQwNTI3MTkx","avatar_url":"https://avatars.githubusercontent.com/u/40527191?v=4","gravatar_id":"","url":"https://api.github.com/users/mergifyio-testing","html_url":"https://github.com/mergifyio-testing","followers_url":"https://api.github.com/users/mergifyio-testing/followers","following_url":"https://api.github.com/users/mergifyio-testing/following{/other_user}","gists_url":"https://api.github.com/users/mergifyio-testing/gists{/gist_id}","starred_url":"https://api.github.com/users/mergifyio-testing/starred{/owner}{/repo}","subscriptions_url":"https://api.github.com/users/mergifyio-testing/subscriptions","organizations_url":"https://api.github.com/users/mergifyio-testing/orgs","repos_url":"https://api.github.com/users/mergifyio-testing/repos","events_url":"https://api.github.com/users/mergifyio-testing/events{/privacy}","received_events_url":"https://api.github.com/users/mergifyio-testing/received_events","type":"Organization","site_admin":false},"security_and_analysis":{"secret_scanning":{"status":"disabled"},"secret_scanning_push_protection":{"status":"disabled"}},"network_count":1,"subscribers_count":1}'
    headers:
      Content-Encoding:
      - gzip
      Content-Type:
      - application/json; charset=utf-8
      Transfer-Encoding:
      - chunked
      X-GitHub-Media-Type:
      - github.v3; param=machine-man-preview; format=json
      x-github-api-version-selected:
      - '2022-11-28'
    http_version: HTTP/1.1
    status_code: 200
- request:
    body: whatdataisthat
    headers:
      X-Hub-Signature:
      - <SIGNATURE>
      accept:
      - '*/*'
      content-length:
      - '14'
      host:
      - test-forwarder.mergify.io
    method: DELETE
    uri: https://test-forwarder.mergify.io/events/github.com/327815/635704693/20230524104316-test_required_status_checks_strict_incompatibility_with_batch_size
  response:
    content: Event queued
    headers:
      Connection:
      - keep-alive
      Content-Length:
      - '12'
    http_version: HTTP/1.1
    status_code: 202
- request:
    body: whatdataisthat
    headers:
      X-Hub-Signature:
      - <SIGNATURE>
      accept:
      - '*/*'
      content-length:
      - '14'
      host:
      - test-forwarder.mergify.io
    method: GET
    uri: https://test-forwarder.mergify.io/events/github.com/327815/635704693/20230524104316-test_required_status_checks_strict_incompatibility_with_batch_size?counter=1
  response:
    content: '[]'
    headers:
      Connection:
      - keep-alive
      Content-Length:
      - '2'
      Content-Type:
      - application/json
    http_version: HTTP/1.1
    status_code: 200
- request:
    body: whatdataisthat
    headers:
      X-Hub-Signature:
      - <SIGNATURE>
      accept:
      - '*/*'
      content-length:
      - '14'
      host:
      - test-forwarder.mergify.io
    method: GET
    uri: https://test-forwarder.mergify.io/events/github.com/327815/635704693/20230524104316-test_required_status_checks_strict_incompatibility_with_batch_size?counter=2
  response:
    content: '[]'
    headers:
      Connection:
      - keep-alive
      Content-Length:
      - '2'
      Content-Type:
      - application/json
    http_version: HTTP/1.1
    status_code: 200
- request:
    body: whatdataisthat
    headers:
      X-Hub-Signature:
      - <SIGNATURE>
      accept:
      - '*/*'
      content-length:
      - '14'
      host:
      - test-forwarder.mergify.io
    method: GET
    uri: https://test-forwarder.mergify.io/events/github.com/327815/635704693/20230524104316-test_required_status_checks_strict_incompatibility_with_batch_size?counter=3
  response:
    content: '[]'
    headers:
      Connection:
      - keep-alive
      Content-Length:
      - '2'
      Content-Type:
      - application/json
    http_version: HTTP/1.1
    status_code: 200
- request:
    body: whatdataisthat
    headers:
      X-Hub-Signature:
      - <SIGNATURE>
      accept:
      - '*/*'
      content-length:
      - '14'
      host:
      - test-forwarder.mergify.io
    method: GET
    uri: https://test-forwarder.mergify.io/events/github.com/327815/635704693/20230524104316-test_required_status_checks_strict_incompatibility_with_batch_size?counter=4
  response:
    content: '[]'
    headers:
      Connection:
      - keep-alive
      Content-Length:
      - '2'
      Content-Type:
      - application/json
    http_version: HTTP/1.1
    status_code: 200
- request:
    body: whatdataisthat
    headers:
      X-Hub-Signature:
      - <SIGNATURE>
      accept:
      - '*/*'
      content-length:
      - '14'
      host:
      - test-forwarder.mergify.io
    method: GET
    uri: https://test-forwarder.mergify.io/events/github.com/327815/635704693/20230524104316-test_required_status_checks_strict_incompatibility_with_batch_size?counter=5
  response:
    content: '[{"id":"cce83e30-fa1f-11ed-9e9c-94b627ba296c","type":"push","payload":{"ref":"refs/heads/20230524104316/test_required_status_checks_strict_incompatibility_with_batch_size/main","before":"0000000000000000000000000000000000000000","after":"ed3d919b2eb3d7b5d5466da04584371ff4e8e2c2","repository":{"id":635704693,"node_id":"R_kgDOJeQVdQ","name":"functional-testing-repo-Kontrolix","full_name":"mergifyio-testing/functional-testing-repo-Kontrolix","private":false,"owner":{"name":"mergifyio-testing","email":null,"login":"mergifyio-testing","id":40527191,"node_id":"MDEyOk9yZ2FuaXphdGlvbjQwNTI3MTkx","avatar_url":"https://avatars.githubusercontent.com/u/40527191?v=4","gravatar_id":"","url":"https://api.github.com/users/mergifyio-testing","html_url":"https://github.com/mergifyio-testing","followers_url":"https://api.github.com/users/mergifyio-testing/followers","following_url":"https://api.github.com/users/mergifyio-testing/following{/other_user}","gists_url":"https://api.github.com/users/mergifyio-testing/gists{/gist_id}","starred_url":"https://api.github.com/users/mergifyio-testing/starred{/owner}{/repo}","subscriptions_url":"https://api.github.com/users/mergifyio-testing/subscriptions","organizations_url":"https://api.github.com/users/mergifyio-testing/orgs","repos_url":"https://api.github.com/users/mergifyio-testing/repos","events_url":"https://api.github.com/users/mergifyio-testing/events{/privacy}","received_events_url":"https://api.github.com/users/mergifyio-testing/received_events","type":"Organization","site_admin":false},"html_url":"https://github.com/mergifyio-testing/functional-testing-repo-Kontrolix","description":null,"fork":false,"url":"https://github.com/mergifyio-testing/functional-testing-repo-Kontrolix","forks_url":"https://api.github.com/repos/mergifyio-testing/functional-testing-repo-Kontrolix/forks","keys_url":"https://api.github.com/repos/mergifyio-testing/functional-testing-repo-Kontrolix/keys{/key_id}","collaborators_url":"https://api.github.com/repos/mergifyio-testing/functional-testing-repo-Kontrolix/collaborators{/collaborator}","teams_url":"https://api.github.com/repos/mergifyio-testing/functional-testing-repo-Kontrolix/teams","hooks_url":"https://api.github.com/repos/mergifyio-testing/functional-testing-repo-Kontrolix/hooks","issue_events_url":"https://api.github.com/repos/mergifyio-testing/functional-testing-repo-Kontrolix/issues/events{/number}","events_url":"https://api.github.com/repos/mergifyio-testing/functional-testing-repo-Kontrolix/events","assignees_url":"https://api.github.com/repos/mergifyio-testing/functional-testing-repo-Kontrolix/assignees{/user}","branches_url":"https://api.github.com/repos/mergifyio-testing/functional-testing-repo-Kontrolix/branches{/branch}","tags_url":"https://api.github.com/repos/mergifyio-testing/functional-testing-repo-Kontrolix/tags","blobs_url":"https://api.github.com/repos/mergifyio-testing/functional-testing-repo-Kontrolix/git/blobs{/sha}","git_tags_url":"https://api.github.com/repos/mergifyio-testing/functional-testing-repo-Kontrolix/git/tags{/sha}","git_refs_url":"https://api.github.com/repos/mergifyio-testing/functional-testing-repo-Kontrolix/git/refs{/sha}","trees_url":"https://api.github.com/repos/mergifyio-testing/functional-testing-repo-Kontrolix/git/trees{/sha}","statuses_url":"https://api.github.com/repos/mergifyio-testing/functional-testing-repo-Kontrolix/statuses/{sha}","languages_url":"https://api.github.com/repos/mergifyio-testing/functional-testing-repo-Kontrolix/languages","stargazers_url":"https://api.github.com/repos/mergifyio-testing/functional-testing-repo-Kontrolix/stargazers","contributors_url":"https://api.github.com/repos/mergifyio-testing/functional-testing-repo-Kontrolix/contributors","subscribers_url":"https://api.github.com/repos/mergifyio-testing/functional-testing-repo-Kontrolix/subscribers","subscription_url":"https://api.github.com/repos/mergifyio-testing/functional-testing-repo-Kontrolix/subscription","commits_url":"https://api.github.com/repos/mergifyio-testing/functional-testing-repo-Kontrolix/commits{/sha}","git_commits_url":"https://api.github.com/repos/mergifyio-testing/functional-testing-repo-Kontrolix/git/commits{/sha}","comments_url":"https://api.github.com/repos/mergifyio-testing/functional-testing-repo-Kontrolix/comments{/number}","issue_comment_url":"https://api.github.com/repos/mergifyio-testing/functional-testing-repo-Kontrolix/issues/comments{/number}","contents_url":"https://api.github.com/repos/mergifyio-testing/functional-testing-repo-Kontrolix/contents/{+path}","compare_url":"https://api.github.com/repos/mergifyio-testing/functional-testing-repo-Kontrolix/compare/{base}...{head}","merges_url":"https://api.github.com/repos/mergifyio-testing/functional-testing-repo-Kontrolix/merges","archive_url":"https://api.github.com/repos/mergifyio-testing/functional-testing-repo-Kontrolix/{archive_format}{/ref}","downloads_url":"https://api.github.com/repos/mergifyio-testing/functional-testing-repo-Kontrolix/downloads","issues_url":"https://api.github.com/repos/mergifyio-testing/functional-testing-repo-Kontrolix/issues{/number}","pulls_url":"https://api.github.com/repos/mergifyio-testing/functional-testing-repo-Kontrolix/pulls{/number}","milestones_url":"https://api.github.com/repos/mergifyio-testing/functional-testing-repo-Kontrolix/milestones{/number}","notifications_url":"https://api.github.com/repos/mergifyio-testing/functional-testing-repo-Kontrolix/notifications{?since,all,participating}","labels_url":"https://api.github.com/repos/mergifyio-testing/functional-testing-repo-Kontrolix/labels{/name}","releases_url":"https://api.github.com/repos/mergifyio-testing/functional-testing-repo-Kontrolix/releases{/id}","deployments_url":"https://api.github.com/repos/mergifyio-testing/functional-testing-repo-Kontrolix/deployments","created_at":1683105861,"updated_at":"2023-05-03T09:24:22Z","pushed_at":1684925000,"git_url":"git://github.com/mergifyio-testing/functional-testing-repo-Kontrolix.git","ssh_url":"git@github.com:mergifyio-testing/functional-testing-repo-Kontrolix.git","clone_url":"https://github.com/mergifyio-testing/functional-testing-repo-Kontrolix.git","svn_url":"https://github.com/mergifyio-testing/functional-testing-repo-Kontrolix","homepage":null,"size":65,"stargazers_count":0,"watchers_count":0,"language":null,"has_issues":true,"has_projects":true,"has_downloads":true,"has_wiki":true,"has_pages":false,"has_discussions":false,"forks_count":1,"mirror_url":null,"archived":false,"disabled":false,"open_issues_count":7,"license":null,"allow_forking":true,"is_template":false,"web_commit_signoff_required":false,"topics":[],"visibility":"public","forks":1,"open_issues":7,"watchers":0,"default_branch":"main","stargazers":0,"master_branch":"main","organization":"mergifyio-testing"},"pusher":{"name":"mergify-test1","email":"38494943+mergify-test1@users.noreply.github.com"},"organization":{"login":"mergifyio-testing","id":40527191,"node_id":"MDEyOk9yZ2FuaXphdGlvbjQwNTI3MTkx","url":"https://api.github.com/orgs/mergifyio-testing","repos_url":"https://api.github.com/orgs/mergifyio-testing/repos","events_url":"https://api.github.com/orgs/mergifyio-testing/events","hooks_url":"https://api.github.com/orgs/mergifyio-testing/hooks","issues_url":"https://api.github.com/orgs/mergifyio-testing/issues","members_url":"https://api.github.com/orgs/mergifyio-testing/members{/member}","public_members_url":"https://api.github.com/orgs/mergifyio-testing/public_members{/member}","avatar_url":"https://avatars.githubusercontent.com/u/40527191?v=4","description":"This
      account is for testing purpose of the workflow of the GitHub App @Mergifyio"},"sender":{"login":"mergify-test1","id":38494943,"node_id":"MDQ6VXNlcjM4NDk0OTQz","avatar_url":"https://avatars.githubusercontent.com/u/38494943?v=4","gravatar_id":"","url":"https://api.github.com/users/mergify-test1","html_url":"https://github.com/mergify-test1","followers_url":"https://api.github.com/users/mergify-test1/followers","following_url":"https://api.github.com/users/mergify-test1/following{/other_user}","gists_url":"https://api.github.com/users/mergify-test1/gists{/gist_id}","starred_url":"https://api.github.com/users/mergify-test1/starred{/owner}{/repo}","subscriptions_url":"https://api.github.com/users/mergify-test1/subscriptions","organizations_url":"https://api.github.com/users/mergify-test1/orgs","repos_url":"https://api.github.com/users/mergify-test1/repos","events_url":"https://api.github.com/users/mergify-test1/events{/privacy}","received_events_url":"https://api.github.com/users/mergify-test1/received_events","type":"User","site_admin":false},"installation":{"id":37100555,"node_id":"MDIzOkludGVncmF0aW9uSW5zdGFsbGF0aW9uMzcxMDA1NTU="},"created":true,"deleted":false,"forced":false,"base_ref":null,"compare":"https://github.com/mergifyio-testing/functional-testing-repo-Kontrolix/commit/ed3d919b2eb3","commits":[{"id":"ed3d919b2eb3d7b5d5466da04584371ff4e8e2c2","tree_id":"cfe1418f40e09046433fd3646bd8a7ea6b228ae6","distinct":true,"message":"initial
      commit","timestamp":"2023-05-24T12:43:19+02:00","url":"https://github.com/mergifyio-testing/functional-testing-repo-Kontrolix/commit/ed3d919b2eb3d7b5d5466da04584371ff4e8e2c2","author":{"name":"Mergify","email":"132445501+mergify-kontrolix[bot]@users.noreply.github.com","username":"mergify-kontrolix[bot]"},"committer":{"name":"Mergify","email":"132445501+mergify-kontrolix[bot]@users.noreply.github.com","username":"mergify-kontrolix[bot]"},"added":[".mergify.yml"],"removed":[],"modified":[]}],"head_commit":{"id":"ed3d919b2eb3d7b5d5466da04584371ff4e8e2c2","tree_id":"cfe1418f40e09046433fd3646bd8a7ea6b228ae6","distinct":true,"message":"initial
      commit","timestamp":"2023-05-24T12:43:19+02:00","url":"https://github.com/mergifyio-testing/functional-testing-repo-Kontrolix/commit/ed3d919b2eb3d7b5d5466da04584371ff4e8e2c2","author":{"name":"Mergify","email":"132445501+mergify-kontrolix[bot]@users.noreply.github.com","username":"mergify-kontrolix[bot]"},"committer":{"name":"Mergify","email":"132445501+mergify-kontrolix[bot]@users.noreply.github.com","username":"mergify-kontrolix[bot]"},"added":[".mergify.yml"],"removed":[],"modified":[]}}},{"id":"ccc81bf0-fa1f-11ed-88f5-2cc61715d86c","type":"check_suite","payload":{"action":"requested","check_suite":{"id":13113608848,"node_id":"CS_kwDOJeQVdc8AAAADDaHKkA","head_branch":"20230524104316/test_required_status_checks_strict_incompatibility_with_batch_size/main","head_sha":"ed3d919b2eb3d7b5d5466da04584371ff4e8e2c2","status":"queued","conclusion":null,"url":"https://api.github.com/repos/mergifyio-testing/functional-testing-repo-Kontrolix/check-suites/13113608848","before":"0000000000000000000000000000000000000000","after":"ed3d919b2eb3d7b5d5466da04584371ff4e8e2c2","pull_requests":[],"app":{"id":327815,"slug":"mergify-kontrolix","node_id":"A_kwHOAmplV84ABQCH","owner":{"login":"mergifyio-testing","id":40527191,"node_id":"MDEyOk9yZ2FuaXphdGlvbjQwNTI3MTkx","avatar_url":"https://avatars.githubusercontent.com/u/40527191?v=4","gravatar_id":"","url":"https://api.github.com/users/mergifyio-testing","html_url":"https://github.com/mergifyio-testing","followers_url":"https://api.github.com/users/mergifyio-testing/followers","following_url":"https://api.github.com/users/mergifyio-testing/following{/other_user}","gists_url":"https://api.github.com/users/mergifyio-testing/gists{/gist_id}","starred_url":"https://api.github.com/users/mergifyio-testing/starred{/owner}{/repo}","subscriptions_url":"https://api.github.com/users/mergifyio-testing/subscriptions","organizations_url":"https://api.github.com/users/mergifyio-testing/orgs","repos_url":"https://api.github.com/users/mergifyio-testing/repos","events_url":"https://api.github.com/users/mergifyio-testing/events{/privacy}","received_events_url":"https://api.github.com/users/mergifyio-testing/received_events","type":"Organization","site_admin":false},"name":"mergify-Kontrolix","description":"Mergify
      testing installation for Kontrolix","external_url":"https://mergify.com/","html_url":"https://github.com/apps/mergify-kontrolix","created_at":"2023-05-03T09:24:33Z","updated_at":"2023-05-03T09:24:33Z","permissions":{"administration":"read","checks":"write","contents":"write","emails":"read","issues":"write","members":"read","metadata":"read","pages":"write","pull_requests":"write","statuses":"write","workflows":"write"},"events":["check_run","check_suite","issue_comment","member","membership","organization","pull_request","pull_request_review","pull_request_review_comment","pull_request_review_thread","push","repository","status","team","team_add"]},"created_at":"2023-05-24T10:43:20Z","updated_at":"2023-05-24T10:43:20Z","rerequestable":true,"runs_rerequestable":true,"latest_check_runs_count":0,"check_runs_url":"https://api.github.com/repos/mergifyio-testing/functional-testing-repo-Kontrolix/check-suites/13113608848/check-runs","head_commit":{"id":"ed3d919b2eb3d7b5d5466da04584371ff4e8e2c2","tree_id":"cfe1418f40e09046433fd3646bd8a7ea6b228ae6","message":"initial
      commit","timestamp":"2023-05-24T10:43:19Z","author":{"name":"Mergify","email":"132445501+mergify-kontrolix[bot]@users.noreply.github.com"},"committer":{"name":"Mergify","email":"132445501+mergify-kontrolix[bot]@users.noreply.github.com"}}},"repository":{"id":635704693,"node_id":"R_kgDOJeQVdQ","name":"functional-testing-repo-Kontrolix","full_name":"mergifyio-testing/functional-testing-repo-Kontrolix","private":false,"owner":{"login":"mergifyio-testing","id":40527191,"node_id":"MDEyOk9yZ2FuaXphdGlvbjQwNTI3MTkx","avatar_url":"https://avatars.githubusercontent.com/u/40527191?v=4","gravatar_id":"","url":"https://api.github.com/users/mergifyio-testing","html_url":"https://github.com/mergifyio-testing","followers_url":"https://api.github.com/users/mergifyio-testing/followers","following_url":"https://api.github.com/users/mergifyio-testing/following{/other_user}","gists_url":"https://api.github.com/users/mergifyio-testing/gists{/gist_id}","starred_url":"https://api.github.com/users/mergifyio-testing/starred{/owner}{/repo}","subscriptions_url":"https://api.github.com/users/mergifyio-testing/subscriptions","organizations_url":"https://api.github.com/users/mergifyio-testing/orgs","repos_url":"https://api.github.com/users/mergifyio-testing/repos","events_url":"https://api.github.com/users/mergifyio-testing/events{/privacy}","received_events_url":"https://api.github.com/users/mergifyio-testing/received_events","type":"Organization","site_admin":false},"html_url":"https://github.com/mergifyio-testing/functional-testing-repo-Kontrolix","description":null,"fork":false,"url":"https://api.github.com/repos/mergifyio-testing/functional-testing-repo-Kontrolix","forks_url":"https://api.github.com/repos/mergifyio-testing/functional-testing-repo-Kontrolix/forks","keys_url":"https://api.github.com/repos/mergifyio-testing/functional-testing-repo-Kontrolix/keys{/key_id}","collaborators_url":"https://api.github.com/repos/mergifyio-testing/functional-testing-repo-Kontrolix/collaborators{/collaborator}","teams_url":"https://api.github.com/repos/mergifyio-testing/functional-testing-repo-Kontrolix/teams","hooks_url":"https://api.github.com/repos/mergifyio-testing/functional-testing-repo-Kontrolix/hooks","issue_events_url":"https://api.github.com/repos/mergifyio-testing/functional-testing-repo-Kontrolix/issues/events{/number}","events_url":"https://api.github.com/repos/mergifyio-testing/functional-testing-repo-Kontrolix/events","assignees_url":"https://api.github.com/repos/mergifyio-testing/functional-testing-repo-Kontrolix/assignees{/user}","branches_url":"https://api.github.com/repos/mergifyio-testing/functional-testing-repo-Kontrolix/branches{/branch}","tags_url":"https://api.github.com/repos/mergifyio-testing/functional-testing-repo-Kontrolix/tags","blobs_url":"https://api.github.com/repos/mergifyio-testing/functional-testing-repo-Kontrolix/git/blobs{/sha}","git_tags_url":"https://api.github.com/repos/mergifyio-testing/functional-testing-repo-Kontrolix/git/tags{/sha}","git_refs_url":"https://api.github.com/repos/mergifyio-testing/functional-testing-repo-Kontrolix/git/refs{/sha}","trees_url":"https://api.github.com/repos/mergifyio-testing/functional-testing-repo-Kontrolix/git/trees{/sha}","statuses_url":"https://api.github.com/repos/mergifyio-testing/functional-testing-repo-Kontrolix/statuses/{sha}","languages_url":"https://api.github.com/repos/mergifyio-testing/functional-testing-repo-Kontrolix/languages","stargazers_url":"https://api.github.com/repos/mergifyio-testing/functional-testing-repo-Kontrolix/stargazers","contributors_url":"https://api.github.com/repos/mergifyio-testing/functional-testing-repo-Kontrolix/contributors","subscribers_url":"https://api.github.com/repos/mergifyio-testing/functional-testing-repo-Kontrolix/subscribers","subscription_url":"https://api.github.com/repos/mergifyio-testing/functional-testing-repo-Kontrolix/subscription","commits_url":"https://api.github.com/repos/mergifyio-testing/functional-testing-repo-Kontrolix/commits{/sha}","git_commits_url":"https://api.github.com/repos/mergifyio-testing/functional-testing-repo-Kontrolix/git/commits{/sha}","comments_url":"https://api.github.com/repos/mergifyio-testing/functional-testing-repo-Kontrolix/comments{/number}","issue_comment_url":"https://api.github.com/repos/mergifyio-testing/functional-testing-repo-Kontrolix/issues/comments{/number}","contents_url":"https://api.github.com/repos/mergifyio-testing/functional-testing-repo-Kontrolix/contents/{+path}","compare_url":"https://api.github.com/repos/mergifyio-testing/functional-testing-repo-Kontrolix/compare/{base}...{head}","merges_url":"https://api.github.com/repos/mergifyio-testing/functional-testing-repo-Kontrolix/merges","archive_url":"https://api.github.com/repos/mergifyio-testing/functional-testing-repo-Kontrolix/{archive_format}{/ref}","downloads_url":"https://api.github.com/repos/mergifyio-testing/functional-testing-repo-Kontrolix/downloads","issues_url":"https://api.github.com/repos/mergifyio-testing/functional-testing-repo-Kontrolix/issues{/number}","pulls_url":"https://api.github.com/repos/mergifyio-testing/functional-testing-repo-Kontrolix/pulls{/number}","milestones_url":"https://api.github.com/repos/mergifyio-testing/functional-testing-repo-Kontrolix/milestones{/number}","notifications_url":"https://api.github.com/repos/mergifyio-testing/functional-testing-repo-Kontrolix/notifications{?since,all,participating}","labels_url":"https://api.github.com/repos/mergifyio-testing/functional-testing-repo-Kontrolix/labels{/name}","releases_url":"https://api.github.com/repos/mergifyio-testing/functional-testing-repo-Kontrolix/releases{/id}","deployments_url":"https://api.github.com/repos/mergifyio-testing/functional-testing-repo-Kontrolix/deployments","created_at":"2023-05-03T09:24:21Z","updated_at":"2023-05-03T09:24:22Z","pushed_at":"2023-05-24T10:43:20Z","git_url":"git://github.com/mergifyio-testing/functional-testing-repo-Kontrolix.git","ssh_url":"git@github.com:mergifyio-testing/functional-testing-repo-Kontrolix.git","clone_url":"https://github.com/mergifyio-testing/functional-testing-repo-Kontrolix.git","svn_url":"https://github.com/mergifyio-testing/functional-testing-repo-Kontrolix","homepage":null,"size":65,"stargazers_count":0,"watchers_count":0,"language":null,"has_issues":true,"has_projects":true,"has_downloads":true,"has_wiki":true,"has_pages":false,"has_discussions":false,"forks_count":1,"mirror_url":null,"archived":false,"disabled":false,"open_issues_count":7,"license":null,"allow_forking":true,"is_template":false,"web_commit_signoff_required":false,"topics":[],"visibility":"public","forks":1,"open_issues":7,"watchers":0,"default_branch":"main"},"organization":{"login":"mergifyio-testing","id":40527191,"node_id":"MDEyOk9yZ2FuaXphdGlvbjQwNTI3MTkx","url":"https://api.github.com/orgs/mergifyio-testing","repos_url":"https://api.github.com/orgs/mergifyio-testing/repos","events_url":"https://api.github.com/orgs/mergifyio-testing/events","hooks_url":"https://api.github.com/orgs/mergifyio-testing/hooks","issues_url":"https://api.github.com/orgs/mergifyio-testing/issues","members_url":"https://api.github.com/orgs/mergifyio-testing/members{/member}","public_members_url":"https://api.github.com/orgs/mergifyio-testing/public_members{/member}","avatar_url":"https://avatars.githubusercontent.com/u/40527191?v=4","description":"This
      account is for testing purpose of the workflow of the GitHub App @Mergifyio"},"sender":{"login":"mergify-test1","id":38494943,"node_id":"MDQ6VXNlcjM4NDk0OTQz","avatar_url":"https://avatars.githubusercontent.com/u/38494943?v=4","gravatar_id":"","url":"https://api.github.com/users/mergify-test1","html_url":"https://github.com/mergify-test1","followers_url":"https://api.github.com/users/mergify-test1/followers","following_url":"https://api.github.com/users/mergify-test1/following{/other_user}","gists_url":"https://api.github.com/users/mergify-test1/gists{/gist_id}","starred_url":"https://api.github.com/users/mergify-test1/starred{/owner}{/repo}","subscriptions_url":"https://api.github.com/users/mergify-test1/subscriptions","organizations_url":"https://api.github.com/users/mergify-test1/orgs","repos_url":"https://api.github.com/users/mergify-test1/repos","events_url":"https://api.github.com/users/mergify-test1/events{/privacy}","received_events_url":"https://api.github.com/users/mergify-test1/received_events","type":"User","site_admin":false},"installation":{"id":37100555,"node_id":"MDIzOkludGVncmF0aW9uSW5zdGFsbGF0aW9uMzcxMDA1NTU="}}}]'
    headers:
      Connection:
      - keep-alive
      Content-Length:
      - '21542'
      Content-Type:
      - application/json
    http_version: HTTP/1.1
    status_code: 200
- request:
    body: '{"required_status_checks": {"strict": true, "contexts": []}, "required_pull_request_reviews":
      null, "restrictions": null, "enforce_admins": false}'
    headers:
      accept:
      - application/vnd.github.luke-cage-preview+json
      content-length:
      - '146'
      content-type:
      - application/json
      host:
      - api.github.com
    method: PUT
    uri: https://api.github.com/repos/mergifyio-testing/functional-testing-repo-Kontrolix/branches/20230524104316/test_required_status_checks_strict_incompatibility_with_batch_size/main/protection
  response:
    content: '{"url":"https://api.github.com/repos/mergifyio-testing/functional-testing-repo-Kontrolix/branches/20230524104316/test_required_status_checks_strict_incompatibility_with_batch_size/main/protection","required_status_checks":{"url":"https://api.github.com/repos/mergifyio-testing/functional-testing-repo-Kontrolix/branches/20230524104316/test_required_status_checks_strict_incompatibility_with_batch_size/main/protection/required_status_checks","strict":true,"contexts":[],"contexts_url":"https://api.github.com/repos/mergifyio-testing/functional-testing-repo-Kontrolix/branches/20230524104316/test_required_status_checks_strict_incompatibility_with_batch_size/main/protection/required_status_checks/contexts","checks":[]},"required_signatures":{"url":"https://api.github.com/repos/mergifyio-testing/functional-testing-repo-Kontrolix/branches/20230524104316/test_required_status_checks_strict_incompatibility_with_batch_size/main/protection/required_signatures","enabled":false},"enforce_admins":{"url":"https://api.github.com/repos/mergifyio-testing/functional-testing-repo-Kontrolix/branches/20230524104316/test_required_status_checks_strict_incompatibility_with_batch_size/main/protection/enforce_admins","enabled":false},"required_linear_history":{"enabled":false},"allow_force_pushes":{"enabled":false},"allow_deletions":{"enabled":false},"block_creations":{"enabled":false},"required_conversation_resolution":{"enabled":false},"lock_branch":{"enabled":false},"allow_fork_syncing":{"enabled":false}}'
    headers:
      Content-Encoding:
      - gzip
      Content-Type:
      - application/json; charset=utf-8
      Transfer-Encoding:
      - chunked
      X-Accepted-OAuth-Scopes:
      - ''
      X-GitHub-Media-Type:
      - github.v3; param=luke-cage-preview; format=json
      X-OAuth-Scopes:
      - admin:org, delete_repo, read:public_key, repo, user, workflow
      x-github-api-version-selected:
      - '2022-11-28'
    http_version: HTTP/1.1
    status_code: 200
- request:
    body: whatdataisthat
    headers:
      X-Hub-Signature:
      - <SIGNATURE>
      accept:
      - '*/*'
      content-length:
      - '14'
      host:
      - test-forwarder.mergify.io
    method: GET
    uri: https://test-forwarder.mergify.io/events/github.com/327815/635704693/20230524104316-test_required_status_checks_strict_incompatibility_with_batch_size?counter=6
  response:
    content: '[]'
    headers:
      Connection:
      - keep-alive
      Content-Length:
      - '2'
      Content-Type:
      - application/json
    http_version: HTTP/1.1
    status_code: 200
- request:
    body: whatdataisthat
    headers:
      X-Hub-Signature:
      - <SIGNATURE>
      accept:
      - '*/*'
      content-length:
      - '14'
      host:
      - test-forwarder.mergify.io
    method: GET
    uri: https://test-forwarder.mergify.io/events/github.com/327815/635704693/20230524104316-test_required_status_checks_strict_incompatibility_with_batch_size?counter=7
  response:
    content: '[]'
    headers:
      Connection:
      - keep-alive
      Content-Length:
      - '2'
      Content-Type:
      - application/json
    http_version: HTTP/1.1
    status_code: 200
- request:
    body: whatdataisthat
    headers:
      X-Hub-Signature:
      - <SIGNATURE>
      accept:
      - '*/*'
      content-length:
      - '14'
      host:
      - test-forwarder.mergify.io
    method: GET
    uri: https://test-forwarder.mergify.io/events/github.com/327815/635704693/20230524104316-test_required_status_checks_strict_incompatibility_with_batch_size?counter=8
  response:
    content: '[{"id":"d67c1660-fa1f-11ed-935d-3898be4be1cb","type":"check_suite","payload":{"action":"requested","check_suite":{"id":13113614385,"node_id":"CS_kwDOJeQVdc8AAAADDaHgMQ","head_branch":"20230524104316/test_required_status_checks_strict_incompatibility_with_batch_size/integration/pr1","head_sha":"042a697a2f8ac99298c54aaf81ee14234e09cdf6","status":"queued","conclusion":null,"url":"https://api.github.com/repos/mergifyio-testing/functional-testing-repo-Kontrolix/check-suites/13113614385","before":"0000000000000000000000000000000000000000","after":"042a697a2f8ac99298c54aaf81ee14234e09cdf6","pull_requests":[],"app":{"id":327815,"slug":"mergify-kontrolix","node_id":"A_kwHOAmplV84ABQCH","owner":{"login":"mergifyio-testing","id":40527191,"node_id":"MDEyOk9yZ2FuaXphdGlvbjQwNTI3MTkx","avatar_url":"https://avatars.githubusercontent.com/u/40527191?v=4","gravatar_id":"","url":"https://api.github.com/users/mergifyio-testing","html_url":"https://github.com/mergifyio-testing","followers_url":"https://api.github.com/users/mergifyio-testing/followers","following_url":"https://api.github.com/users/mergifyio-testing/following{/other_user}","gists_url":"https://api.github.com/users/mergifyio-testing/gists{/gist_id}","starred_url":"https://api.github.com/users/mergifyio-testing/starred{/owner}{/repo}","subscriptions_url":"https://api.github.com/users/mergifyio-testing/subscriptions","organizations_url":"https://api.github.com/users/mergifyio-testing/orgs","repos_url":"https://api.github.com/users/mergifyio-testing/repos","events_url":"https://api.github.com/users/mergifyio-testing/events{/privacy}","received_events_url":"https://api.github.com/users/mergifyio-testing/received_events","type":"Organization","site_admin":false},"name":"mergify-Kontrolix","description":"Mergify
      testing installation for Kontrolix","external_url":"https://mergify.com/","html_url":"https://github.com/apps/mergify-kontrolix","created_at":"2023-05-03T09:24:33Z","updated_at":"2023-05-03T09:24:33Z","permissions":{"administration":"read","checks":"write","contents":"write","emails":"read","issues":"write","members":"read","metadata":"read","pages":"write","pull_requests":"write","statuses":"write","workflows":"write"},"events":["check_run","check_suite","issue_comment","member","membership","organization","pull_request","pull_request_review","pull_request_review_comment","pull_request_review_thread","push","repository","status","team","team_add"]},"created_at":"2023-05-24T10:43:36Z","updated_at":"2023-05-24T10:43:36Z","rerequestable":true,"runs_rerequestable":true,"latest_check_runs_count":0,"check_runs_url":"https://api.github.com/repos/mergifyio-testing/functional-testing-repo-Kontrolix/check-suites/13113614385/check-runs","head_commit":{"id":"042a697a2f8ac99298c54aaf81ee14234e09cdf6","tree_id":"0c0291ecc8ea42653ef06aa851f833daccf138d1","message":"test_required_status_checks_strict_incompatibility_with_batch_size:
      pull request n1 from integration","timestamp":"2023-05-24T10:43:35Z","author":{"name":"Mergify","email":"132445501+mergify-kontrolix[bot]@users.noreply.github.com"},"committer":{"name":"Mergify","email":"132445501+mergify-kontrolix[bot]@users.noreply.github.com"}}},"repository":{"id":635704693,"node_id":"R_kgDOJeQVdQ","name":"functional-testing-repo-Kontrolix","full_name":"mergifyio-testing/functional-testing-repo-Kontrolix","private":false,"owner":{"login":"mergifyio-testing","id":40527191,"node_id":"MDEyOk9yZ2FuaXphdGlvbjQwNTI3MTkx","avatar_url":"https://avatars.githubusercontent.com/u/40527191?v=4","gravatar_id":"","url":"https://api.github.com/users/mergifyio-testing","html_url":"https://github.com/mergifyio-testing","followers_url":"https://api.github.com/users/mergifyio-testing/followers","following_url":"https://api.github.com/users/mergifyio-testing/following{/other_user}","gists_url":"https://api.github.com/users/mergifyio-testing/gists{/gist_id}","starred_url":"https://api.github.com/users/mergifyio-testing/starred{/owner}{/repo}","subscriptions_url":"https://api.github.com/users/mergifyio-testing/subscriptions","organizations_url":"https://api.github.com/users/mergifyio-testing/orgs","repos_url":"https://api.github.com/users/mergifyio-testing/repos","events_url":"https://api.github.com/users/mergifyio-testing/events{/privacy}","received_events_url":"https://api.github.com/users/mergifyio-testing/received_events","type":"Organization","site_admin":false},"html_url":"https://github.com/mergifyio-testing/functional-testing-repo-Kontrolix","description":null,"fork":false,"url":"https://api.github.com/repos/mergifyio-testing/functional-testing-repo-Kontrolix","forks_url":"https://api.github.com/repos/mergifyio-testing/functional-testing-repo-Kontrolix/forks","keys_url":"https://api.github.com/repos/mergifyio-testing/functional-testing-repo-Kontrolix/keys{/key_id}","collaborators_url":"https://api.github.com/repos/mergifyio-testing/functional-testing-repo-Kontrolix/collaborators{/collaborator}","teams_url":"https://api.github.com/repos/mergifyio-testing/functional-testing-repo-Kontrolix/teams","hooks_url":"https://api.github.com/repos/mergifyio-testing/functional-testing-repo-Kontrolix/hooks","issue_events_url":"https://api.github.com/repos/mergifyio-testing/functional-testing-repo-Kontrolix/issues/events{/number}","events_url":"https://api.github.com/repos/mergifyio-testing/functional-testing-repo-Kontrolix/events","assignees_url":"https://api.github.com/repos/mergifyio-testing/functional-testing-repo-Kontrolix/assignees{/user}","branches_url":"https://api.github.com/repos/mergifyio-testing/functional-testing-repo-Kontrolix/branches{/branch}","tags_url":"https://api.github.com/repos/mergifyio-testing/functional-testing-repo-Kontrolix/tags","blobs_url":"https://api.github.com/repos/mergifyio-testing/functional-testing-repo-Kontrolix/git/blobs{/sha}","git_tags_url":"https://api.github.com/repos/mergifyio-testing/functional-testing-repo-Kontrolix/git/tags{/sha}","git_refs_url":"https://api.github.com/repos/mergifyio-testing/functional-testing-repo-Kontrolix/git/refs{/sha}","trees_url":"https://api.github.com/repos/mergifyio-testing/functional-testing-repo-Kontrolix/git/trees{/sha}","statuses_url":"https://api.github.com/repos/mergifyio-testing/functional-testing-repo-Kontrolix/statuses/{sha}","languages_url":"https://api.github.com/repos/mergifyio-testing/functional-testing-repo-Kontrolix/languages","stargazers_url":"https://api.github.com/repos/mergifyio-testing/functional-testing-repo-Kontrolix/stargazers","contributors_url":"https://api.github.com/repos/mergifyio-testing/functional-testing-repo-Kontrolix/contributors","subscribers_url":"https://api.github.com/repos/mergifyio-testing/functional-testing-repo-Kontrolix/subscribers","subscription_url":"https://api.github.com/repos/mergifyio-testing/functional-testing-repo-Kontrolix/subscription","commits_url":"https://api.github.com/repos/mergifyio-testing/functional-testing-repo-Kontrolix/commits{/sha}","git_commits_url":"https://api.github.com/repos/mergifyio-testing/functional-testing-repo-Kontrolix/git/commits{/sha}","comments_url":"https://api.github.com/repos/mergifyio-testing/functional-testing-repo-Kontrolix/comments{/number}","issue_comment_url":"https://api.github.com/repos/mergifyio-testing/functional-testing-repo-Kontrolix/issues/comments{/number}","contents_url":"https://api.github.com/repos/mergifyio-testing/functional-testing-repo-Kontrolix/contents/{+path}","compare_url":"https://api.github.com/repos/mergifyio-testing/functional-testing-repo-Kontrolix/compare/{base}...{head}","merges_url":"https://api.github.com/repos/mergifyio-testing/functional-testing-repo-Kontrolix/merges","archive_url":"https://api.github.com/repos/mergifyio-testing/functional-testing-repo-Kontrolix/{archive_format}{/ref}","downloads_url":"https://api.github.com/repos/mergifyio-testing/functional-testing-repo-Kontrolix/downloads","issues_url":"https://api.github.com/repos/mergifyio-testing/functional-testing-repo-Kontrolix/issues{/number}","pulls_url":"https://api.github.com/repos/mergifyio-testing/functional-testing-repo-Kontrolix/pulls{/number}","milestones_url":"https://api.github.com/repos/mergifyio-testing/functional-testing-repo-Kontrolix/milestones{/number}","notifications_url":"https://api.github.com/repos/mergifyio-testing/functional-testing-repo-Kontrolix/notifications{?since,all,participating}","labels_url":"https://api.github.com/repos/mergifyio-testing/functional-testing-repo-Kontrolix/labels{/name}","releases_url":"https://api.github.com/repos/mergifyio-testing/functional-testing-repo-Kontrolix/releases{/id}","deployments_url":"https://api.github.com/repos/mergifyio-testing/functional-testing-repo-Kontrolix/deployments","created_at":"2023-05-03T09:24:21Z","updated_at":"2023-05-03T09:24:22Z","pushed_at":"2023-05-24T10:43:36Z","git_url":"git://github.com/mergifyio-testing/functional-testing-repo-Kontrolix.git","ssh_url":"git@github.com:mergifyio-testing/functional-testing-repo-Kontrolix.git","clone_url":"https://github.com/mergifyio-testing/functional-testing-repo-Kontrolix.git","svn_url":"https://github.com/mergifyio-testing/functional-testing-repo-Kontrolix","homepage":null,"size":65,"stargazers_count":0,"watchers_count":0,"language":null,"has_issues":true,"has_projects":true,"has_downloads":true,"has_wiki":true,"has_pages":false,"has_discussions":false,"forks_count":1,"mirror_url":null,"archived":false,"disabled":false,"open_issues_count":13,"license":null,"allow_forking":true,"is_template":false,"web_commit_signoff_required":false,"topics":[],"visibility":"public","forks":1,"open_issues":13,"watchers":0,"default_branch":"main"},"organization":{"login":"mergifyio-testing","id":40527191,"node_id":"MDEyOk9yZ2FuaXphdGlvbjQwNTI3MTkx","url":"https://api.github.com/orgs/mergifyio-testing","repos_url":"https://api.github.com/orgs/mergifyio-testing/repos","events_url":"https://api.github.com/orgs/mergifyio-testing/events","hooks_url":"https://api.github.com/orgs/mergifyio-testing/hooks","issues_url":"https://api.github.com/orgs/mergifyio-testing/issues","members_url":"https://api.github.com/orgs/mergifyio-testing/members{/member}","public_members_url":"https://api.github.com/orgs/mergifyio-testing/public_members{/member}","avatar_url":"https://avatars.githubusercontent.com/u/40527191?v=4","description":"This
      account is for testing purpose of the workflow of the GitHub App @Mergifyio"},"sender":{"login":"mergify-test1","id":38494943,"node_id":"MDQ6VXNlcjM4NDk0OTQz","avatar_url":"https://avatars.githubusercontent.com/u/38494943?v=4","gravatar_id":"","url":"https://api.github.com/users/mergify-test1","html_url":"https://github.com/mergify-test1","followers_url":"https://api.github.com/users/mergify-test1/followers","following_url":"https://api.github.com/users/mergify-test1/following{/other_user}","gists_url":"https://api.github.com/users/mergify-test1/gists{/gist_id}","starred_url":"https://api.github.com/users/mergify-test1/starred{/owner}{/repo}","subscriptions_url":"https://api.github.com/users/mergify-test1/subscriptions","organizations_url":"https://api.github.com/users/mergify-test1/orgs","repos_url":"https://api.github.com/users/mergify-test1/repos","events_url":"https://api.github.com/users/mergify-test1/events{/privacy}","received_events_url":"https://api.github.com/users/mergify-test1/received_events","type":"User","site_admin":false},"installation":{"id":37100555,"node_id":"MDIzOkludGVncmF0aW9uSW5zdGFsbGF0aW9uMzcxMDA1NTU="}}}]'
    headers:
      Connection:
      - keep-alive
      Content-Length:
      - '11460'
      Content-Type:
      - application/json
    http_version: HTTP/1.1
    status_code: 200
- request:
    body: whatdataisthat
    headers:
      X-Hub-Signature:
      - <SIGNATURE>
      accept:
      - '*/*'
      content-length:
      - '14'
      host:
      - test-forwarder.mergify.io
    method: GET
    uri: https://test-forwarder.mergify.io/events/github.com/327815/635704693/20230524104316-test_required_status_checks_strict_incompatibility_with_batch_size?counter=9
  response:
    content: '[{"id":"d6a4808c-fa1f-11ed-99d2-45c5eca659c5","type":"push","payload":{"ref":"refs/heads/20230524104316/test_required_status_checks_strict_incompatibility_with_batch_size/integration/pr1","before":"0000000000000000000000000000000000000000","after":"042a697a2f8ac99298c54aaf81ee14234e09cdf6","repository":{"id":635704693,"node_id":"R_kgDOJeQVdQ","name":"functional-testing-repo-Kontrolix","full_name":"mergifyio-testing/functional-testing-repo-Kontrolix","private":false,"owner":{"name":"mergifyio-testing","email":null,"login":"mergifyio-testing","id":40527191,"node_id":"MDEyOk9yZ2FuaXphdGlvbjQwNTI3MTkx","avatar_url":"https://avatars.githubusercontent.com/u/40527191?v=4","gravatar_id":"","url":"https://api.github.com/users/mergifyio-testing","html_url":"https://github.com/mergifyio-testing","followers_url":"https://api.github.com/users/mergifyio-testing/followers","following_url":"https://api.github.com/users/mergifyio-testing/following{/other_user}","gists_url":"https://api.github.com/users/mergifyio-testing/gists{/gist_id}","starred_url":"https://api.github.com/users/mergifyio-testing/starred{/owner}{/repo}","subscriptions_url":"https://api.github.com/users/mergifyio-testing/subscriptions","organizations_url":"https://api.github.com/users/mergifyio-testing/orgs","repos_url":"https://api.github.com/users/mergifyio-testing/repos","events_url":"https://api.github.com/users/mergifyio-testing/events{/privacy}","received_events_url":"https://api.github.com/users/mergifyio-testing/received_events","type":"Organization","site_admin":false},"html_url":"https://github.com/mergifyio-testing/functional-testing-repo-Kontrolix","description":null,"fork":false,"url":"https://github.com/mergifyio-testing/functional-testing-repo-Kontrolix","forks_url":"https://api.github.com/repos/mergifyio-testing/functional-testing-repo-Kontrolix/forks","keys_url":"https://api.github.com/repos/mergifyio-testing/functional-testing-repo-Kontrolix/keys{/key_id}","collaborators_url":"https://api.github.com/repos/mergifyio-testing/functional-testing-repo-Kontrolix/collaborators{/collaborator}","teams_url":"https://api.github.com/repos/mergifyio-testing/functional-testing-repo-Kontrolix/teams","hooks_url":"https://api.github.com/repos/mergifyio-testing/functional-testing-repo-Kontrolix/hooks","issue_events_url":"https://api.github.com/repos/mergifyio-testing/functional-testing-repo-Kontrolix/issues/events{/number}","events_url":"https://api.github.com/repos/mergifyio-testing/functional-testing-repo-Kontrolix/events","assignees_url":"https://api.github.com/repos/mergifyio-testing/functional-testing-repo-Kontrolix/assignees{/user}","branches_url":"https://api.github.com/repos/mergifyio-testing/functional-testing-repo-Kontrolix/branches{/branch}","tags_url":"https://api.github.com/repos/mergifyio-testing/functional-testing-repo-Kontrolix/tags","blobs_url":"https://api.github.com/repos/mergifyio-testing/functional-testing-repo-Kontrolix/git/blobs{/sha}","git_tags_url":"https://api.github.com/repos/mergifyio-testing/functional-testing-repo-Kontrolix/git/tags{/sha}","git_refs_url":"https://api.github.com/repos/mergifyio-testing/functional-testing-repo-Kontrolix/git/refs{/sha}","trees_url":"https://api.github.com/repos/mergifyio-testing/functional-testing-repo-Kontrolix/git/trees{/sha}","statuses_url":"https://api.github.com/repos/mergifyio-testing/functional-testing-repo-Kontrolix/statuses/{sha}","languages_url":"https://api.github.com/repos/mergifyio-testing/functional-testing-repo-Kontrolix/languages","stargazers_url":"https://api.github.com/repos/mergifyio-testing/functional-testing-repo-Kontrolix/stargazers","contributors_url":"https://api.github.com/repos/mergifyio-testing/functional-testing-repo-Kontrolix/contributors","subscribers_url":"https://api.github.com/repos/mergifyio-testing/functional-testing-repo-Kontrolix/subscribers","subscription_url":"https://api.github.com/repos/mergifyio-testing/functional-testing-repo-Kontrolix/subscription","commits_url":"https://api.github.com/repos/mergifyio-testing/functional-testing-repo-Kontrolix/commits{/sha}","git_commits_url":"https://api.github.com/repos/mergifyio-testing/functional-testing-repo-Kontrolix/git/commits{/sha}","comments_url":"https://api.github.com/repos/mergifyio-testing/functional-testing-repo-Kontrolix/comments{/number}","issue_comment_url":"https://api.github.com/repos/mergifyio-testing/functional-testing-repo-Kontrolix/issues/comments{/number}","contents_url":"https://api.github.com/repos/mergifyio-testing/functional-testing-repo-Kontrolix/contents/{+path}","compare_url":"https://api.github.com/repos/mergifyio-testing/functional-testing-repo-Kontrolix/compare/{base}...{head}","merges_url":"https://api.github.com/repos/mergifyio-testing/functional-testing-repo-Kontrolix/merges","archive_url":"https://api.github.com/repos/mergifyio-testing/functional-testing-repo-Kontrolix/{archive_format}{/ref}","downloads_url":"https://api.github.com/repos/mergifyio-testing/functional-testing-repo-Kontrolix/downloads","issues_url":"https://api.github.com/repos/mergifyio-testing/functional-testing-repo-Kontrolix/issues{/number}","pulls_url":"https://api.github.com/repos/mergifyio-testing/functional-testing-repo-Kontrolix/pulls{/number}","milestones_url":"https://api.github.com/repos/mergifyio-testing/functional-testing-repo-Kontrolix/milestones{/number}","notifications_url":"https://api.github.com/repos/mergifyio-testing/functional-testing-repo-Kontrolix/notifications{?since,all,participating}","labels_url":"https://api.github.com/repos/mergifyio-testing/functional-testing-repo-Kontrolix/labels{/name}","releases_url":"https://api.github.com/repos/mergifyio-testing/functional-testing-repo-Kontrolix/releases{/id}","deployments_url":"https://api.github.com/repos/mergifyio-testing/functional-testing-repo-Kontrolix/deployments","created_at":1683105861,"updated_at":"2023-05-03T09:24:22Z","pushed_at":1684925016,"git_url":"git://github.com/mergifyio-testing/functional-testing-repo-Kontrolix.git","ssh_url":"git@github.com:mergifyio-testing/functional-testing-repo-Kontrolix.git","clone_url":"https://github.com/mergifyio-testing/functional-testing-repo-Kontrolix.git","svn_url":"https://github.com/mergifyio-testing/functional-testing-repo-Kontrolix","homepage":null,"size":65,"stargazers_count":0,"watchers_count":0,"language":null,"has_issues":true,"has_projects":true,"has_downloads":true,"has_wiki":true,"has_pages":false,"has_discussions":false,"forks_count":1,"mirror_url":null,"archived":false,"disabled":false,"open_issues_count":13,"license":null,"allow_forking":true,"is_template":false,"web_commit_signoff_required":false,"topics":[],"visibility":"public","forks":1,"open_issues":13,"watchers":0,"default_branch":"main","stargazers":0,"master_branch":"main","organization":"mergifyio-testing"},"pusher":{"name":"mergify-test1","email":"38494943+mergify-test1@users.noreply.github.com"},"organization":{"login":"mergifyio-testing","id":40527191,"node_id":"MDEyOk9yZ2FuaXphdGlvbjQwNTI3MTkx","url":"https://api.github.com/orgs/mergifyio-testing","repos_url":"https://api.github.com/orgs/mergifyio-testing/repos","events_url":"https://api.github.com/orgs/mergifyio-testing/events","hooks_url":"https://api.github.com/orgs/mergifyio-testing/hooks","issues_url":"https://api.github.com/orgs/mergifyio-testing/issues","members_url":"https://api.github.com/orgs/mergifyio-testing/members{/member}","public_members_url":"https://api.github.com/orgs/mergifyio-testing/public_members{/member}","avatar_url":"https://avatars.githubusercontent.com/u/40527191?v=4","description":"This
      account is for testing purpose of the workflow of the GitHub App @Mergifyio"},"sender":{"login":"mergify-test1","id":38494943,"node_id":"MDQ6VXNlcjM4NDk0OTQz","avatar_url":"https://avatars.githubusercontent.com/u/38494943?v=4","gravatar_id":"","url":"https://api.github.com/users/mergify-test1","html_url":"https://github.com/mergify-test1","followers_url":"https://api.github.com/users/mergify-test1/followers","following_url":"https://api.github.com/users/mergify-test1/following{/other_user}","gists_url":"https://api.github.com/users/mergify-test1/gists{/gist_id}","starred_url":"https://api.github.com/users/mergify-test1/starred{/owner}{/repo}","subscriptions_url":"https://api.github.com/users/mergify-test1/subscriptions","organizations_url":"https://api.github.com/users/mergify-test1/orgs","repos_url":"https://api.github.com/users/mergify-test1/repos","events_url":"https://api.github.com/users/mergify-test1/events{/privacy}","received_events_url":"https://api.github.com/users/mergify-test1/received_events","type":"User","site_admin":false},"installation":{"id":37100555,"node_id":"MDIzOkludGVncmF0aW9uSW5zdGFsbGF0aW9uMzcxMDA1NTU="},"created":true,"deleted":false,"forced":false,"base_ref":null,"compare":"https://github.com/mergifyio-testing/functional-testing-repo-Kontrolix/commit/042a697a2f8a","commits":[{"id":"042a697a2f8ac99298c54aaf81ee14234e09cdf6","tree_id":"0c0291ecc8ea42653ef06aa851f833daccf138d1","distinct":true,"message":"test_required_status_checks_strict_incompatibility_with_batch_size:
      pull request n1 from integration","timestamp":"2023-05-24T12:43:35+02:00","url":"https://github.com/mergifyio-testing/functional-testing-repo-Kontrolix/commit/042a697a2f8ac99298c54aaf81ee14234e09cdf6","author":{"name":"Mergify","email":"132445501+mergify-kontrolix[bot]@users.noreply.github.com","username":"mergify-kontrolix[bot]"},"committer":{"name":"Mergify","email":"132445501+mergify-kontrolix[bot]@users.noreply.github.com","username":"mergify-kontrolix[bot]"},"added":["test1"],"removed":[],"modified":[]}],"head_commit":{"id":"042a697a2f8ac99298c54aaf81ee14234e09cdf6","tree_id":"0c0291ecc8ea42653ef06aa851f833daccf138d1","distinct":true,"message":"test_required_status_checks_strict_incompatibility_with_batch_size:
      pull request n1 from integration","timestamp":"2023-05-24T12:43:35+02:00","url":"https://github.com/mergifyio-testing/functional-testing-repo-Kontrolix/commit/042a697a2f8ac99298c54aaf81ee14234e09cdf6","author":{"name":"Mergify","email":"132445501+mergify-kontrolix[bot]@users.noreply.github.com","username":"mergify-kontrolix[bot]"},"committer":{"name":"Mergify","email":"132445501+mergify-kontrolix[bot]@users.noreply.github.com","username":"mergify-kontrolix[bot]"},"added":["test1"],"removed":[],"modified":[]}}}]'
    headers:
      Connection:
      - keep-alive
      Content-Length:
      - '10353'
      Content-Type:
      - application/json
    http_version: HTTP/1.1
    status_code: 200
- request:
    body: '{"base": "20230524104316/test_required_status_checks_strict_incompatibility_with_batch_size/main",
      "head": "mergifyio-testing:20230524104316/test_required_status_checks_strict_incompatibility_with_batch_size/integration/pr1",
      "title": "test_required_status_checks_strict_incompatibility_with_batch_size:
      pull request n1 from integration", "body": "test_required_status_checks_strict_incompatibility_with_batch_size:
      pull request n1 from integration", "draft": false}'
    headers:
      accept:
      - application/vnd.github.machine-man-preview+json
      content-length:
      - '466'
      content-type:
      - application/json
      host:
      - api.github.com
    method: POST
    uri: https://api.github.com/repos/mergifyio-testing/functional-testing-repo-Kontrolix/pulls
  response:
    content: '{"url":"https://api.github.com/repos/mergifyio-testing/functional-testing-repo-Kontrolix/pulls/710","id":1362850466,"node_id":"PR_kwDOJeQVdc5RO3Ki","html_url":"https://github.com/mergifyio-testing/functional-testing-repo-Kontrolix/pull/710","diff_url":"https://github.com/mergifyio-testing/functional-testing-repo-Kontrolix/pull/710.diff","patch_url":"https://github.com/mergifyio-testing/functional-testing-repo-Kontrolix/pull/710.patch","issue_url":"https://api.github.com/repos/mergifyio-testing/functional-testing-repo-Kontrolix/issues/710","number":710,"state":"open","locked":false,"title":"test_required_status_checks_strict_incompatibility_with_batch_size:
      pull request n1 from integration","user":{"login":"mergify-kontrolix[bot]","id":132445501,"node_id":"BOT_kgDOB-T1PQ","avatar_url":"https://avatars.githubusercontent.com/u/40527191?v=4","gravatar_id":"","url":"https://api.github.com/users/mergify-kontrolix%5Bbot%5D","html_url":"https://github.com/apps/mergify-kontrolix","followers_url":"https://api.github.com/users/mergify-kontrolix%5Bbot%5D/followers","following_url":"https://api.github.com/users/mergify-kontrolix%5Bbot%5D/following{/other_user}","gists_url":"https://api.github.com/users/mergify-kontrolix%5Bbot%5D/gists{/gist_id}","starred_url":"https://api.github.com/users/mergify-kontrolix%5Bbot%5D/starred{/owner}{/repo}","subscriptions_url":"https://api.github.com/users/mergify-kontrolix%5Bbot%5D/subscriptions","organizations_url":"https://api.github.com/users/mergify-kontrolix%5Bbot%5D/orgs","repos_url":"https://api.github.com/users/mergify-kontrolix%5Bbot%5D/repos","events_url":"https://api.github.com/users/mergify-kontrolix%5Bbot%5D/events{/privacy}","received_events_url":"https://api.github.com/users/mergify-kontrolix%5Bbot%5D/received_events","type":"Bot","site_admin":false},"body":"test_required_status_checks_strict_incompatibility_with_batch_size:
      pull request n1 from integration","created_at":"2023-05-24T10:43:50Z","updated_at":"2023-05-24T10:43:50Z","closed_at":null,"merged_at":null,"merge_commit_sha":null,"assignee":null,"assignees":[],"requested_reviewers":[],"requested_teams":[],"labels":[],"milestone":null,"draft":false,"commits_url":"https://api.github.com/repos/mergifyio-testing/functional-testing-repo-Kontrolix/pulls/710/commits","review_comments_url":"https://api.github.com/repos/mergifyio-testing/functional-testing-repo-Kontrolix/pulls/710/comments","review_comment_url":"https://api.github.com/repos/mergifyio-testing/functional-testing-repo-Kontrolix/pulls/comments{/number}","comments_url":"https://api.github.com/repos/mergifyio-testing/functional-testing-repo-Kontrolix/issues/710/comments","statuses_url":"https://api.github.com/repos/mergifyio-testing/functional-testing-repo-Kontrolix/statuses/042a697a2f8ac99298c54aaf81ee14234e09cdf6","head":{"label":"mergifyio-testing:20230524104316/test_required_status_checks_strict_incompatibility_with_batch_size/integration/pr1","ref":"20230524104316/test_required_status_checks_strict_incompatibility_with_batch_size/integration/pr1","sha":"042a697a2f8ac99298c54aaf81ee14234e09cdf6","user":{"login":"mergifyio-testing","id":40527191,"node_id":"MDEyOk9yZ2FuaXphdGlvbjQwNTI3MTkx","avatar_url":"https://avatars.githubusercontent.com/u/40527191?v=4","gravatar_id":"","url":"https://api.github.com/users/mergifyio-testing","html_url":"https://github.com/mergifyio-testing","followers_url":"https://api.github.com/users/mergifyio-testing/followers","following_url":"https://api.github.com/users/mergifyio-testing/following{/other_user}","gists_url":"https://api.github.com/users/mergifyio-testing/gists{/gist_id}","starred_url":"https://api.github.com/users/mergifyio-testing/starred{/owner}{/repo}","subscriptions_url":"https://api.github.com/users/mergifyio-testing/subscriptions","organizations_url":"https://api.github.com/users/mergifyio-testing/orgs","repos_url":"https://api.github.com/users/mergifyio-testing/repos","events_url":"https://api.github.com/users/mergifyio-testing/events{/privacy}","received_events_url":"https://api.github.com/users/mergifyio-testing/received_events","type":"Organization","site_admin":false},"repo":{"id":635704693,"node_id":"R_kgDOJeQVdQ","name":"functional-testing-repo-Kontrolix","full_name":"mergifyio-testing/functional-testing-repo-Kontrolix","private":false,"owner":{"login":"mergifyio-testing","id":40527191,"node_id":"MDEyOk9yZ2FuaXphdGlvbjQwNTI3MTkx","avatar_url":"https://avatars.githubusercontent.com/u/40527191?v=4","gravatar_id":"","url":"https://api.github.com/users/mergifyio-testing","html_url":"https://github.com/mergifyio-testing","followers_url":"https://api.github.com/users/mergifyio-testing/followers","following_url":"https://api.github.com/users/mergifyio-testing/following{/other_user}","gists_url":"https://api.github.com/users/mergifyio-testing/gists{/gist_id}","starred_url":"https://api.github.com/users/mergifyio-testing/starred{/owner}{/repo}","subscriptions_url":"https://api.github.com/users/mergifyio-testing/subscriptions","organizations_url":"https://api.github.com/users/mergifyio-testing/orgs","repos_url":"https://api.github.com/users/mergifyio-testing/repos","events_url":"https://api.github.com/users/mergifyio-testing/events{/privacy}","received_events_url":"https://api.github.com/users/mergifyio-testing/received_events","type":"Organization","site_admin":false},"html_url":"https://github.com/mergifyio-testing/functional-testing-repo-Kontrolix","description":null,"fork":false,"url":"https://api.github.com/repos/mergifyio-testing/functional-testing-repo-Kontrolix","forks_url":"https://api.github.com/repos/mergifyio-testing/functional-testing-repo-Kontrolix/forks","keys_url":"https://api.github.com/repos/mergifyio-testing/functional-testing-repo-Kontrolix/keys{/key_id}","collaborators_url":"https://api.github.com/repos/mergifyio-testing/functional-testing-repo-Kontrolix/collaborators{/collaborator}","teams_url":"https://api.github.com/repos/mergifyio-testing/functional-testing-repo-Kontrolix/teams","hooks_url":"https://api.github.com/repos/mergifyio-testing/functional-testing-repo-Kontrolix/hooks","issue_events_url":"https://api.github.com/repos/mergifyio-testing/functional-testing-repo-Kontrolix/issues/events{/number}","events_url":"https://api.github.com/repos/mergifyio-testing/functional-testing-repo-Kontrolix/events","assignees_url":"https://api.github.com/repos/mergifyio-testing/functional-testing-repo-Kontrolix/assignees{/user}","branches_url":"https://api.github.com/repos/mergifyio-testing/functional-testing-repo-Kontrolix/branches{/branch}","tags_url":"https://api.github.com/repos/mergifyio-testing/functional-testing-repo-Kontrolix/tags","blobs_url":"https://api.github.com/repos/mergifyio-testing/functional-testing-repo-Kontrolix/git/blobs{/sha}","git_tags_url":"https://api.github.com/repos/mergifyio-testing/functional-testing-repo-Kontrolix/git/tags{/sha}","git_refs_url":"https://api.github.com/repos/mergifyio-testing/functional-testing-repo-Kontrolix/git/refs{/sha}","trees_url":"https://api.github.com/repos/mergifyio-testing/functional-testing-repo-Kontrolix/git/trees{/sha}","statuses_url":"https://api.github.com/repos/mergifyio-testing/functional-testing-repo-Kontrolix/statuses/{sha}","languages_url":"https://api.github.com/repos/mergifyio-testing/functional-testing-repo-Kontrolix/languages","stargazers_url":"https://api.github.com/repos/mergifyio-testing/functional-testing-repo-Kontrolix/stargazers","contributors_url":"https://api.github.com/repos/mergifyio-testing/functional-testing-repo-Kontrolix/contributors","subscribers_url":"https://api.github.com/repos/mergifyio-testing/functional-testing-repo-Kontrolix/subscribers","subscription_url":"https://api.github.com/repos/mergifyio-testing/functional-testing-repo-Kontrolix/subscription","commits_url":"https://api.github.com/repos/mergifyio-testing/functional-testing-repo-Kontrolix/commits{/sha}","git_commits_url":"https://api.github.com/repos/mergifyio-testing/functional-testing-repo-Kontrolix/git/commits{/sha}","comments_url":"https://api.github.com/repos/mergifyio-testing/functional-testing-repo-Kontrolix/comments{/number}","issue_comment_url":"https://api.github.com/repos/mergifyio-testing/functional-testing-repo-Kontrolix/issues/comments{/number}","contents_url":"https://api.github.com/repos/mergifyio-testing/functional-testing-repo-Kontrolix/contents/{+path}","compare_url":"https://api.github.com/repos/mergifyio-testing/functional-testing-repo-Kontrolix/compare/{base}...{head}","merges_url":"https://api.github.com/repos/mergifyio-testing/functional-testing-repo-Kontrolix/merges","archive_url":"https://api.github.com/repos/mergifyio-testing/functional-testing-repo-Kontrolix/{archive_format}{/ref}","downloads_url":"https://api.github.com/repos/mergifyio-testing/functional-testing-repo-Kontrolix/downloads","issues_url":"https://api.github.com/repos/mergifyio-testing/functional-testing-repo-Kontrolix/issues{/number}","pulls_url":"https://api.github.com/repos/mergifyio-testing/functional-testing-repo-Kontrolix/pulls{/number}","milestones_url":"https://api.github.com/repos/mergifyio-testing/functional-testing-repo-Kontrolix/milestones{/number}","notifications_url":"https://api.github.com/repos/mergifyio-testing/functional-testing-repo-Kontrolix/notifications{?since,all,participating}","labels_url":"https://api.github.com/repos/mergifyio-testing/functional-testing-repo-Kontrolix/labels{/name}","releases_url":"https://api.github.com/repos/mergifyio-testing/functional-testing-repo-Kontrolix/releases{/id}","deployments_url":"https://api.github.com/repos/mergifyio-testing/functional-testing-repo-Kontrolix/deployments","created_at":"2023-05-03T09:24:21Z","updated_at":"2023-05-03T09:24:22Z","pushed_at":"2023-05-24T10:43:47Z","git_url":"git://github.com/mergifyio-testing/functional-testing-repo-Kontrolix.git","ssh_url":"git@github.com:mergifyio-testing/functional-testing-repo-Kontrolix.git","clone_url":"https://github.com/mergifyio-testing/functional-testing-repo-Kontrolix.git","svn_url":"https://github.com/mergifyio-testing/functional-testing-repo-Kontrolix","homepage":null,"size":65,"stargazers_count":0,"watchers_count":0,"language":null,"has_issues":true,"has_projects":true,"has_downloads":true,"has_wiki":true,"has_pages":false,"has_discussions":false,"forks_count":1,"mirror_url":null,"archived":false,"disabled":false,"open_issues_count":13,"license":null,"allow_forking":true,"is_template":false,"web_commit_signoff_required":false,"topics":[],"visibility":"public","forks":1,"open_issues":13,"watchers":0,"default_branch":"main"}},"base":{"label":"mergifyio-testing:20230524104316/test_required_status_checks_strict_incompatibility_with_batch_size/main","ref":"20230524104316/test_required_status_checks_strict_incompatibility_with_batch_size/main","sha":"ed3d919b2eb3d7b5d5466da04584371ff4e8e2c2","user":{"login":"mergifyio-testing","id":40527191,"node_id":"MDEyOk9yZ2FuaXphdGlvbjQwNTI3MTkx","avatar_url":"https://avatars.githubusercontent.com/u/40527191?v=4","gravatar_id":"","url":"https://api.github.com/users/mergifyio-testing","html_url":"https://github.com/mergifyio-testing","followers_url":"https://api.github.com/users/mergifyio-testing/followers","following_url":"https://api.github.com/users/mergifyio-testing/following{/other_user}","gists_url":"https://api.github.com/users/mergifyio-testing/gists{/gist_id}","starred_url":"https://api.github.com/users/mergifyio-testing/starred{/owner}{/repo}","subscriptions_url":"https://api.github.com/users/mergifyio-testing/subscriptions","organizations_url":"https://api.github.com/users/mergifyio-testing/orgs","repos_url":"https://api.github.com/users/mergifyio-testing/repos","events_url":"https://api.github.com/users/mergifyio-testing/events{/privacy}","received_events_url":"https://api.github.com/users/mergifyio-testing/received_events","type":"Organization","site_admin":false},"repo":{"id":635704693,"node_id":"R_kgDOJeQVdQ","name":"functional-testing-repo-Kontrolix","full_name":"mergifyio-testing/functional-testing-repo-Kontrolix","private":false,"owner":{"login":"mergifyio-testing","id":40527191,"node_id":"MDEyOk9yZ2FuaXphdGlvbjQwNTI3MTkx","avatar_url":"https://avatars.githubusercontent.com/u/40527191?v=4","gravatar_id":"","url":"https://api.github.com/users/mergifyio-testing","html_url":"https://github.com/mergifyio-testing","followers_url":"https://api.github.com/users/mergifyio-testing/followers","following_url":"https://api.github.com/users/mergifyio-testing/following{/other_user}","gists_url":"https://api.github.com/users/mergifyio-testing/gists{/gist_id}","starred_url":"https://api.github.com/users/mergifyio-testing/starred{/owner}{/repo}","subscriptions_url":"https://api.github.com/users/mergifyio-testing/subscriptions","organizations_url":"https://api.github.com/users/mergifyio-testing/orgs","repos_url":"https://api.github.com/users/mergifyio-testing/repos","events_url":"https://api.github.com/users/mergifyio-testing/events{/privacy}","received_events_url":"https://api.github.com/users/mergifyio-testing/received_events","type":"Organization","site_admin":false},"html_url":"https://github.com/mergifyio-testing/functional-testing-repo-Kontrolix","description":null,"fork":false,"url":"https://api.github.com/repos/mergifyio-testing/functional-testing-repo-Kontrolix","forks_url":"https://api.github.com/repos/mergifyio-testing/functional-testing-repo-Kontrolix/forks","keys_url":"https://api.github.com/repos/mergifyio-testing/functional-testing-repo-Kontrolix/keys{/key_id}","collaborators_url":"https://api.github.com/repos/mergifyio-testing/functional-testing-repo-Kontrolix/collaborators{/collaborator}","teams_url":"https://api.github.com/repos/mergifyio-testing/functional-testing-repo-Kontrolix/teams","hooks_url":"https://api.github.com/repos/mergifyio-testing/functional-testing-repo-Kontrolix/hooks","issue_events_url":"https://api.github.com/repos/mergifyio-testing/functional-testing-repo-Kontrolix/issues/events{/number}","events_url":"https://api.github.com/repos/mergifyio-testing/functional-testing-repo-Kontrolix/events","assignees_url":"https://api.github.com/repos/mergifyio-testing/functional-testing-repo-Kontrolix/assignees{/user}","branches_url":"https://api.github.com/repos/mergifyio-testing/functional-testing-repo-Kontrolix/branches{/branch}","tags_url":"https://api.github.com/repos/mergifyio-testing/functional-testing-repo-Kontrolix/tags","blobs_url":"https://api.github.com/repos/mergifyio-testing/functional-testing-repo-Kontrolix/git/blobs{/sha}","git_tags_url":"https://api.github.com/repos/mergifyio-testing/functional-testing-repo-Kontrolix/git/tags{/sha}","git_refs_url":"https://api.github.com/repos/mergifyio-testing/functional-testing-repo-Kontrolix/git/refs{/sha}","trees_url":"https://api.github.com/repos/mergifyio-testing/functional-testing-repo-Kontrolix/git/trees{/sha}","statuses_url":"https://api.github.com/repos/mergifyio-testing/functional-testing-repo-Kontrolix/statuses/{sha}","languages_url":"https://api.github.com/repos/mergifyio-testing/functional-testing-repo-Kontrolix/languages","stargazers_url":"https://api.github.com/repos/mergifyio-testing/functional-testing-repo-Kontrolix/stargazers","contributors_url":"https://api.github.com/repos/mergifyio-testing/functional-testing-repo-Kontrolix/contributors","subscribers_url":"https://api.github.com/repos/mergifyio-testing/functional-testing-repo-Kontrolix/subscribers","subscription_url":"https://api.github.com/repos/mergifyio-testing/functional-testing-repo-Kontrolix/subscription","commits_url":"https://api.github.com/repos/mergifyio-testing/functional-testing-repo-Kontrolix/commits{/sha}","git_commits_url":"https://api.github.com/repos/mergifyio-testing/functional-testing-repo-Kontrolix/git/commits{/sha}","comments_url":"https://api.github.com/repos/mergifyio-testing/functional-testing-repo-Kontrolix/comments{/number}","issue_comment_url":"https://api.github.com/repos/mergifyio-testing/functional-testing-repo-Kontrolix/issues/comments{/number}","contents_url":"https://api.github.com/repos/mergifyio-testing/functional-testing-repo-Kontrolix/contents/{+path}","compare_url":"https://api.github.com/repos/mergifyio-testing/functional-testing-repo-Kontrolix/compare/{base}...{head}","merges_url":"https://api.github.com/repos/mergifyio-testing/functional-testing-repo-Kontrolix/merges","archive_url":"https://api.github.com/repos/mergifyio-testing/functional-testing-repo-Kontrolix/{archive_format}{/ref}","downloads_url":"https://api.github.com/repos/mergifyio-testing/functional-testing-repo-Kontrolix/downloads","issues_url":"https://api.github.com/repos/mergifyio-testing/functional-testing-repo-Kontrolix/issues{/number}","pulls_url":"https://api.github.com/repos/mergifyio-testing/functional-testing-repo-Kontrolix/pulls{/number}","milestones_url":"https://api.github.com/repos/mergifyio-testing/functional-testing-repo-Kontrolix/milestones{/number}","notifications_url":"https://api.github.com/repos/mergifyio-testing/functional-testing-repo-Kontrolix/notifications{?since,all,participating}","labels_url":"https://api.github.com/repos/mergifyio-testing/functional-testing-repo-Kontrolix/labels{/name}","releases_url":"https://api.github.com/repos/mergifyio-testing/functional-testing-repo-Kontrolix/releases{/id}","deployments_url":"https://api.github.com/repos/mergifyio-testing/functional-testing-repo-Kontrolix/deployments","created_at":"2023-05-03T09:24:21Z","updated_at":"2023-05-03T09:24:22Z","pushed_at":"2023-05-24T10:43:47Z","git_url":"git://github.com/mergifyio-testing/functional-testing-repo-Kontrolix.git","ssh_url":"git@github.com:mergifyio-testing/functional-testing-repo-Kontrolix.git","clone_url":"https://github.com/mergifyio-testing/functional-testing-repo-Kontrolix.git","svn_url":"https://github.com/mergifyio-testing/functional-testing-repo-Kontrolix","homepage":null,"size":65,"stargazers_count":0,"watchers_count":0,"language":null,"has_issues":true,"has_projects":true,"has_downloads":true,"has_wiki":true,"has_pages":false,"has_discussions":false,"forks_count":1,"mirror_url":null,"archived":false,"disabled":false,"open_issues_count":13,"license":null,"allow_forking":true,"is_template":false,"web_commit_signoff_required":false,"topics":[],"visibility":"public","forks":1,"open_issues":13,"watchers":0,"default_branch":"main"}},"_links":{"self":{"href":"https://api.github.com/repos/mergifyio-testing/functional-testing-repo-Kontrolix/pulls/710"},"html":{"href":"https://github.com/mergifyio-testing/functional-testing-repo-Kontrolix/pull/710"},"issue":{"href":"https://api.github.com/repos/mergifyio-testing/functional-testing-repo-Kontrolix/issues/710"},"comments":{"href":"https://api.github.com/repos/mergifyio-testing/functional-testing-repo-Kontrolix/issues/710/comments"},"review_comments":{"href":"https://api.github.com/repos/mergifyio-testing/functional-testing-repo-Kontrolix/pulls/710/comments"},"review_comment":{"href":"https://api.github.com/repos/mergifyio-testing/functional-testing-repo-Kontrolix/pulls/comments{/number}"},"commits":{"href":"https://api.github.com/repos/mergifyio-testing/functional-testing-repo-Kontrolix/pulls/710/commits"},"statuses":{"href":"https://api.github.com/repos/mergifyio-testing/functional-testing-repo-Kontrolix/statuses/042a697a2f8ac99298c54aaf81ee14234e09cdf6"}},"author_association":"NONE","auto_merge":null,"active_lock_reason":null,"merged":false,"mergeable":null,"rebaseable":null,"mergeable_state":"unknown","merged_by":null,"comments":0,"review_comments":0,"maintainer_can_modify":false,"commits":1,"additions":0,"deletions":0,"changed_files":1}'
    headers:
      Content-Length:
      - '19604'
      Content-Type:
      - application/json; charset=utf-8
      Location:
      - https://api.github.com/repos/mergifyio-testing/functional-testing-repo-Kontrolix/pulls/710
      X-GitHub-Media-Type:
      - github.v3; param=machine-man-preview; format=json
      x-github-api-version-selected:
      - '2022-11-28'
    http_version: HTTP/1.1
    status_code: 201
- request:
    body: whatdataisthat
    headers:
      X-Hub-Signature:
      - <SIGNATURE>
      accept:
      - '*/*'
      content-length:
      - '14'
      host:
      - test-forwarder.mergify.io
    method: GET
    uri: https://test-forwarder.mergify.io/events/github.com/327815/635704693/20230524104316-test_required_status_checks_strict_incompatibility_with_batch_size?counter=10
  response:
    content: '[{"id":"df046210-fa1f-11ed-9a0e-eccded465588","type":"pull_request","payload":{"action":"opened","number":710,"pull_request":{"url":"https://api.github.com/repos/mergifyio-testing/functional-testing-repo-Kontrolix/pulls/710","id":1362850466,"node_id":"PR_kwDOJeQVdc5RO3Ki","html_url":"https://github.com/mergifyio-testing/functional-testing-repo-Kontrolix/pull/710","diff_url":"https://github.com/mergifyio-testing/functional-testing-repo-Kontrolix/pull/710.diff","patch_url":"https://github.com/mergifyio-testing/functional-testing-repo-Kontrolix/pull/710.patch","issue_url":"https://api.github.com/repos/mergifyio-testing/functional-testing-repo-Kontrolix/issues/710","number":710,"state":"open","locked":false,"title":"test_required_status_checks_strict_incompatibility_with_batch_size:
      pull request n1 from integration","user":{"login":"mergify-kontrolix[bot]","id":132445501,"node_id":"BOT_kgDOB-T1PQ","avatar_url":"https://avatars.githubusercontent.com/u/40527191?v=4","gravatar_id":"","url":"https://api.github.com/users/mergify-kontrolix%5Bbot%5D","html_url":"https://github.com/apps/mergify-kontrolix","followers_url":"https://api.github.com/users/mergify-kontrolix%5Bbot%5D/followers","following_url":"https://api.github.com/users/mergify-kontrolix%5Bbot%5D/following{/other_user}","gists_url":"https://api.github.com/users/mergify-kontrolix%5Bbot%5D/gists{/gist_id}","starred_url":"https://api.github.com/users/mergify-kontrolix%5Bbot%5D/starred{/owner}{/repo}","subscriptions_url":"https://api.github.com/users/mergify-kontrolix%5Bbot%5D/subscriptions","organizations_url":"https://api.github.com/users/mergify-kontrolix%5Bbot%5D/orgs","repos_url":"https://api.github.com/users/mergify-kontrolix%5Bbot%5D/repos","events_url":"https://api.github.com/users/mergify-kontrolix%5Bbot%5D/events{/privacy}","received_events_url":"https://api.github.com/users/mergify-kontrolix%5Bbot%5D/received_events","type":"Bot","site_admin":false},"body":"test_required_status_checks_strict_incompatibility_with_batch_size:
      pull request n1 from integration","created_at":"2023-05-24T10:43:50Z","updated_at":"2023-05-24T10:43:50Z","closed_at":null,"merged_at":null,"merge_commit_sha":null,"assignee":null,"assignees":[],"requested_reviewers":[],"requested_teams":[],"labels":[],"milestone":null,"draft":false,"commits_url":"https://api.github.com/repos/mergifyio-testing/functional-testing-repo-Kontrolix/pulls/710/commits","review_comments_url":"https://api.github.com/repos/mergifyio-testing/functional-testing-repo-Kontrolix/pulls/710/comments","review_comment_url":"https://api.github.com/repos/mergifyio-testing/functional-testing-repo-Kontrolix/pulls/comments{/number}","comments_url":"https://api.github.com/repos/mergifyio-testing/functional-testing-repo-Kontrolix/issues/710/comments","statuses_url":"https://api.github.com/repos/mergifyio-testing/functional-testing-repo-Kontrolix/statuses/042a697a2f8ac99298c54aaf81ee14234e09cdf6","head":{"label":"mergifyio-testing:20230524104316/test_required_status_checks_strict_incompatibility_with_batch_size/integration/pr1","ref":"20230524104316/test_required_status_checks_strict_incompatibility_with_batch_size/integration/pr1","sha":"042a697a2f8ac99298c54aaf81ee14234e09cdf6","user":{"login":"mergifyio-testing","id":40527191,"node_id":"MDEyOk9yZ2FuaXphdGlvbjQwNTI3MTkx","avatar_url":"https://avatars.githubusercontent.com/u/40527191?v=4","gravatar_id":"","url":"https://api.github.com/users/mergifyio-testing","html_url":"https://github.com/mergifyio-testing","followers_url":"https://api.github.com/users/mergifyio-testing/followers","following_url":"https://api.github.com/users/mergifyio-testing/following{/other_user}","gists_url":"https://api.github.com/users/mergifyio-testing/gists{/gist_id}","starred_url":"https://api.github.com/users/mergifyio-testing/starred{/owner}{/repo}","subscriptions_url":"https://api.github.com/users/mergifyio-testing/subscriptions","organizations_url":"https://api.github.com/users/mergifyio-testing/orgs","repos_url":"https://api.github.com/users/mergifyio-testing/repos","events_url":"https://api.github.com/users/mergifyio-testing/events{/privacy}","received_events_url":"https://api.github.com/users/mergifyio-testing/received_events","type":"Organization","site_admin":false},"repo":{"id":635704693,"node_id":"R_kgDOJeQVdQ","name":"functional-testing-repo-Kontrolix","full_name":"mergifyio-testing/functional-testing-repo-Kontrolix","private":false,"owner":{"login":"mergifyio-testing","id":40527191,"node_id":"MDEyOk9yZ2FuaXphdGlvbjQwNTI3MTkx","avatar_url":"https://avatars.githubusercontent.com/u/40527191?v=4","gravatar_id":"","url":"https://api.github.com/users/mergifyio-testing","html_url":"https://github.com/mergifyio-testing","followers_url":"https://api.github.com/users/mergifyio-testing/followers","following_url":"https://api.github.com/users/mergifyio-testing/following{/other_user}","gists_url":"https://api.github.com/users/mergifyio-testing/gists{/gist_id}","starred_url":"https://api.github.com/users/mergifyio-testing/starred{/owner}{/repo}","subscriptions_url":"https://api.github.com/users/mergifyio-testing/subscriptions","organizations_url":"https://api.github.com/users/mergifyio-testing/orgs","repos_url":"https://api.github.com/users/mergifyio-testing/repos","events_url":"https://api.github.com/users/mergifyio-testing/events{/privacy}","received_events_url":"https://api.github.com/users/mergifyio-testing/received_events","type":"Organization","site_admin":false},"html_url":"https://github.com/mergifyio-testing/functional-testing-repo-Kontrolix","description":null,"fork":false,"url":"https://api.github.com/repos/mergifyio-testing/functional-testing-repo-Kontrolix","forks_url":"https://api.github.com/repos/mergifyio-testing/functional-testing-repo-Kontrolix/forks","keys_url":"https://api.github.com/repos/mergifyio-testing/functional-testing-repo-Kontrolix/keys{/key_id}","collaborators_url":"https://api.github.com/repos/mergifyio-testing/functional-testing-repo-Kontrolix/collaborators{/collaborator}","teams_url":"https://api.github.com/repos/mergifyio-testing/functional-testing-repo-Kontrolix/teams","hooks_url":"https://api.github.com/repos/mergifyio-testing/functional-testing-repo-Kontrolix/hooks","issue_events_url":"https://api.github.com/repos/mergifyio-testing/functional-testing-repo-Kontrolix/issues/events{/number}","events_url":"https://api.github.com/repos/mergifyio-testing/functional-testing-repo-Kontrolix/events","assignees_url":"https://api.github.com/repos/mergifyio-testing/functional-testing-repo-Kontrolix/assignees{/user}","branches_url":"https://api.github.com/repos/mergifyio-testing/functional-testing-repo-Kontrolix/branches{/branch}","tags_url":"https://api.github.com/repos/mergifyio-testing/functional-testing-repo-Kontrolix/tags","blobs_url":"https://api.github.com/repos/mergifyio-testing/functional-testing-repo-Kontrolix/git/blobs{/sha}","git_tags_url":"https://api.github.com/repos/mergifyio-testing/functional-testing-repo-Kontrolix/git/tags{/sha}","git_refs_url":"https://api.github.com/repos/mergifyio-testing/functional-testing-repo-Kontrolix/git/refs{/sha}","trees_url":"https://api.github.com/repos/mergifyio-testing/functional-testing-repo-Kontrolix/git/trees{/sha}","statuses_url":"https://api.github.com/repos/mergifyio-testing/functional-testing-repo-Kontrolix/statuses/{sha}","languages_url":"https://api.github.com/repos/mergifyio-testing/functional-testing-repo-Kontrolix/languages","stargazers_url":"https://api.github.com/repos/mergifyio-testing/functional-testing-repo-Kontrolix/stargazers","contributors_url":"https://api.github.com/repos/mergifyio-testing/functional-testing-repo-Kontrolix/contributors","subscribers_url":"https://api.github.com/repos/mergifyio-testing/functional-testing-repo-Kontrolix/subscribers","subscription_url":"https://api.github.com/repos/mergifyio-testing/functional-testing-repo-Kontrolix/subscription","commits_url":"https://api.github.com/repos/mergifyio-testing/functional-testing-repo-Kontrolix/commits{/sha}","git_commits_url":"https://api.github.com/repos/mergifyio-testing/functional-testing-repo-Kontrolix/git/commits{/sha}","comments_url":"https://api.github.com/repos/mergifyio-testing/functional-testing-repo-Kontrolix/comments{/number}","issue_comment_url":"https://api.github.com/repos/mergifyio-testing/functional-testing-repo-Kontrolix/issues/comments{/number}","contents_url":"https://api.github.com/repos/mergifyio-testing/functional-testing-repo-Kontrolix/contents/{+path}","compare_url":"https://api.github.com/repos/mergifyio-testing/functional-testing-repo-Kontrolix/compare/{base}...{head}","merges_url":"https://api.github.com/repos/mergifyio-testing/functional-testing-repo-Kontrolix/merges","archive_url":"https://api.github.com/repos/mergifyio-testing/functional-testing-repo-Kontrolix/{archive_format}{/ref}","downloads_url":"https://api.github.com/repos/mergifyio-testing/functional-testing-repo-Kontrolix/downloads","issues_url":"https://api.github.com/repos/mergifyio-testing/functional-testing-repo-Kontrolix/issues{/number}","pulls_url":"https://api.github.com/repos/mergifyio-testing/functional-testing-repo-Kontrolix/pulls{/number}","milestones_url":"https://api.github.com/repos/mergifyio-testing/functional-testing-repo-Kontrolix/milestones{/number}","notifications_url":"https://api.github.com/repos/mergifyio-testing/functional-testing-repo-Kontrolix/notifications{?since,all,participating}","labels_url":"https://api.github.com/repos/mergifyio-testing/functional-testing-repo-Kontrolix/labels{/name}","releases_url":"https://api.github.com/repos/mergifyio-testing/functional-testing-repo-Kontrolix/releases{/id}","deployments_url":"https://api.github.com/repos/mergifyio-testing/functional-testing-repo-Kontrolix/deployments","created_at":"2023-05-03T09:24:21Z","updated_at":"2023-05-03T09:24:22Z","pushed_at":"2023-05-24T10:43:51Z","git_url":"git://github.com/mergifyio-testing/functional-testing-repo-Kontrolix.git","ssh_url":"git@github.com:mergifyio-testing/functional-testing-repo-Kontrolix.git","clone_url":"https://github.com/mergifyio-testing/functional-testing-repo-Kontrolix.git","svn_url":"https://github.com/mergifyio-testing/functional-testing-repo-Kontrolix","homepage":null,"size":65,"stargazers_count":0,"watchers_count":0,"language":null,"has_issues":true,"has_projects":true,"has_downloads":true,"has_wiki":true,"has_pages":false,"has_discussions":false,"forks_count":1,"mirror_url":null,"archived":false,"disabled":false,"open_issues_count":13,"license":null,"allow_forking":true,"is_template":false,"web_commit_signoff_required":false,"topics":[],"visibility":"public","forks":1,"open_issues":13,"watchers":0,"default_branch":"main","allow_squash_merge":true,"allow_merge_commit":true,"allow_rebase_merge":true,"allow_auto_merge":false,"delete_branch_on_merge":false,"allow_update_branch":false,"use_squash_pr_title_as_default":false,"squash_merge_commit_message":"COMMIT_MESSAGES","squash_merge_commit_title":"COMMIT_OR_PR_TITLE","merge_commit_message":"PR_TITLE","merge_commit_title":"MERGE_MESSAGE"}},"base":{"label":"mergifyio-testing:20230524104316/test_required_status_checks_strict_incompatibility_with_batch_size/main","ref":"20230524104316/test_required_status_checks_strict_incompatibility_with_batch_size/main","sha":"ed3d919b2eb3d7b5d5466da04584371ff4e8e2c2","user":{"login":"mergifyio-testing","id":40527191,"node_id":"MDEyOk9yZ2FuaXphdGlvbjQwNTI3MTkx","avatar_url":"https://avatars.githubusercontent.com/u/40527191?v=4","gravatar_id":"","url":"https://api.github.com/users/mergifyio-testing","html_url":"https://github.com/mergifyio-testing","followers_url":"https://api.github.com/users/mergifyio-testing/followers","following_url":"https://api.github.com/users/mergifyio-testing/following{/other_user}","gists_url":"https://api.github.com/users/mergifyio-testing/gists{/gist_id}","starred_url":"https://api.github.com/users/mergifyio-testing/starred{/owner}{/repo}","subscriptions_url":"https://api.github.com/users/mergifyio-testing/subscriptions","organizations_url":"https://api.github.com/users/mergifyio-testing/orgs","repos_url":"https://api.github.com/users/mergifyio-testing/repos","events_url":"https://api.github.com/users/mergifyio-testing/events{/privacy}","received_events_url":"https://api.github.com/users/mergifyio-testing/received_events","type":"Organization","site_admin":false},"repo":{"id":635704693,"node_id":"R_kgDOJeQVdQ","name":"functional-testing-repo-Kontrolix","full_name":"mergifyio-testing/functional-testing-repo-Kontrolix","private":false,"owner":{"login":"mergifyio-testing","id":40527191,"node_id":"MDEyOk9yZ2FuaXphdGlvbjQwNTI3MTkx","avatar_url":"https://avatars.githubusercontent.com/u/40527191?v=4","gravatar_id":"","url":"https://api.github.com/users/mergifyio-testing","html_url":"https://github.com/mergifyio-testing","followers_url":"https://api.github.com/users/mergifyio-testing/followers","following_url":"https://api.github.com/users/mergifyio-testing/following{/other_user}","gists_url":"https://api.github.com/users/mergifyio-testing/gists{/gist_id}","starred_url":"https://api.github.com/users/mergifyio-testing/starred{/owner}{/repo}","subscriptions_url":"https://api.github.com/users/mergifyio-testing/subscriptions","organizations_url":"https://api.github.com/users/mergifyio-testing/orgs","repos_url":"https://api.github.com/users/mergifyio-testing/repos","events_url":"https://api.github.com/users/mergifyio-testing/events{/privacy}","received_events_url":"https://api.github.com/users/mergifyio-testing/received_events","type":"Organization","site_admin":false},"html_url":"https://github.com/mergifyio-testing/functional-testing-repo-Kontrolix","description":null,"fork":false,"url":"https://api.github.com/repos/mergifyio-testing/functional-testing-repo-Kontrolix","forks_url":"https://api.github.com/repos/mergifyio-testing/functional-testing-repo-Kontrolix/forks","keys_url":"https://api.github.com/repos/mergifyio-testing/functional-testing-repo-Kontrolix/keys{/key_id}","collaborators_url":"https://api.github.com/repos/mergifyio-testing/functional-testing-repo-Kontrolix/collaborators{/collaborator}","teams_url":"https://api.github.com/repos/mergifyio-testing/functional-testing-repo-Kontrolix/teams","hooks_url":"https://api.github.com/repos/mergifyio-testing/functional-testing-repo-Kontrolix/hooks","issue_events_url":"https://api.github.com/repos/mergifyio-testing/functional-testing-repo-Kontrolix/issues/events{/number}","events_url":"https://api.github.com/repos/mergifyio-testing/functional-testing-repo-Kontrolix/events","assignees_url":"https://api.github.com/repos/mergifyio-testing/functional-testing-repo-Kontrolix/assignees{/user}","branches_url":"https://api.github.com/repos/mergifyio-testing/functional-testing-repo-Kontrolix/branches{/branch}","tags_url":"https://api.github.com/repos/mergifyio-testing/functional-testing-repo-Kontrolix/tags","blobs_url":"https://api.github.com/repos/mergifyio-testing/functional-testing-repo-Kontrolix/git/blobs{/sha}","git_tags_url":"https://api.github.com/repos/mergifyio-testing/functional-testing-repo-Kontrolix/git/tags{/sha}","git_refs_url":"https://api.github.com/repos/mergifyio-testing/functional-testing-repo-Kontrolix/git/refs{/sha}","trees_url":"https://api.github.com/repos/mergifyio-testing/functional-testing-repo-Kontrolix/git/trees{/sha}","statuses_url":"https://api.github.com/repos/mergifyio-testing/functional-testing-repo-Kontrolix/statuses/{sha}","languages_url":"https://api.github.com/repos/mergifyio-testing/functional-testing-repo-Kontrolix/languages","stargazers_url":"https://api.github.com/repos/mergifyio-testing/functional-testing-repo-Kontrolix/stargazers","contributors_url":"https://api.github.com/repos/mergifyio-testing/functional-testing-repo-Kontrolix/contributors","subscribers_url":"https://api.github.com/repos/mergifyio-testing/functional-testing-repo-Kontrolix/subscribers","subscription_url":"https://api.github.com/repos/mergifyio-testing/functional-testing-repo-Kontrolix/subscription","commits_url":"https://api.github.com/repos/mergifyio-testing/functional-testing-repo-Kontrolix/commits{/sha}","git_commits_url":"https://api.github.com/repos/mergifyio-testing/functional-testing-repo-Kontrolix/git/commits{/sha}","comments_url":"https://api.github.com/repos/mergifyio-testing/functional-testing-repo-Kontrolix/comments{/number}","issue_comment_url":"https://api.github.com/repos/mergifyio-testing/functional-testing-repo-Kontrolix/issues/comments{/number}","contents_url":"https://api.github.com/repos/mergifyio-testing/functional-testing-repo-Kontrolix/contents/{+path}","compare_url":"https://api.github.com/repos/mergifyio-testing/functional-testing-repo-Kontrolix/compare/{base}...{head}","merges_url":"https://api.github.com/repos/mergifyio-testing/functional-testing-repo-Kontrolix/merges","archive_url":"https://api.github.com/repos/mergifyio-testing/functional-testing-repo-Kontrolix/{archive_format}{/ref}","downloads_url":"https://api.github.com/repos/mergifyio-testing/functional-testing-repo-Kontrolix/downloads","issues_url":"https://api.github.com/repos/mergifyio-testing/functional-testing-repo-Kontrolix/issues{/number}","pulls_url":"https://api.github.com/repos/mergifyio-testing/functional-testing-repo-Kontrolix/pulls{/number}","milestones_url":"https://api.github.com/repos/mergifyio-testing/functional-testing-repo-Kontrolix/milestones{/number}","notifications_url":"https://api.github.com/repos/mergifyio-testing/functional-testing-repo-Kontrolix/notifications{?since,all,participating}","labels_url":"https://api.github.com/repos/mergifyio-testing/functional-testing-repo-Kontrolix/labels{/name}","releases_url":"https://api.github.com/repos/mergifyio-testing/functional-testing-repo-Kontrolix/releases{/id}","deployments_url":"https://api.github.com/repos/mergifyio-testing/functional-testing-repo-Kontrolix/deployments","created_at":"2023-05-03T09:24:21Z","updated_at":"2023-05-03T09:24:22Z","pushed_at":"2023-05-24T10:43:51Z","git_url":"git://github.com/mergifyio-testing/functional-testing-repo-Kontrolix.git","ssh_url":"git@github.com:mergifyio-testing/functional-testing-repo-Kontrolix.git","clone_url":"https://github.com/mergifyio-testing/functional-testing-repo-Kontrolix.git","svn_url":"https://github.com/mergifyio-testing/functional-testing-repo-Kontrolix","homepage":null,"size":65,"stargazers_count":0,"watchers_count":0,"language":null,"has_issues":true,"has_projects":true,"has_downloads":true,"has_wiki":true,"has_pages":false,"has_discussions":false,"forks_count":1,"mirror_url":null,"archived":false,"disabled":false,"open_issues_count":13,"license":null,"allow_forking":true,"is_template":false,"web_commit_signoff_required":false,"topics":[],"visibility":"public","forks":1,"open_issues":13,"watchers":0,"default_branch":"main","allow_squash_merge":true,"allow_merge_commit":true,"allow_rebase_merge":true,"allow_auto_merge":false,"delete_branch_on_merge":false,"allow_update_branch":false,"use_squash_pr_title_as_default":false,"squash_merge_commit_message":"COMMIT_MESSAGES","squash_merge_commit_title":"COMMIT_OR_PR_TITLE","merge_commit_message":"PR_TITLE","merge_commit_title":"MERGE_MESSAGE"}},"_links":{"self":{"href":"https://api.github.com/repos/mergifyio-testing/functional-testing-repo-Kontrolix/pulls/710"},"html":{"href":"https://github.com/mergifyio-testing/functional-testing-repo-Kontrolix/pull/710"},"issue":{"href":"https://api.github.com/repos/mergifyio-testing/functional-testing-repo-Kontrolix/issues/710"},"comments":{"href":"https://api.github.com/repos/mergifyio-testing/functional-testing-repo-Kontrolix/issues/710/comments"},"review_comments":{"href":"https://api.github.com/repos/mergifyio-testing/functional-testing-repo-Kontrolix/pulls/710/comments"},"review_comment":{"href":"https://api.github.com/repos/mergifyio-testing/functional-testing-repo-Kontrolix/pulls/comments{/number}"},"commits":{"href":"https://api.github.com/repos/mergifyio-testing/functional-testing-repo-Kontrolix/pulls/710/commits"},"statuses":{"href":"https://api.github.com/repos/mergifyio-testing/functional-testing-repo-Kontrolix/statuses/042a697a2f8ac99298c54aaf81ee14234e09cdf6"}},"author_association":"NONE","auto_merge":null,"active_lock_reason":null,"merged":false,"mergeable":null,"rebaseable":null,"mergeable_state":"unknown","merged_by":null,"comments":0,"review_comments":0,"maintainer_can_modify":false,"commits":1,"additions":0,"deletions":0,"changed_files":1},"repository":{"id":635704693,"node_id":"R_kgDOJeQVdQ","name":"functional-testing-repo-Kontrolix","full_name":"mergifyio-testing/functional-testing-repo-Kontrolix","private":false,"owner":{"login":"mergifyio-testing","id":40527191,"node_id":"MDEyOk9yZ2FuaXphdGlvbjQwNTI3MTkx","avatar_url":"https://avatars.githubusercontent.com/u/40527191?v=4","gravatar_id":"","url":"https://api.github.com/users/mergifyio-testing","html_url":"https://github.com/mergifyio-testing","followers_url":"https://api.github.com/users/mergifyio-testing/followers","following_url":"https://api.github.com/users/mergifyio-testing/following{/other_user}","gists_url":"https://api.github.com/users/mergifyio-testing/gists{/gist_id}","starred_url":"https://api.github.com/users/mergifyio-testing/starred{/owner}{/repo}","subscriptions_url":"https://api.github.com/users/mergifyio-testing/subscriptions","organizations_url":"https://api.github.com/users/mergifyio-testing/orgs","repos_url":"https://api.github.com/users/mergifyio-testing/repos","events_url":"https://api.github.com/users/mergifyio-testing/events{/privacy}","received_events_url":"https://api.github.com/users/mergifyio-testing/received_events","type":"Organization","site_admin":false},"html_url":"https://github.com/mergifyio-testing/functional-testing-repo-Kontrolix","description":null,"fork":false,"url":"https://api.github.com/repos/mergifyio-testing/functional-testing-repo-Kontrolix","forks_url":"https://api.github.com/repos/mergifyio-testing/functional-testing-repo-Kontrolix/forks","keys_url":"https://api.github.com/repos/mergifyio-testing/functional-testing-repo-Kontrolix/keys{/key_id}","collaborators_url":"https://api.github.com/repos/mergifyio-testing/functional-testing-repo-Kontrolix/collaborators{/collaborator}","teams_url":"https://api.github.com/repos/mergifyio-testing/functional-testing-repo-Kontrolix/teams","hooks_url":"https://api.github.com/repos/mergifyio-testing/functional-testing-repo-Kontrolix/hooks","issue_events_url":"https://api.github.com/repos/mergifyio-testing/functional-testing-repo-Kontrolix/issues/events{/number}","events_url":"https://api.github.com/repos/mergifyio-testing/functional-testing-repo-Kontrolix/events","assignees_url":"https://api.github.com/repos/mergifyio-testing/functional-testing-repo-Kontrolix/assignees{/user}","branches_url":"https://api.github.com/repos/mergifyio-testing/functional-testing-repo-Kontrolix/branches{/branch}","tags_url":"https://api.github.com/repos/mergifyio-testing/functional-testing-repo-Kontrolix/tags","blobs_url":"https://api.github.com/repos/mergifyio-testing/functional-testing-repo-Kontrolix/git/blobs{/sha}","git_tags_url":"https://api.github.com/repos/mergifyio-testing/functional-testing-repo-Kontrolix/git/tags{/sha}","git_refs_url":"https://api.github.com/repos/mergifyio-testing/functional-testing-repo-Kontrolix/git/refs{/sha}","trees_url":"https://api.github.com/repos/mergifyio-testing/functional-testing-repo-Kontrolix/git/trees{/sha}","statuses_url":"https://api.github.com/repos/mergifyio-testing/functional-testing-repo-Kontrolix/statuses/{sha}","languages_url":"https://api.github.com/repos/mergifyio-testing/functional-testing-repo-Kontrolix/languages","stargazers_url":"https://api.github.com/repos/mergifyio-testing/functional-testing-repo-Kontrolix/stargazers","contributors_url":"https://api.github.com/repos/mergifyio-testing/functional-testing-repo-Kontrolix/contributors","subscribers_url":"https://api.github.com/repos/mergifyio-testing/functional-testing-repo-Kontrolix/subscribers","subscription_url":"https://api.github.com/repos/mergifyio-testing/functional-testing-repo-Kontrolix/subscription","commits_url":"https://api.github.com/repos/mergifyio-testing/functional-testing-repo-Kontrolix/commits{/sha}","git_commits_url":"https://api.github.com/repos/mergifyio-testing/functional-testing-repo-Kontrolix/git/commits{/sha}","comments_url":"https://api.github.com/repos/mergifyio-testing/functional-testing-repo-Kontrolix/comments{/number}","issue_comment_url":"https://api.github.com/repos/mergifyio-testing/functional-testing-repo-Kontrolix/issues/comments{/number}","contents_url":"https://api.github.com/repos/mergifyio-testing/functional-testing-repo-Kontrolix/contents/{+path}","compare_url":"https://api.github.com/repos/mergifyio-testing/functional-testing-repo-Kontrolix/compare/{base}...{head}","merges_url":"https://api.github.com/repos/mergifyio-testing/functional-testing-repo-Kontrolix/merges","archive_url":"https://api.github.com/repos/mergifyio-testing/functional-testing-repo-Kontrolix/{archive_format}{/ref}","downloads_url":"https://api.github.com/repos/mergifyio-testing/functional-testing-repo-Kontrolix/downloads","issues_url":"https://api.github.com/repos/mergifyio-testing/functional-testing-repo-Kontrolix/issues{/number}","pulls_url":"https://api.github.com/repos/mergifyio-testing/functional-testing-repo-Kontrolix/pulls{/number}","milestones_url":"https://api.github.com/repos/mergifyio-testing/functional-testing-repo-Kontrolix/milestones{/number}","notifications_url":"https://api.github.com/repos/mergifyio-testing/functional-testing-repo-Kontrolix/notifications{?since,all,participating}","labels_url":"https://api.github.com/repos/mergifyio-testing/functional-testing-repo-Kontrolix/labels{/name}","releases_url":"https://api.github.com/repos/mergifyio-testing/functional-testing-repo-Kontrolix/releases{/id}","deployments_url":"https://api.github.com/repos/mergifyio-testing/functional-testing-repo-Kontrolix/deployments","created_at":"2023-05-03T09:24:21Z","updated_at":"2023-05-03T09:24:22Z","pushed_at":"2023-05-24T10:43:51Z","git_url":"git://github.com/mergifyio-testing/functional-testing-repo-Kontrolix.git","ssh_url":"git@github.com:mergifyio-testing/functional-testing-repo-Kontrolix.git","clone_url":"https://github.com/mergifyio-testing/functional-testing-repo-Kontrolix.git","svn_url":"https://github.com/mergifyio-testing/functional-testing-repo-Kontrolix","homepage":null,"size":65,"stargazers_count":0,"watchers_count":0,"language":null,"has_issues":true,"has_projects":true,"has_downloads":true,"has_wiki":true,"has_pages":false,"has_discussions":false,"forks_count":1,"mirror_url":null,"archived":false,"disabled":false,"open_issues_count":13,"license":null,"allow_forking":true,"is_template":false,"web_commit_signoff_required":false,"topics":[],"visibility":"public","forks":1,"open_issues":13,"watchers":0,"default_branch":"main"},"organization":{"login":"mergifyio-testing","id":40527191,"node_id":"MDEyOk9yZ2FuaXphdGlvbjQwNTI3MTkx","url":"https://api.github.com/orgs/mergifyio-testing","repos_url":"https://api.github.com/orgs/mergifyio-testing/repos","events_url":"https://api.github.com/orgs/mergifyio-testing/events","hooks_url":"https://api.github.com/orgs/mergifyio-testing/hooks","issues_url":"https://api.github.com/orgs/mergifyio-testing/issues","members_url":"https://api.github.com/orgs/mergifyio-testing/members{/member}","public_members_url":"https://api.github.com/orgs/mergifyio-testing/public_members{/member}","avatar_url":"https://avatars.githubusercontent.com/u/40527191?v=4","description":"This
      account is for testing purpose of the workflow of the GitHub App @Mergifyio"},"sender":{"login":"mergify-kontrolix[bot]","id":132445501,"node_id":"BOT_kgDOB-T1PQ","avatar_url":"https://avatars.githubusercontent.com/u/40527191?v=4","gravatar_id":"","url":"https://api.github.com/users/mergify-kontrolix%5Bbot%5D","html_url":"https://github.com/apps/mergify-kontrolix","followers_url":"https://api.github.com/users/mergify-kontrolix%5Bbot%5D/followers","following_url":"https://api.github.com/users/mergify-kontrolix%5Bbot%5D/following{/other_user}","gists_url":"https://api.github.com/users/mergify-kontrolix%5Bbot%5D/gists{/gist_id}","starred_url":"https://api.github.com/users/mergify-kontrolix%5Bbot%5D/starred{/owner}{/repo}","subscriptions_url":"https://api.github.com/users/mergify-kontrolix%5Bbot%5D/subscriptions","organizations_url":"https://api.github.com/users/mergify-kontrolix%5Bbot%5D/orgs","repos_url":"https://api.github.com/users/mergify-kontrolix%5Bbot%5D/repos","events_url":"https://api.github.com/users/mergify-kontrolix%5Bbot%5D/events{/privacy}","received_events_url":"https://api.github.com/users/mergify-kontrolix%5Bbot%5D/received_events","type":"Bot","site_admin":false},"installation":{"id":37100555,"node_id":"MDIzOkludGVncmF0aW9uSW5zdGFsbGF0aW9uMzcxMDA1NTU="}}}]'
    headers:
      Connection:
      - keep-alive
      Content-Length:
      - '28888'
      Content-Type:
      - application/json
    http_version: HTTP/1.1
    status_code: 200
- request:
    body: ''
    headers:
      accept:
      - application/vnd.github.machine-man-preview+json
      host:
      - api.github.com
    method: GET
    uri: https://api.github.com/user/40527191/installation
  response:
    content: '{"id":37100555,"account":{"login":"mergifyio-testing","id":40527191,"node_id":"MDEyOk9yZ2FuaXphdGlvbjQwNTI3MTkx","avatar_url":"https://avatars.githubusercontent.com/u/40527191?v=4","gravatar_id":"","url":"https://api.github.com/users/mergifyio-testing","html_url":"https://github.com/mergifyio-testing","followers_url":"https://api.github.com/users/mergifyio-testing/followers","following_url":"https://api.github.com/users/mergifyio-testing/following{/other_user}","gists_url":"https://api.github.com/users/mergifyio-testing/gists{/gist_id}","starred_url":"https://api.github.com/users/mergifyio-testing/starred{/owner}{/repo}","subscriptions_url":"https://api.github.com/users/mergifyio-testing/subscriptions","organizations_url":"https://api.github.com/users/mergifyio-testing/orgs","repos_url":"https://api.github.com/users/mergifyio-testing/repos","events_url":"https://api.github.com/users/mergifyio-testing/events{/privacy}","received_events_url":"https://api.github.com/users/mergifyio-testing/received_events","type":"Organization","site_admin":false},"repository_selection":"selected","access_tokens_url":"https://api.github.com/app/installations/37100555/access_tokens","repositories_url":"https://api.github.com/installation/repositories","html_url":"https://github.com/organizations/mergifyio-testing/settings/installations/37100555","app_id":327815,"app_slug":"mergify-kontrolix","target_id":40527191,"target_type":"Organization","permissions":{"pages":"write","checks":"write","issues":"write","members":"read","contents":"write","metadata":"read","statuses":"write","workflows":"write","pull_requests":"write","administration":"read"},"events":["check_run","check_suite","issue_comment","member","membership","organization","pull_request","pull_request_review","pull_request_review_comment","pull_request_review_thread","push","repository","status","team","team_add"],"created_at":"2023-05-03T09:24:41.000Z","updated_at":"2023-05-24T09:30:21.000Z","single_file_name":null,"has_multiple_single_files":false,"single_file_paths":[],"suspended_by":null,"suspended_at":null}'
    headers:
      Content-Encoding:
      - gzip
      Content-Type:
      - application/json; charset=utf-8
      Transfer-Encoding:
      - chunked
      X-GitHub-Media-Type:
      - github.v3; param=machine-man-preview; format=json
      x-github-api-version-selected:
      - '2022-11-28'
    http_version: HTTP/1.1
    status_code: 200
- request:
    body: ''
    headers:
      accept:
      - application/vnd.github.machine-man-preview+json
      host:
      - api.github.com
    method: GET
    uri: https://api.github.com/repositories/635704693/pulls/710
  response:
    content: '{"url":"https://api.github.com/repos/mergifyio-testing/functional-testing-repo-Kontrolix/pulls/710","id":1362850466,"node_id":"PR_kwDOJeQVdc5RO3Ki","html_url":"https://github.com/mergifyio-testing/functional-testing-repo-Kontrolix/pull/710","diff_url":"https://github.com/mergifyio-testing/functional-testing-repo-Kontrolix/pull/710.diff","patch_url":"https://github.com/mergifyio-testing/functional-testing-repo-Kontrolix/pull/710.patch","issue_url":"https://api.github.com/repos/mergifyio-testing/functional-testing-repo-Kontrolix/issues/710","number":710,"state":"open","locked":false,"title":"test_required_status_checks_strict_incompatibility_with_batch_size:
      pull request n1 from integration","user":{"login":"mergify-kontrolix[bot]","id":132445501,"node_id":"BOT_kgDOB-T1PQ","avatar_url":"https://avatars.githubusercontent.com/u/40527191?v=4","gravatar_id":"","url":"https://api.github.com/users/mergify-kontrolix%5Bbot%5D","html_url":"https://github.com/apps/mergify-kontrolix","followers_url":"https://api.github.com/users/mergify-kontrolix%5Bbot%5D/followers","following_url":"https://api.github.com/users/mergify-kontrolix%5Bbot%5D/following{/other_user}","gists_url":"https://api.github.com/users/mergify-kontrolix%5Bbot%5D/gists{/gist_id}","starred_url":"https://api.github.com/users/mergify-kontrolix%5Bbot%5D/starred{/owner}{/repo}","subscriptions_url":"https://api.github.com/users/mergify-kontrolix%5Bbot%5D/subscriptions","organizations_url":"https://api.github.com/users/mergify-kontrolix%5Bbot%5D/orgs","repos_url":"https://api.github.com/users/mergify-kontrolix%5Bbot%5D/repos","events_url":"https://api.github.com/users/mergify-kontrolix%5Bbot%5D/events{/privacy}","received_events_url":"https://api.github.com/users/mergify-kontrolix%5Bbot%5D/received_events","type":"Bot","site_admin":false},"body":"test_required_status_checks_strict_incompatibility_with_batch_size:
      pull request n1 from integration","created_at":"2023-05-24T10:43:50Z","updated_at":"2023-05-24T10:43:50Z","closed_at":null,"merged_at":null,"merge_commit_sha":"4b432db4885d241fc809920815da0982ca30de71","assignee":null,"assignees":[],"requested_reviewers":[],"requested_teams":[],"labels":[],"milestone":null,"draft":false,"commits_url":"https://api.github.com/repos/mergifyio-testing/functional-testing-repo-Kontrolix/pulls/710/commits","review_comments_url":"https://api.github.com/repos/mergifyio-testing/functional-testing-repo-Kontrolix/pulls/710/comments","review_comment_url":"https://api.github.com/repos/mergifyio-testing/functional-testing-repo-Kontrolix/pulls/comments{/number}","comments_url":"https://api.github.com/repos/mergifyio-testing/functional-testing-repo-Kontrolix/issues/710/comments","statuses_url":"https://api.github.com/repos/mergifyio-testing/functional-testing-repo-Kontrolix/statuses/042a697a2f8ac99298c54aaf81ee14234e09cdf6","head":{"label":"mergifyio-testing:20230524104316/test_required_status_checks_strict_incompatibility_with_batch_size/integration/pr1","ref":"20230524104316/test_required_status_checks_strict_incompatibility_with_batch_size/integration/pr1","sha":"042a697a2f8ac99298c54aaf81ee14234e09cdf6","user":{"login":"mergifyio-testing","id":40527191,"node_id":"MDEyOk9yZ2FuaXphdGlvbjQwNTI3MTkx","avatar_url":"https://avatars.githubusercontent.com/u/40527191?v=4","gravatar_id":"","url":"https://api.github.com/users/mergifyio-testing","html_url":"https://github.com/mergifyio-testing","followers_url":"https://api.github.com/users/mergifyio-testing/followers","following_url":"https://api.github.com/users/mergifyio-testing/following{/other_user}","gists_url":"https://api.github.com/users/mergifyio-testing/gists{/gist_id}","starred_url":"https://api.github.com/users/mergifyio-testing/starred{/owner}{/repo}","subscriptions_url":"https://api.github.com/users/mergifyio-testing/subscriptions","organizations_url":"https://api.github.com/users/mergifyio-testing/orgs","repos_url":"https://api.github.com/users/mergifyio-testing/repos","events_url":"https://api.github.com/users/mergifyio-testing/events{/privacy}","received_events_url":"https://api.github.com/users/mergifyio-testing/received_events","type":"Organization","site_admin":false},"repo":{"id":635704693,"node_id":"R_kgDOJeQVdQ","name":"functional-testing-repo-Kontrolix","full_name":"mergifyio-testing/functional-testing-repo-Kontrolix","private":false,"owner":{"login":"mergifyio-testing","id":40527191,"node_id":"MDEyOk9yZ2FuaXphdGlvbjQwNTI3MTkx","avatar_url":"https://avatars.githubusercontent.com/u/40527191?v=4","gravatar_id":"","url":"https://api.github.com/users/mergifyio-testing","html_url":"https://github.com/mergifyio-testing","followers_url":"https://api.github.com/users/mergifyio-testing/followers","following_url":"https://api.github.com/users/mergifyio-testing/following{/other_user}","gists_url":"https://api.github.com/users/mergifyio-testing/gists{/gist_id}","starred_url":"https://api.github.com/users/mergifyio-testing/starred{/owner}{/repo}","subscriptions_url":"https://api.github.com/users/mergifyio-testing/subscriptions","organizations_url":"https://api.github.com/users/mergifyio-testing/orgs","repos_url":"https://api.github.com/users/mergifyio-testing/repos","events_url":"https://api.github.com/users/mergifyio-testing/events{/privacy}","received_events_url":"https://api.github.com/users/mergifyio-testing/received_events","type":"Organization","site_admin":false},"html_url":"https://github.com/mergifyio-testing/functional-testing-repo-Kontrolix","description":null,"fork":false,"url":"https://api.github.com/repos/mergifyio-testing/functional-testing-repo-Kontrolix","forks_url":"https://api.github.com/repos/mergifyio-testing/functional-testing-repo-Kontrolix/forks","keys_url":"https://api.github.com/repos/mergifyio-testing/functional-testing-repo-Kontrolix/keys{/key_id}","collaborators_url":"https://api.github.com/repos/mergifyio-testing/functional-testing-repo-Kontrolix/collaborators{/collaborator}","teams_url":"https://api.github.com/repos/mergifyio-testing/functional-testing-repo-Kontrolix/teams","hooks_url":"https://api.github.com/repos/mergifyio-testing/functional-testing-repo-Kontrolix/hooks","issue_events_url":"https://api.github.com/repos/mergifyio-testing/functional-testing-repo-Kontrolix/issues/events{/number}","events_url":"https://api.github.com/repos/mergifyio-testing/functional-testing-repo-Kontrolix/events","assignees_url":"https://api.github.com/repos/mergifyio-testing/functional-testing-repo-Kontrolix/assignees{/user}","branches_url":"https://api.github.com/repos/mergifyio-testing/functional-testing-repo-Kontrolix/branches{/branch}","tags_url":"https://api.github.com/repos/mergifyio-testing/functional-testing-repo-Kontrolix/tags","blobs_url":"https://api.github.com/repos/mergifyio-testing/functional-testing-repo-Kontrolix/git/blobs{/sha}","git_tags_url":"https://api.github.com/repos/mergifyio-testing/functional-testing-repo-Kontrolix/git/tags{/sha}","git_refs_url":"https://api.github.com/repos/mergifyio-testing/functional-testing-repo-Kontrolix/git/refs{/sha}","trees_url":"https://api.github.com/repos/mergifyio-testing/functional-testing-repo-Kontrolix/git/trees{/sha}","statuses_url":"https://api.github.com/repos/mergifyio-testing/functional-testing-repo-Kontrolix/statuses/{sha}","languages_url":"https://api.github.com/repos/mergifyio-testing/functional-testing-repo-Kontrolix/languages","stargazers_url":"https://api.github.com/repos/mergifyio-testing/functional-testing-repo-Kontrolix/stargazers","contributors_url":"https://api.github.com/repos/mergifyio-testing/functional-testing-repo-Kontrolix/contributors","subscribers_url":"https://api.github.com/repos/mergifyio-testing/functional-testing-repo-Kontrolix/subscribers","subscription_url":"https://api.github.com/repos/mergifyio-testing/functional-testing-repo-Kontrolix/subscription","commits_url":"https://api.github.com/repos/mergifyio-testing/functional-testing-repo-Kontrolix/commits{/sha}","git_commits_url":"https://api.github.com/repos/mergifyio-testing/functional-testing-repo-Kontrolix/git/commits{/sha}","comments_url":"https://api.github.com/repos/mergifyio-testing/functional-testing-repo-Kontrolix/comments{/number}","issue_comment_url":"https://api.github.com/repos/mergifyio-testing/functional-testing-repo-Kontrolix/issues/comments{/number}","contents_url":"https://api.github.com/repos/mergifyio-testing/functional-testing-repo-Kontrolix/contents/{+path}","compare_url":"https://api.github.com/repos/mergifyio-testing/functional-testing-repo-Kontrolix/compare/{base}...{head}","merges_url":"https://api.github.com/repos/mergifyio-testing/functional-testing-repo-Kontrolix/merges","archive_url":"https://api.github.com/repos/mergifyio-testing/functional-testing-repo-Kontrolix/{archive_format}{/ref}","downloads_url":"https://api.github.com/repos/mergifyio-testing/functional-testing-repo-Kontrolix/downloads","issues_url":"https://api.github.com/repos/mergifyio-testing/functional-testing-repo-Kontrolix/issues{/number}","pulls_url":"https://api.github.com/repos/mergifyio-testing/functional-testing-repo-Kontrolix/pulls{/number}","milestones_url":"https://api.github.com/repos/mergifyio-testing/functional-testing-repo-Kontrolix/milestones{/number}","notifications_url":"https://api.github.com/repos/mergifyio-testing/functional-testing-repo-Kontrolix/notifications{?since,all,participating}","labels_url":"https://api.github.com/repos/mergifyio-testing/functional-testing-repo-Kontrolix/labels{/name}","releases_url":"https://api.github.com/repos/mergifyio-testing/functional-testing-repo-Kontrolix/releases{/id}","deployments_url":"https://api.github.com/repos/mergifyio-testing/functional-testing-repo-Kontrolix/deployments","created_at":"2023-05-03T09:24:21Z","updated_at":"2023-05-03T09:24:22Z","pushed_at":"2023-05-24T10:43:51Z","git_url":"git://github.com/mergifyio-testing/functional-testing-repo-Kontrolix.git","ssh_url":"git@github.com:mergifyio-testing/functional-testing-repo-Kontrolix.git","clone_url":"https://github.com/mergifyio-testing/functional-testing-repo-Kontrolix.git","svn_url":"https://github.com/mergifyio-testing/functional-testing-repo-Kontrolix","homepage":null,"size":65,"stargazers_count":0,"watchers_count":0,"language":null,"has_issues":true,"has_projects":true,"has_downloads":true,"has_wiki":true,"has_pages":false,"has_discussions":false,"forks_count":1,"mirror_url":null,"archived":false,"disabled":false,"open_issues_count":13,"license":null,"allow_forking":true,"is_template":false,"web_commit_signoff_required":false,"topics":[],"visibility":"public","forks":1,"open_issues":13,"watchers":0,"default_branch":"main"}},"base":{"label":"mergifyio-testing:20230524104316/test_required_status_checks_strict_incompatibility_with_batch_size/main","ref":"20230524104316/test_required_status_checks_strict_incompatibility_with_batch_size/main","sha":"ed3d919b2eb3d7b5d5466da04584371ff4e8e2c2","user":{"login":"mergifyio-testing","id":40527191,"node_id":"MDEyOk9yZ2FuaXphdGlvbjQwNTI3MTkx","avatar_url":"https://avatars.githubusercontent.com/u/40527191?v=4","gravatar_id":"","url":"https://api.github.com/users/mergifyio-testing","html_url":"https://github.com/mergifyio-testing","followers_url":"https://api.github.com/users/mergifyio-testing/followers","following_url":"https://api.github.com/users/mergifyio-testing/following{/other_user}","gists_url":"https://api.github.com/users/mergifyio-testing/gists{/gist_id}","starred_url":"https://api.github.com/users/mergifyio-testing/starred{/owner}{/repo}","subscriptions_url":"https://api.github.com/users/mergifyio-testing/subscriptions","organizations_url":"https://api.github.com/users/mergifyio-testing/orgs","repos_url":"https://api.github.com/users/mergifyio-testing/repos","events_url":"https://api.github.com/users/mergifyio-testing/events{/privacy}","received_events_url":"https://api.github.com/users/mergifyio-testing/received_events","type":"Organization","site_admin":false},"repo":{"id":635704693,"node_id":"R_kgDOJeQVdQ","name":"functional-testing-repo-Kontrolix","full_name":"mergifyio-testing/functional-testing-repo-Kontrolix","private":false,"owner":{"login":"mergifyio-testing","id":40527191,"node_id":"MDEyOk9yZ2FuaXphdGlvbjQwNTI3MTkx","avatar_url":"https://avatars.githubusercontent.com/u/40527191?v=4","gravatar_id":"","url":"https://api.github.com/users/mergifyio-testing","html_url":"https://github.com/mergifyio-testing","followers_url":"https://api.github.com/users/mergifyio-testing/followers","following_url":"https://api.github.com/users/mergifyio-testing/following{/other_user}","gists_url":"https://api.github.com/users/mergifyio-testing/gists{/gist_id}","starred_url":"https://api.github.com/users/mergifyio-testing/starred{/owner}{/repo}","subscriptions_url":"https://api.github.com/users/mergifyio-testing/subscriptions","organizations_url":"https://api.github.com/users/mergifyio-testing/orgs","repos_url":"https://api.github.com/users/mergifyio-testing/repos","events_url":"https://api.github.com/users/mergifyio-testing/events{/privacy}","received_events_url":"https://api.github.com/users/mergifyio-testing/received_events","type":"Organization","site_admin":false},"html_url":"https://github.com/mergifyio-testing/functional-testing-repo-Kontrolix","description":null,"fork":false,"url":"https://api.github.com/repos/mergifyio-testing/functional-testing-repo-Kontrolix","forks_url":"https://api.github.com/repos/mergifyio-testing/functional-testing-repo-Kontrolix/forks","keys_url":"https://api.github.com/repos/mergifyio-testing/functional-testing-repo-Kontrolix/keys{/key_id}","collaborators_url":"https://api.github.com/repos/mergifyio-testing/functional-testing-repo-Kontrolix/collaborators{/collaborator}","teams_url":"https://api.github.com/repos/mergifyio-testing/functional-testing-repo-Kontrolix/teams","hooks_url":"https://api.github.com/repos/mergifyio-testing/functional-testing-repo-Kontrolix/hooks","issue_events_url":"https://api.github.com/repos/mergifyio-testing/functional-testing-repo-Kontrolix/issues/events{/number}","events_url":"https://api.github.com/repos/mergifyio-testing/functional-testing-repo-Kontrolix/events","assignees_url":"https://api.github.com/repos/mergifyio-testing/functional-testing-repo-Kontrolix/assignees{/user}","branches_url":"https://api.github.com/repos/mergifyio-testing/functional-testing-repo-Kontrolix/branches{/branch}","tags_url":"https://api.github.com/repos/mergifyio-testing/functional-testing-repo-Kontrolix/tags","blobs_url":"https://api.github.com/repos/mergifyio-testing/functional-testing-repo-Kontrolix/git/blobs{/sha}","git_tags_url":"https://api.github.com/repos/mergifyio-testing/functional-testing-repo-Kontrolix/git/tags{/sha}","git_refs_url":"https://api.github.com/repos/mergifyio-testing/functional-testing-repo-Kontrolix/git/refs{/sha}","trees_url":"https://api.github.com/repos/mergifyio-testing/functional-testing-repo-Kontrolix/git/trees{/sha}","statuses_url":"https://api.github.com/repos/mergifyio-testing/functional-testing-repo-Kontrolix/statuses/{sha}","languages_url":"https://api.github.com/repos/mergifyio-testing/functional-testing-repo-Kontrolix/languages","stargazers_url":"https://api.github.com/repos/mergifyio-testing/functional-testing-repo-Kontrolix/stargazers","contributors_url":"https://api.github.com/repos/mergifyio-testing/functional-testing-repo-Kontrolix/contributors","subscribers_url":"https://api.github.com/repos/mergifyio-testing/functional-testing-repo-Kontrolix/subscribers","subscription_url":"https://api.github.com/repos/mergifyio-testing/functional-testing-repo-Kontrolix/subscription","commits_url":"https://api.github.com/repos/mergifyio-testing/functional-testing-repo-Kontrolix/commits{/sha}","git_commits_url":"https://api.github.com/repos/mergifyio-testing/functional-testing-repo-Kontrolix/git/commits{/sha}","comments_url":"https://api.github.com/repos/mergifyio-testing/functional-testing-repo-Kontrolix/comments{/number}","issue_comment_url":"https://api.github.com/repos/mergifyio-testing/functional-testing-repo-Kontrolix/issues/comments{/number}","contents_url":"https://api.github.com/repos/mergifyio-testing/functional-testing-repo-Kontrolix/contents/{+path}","compare_url":"https://api.github.com/repos/mergifyio-testing/functional-testing-repo-Kontrolix/compare/{base}...{head}","merges_url":"https://api.github.com/repos/mergifyio-testing/functional-testing-repo-Kontrolix/merges","archive_url":"https://api.github.com/repos/mergifyio-testing/functional-testing-repo-Kontrolix/{archive_format}{/ref}","downloads_url":"https://api.github.com/repos/mergifyio-testing/functional-testing-repo-Kontrolix/downloads","issues_url":"https://api.github.com/repos/mergifyio-testing/functional-testing-repo-Kontrolix/issues{/number}","pulls_url":"https://api.github.com/repos/mergifyio-testing/functional-testing-repo-Kontrolix/pulls{/number}","milestones_url":"https://api.github.com/repos/mergifyio-testing/functional-testing-repo-Kontrolix/milestones{/number}","notifications_url":"https://api.github.com/repos/mergifyio-testing/functional-testing-repo-Kontrolix/notifications{?since,all,participating}","labels_url":"https://api.github.com/repos/mergifyio-testing/functional-testing-repo-Kontrolix/labels{/name}","releases_url":"https://api.github.com/repos/mergifyio-testing/functional-testing-repo-Kontrolix/releases{/id}","deployments_url":"https://api.github.com/repos/mergifyio-testing/functional-testing-repo-Kontrolix/deployments","created_at":"2023-05-03T09:24:21Z","updated_at":"2023-05-03T09:24:22Z","pushed_at":"2023-05-24T10:43:51Z","git_url":"git://github.com/mergifyio-testing/functional-testing-repo-Kontrolix.git","ssh_url":"git@github.com:mergifyio-testing/functional-testing-repo-Kontrolix.git","clone_url":"https://github.com/mergifyio-testing/functional-testing-repo-Kontrolix.git","svn_url":"https://github.com/mergifyio-testing/functional-testing-repo-Kontrolix","homepage":null,"size":65,"stargazers_count":0,"watchers_count":0,"language":null,"has_issues":true,"has_projects":true,"has_downloads":true,"has_wiki":true,"has_pages":false,"has_discussions":false,"forks_count":1,"mirror_url":null,"archived":false,"disabled":false,"open_issues_count":13,"license":null,"allow_forking":true,"is_template":false,"web_commit_signoff_required":false,"topics":[],"visibility":"public","forks":1,"open_issues":13,"watchers":0,"default_branch":"main"}},"_links":{"self":{"href":"https://api.github.com/repos/mergifyio-testing/functional-testing-repo-Kontrolix/pulls/710"},"html":{"href":"https://github.com/mergifyio-testing/functional-testing-repo-Kontrolix/pull/710"},"issue":{"href":"https://api.github.com/repos/mergifyio-testing/functional-testing-repo-Kontrolix/issues/710"},"comments":{"href":"https://api.github.com/repos/mergifyio-testing/functional-testing-repo-Kontrolix/issues/710/comments"},"review_comments":{"href":"https://api.github.com/repos/mergifyio-testing/functional-testing-repo-Kontrolix/pulls/710/comments"},"review_comment":{"href":"https://api.github.com/repos/mergifyio-testing/functional-testing-repo-Kontrolix/pulls/comments{/number}"},"commits":{"href":"https://api.github.com/repos/mergifyio-testing/functional-testing-repo-Kontrolix/pulls/710/commits"},"statuses":{"href":"https://api.github.com/repos/mergifyio-testing/functional-testing-repo-Kontrolix/statuses/042a697a2f8ac99298c54aaf81ee14234e09cdf6"}},"author_association":"NONE","auto_merge":null,"active_lock_reason":null,"merged":false,"mergeable":true,"rebaseable":true,"mergeable_state":"clean","merged_by":null,"comments":0,"review_comments":0,"maintainer_can_modify":false,"commits":1,"additions":0,"deletions":0,"changed_files":1}'
    headers:
      Content-Encoding:
      - gzip
      Content-Type:
      - application/json; charset=utf-8
      Transfer-Encoding:
      - chunked
      X-GitHub-Media-Type:
      - github.v3; param=machine-man-preview; format=json
      x-github-api-version-selected:
      - '2022-11-28'
    http_version: HTTP/1.1
    status_code: 200
- request:
    body: ''
    headers:
      accept:
      - application/vnd.github.machine-man-preview+json
      host:
      - api.github.com
    method: GET
    uri: https://api.github.com/repos/mergifyio-testing/functional-testing-repo-Kontrolix/contents/.mergify.yml?ref=20230524104316/test_required_status_checks_strict_incompatibility_with_batch_size/main
  response:
    content: '{"name":".mergify.yml","path":".mergify.yml","sha":"35a95ec8c7f534b3a8ae2b259b0e6137bdb3e028","size":348,"url":"https://api.github.com/repos/mergifyio-testing/functional-testing-repo-Kontrolix/contents/.mergify.yml?ref=20230524104316/test_required_status_checks_strict_incompatibility_with_batch_size/main","html_url":"https://github.com/mergifyio-testing/functional-testing-repo-Kontrolix/blob/20230524104316/test_required_status_checks_strict_incompatibility_with_batch_size/main/.mergify.yml","git_url":"https://api.github.com/repos/mergifyio-testing/functional-testing-repo-Kontrolix/git/blobs/35a95ec8c7f534b3a8ae2b259b0e6137bdb3e028","download_url":"https://raw.githubusercontent.com/mergifyio-testing/functional-testing-repo-Kontrolix/20230524104316/test_required_status_checks_strict_incompatibility_with_batch_size/main/.mergify.yml","type":"file","content":"cHVsbF9yZXF1ZXN0X3J1bGVzOgotIGFjdGlvbnM6CiAgICBxdWV1ZToKICAg\nICAgbmFtZTogZGVmYXVsdAogIGNvbmRpdGlvbnM6CiAgLSBiYXNlPTIwMjMw\nNTI0MTA0MzE2L3Rlc3RfcmVxdWlyZWRfc3RhdHVzX2NoZWNrc19zdHJpY3Rf\naW5jb21wYXRpYmlsaXR5X3dpdGhfYmF0Y2hfc2l6ZS9tYWluCiAgbmFtZTog\nTWVyZ2UKcXVldWVfcnVsZXM6Ci0gYWxsb3dfaW5wbGFjZV9jaGVja3M6IHRy\ndWUKICBiYXRjaF9zaXplOiAyCiAgY29uZGl0aW9uczoKICAtIHN0YXR1cy1z\ndWNjZXNzPWNvbnRpbnVvdXMtaW50ZWdyYXRpb24vZmFrZS1jaQogIG5hbWU6\nIGRlZmF1bHQKICBzcGVjdWxhdGl2ZV9jaGVja3M6IDEK\n","encoding":"base64","_links":{"self":"https://api.github.com/repos/mergifyio-testing/functional-testing-repo-Kontrolix/contents/.mergify.yml?ref=20230524104316/test_required_status_checks_strict_incompatibility_with_batch_size/main","git":"https://api.github.com/repos/mergifyio-testing/functional-testing-repo-Kontrolix/git/blobs/35a95ec8c7f534b3a8ae2b259b0e6137bdb3e028","html":"https://github.com/mergifyio-testing/functional-testing-repo-Kontrolix/blob/20230524104316/test_required_status_checks_strict_incompatibility_with_batch_size/main/.mergify.yml"}}'
    headers:
      Content-Encoding:
      - gzip
      Content-Type:
      - application/json; charset=utf-8
      Transfer-Encoding:
      - chunked
      X-GitHub-Media-Type:
      - github.v3; param=machine-man-preview; format=json
      x-github-api-version-selected:
      - '2022-11-28'
    http_version: HTTP/1.1
    status_code: 200
- request:
    body: ''
    headers:
      accept:
      - application/vnd.github.antiope-preview+json
      host:
      - api.github.com
    method: GET
    uri: https://api.github.com/repos/mergifyio-testing/functional-testing-repo-Kontrolix/commits/042a697a2f8ac99298c54aaf81ee14234e09cdf6/check-runs?per_page=100
  response:
    content: '{"total_count":0,"check_runs":[]}'
    headers:
      Content-Encoding:
      - gzip
      Content-Type:
      - application/json; charset=utf-8
      Transfer-Encoding:
      - chunked
      X-GitHub-Media-Type:
      - github.v3; param=antiope-preview; format=json
      x-github-api-version-selected:
      - '2022-11-28'
    http_version: HTTP/1.1
    status_code: 200
- request:
    body: ''
    headers:
      accept:
      - application/vnd.github.machine-man-preview+json
      host:
      - api.github.com
    method: GET
    uri: https://api.github.com/repos/mergifyio-testing/functional-testing-repo-Kontrolix/pulls/710/files?per_page=100
  response:
    content: '[{"sha":"e69de29bb2d1d6434b8b29ae775ad8c2e48c5391","filename":"test1","status":"added","additions":0,"deletions":0,"changes":0,"blob_url":"https://github.com/mergifyio-testing/functional-testing-repo-Kontrolix/blob/042a697a2f8ac99298c54aaf81ee14234e09cdf6/test1","raw_url":"https://github.com/mergifyio-testing/functional-testing-repo-Kontrolix/raw/042a697a2f8ac99298c54aaf81ee14234e09cdf6/test1","contents_url":"https://api.github.com/repos/mergifyio-testing/functional-testing-repo-Kontrolix/contents/test1?ref=042a697a2f8ac99298c54aaf81ee14234e09cdf6"}]'
    headers:
      Content-Encoding:
      - gzip
      Content-Type:
      - application/json; charset=utf-8
      Transfer-Encoding:
      - chunked
      X-GitHub-Media-Type:
      - github.v3; param=machine-man-preview; format=json
      x-github-api-version-selected:
      - '2022-11-28'
    http_version: HTTP/1.1
    status_code: 200
- request:
    body: ''
    headers:
      accept:
      - application/vnd.github.machine-man-preview+json
      host:
      - api.github.com
    method: GET
    uri: https://api.github.com/repos/mergifyio-testing/functional-testing-repo-Kontrolix/issues/710/comments?per_page=100
  response:
    content: '[]'
    headers:
      Content-Length:
      - '2'
      Content-Type:
      - application/json; charset=utf-8
      X-GitHub-Media-Type:
      - github.v3; param=machine-man-preview; format=json
      x-github-api-version-selected:
      - '2022-11-28'
    http_version: HTTP/1.1
    status_code: 200
- request:
    body: ''
    headers:
      accept:
      - application/vnd.github.luke-cage-preview+json
      host:
      - api.github.com
    method: GET
    uri: https://api.github.com/repos/mergifyio-testing/functional-testing-repo-Kontrolix/branches/20230524104316%2Ftest_required_status_checks_strict_incompatibility_with_batch_size%2Fmain/protection
  response:
    content: '{"url":"https://api.github.com/repos/mergifyio-testing/functional-testing-repo-Kontrolix/branches/20230524104316/test_required_status_checks_strict_incompatibility_with_batch_size/main/protection","required_status_checks":{"url":"https://api.github.com/repos/mergifyio-testing/functional-testing-repo-Kontrolix/branches/20230524104316/test_required_status_checks_strict_incompatibility_with_batch_size/main/protection/required_status_checks","strict":true,"contexts":[],"contexts_url":"https://api.github.com/repos/mergifyio-testing/functional-testing-repo-Kontrolix/branches/20230524104316/test_required_status_checks_strict_incompatibility_with_batch_size/main/protection/required_status_checks/contexts","checks":[]},"required_signatures":{"url":"https://api.github.com/repos/mergifyio-testing/functional-testing-repo-Kontrolix/branches/20230524104316/test_required_status_checks_strict_incompatibility_with_batch_size/main/protection/required_signatures","enabled":false},"enforce_admins":{"url":"https://api.github.com/repos/mergifyio-testing/functional-testing-repo-Kontrolix/branches/20230524104316/test_required_status_checks_strict_incompatibility_with_batch_size/main/protection/enforce_admins","enabled":false},"required_linear_history":{"enabled":false},"allow_force_pushes":{"enabled":false},"allow_deletions":{"enabled":false},"block_creations":{"enabled":false},"required_conversation_resolution":{"enabled":false},"lock_branch":{"enabled":false},"allow_fork_syncing":{"enabled":false}}'
    headers:
      Content-Encoding:
      - gzip
      Content-Type:
      - application/json; charset=utf-8
      Transfer-Encoding:
      - chunked
      X-GitHub-Media-Type:
      - github.v3; param=luke-cage-preview; format=json
      x-github-api-version-selected:
      - '2022-11-28'
    http_version: HTTP/1.1
    status_code: 200
- request:
    body: '{"name": "Rule: Merge (queue)", "head_sha": "042a697a2f8ac99298c54aaf81ee14234e09cdf6",
      "status": "completed", "started_at": "2023-05-24T10:43:54.208773+00:00", "details_url":
      "https://github.com/mergifyio-testing/functional-testing-repo-Kontrolix/pull/710/checks",
      "output": {"title": "Configuration not compatible with a branch protection setting",
      "summary": "The branch protection setting `Require branches to be up to date
      before merging` is not compatible with `batch_size>1` and must be unset."},
      "conclusion": "failure", "completed_at": "2023-05-24T10:43:54.208784+00:00"}'
    headers:
      accept:
      - application/vnd.github.antiope-preview+json
      content-length:
      - '580'
      content-type:
      - application/json
      host:
      - api.github.com
    method: POST
    uri: https://api.github.com/repos/mergifyio-testing/functional-testing-repo-Kontrolix/check-runs
  response:
    content: '{"id":13720984121,"name":"Rule: Merge (queue)","node_id":"CR_kwDOJeQVdc8AAAADMdWaOQ","head_sha":"042a697a2f8ac99298c54aaf81ee14234e09cdf6","external_id":"","url":"https://api.github.com/repos/mergifyio-testing/functional-testing-repo-Kontrolix/check-runs/13720984121","html_url":"https://github.com/mergifyio-testing/functional-testing-repo-Kontrolix/runs/13720984121","details_url":"https://github.com/mergifyio-testing/functional-testing-repo-Kontrolix/pull/710/checks","status":"completed","conclusion":"failure","started_at":"2023-05-24T10:43:54Z","completed_at":"2023-05-24T10:43:54Z","output":{"title":"Configuration
      not compatible with a branch protection setting","summary":"The branch protection
      setting `Require branches to be up to date before merging` is not compatible
      with `batch_size>1` and must be unset.","text":null,"annotations_count":0,"annotations_url":"https://api.github.com/repos/mergifyio-testing/functional-testing-repo-Kontrolix/check-runs/13720984121/annotations"},"check_suite":{"id":13113614385},"app":{"id":327815,"slug":"mergify-kontrolix","node_id":"A_kwHOAmplV84ABQCH","owner":{"login":"mergifyio-testing","id":40527191,"node_id":"MDEyOk9yZ2FuaXphdGlvbjQwNTI3MTkx","avatar_url":"https://avatars.githubusercontent.com/u/40527191?v=4","gravatar_id":"","url":"https://api.github.com/users/mergifyio-testing","html_url":"https://github.com/mergifyio-testing","followers_url":"https://api.github.com/users/mergifyio-testing/followers","following_url":"https://api.github.com/users/mergifyio-testing/following{/other_user}","gists_url":"https://api.github.com/users/mergifyio-testing/gists{/gist_id}","starred_url":"https://api.github.com/users/mergifyio-testing/starred{/owner}{/repo}","subscriptions_url":"https://api.github.com/users/mergifyio-testing/subscriptions","organizations_url":"https://api.github.com/users/mergifyio-testing/orgs","repos_url":"https://api.github.com/users/mergifyio-testing/repos","events_url":"https://api.github.com/users/mergifyio-testing/events{/privacy}","received_events_url":"https://api.github.com/users/mergifyio-testing/received_events","type":"Organization","site_admin":false},"name":"mergify-Kontrolix","description":"Mergify
      testing installation for Kontrolix","external_url":"https://mergify.com/","html_url":"https://github.com/apps/mergify-kontrolix","created_at":"2023-05-03T09:24:33Z","updated_at":"2023-05-03T09:24:33Z","permissions":{"administration":"read","checks":"write","contents":"write","emails":"read","issues":"write","members":"read","metadata":"read","pages":"write","pull_requests":"write","statuses":"write","workflows":"write"},"events":["check_run","check_suite","issue_comment","member","membership","organization","pull_request","pull_request_review","pull_request_review_comment","pull_request_review_thread","push","repository","status","team","team_add"]},"pull_requests":[{"url":"https://api.github.com/repos/mergifyio-testing/functional-testing-repo-Kontrolix/pulls/710","id":1362850466,"number":710,"head":{"ref":"20230524104316/test_required_status_checks_strict_incompatibility_with_batch_size/integration/pr1","sha":"042a697a2f8ac99298c54aaf81ee14234e09cdf6","repo":{"id":635704693,"url":"https://api.github.com/repos/mergifyio-testing/functional-testing-repo-Kontrolix","name":"functional-testing-repo-Kontrolix"}},"base":{"ref":"20230524104316/test_required_status_checks_strict_incompatibility_with_batch_size/main","sha":"ed3d919b2eb3d7b5d5466da04584371ff4e8e2c2","repo":{"id":635704693,"url":"https://api.github.com/repos/mergifyio-testing/functional-testing-repo-Kontrolix","name":"functional-testing-repo-Kontrolix"}}}]}'
    headers:
      Content-Length:
      - '3632'
      Content-Type:
      - application/json; charset=utf-8
      Location:
      - https://api.github.com/repos/mergifyio-testing/functional-testing-repo-Kontrolix/check-runs/13720984121
      X-GitHub-Media-Type:
      - github.v3; param=antiope-preview; format=json
      x-github-api-version-selected:
      - '2022-11-28'
    http_version: HTTP/1.1
    status_code: 201
- request:
    body: '{"name": "Summary", "head_sha": "042a697a2f8ac99298c54aaf81ee14234e09cdf6",
      "status": "completed", "started_at": "2023-05-24T10:43:52.590058+00:00", "details_url":
      "https://github.com/mergifyio-testing/functional-testing-repo-Kontrolix/pull/710/checks",
      "output": {"title": "1 rule matches", "summary": "<!-- eydSdWxlOiBNZXJnZSAocXVldWUpJzogZmFpbHVyZX0K
      -->\n### Rule: Merge (queue)\n- [X] `-draft` [:pushpin: queue requirement]\n-
      [X] `-mergify-configuration-changed` [:pushpin: queue -> allow_merging_configuration_change
      setting requirement]\n- [X] `base=20230524104316/test_required_status_checks_strict_incompatibility_with_batch_size/main`\n\n<hr
      />\n:sparkling_heart:&nbsp;&nbsp;Mergify is proud to provide this service for
      free to open source projects.\n\n:rocket:&nbsp;&nbsp;You can help us by [becoming
      a sponsor](/sponsors/Mergifyio)!\n<hr />\n\n<details>\n<summary>Mergify commands
      and options</summary>\n\n<br />\n\nMore conditions and actions can be found
      in the [documentation](https://docs.mergify.com/).\n\nYou can also trigger Mergify
      actions by commenting on this pull request:\n\n- `@Mergifyio refresh` will re-evaluate
      the rules\n- `@Mergifyio rebase` will rebase this PR on its base branch\n- `@Mergifyio
      update` will merge the base branch into this PR\n- `@Mergifyio backport <destination>`
      will backport this PR on `<destination>` branch\n\nAdditionally, on Mergify
      [dashboard](http://localhost:3000) you can:\n\n- look at your merge queues\n-
      generate the Mergify configuration with the config editor.\n\nFinally, you can
      contact us on https://mergify.com\n</details>\n"}, "external_id": "710", "conclusion":
      "success", "completed_at": "2023-05-24T10:44:01.659515+00:00"}'
    headers:
      accept:
      - application/vnd.github.antiope-preview+json
      content-length:
      - '1696'
      content-type:
      - application/json
      host:
      - api.github.com
    method: POST
    uri: https://api.github.com/repos/mergifyio-testing/functional-testing-repo-Kontrolix/check-runs
  response:
    content: '{"id":13720987075,"name":"Summary","node_id":"CR_kwDOJeQVdc8AAAADMdWlww","head_sha":"042a697a2f8ac99298c54aaf81ee14234e09cdf6","external_id":"710","url":"https://api.github.com/repos/mergifyio-testing/functional-testing-repo-Kontrolix/check-runs/13720987075","html_url":"https://github.com/mergifyio-testing/functional-testing-repo-Kontrolix/runs/13720987075","details_url":"https://github.com/mergifyio-testing/functional-testing-repo-Kontrolix/pull/710/checks","status":"completed","conclusion":"success","started_at":"2023-05-24T10:43:52Z","completed_at":"2023-05-24T10:44:01Z","output":{"title":"1
      rule matches","summary":"<!-- eydSdWxlOiBNZXJnZSAocXVldWUpJzogZmFpbHVyZX0K -->\n###
      Rule: Merge (queue)\n- [X] `-draft` [:pushpin: queue requirement]\n- [X] `-mergify-configuration-changed`
      [:pushpin: queue -> allow_merging_configuration_change setting requirement]\n-
      [X] `base=20230524104316/test_required_status_checks_strict_incompatibility_with_batch_size/main`\n\n<hr
      />\n:sparkling_heart:&nbsp;&nbsp;Mergify is proud to provide this service for
      free to open source projects.\n\n:rocket:&nbsp;&nbsp;You can help us by [becoming
      a sponsor](/sponsors/Mergifyio)!\n<hr />\n\n<details>\n<summary>Mergify commands
      and options</summary>\n\n<br />\n\nMore conditions and actions can be found
      in the [documentation](https://docs.mergify.com/).\n\nYou can also trigger Mergify
      actions by commenting on this pull request:\n\n- `@Mergifyio refresh` will re-evaluate
      the rules\n- `@Mergifyio rebase` will rebase this PR on its base branch\n- `@Mergifyio
      update` will merge the base branch into this PR\n- `@Mergifyio backport <destination>`
      will backport this PR on `<destination>` branch\n\nAdditionally, on Mergify
      [dashboard](http://localhost:3000) you can:\n\n- look at your merge queues\n-
      generate the Mergify configuration with the config editor.\n\nFinally, you can
      contact us on https://mergify.com\n</details>\n","text":null,"annotations_count":0,"annotations_url":"https://api.github.com/repos/mergifyio-testing/functional-testing-repo-Kontrolix/check-runs/13720987075/annotations"},"check_suite":{"id":13113614385},"app":{"id":327815,"slug":"mergify-kontrolix","node_id":"A_kwHOAmplV84ABQCH","owner":{"login":"mergifyio-testing","id":40527191,"node_id":"MDEyOk9yZ2FuaXphdGlvbjQwNTI3MTkx","avatar_url":"https://avatars.githubusercontent.com/u/40527191?v=4","gravatar_id":"","url":"https://api.github.com/users/mergifyio-testing","html_url":"https://github.com/mergifyio-testing","followers_url":"https://api.github.com/users/mergifyio-testing/followers","following_url":"https://api.github.com/users/mergifyio-testing/following{/other_user}","gists_url":"https://api.github.com/users/mergifyio-testing/gists{/gist_id}","starred_url":"https://api.github.com/users/mergifyio-testing/starred{/owner}{/repo}","subscriptions_url":"https://api.github.com/users/mergifyio-testing/subscriptions","organizations_url":"https://api.github.com/users/mergifyio-testing/orgs","repos_url":"https://api.github.com/users/mergifyio-testing/repos","events_url":"https://api.github.com/users/mergifyio-testing/events{/privacy}","received_events_url":"https://api.github.com/users/mergifyio-testing/received_events","type":"Organization","site_admin":false},"name":"mergify-Kontrolix","description":"Mergify
      testing installation for Kontrolix","external_url":"https://mergify.com/","html_url":"https://github.com/apps/mergify-kontrolix","created_at":"2023-05-03T09:24:33Z","updated_at":"2023-05-03T09:24:33Z","permissions":{"administration":"read","checks":"write","contents":"write","emails":"read","issues":"write","members":"read","metadata":"read","pages":"write","pull_requests":"write","statuses":"write","workflows":"write"},"events":["check_run","check_suite","issue_comment","member","membership","organization","pull_request","pull_request_review","pull_request_review_comment","pull_request_review_thread","push","repository","status","team","team_add"]},"pull_requests":[{"url":"https://api.github.com/repos/mergifyio-testing/functional-testing-repo-Kontrolix/pulls/710","id":1362850466,"number":710,"head":{"ref":"20230524104316/test_required_status_checks_strict_incompatibility_with_batch_size/integration/pr1","sha":"042a697a2f8ac99298c54aaf81ee14234e09cdf6","repo":{"id":635704693,"url":"https://api.github.com/repos/mergifyio-testing/functional-testing-repo-Kontrolix","name":"functional-testing-repo-Kontrolix"}},"base":{"ref":"20230524104316/test_required_status_checks_strict_incompatibility_with_batch_size/main","sha":"ed3d919b2eb3d7b5d5466da04584371ff4e8e2c2","repo":{"id":635704693,"url":"https://api.github.com/repos/mergifyio-testing/functional-testing-repo-Kontrolix","name":"functional-testing-repo-Kontrolix"}}}]}'
    headers:
      Content-Length:
      - '4729'
      Content-Type:
      - application/json; charset=utf-8
      Location:
      - https://api.github.com/repos/mergifyio-testing/functional-testing-repo-Kontrolix/check-runs/13720987075
      X-GitHub-Media-Type:
      - github.v3; param=antiope-preview; format=json
      x-github-api-version-selected:
      - '2022-11-28'
    http_version: HTTP/1.1
    status_code: 201
- request:
    body: ''
    headers:
      accept:
      - application/vnd.github.antiope-preview+json
      host:
      - api.github.com
    method: GET
    uri: https://api.github.com/repos/mergifyio-testing/functional-testing-repo-Kontrolix/commits/042a697a2f8ac99298c54aaf81ee14234e09cdf6/check-runs?per_page=100
  response:
    content: '{"total_count":2,"check_runs":[{"id":13720987075,"name":"Summary","node_id":"CR_kwDOJeQVdc8AAAADMdWlww","head_sha":"042a697a2f8ac99298c54aaf81ee14234e09cdf6","external_id":"710","url":"https://api.github.com/repos/mergifyio-testing/functional-testing-repo-Kontrolix/check-runs/13720987075","html_url":"https://github.com/mergifyio-testing/functional-testing-repo-Kontrolix/runs/13720987075","details_url":"https://github.com/mergifyio-testing/functional-testing-repo-Kontrolix/pull/710/checks","status":"completed","conclusion":"success","started_at":"2023-05-24T10:43:52Z","completed_at":"2023-05-24T10:44:01Z","output":{"title":"1
      rule matches","summary":"<!-- eydSdWxlOiBNZXJnZSAocXVldWUpJzogZmFpbHVyZX0K -->\n###
      Rule: Merge (queue)\n- [X] `-draft` [:pushpin: queue requirement]\n- [X] `-mergify-configuration-changed`
      [:pushpin: queue -> allow_merging_configuration_change setting requirement]\n-
      [X] `base=20230524104316/test_required_status_checks_strict_incompatibility_with_batch_size/main`\n\n<hr
      />\n:sparkling_heart:&nbsp;&nbsp;Mergify is proud to provide this service for
      free to open source projects.\n\n:rocket:&nbsp;&nbsp;You can help us by [becoming
      a sponsor](/sponsors/Mergifyio)!\n<hr />\n\n<details>\n<summary>Mergify commands
      and options</summary>\n\n<br />\n\nMore conditions and actions can be found
      in the [documentation](https://docs.mergify.com/).\n\nYou can also trigger Mergify
      actions by commenting on this pull request:\n\n- `@Mergifyio refresh` will re-evaluate
      the rules\n- `@Mergifyio rebase` will rebase this PR on its base branch\n- `@Mergifyio
      update` will merge the base branch into this PR\n- `@Mergifyio backport <destination>`
      will backport this PR on `<destination>` branch\n\nAdditionally, on Mergify
      [dashboard](http://localhost:3000) you can:\n\n- look at your merge queues\n-
      generate the Mergify configuration with the config editor.\n\nFinally, you can
      contact us on https://mergify.com\n</details>\n","text":null,"annotations_count":0,"annotations_url":"https://api.github.com/repos/mergifyio-testing/functional-testing-repo-Kontrolix/check-runs/13720987075/annotations"},"check_suite":{"id":13113614385},"app":{"id":327815,"slug":"mergify-kontrolix","node_id":"A_kwHOAmplV84ABQCH","owner":{"login":"mergifyio-testing","id":40527191,"node_id":"MDEyOk9yZ2FuaXphdGlvbjQwNTI3MTkx","avatar_url":"https://avatars.githubusercontent.com/u/40527191?v=4","gravatar_id":"","url":"https://api.github.com/users/mergifyio-testing","html_url":"https://github.com/mergifyio-testing","followers_url":"https://api.github.com/users/mergifyio-testing/followers","following_url":"https://api.github.com/users/mergifyio-testing/following{/other_user}","gists_url":"https://api.github.com/users/mergifyio-testing/gists{/gist_id}","starred_url":"https://api.github.com/users/mergifyio-testing/starred{/owner}{/repo}","subscriptions_url":"https://api.github.com/users/mergifyio-testing/subscriptions","organizations_url":"https://api.github.com/users/mergifyio-testing/orgs","repos_url":"https://api.github.com/users/mergifyio-testing/repos","events_url":"https://api.github.com/users/mergifyio-testing/events{/privacy}","received_events_url":"https://api.github.com/users/mergifyio-testing/received_events","type":"Organization","site_admin":false},"name":"mergify-Kontrolix","description":"Mergify
      testing installation for Kontrolix","external_url":"https://mergify.com/","html_url":"https://github.com/apps/mergify-kontrolix","created_at":"2023-05-03T09:24:33Z","updated_at":"2023-05-03T09:24:33Z","permissions":{"administration":"read","checks":"write","contents":"write","emails":"read","issues":"write","members":"read","metadata":"read","pages":"write","pull_requests":"write","statuses":"write","workflows":"write"},"events":["check_run","check_suite","issue_comment","member","membership","organization","pull_request","pull_request_review","pull_request_review_comment","pull_request_review_thread","push","repository","status","team","team_add"]},"pull_requests":[{"url":"https://api.github.com/repos/mergifyio-testing/functional-testing-repo-Kontrolix/pulls/710","id":1362850466,"number":710,"head":{"ref":"20230524104316/test_required_status_checks_strict_incompatibility_with_batch_size/integration/pr1","sha":"042a697a2f8ac99298c54aaf81ee14234e09cdf6","repo":{"id":635704693,"url":"https://api.github.com/repos/mergifyio-testing/functional-testing-repo-Kontrolix","name":"functional-testing-repo-Kontrolix"}},"base":{"ref":"20230524104316/test_required_status_checks_strict_incompatibility_with_batch_size/main","sha":"ed3d919b2eb3d7b5d5466da04584371ff4e8e2c2","repo":{"id":635704693,"url":"https://api.github.com/repos/mergifyio-testing/functional-testing-repo-Kontrolix","name":"functional-testing-repo-Kontrolix"}}}]},{"id":13720984121,"name":"Rule:
      Merge (queue)","node_id":"CR_kwDOJeQVdc8AAAADMdWaOQ","head_sha":"042a697a2f8ac99298c54aaf81ee14234e09cdf6","external_id":"","url":"https://api.github.com/repos/mergifyio-testing/functional-testing-repo-Kontrolix/check-runs/13720984121","html_url":"https://github.com/mergifyio-testing/functional-testing-repo-Kontrolix/runs/13720984121","details_url":"https://github.com/mergifyio-testing/functional-testing-repo-Kontrolix/pull/710/checks","status":"completed","conclusion":"failure","started_at":"2023-05-24T10:43:54Z","completed_at":"2023-05-24T10:43:54Z","output":{"title":"Configuration
      not compatible with a branch protection setting","summary":"The branch protection
      setting `Require branches to be up to date before merging` is not compatible
      with `batch_size>1` and must be unset.","text":null,"annotations_count":0,"annotations_url":"https://api.github.com/repos/mergifyio-testing/functional-testing-repo-Kontrolix/check-runs/13720984121/annotations"},"check_suite":{"id":13113614385},"app":{"id":327815,"slug":"mergify-kontrolix","node_id":"A_kwHOAmplV84ABQCH","owner":{"login":"mergifyio-testing","id":40527191,"node_id":"MDEyOk9yZ2FuaXphdGlvbjQwNTI3MTkx","avatar_url":"https://avatars.githubusercontent.com/u/40527191?v=4","gravatar_id":"","url":"https://api.github.com/users/mergifyio-testing","html_url":"https://github.com/mergifyio-testing","followers_url":"https://api.github.com/users/mergifyio-testing/followers","following_url":"https://api.github.com/users/mergifyio-testing/following{/other_user}","gists_url":"https://api.github.com/users/mergifyio-testing/gists{/gist_id}","starred_url":"https://api.github.com/users/mergifyio-testing/starred{/owner}{/repo}","subscriptions_url":"https://api.github.com/users/mergifyio-testing/subscriptions","organizations_url":"https://api.github.com/users/mergifyio-testing/orgs","repos_url":"https://api.github.com/users/mergifyio-testing/repos","events_url":"https://api.github.com/users/mergifyio-testing/events{/privacy}","received_events_url":"https://api.github.com/users/mergifyio-testing/received_events","type":"Organization","site_admin":false},"name":"mergify-Kontrolix","description":"Mergify
      testing installation for Kontrolix","external_url":"https://mergify.com/","html_url":"https://github.com/apps/mergify-kontrolix","created_at":"2023-05-03T09:24:33Z","updated_at":"2023-05-03T09:24:33Z","permissions":{"administration":"read","checks":"write","contents":"write","emails":"read","issues":"write","members":"read","metadata":"read","pages":"write","pull_requests":"write","statuses":"write","workflows":"write"},"events":["check_run","check_suite","issue_comment","member","membership","organization","pull_request","pull_request_review","pull_request_review_comment","pull_request_review_thread","push","repository","status","team","team_add"]},"pull_requests":[{"url":"https://api.github.com/repos/mergifyio-testing/functional-testing-repo-Kontrolix/pulls/710","id":1362850466,"number":710,"head":{"ref":"20230524104316/test_required_status_checks_strict_incompatibility_with_batch_size/integration/pr1","sha":"042a697a2f8ac99298c54aaf81ee14234e09cdf6","repo":{"id":635704693,"url":"https://api.github.com/repos/mergifyio-testing/functional-testing-repo-Kontrolix","name":"functional-testing-repo-Kontrolix"}},"base":{"ref":"20230524104316/test_required_status_checks_strict_incompatibility_with_batch_size/main","sha":"ed3d919b2eb3d7b5d5466da04584371ff4e8e2c2","repo":{"id":635704693,"url":"https://api.github.com/repos/mergifyio-testing/functional-testing-repo-Kontrolix","name":"functional-testing-repo-Kontrolix"}}}]}]}'
    headers:
      Content-Encoding:
      - gzip
      Content-Type:
      - application/json; charset=utf-8
      Transfer-Encoding:
      - chunked
      X-GitHub-Media-Type:
      - github.v3; param=antiope-preview; format=json
      x-github-api-version-selected:
      - '2022-11-28'
    http_version: HTTP/1.1
    status_code: 200
- request:
    body: ''
    headers:
      accept:
      - application/vnd.github.machine-man-preview+json
      host:
      - api.github.com
    method: GET
    uri: https://api.github.com/repos/mergifyio-testing/functional-testing-repo-Kontrolix/git/matching-refs/heads/20230524104316/test_required_status_checks_strict_incompatibility_with_batch_size/main?per_page=100
  response:
    content: '[{"ref":"refs/heads/20230524104316/test_required_status_checks_strict_incompatibility_with_batch_size/main","node_id":"REF_kwDOJeQVddoAYXJlZnMvaGVhZHMvMjAyMzA1MjQxMDQzMTYvdGVzdF9yZXF1aXJlZF9zdGF0dXNfY2hlY2tzX3N0cmljdF9pbmNvbXBhdGliaWxpdHlfd2l0aF9iYXRjaF9zaXplL21haW4","url":"https://api.github.com/repos/mergifyio-testing/functional-testing-repo-Kontrolix/git/refs/heads/20230524104316/test_required_status_checks_strict_incompatibility_with_batch_size/main","object":{"sha":"ed3d919b2eb3d7b5d5466da04584371ff4e8e2c2","type":"commit","url":"https://api.github.com/repos/mergifyio-testing/functional-testing-repo-Kontrolix/git/commits/ed3d919b2eb3d7b5d5466da04584371ff4e8e2c2"}}]'
    headers:
      Content-Encoding:
      - gzip
      Content-Type:
      - application/json; charset=utf-8
      Transfer-Encoding:
      - chunked
      X-GitHub-Media-Type:
      - github.v3; param=machine-man-preview; format=json
      X-Poll-Interval:
      - '300'
      x-github-api-version-selected:
      - '2022-11-28'
    http_version: HTTP/1.1
    status_code: 200
- request:
    body: ''
    headers:
      accept:
      - application/vnd.github.machine-man-preview+json
      host:
      - api.github.com
    method: GET
    uri: https://api.github.com/repos/mergifyio-testing/functional-testing-repo-Kontrolix/git/matching-refs/heads/test_required_status_checks_strict_incompatibility/mq/?per_page=100
  response:
    content: '[]'
    headers:
      Content-Length:
      - '2'
      Content-Type:
      - application/json; charset=utf-8
      X-GitHub-Media-Type:
      - github.v3; param=machine-man-preview; format=json
      X-Poll-Interval:
      - '300'
      x-github-api-version-selected:
      - '2022-11-28'
    http_version: HTTP/1.1
    status_code: 200
- request:
    body: ''
    headers:
      accept:
      - application/vnd.github.machine-man-preview+json
      host:
      - api.github.com
    method: GET
    uri: https://api.github.com/repos/mergifyio-testing/functional-testing-repo-Kontrolix/git/matching-refs/heads/mergify/bp?per_page=100
  response:
    content: '[]'
    headers:
      Content-Length:
      - '2'
      Content-Type:
      - application/json; charset=utf-8
      X-GitHub-Media-Type:
      - github.v3; param=machine-man-preview; format=json
      X-Poll-Interval:
      - '300'
      x-github-api-version-selected:
      - '2022-11-28'
    http_version: HTTP/1.1
    status_code: 200
- request:
    body: ''
    headers:
      accept:
      - application/vnd.github.machine-man-preview+json
      host:
      - api.github.com
    method: GET
    uri: https://api.github.com/repos/mergifyio-testing/functional-testing-repo-Kontrolix/git/matching-refs/heads/mergify/copy?per_page=100
  response:
    content: '[]'
    headers:
      Content-Length:
      - '2'
      Content-Type:
      - application/json; charset=utf-8
      X-GitHub-Media-Type:
      - github.v3; param=machine-man-preview; format=json
      X-Poll-Interval:
      - '300'
      x-github-api-version-selected:
      - '2022-11-28'
    http_version: HTTP/1.1
    status_code: 200
- request:
    body: ''
    headers:
      accept:
      - application/vnd.github.machine-man-preview+json
      host:
      - api.github.com
    method: GET
    uri: https://api.github.com/repos/mergifyio-testing/functional-testing-repo-Kontrolix/branches/20230524104316%2Ftest_required_status_checks_strict_incompatibility_with_batch_size%2Fmain
  response:
    content: '{"name":"20230524104316/test_required_status_checks_strict_incompatibility_with_batch_size/main","commit":{"sha":"ed3d919b2eb3d7b5d5466da04584371ff4e8e2c2","node_id":"C_kwDOJeQVddoAKGVkM2Q5MTliMmViM2Q3YjVkNTQ2NmRhMDQ1ODQzNzFmZjRlOGUyYzI","commit":{"author":{"name":"Mergify","email":"132445501+mergify-kontrolix[bot]@users.noreply.github.com","date":"2023-05-24T10:43:19Z"},"committer":{"name":"Mergify","email":"132445501+mergify-kontrolix[bot]@users.noreply.github.com","date":"2023-05-24T10:43:19Z"},"message":"initial
      commit","tree":{"sha":"cfe1418f40e09046433fd3646bd8a7ea6b228ae6","url":"https://api.github.com/repos/mergifyio-testing/functional-testing-repo-Kontrolix/git/trees/cfe1418f40e09046433fd3646bd8a7ea6b228ae6"},"url":"https://api.github.com/repos/mergifyio-testing/functional-testing-repo-Kontrolix/git/commits/ed3d919b2eb3d7b5d5466da04584371ff4e8e2c2","comment_count":0,"verification":{"verified":false,"reason":"unsigned","signature":null,"payload":null}},"url":"https://api.github.com/repos/mergifyio-testing/functional-testing-repo-Kontrolix/commits/ed3d919b2eb3d7b5d5466da04584371ff4e8e2c2","html_url":"https://github.com/mergifyio-testing/functional-testing-repo-Kontrolix/commit/ed3d919b2eb3d7b5d5466da04584371ff4e8e2c2","comments_url":"https://api.github.com/repos/mergifyio-testing/functional-testing-repo-Kontrolix/commits/ed3d919b2eb3d7b5d5466da04584371ff4e8e2c2/comments","author":{"login":"mergify-kontrolix[bot]","id":132445501,"node_id":"BOT_kgDOB-T1PQ","avatar_url":"https://avatars.githubusercontent.com/u/40527191?v=4","gravatar_id":"","url":"https://api.github.com/users/mergify-kontrolix%5Bbot%5D","html_url":"https://github.com/apps/mergify-kontrolix","followers_url":"https://api.github.com/users/mergify-kontrolix%5Bbot%5D/followers","following_url":"https://api.github.com/users/mergify-kontrolix%5Bbot%5D/following{/other_user}","gists_url":"https://api.github.com/users/mergify-kontrolix%5Bbot%5D/gists{/gist_id}","starred_url":"https://api.github.com/users/mergify-kontrolix%5Bbot%5D/starred{/owner}{/repo}","subscriptions_url":"https://api.github.com/users/mergify-kontrolix%5Bbot%5D/subscriptions","organizations_url":"https://api.github.com/users/mergify-kontrolix%5Bbot%5D/orgs","repos_url":"https://api.github.com/users/mergify-kontrolix%5Bbot%5D/repos","events_url":"https://api.github.com/users/mergify-kontrolix%5Bbot%5D/events{/privacy}","received_events_url":"https://api.github.com/users/mergify-kontrolix%5Bbot%5D/received_events","type":"Bot","site_admin":false},"committer":{"login":"mergify-kontrolix[bot]","id":132445501,"node_id":"BOT_kgDOB-T1PQ","avatar_url":"https://avatars.githubusercontent.com/u/40527191?v=4","gravatar_id":"","url":"https://api.github.com/users/mergify-kontrolix%5Bbot%5D","html_url":"https://github.com/apps/mergify-kontrolix","followers_url":"https://api.github.com/users/mergify-kontrolix%5Bbot%5D/followers","following_url":"https://api.github.com/users/mergify-kontrolix%5Bbot%5D/following{/other_user}","gists_url":"https://api.github.com/users/mergify-kontrolix%5Bbot%5D/gists{/gist_id}","starred_url":"https://api.github.com/users/mergify-kontrolix%5Bbot%5D/starred{/owner}{/repo}","subscriptions_url":"https://api.github.com/users/mergify-kontrolix%5Bbot%5D/subscriptions","organizations_url":"https://api.github.com/users/mergify-kontrolix%5Bbot%5D/orgs","repos_url":"https://api.github.com/users/mergify-kontrolix%5Bbot%5D/repos","events_url":"https://api.github.com/users/mergify-kontrolix%5Bbot%5D/events{/privacy}","received_events_url":"https://api.github.com/users/mergify-kontrolix%5Bbot%5D/received_events","type":"Bot","site_admin":false},"parents":[]},"_links":{"self":"https://api.github.com/repos/mergifyio-testing/functional-testing-repo-Kontrolix/branches/20230524104316/test_required_status_checks_strict_incompatibility_with_batch_size/main","html":"https://github.com/mergifyio-testing/functional-testing-repo-Kontrolix/tree/20230524104316/test_required_status_checks_strict_incompatibility_with_batch_size/main"},"protected":true,"protection":{"enabled":true,"required_status_checks":{"enforcement_level":"non_admins","contexts":[],"checks":[]}},"protection_url":"https://api.github.com/repos/mergifyio-testing/functional-testing-repo-Kontrolix/branches/20230524104316/test_required_status_checks_strict_incompatibility_with_batch_size/main/protection"}'
    headers:
      Content-Encoding:
      - gzip
      Content-Type:
      - application/json; charset=utf-8
      Transfer-Encoding:
      - chunked
      X-GitHub-Media-Type:
      - github.v3; param=machine-man-preview; format=json
      x-github-api-version-selected:
      - '2022-11-28'
    http_version: HTTP/1.1
    status_code: 200
- request:
    body: ''
    headers:
      accept:
      - application/vnd.github.luke-cage-preview+json
      host:
      - api.github.com
    method: DELETE
    uri: https://api.github.com/repos/mergifyio-testing/functional-testing-repo-Kontrolix/branches/20230524104316/test_required_status_checks_strict_incompatibility_with_batch_size/main/protection
  response:
    content: ''
    headers:
      X-Accepted-OAuth-Scopes:
      - ''
      X-GitHub-Media-Type:
      - github.v3; param=luke-cage-preview; format=json
      X-OAuth-Scopes:
      - admin:org, delete_repo, read:public_key, repo, user, workflow
      x-github-api-version-selected:
      - '2022-11-28'
    http_version: HTTP/1.1
    status_code: 204
- request:
    body: ''
    headers:
      accept:
      - application/vnd.github.machine-man-preview+json
      host:
      - api.github.com
    method: DELETE
    uri: https://api.github.com/repos/mergifyio-testing/functional-testing-repo-Kontrolix/git/refs/heads/20230524104316/test_required_status_checks_strict_incompatibility_with_batch_size/main
  response:
    content: ''
    headers:
      X-GitHub-Media-Type:
      - github.v3; param=machine-man-preview; format=json
      x-github-api-version-selected:
      - '2022-11-28'
    http_version: HTTP/1.1
    status_code: 204
- request:
    body: ''
    headers:
      accept:
      - application/vnd.github.machine-man-preview+json
      host:
      - api.github.com
    method: GET
    uri: https://api.github.com/repos/mergifyio-testing/functional-testing-repo-Kontrolix/branches/20230524104316%2Ftest_required_status_checks_strict_incompatibility_with_batch_size%2Fintegration%2Fpr1
  response:
    content: '{"name":"20230524104316/test_required_status_checks_strict_incompatibility_with_batch_size/integration/pr1","commit":{"sha":"042a697a2f8ac99298c54aaf81ee14234e09cdf6","node_id":"C_kwDOJeQVddoAKDA0MmE2OTdhMmY4YWM5OTI5OGM1NGFhZjgxZWUxNDIzNGUwOWNkZjY","commit":{"author":{"name":"Mergify","email":"132445501+mergify-kontrolix[bot]@users.noreply.github.com","date":"2023-05-24T10:43:35Z"},"committer":{"name":"Mergify","email":"132445501+mergify-kontrolix[bot]@users.noreply.github.com","date":"2023-05-24T10:43:35Z"},"message":"test_required_status_checks_strict_incompatibility_with_batch_size:
      pull request n1 from integration","tree":{"sha":"0c0291ecc8ea42653ef06aa851f833daccf138d1","url":"https://api.github.com/repos/mergifyio-testing/functional-testing-repo-Kontrolix/git/trees/0c0291ecc8ea42653ef06aa851f833daccf138d1"},"url":"https://api.github.com/repos/mergifyio-testing/functional-testing-repo-Kontrolix/git/commits/042a697a2f8ac99298c54aaf81ee14234e09cdf6","comment_count":0,"verification":{"verified":false,"reason":"unsigned","signature":null,"payload":null}},"url":"https://api.github.com/repos/mergifyio-testing/functional-testing-repo-Kontrolix/commits/042a697a2f8ac99298c54aaf81ee14234e09cdf6","html_url":"https://github.com/mergifyio-testing/functional-testing-repo-Kontrolix/commit/042a697a2f8ac99298c54aaf81ee14234e09cdf6","comments_url":"https://api.github.com/repos/mergifyio-testing/functional-testing-repo-Kontrolix/commits/042a697a2f8ac99298c54aaf81ee14234e09cdf6/comments","author":{"login":"mergify-kontrolix[bot]","id":132445501,"node_id":"BOT_kgDOB-T1PQ","avatar_url":"https://avatars.githubusercontent.com/u/40527191?v=4","gravatar_id":"","url":"https://api.github.com/users/mergify-kontrolix%5Bbot%5D","html_url":"https://github.com/apps/mergify-kontrolix","followers_url":"https://api.github.com/users/mergify-kontrolix%5Bbot%5D/followers","following_url":"https://api.github.com/users/mergify-kontrolix%5Bbot%5D/following{/other_user}","gists_url":"https://api.github.com/users/mergify-kontrolix%5Bbot%5D/gists{/gist_id}","starred_url":"https://api.github.com/users/mergify-kontrolix%5Bbot%5D/starred{/owner}{/repo}","subscriptions_url":"https://api.github.com/users/mergify-kontrolix%5Bbot%5D/subscriptions","organizations_url":"https://api.github.com/users/mergify-kontrolix%5Bbot%5D/orgs","repos_url":"https://api.github.com/users/mergify-kontrolix%5Bbot%5D/repos","events_url":"https://api.github.com/users/mergify-kontrolix%5Bbot%5D/events{/privacy}","received_events_url":"https://api.github.com/users/mergify-kontrolix%5Bbot%5D/received_events","type":"Bot","site_admin":false},"committer":{"login":"mergify-kontrolix[bot]","id":132445501,"node_id":"BOT_kgDOB-T1PQ","avatar_url":"https://avatars.githubusercontent.com/u/40527191?v=4","gravatar_id":"","url":"https://api.github.com/users/mergify-kontrolix%5Bbot%5D","html_url":"https://github.com/apps/mergify-kontrolix","followers_url":"https://api.github.com/users/mergify-kontrolix%5Bbot%5D/followers","following_url":"https://api.github.com/users/mergify-kontrolix%5Bbot%5D/following{/other_user}","gists_url":"https://api.github.com/users/mergify-kontrolix%5Bbot%5D/gists{/gist_id}","starred_url":"https://api.github.com/users/mergify-kontrolix%5Bbot%5D/starred{/owner}{/repo}","subscriptions_url":"https://api.github.com/users/mergify-kontrolix%5Bbot%5D/subscriptions","organizations_url":"https://api.github.com/users/mergify-kontrolix%5Bbot%5D/orgs","repos_url":"https://api.github.com/users/mergify-kontrolix%5Bbot%5D/repos","events_url":"https://api.github.com/users/mergify-kontrolix%5Bbot%5D/events{/privacy}","received_events_url":"https://api.github.com/users/mergify-kontrolix%5Bbot%5D/received_events","type":"Bot","site_admin":false},"parents":[{"sha":"ed3d919b2eb3d7b5d5466da04584371ff4e8e2c2","url":"https://api.github.com/repos/mergifyio-testing/functional-testing-repo-Kontrolix/commits/ed3d919b2eb3d7b5d5466da04584371ff4e8e2c2","html_url":"https://github.com/mergifyio-testing/functional-testing-repo-Kontrolix/commit/ed3d919b2eb3d7b5d5466da04584371ff4e8e2c2"}]},"_links":{"self":"https://api.github.com/repos/mergifyio-testing/functional-testing-repo-Kontrolix/branches/20230524104316/test_required_status_checks_strict_incompatibility_with_batch_size/integration/pr1","html":"https://github.com/mergifyio-testing/functional-testing-repo-Kontrolix/tree/20230524104316/test_required_status_checks_strict_incompatibility_with_batch_size/integration/pr1"},"protected":false,"protection":{"enabled":false,"required_status_checks":{"enforcement_level":"off","contexts":[],"checks":[]}},"protection_url":"https://api.github.com/repos/mergifyio-testing/functional-testing-repo-Kontrolix/branches/20230524104316/test_required_status_checks_strict_incompatibility_with_batch_size/integration/pr1/protection"}'
    headers:
      Content-Encoding:
      - gzip
      Content-Type:
      - application/json; charset=utf-8
      Transfer-Encoding:
      - chunked
      X-GitHub-Media-Type:
      - github.v3; param=machine-man-preview; format=json
      x-github-api-version-selected:
      - '2022-11-28'
    http_version: HTTP/1.1
    status_code: 200
- request:
    body: ''
    headers:
      accept:
      - application/vnd.github.machine-man-preview+json
      host:
      - api.github.com
    method: DELETE
    uri: https://api.github.com/repos/mergifyio-testing/functional-testing-repo-Kontrolix/git/refs/heads/20230524104316/test_required_status_checks_strict_incompatibility_with_batch_size/integration/pr1
  response:
    content: ''
    headers:
      X-GitHub-Media-Type:
      - github.v3; param=machine-man-preview; format=json
      x-github-api-version-selected:
      - '2022-11-28'
    http_version: HTTP/1.1
    status_code: 204
- request:
    body: whatdataisthat
    headers:
      X-Hub-Signature:
      - <SIGNATURE>
      accept:
      - '*/*'
      content-length:
      - '14'
      host:
      - test-forwarder.mergify.io
    method: DELETE
    uri: https://test-forwarder.mergify.io/events/github.com/327815/635704693/20230524104316-test_required_status_checks_strict_incompatibility_with_batch_size
  response:
    content: Event queued
    headers:
      Connection:
      - keep-alive
      Content-Length:
      - '12'
    http_version: HTTP/1.1
    status_code: 202
version: 1
