interactions:
- request:
    body: ''
    headers:
      accept:
      - application/vnd.github.machine-man-preview+json
      host:
      - api.github.com
    method: GET
    uri: https://api.github.com/user/40527191/installation
  response:
    content: '{"id":37100555,"account":{"login":"mergifyio-testing","id":40527191,"node_id":"MDEyOk9yZ2FuaXphdGlvbjQwNTI3MTkx","avatar_url":"https://avatars.githubusercontent.com/u/40527191?v=4","gravatar_id":"","url":"https://api.github.com/users/mergifyio-testing","html_url":"https://github.com/mergifyio-testing","followers_url":"https://api.github.com/users/mergifyio-testing/followers","following_url":"https://api.github.com/users/mergifyio-testing/following{/other_user}","gists_url":"https://api.github.com/users/mergifyio-testing/gists{/gist_id}","starred_url":"https://api.github.com/users/mergifyio-testing/starred{/owner}{/repo}","subscriptions_url":"https://api.github.com/users/mergifyio-testing/subscriptions","organizations_url":"https://api.github.com/users/mergifyio-testing/orgs","repos_url":"https://api.github.com/users/mergifyio-testing/repos","events_url":"https://api.github.com/users/mergifyio-testing/events{/privacy}","received_events_url":"https://api.github.com/users/mergifyio-testing/received_events","type":"Organization","site_admin":false},"repository_selection":"selected","access_tokens_url":"https://api.github.com/app/installations/37100555/access_tokens","repositories_url":"https://api.github.com/installation/repositories","html_url":"https://github.com/organizations/mergifyio-testing/settings/installations/37100555","app_id":327815,"app_slug":"mergify-kontrolix","target_id":40527191,"target_type":"Organization","permissions":{"pages":"write","checks":"write","issues":"write","members":"read","contents":"write","metadata":"read","statuses":"write","workflows":"write","pull_requests":"write","administration":"read"},"events":["check_run","check_suite","issue_comment","member","membership","organization","pull_request","pull_request_review","pull_request_review_comment","pull_request_review_thread","push","repository","status","team","team_add"],"created_at":"2023-05-03T09:24:41.000Z","updated_at":"2023-05-24T09:30:21.000Z","single_file_name":null,"has_multiple_single_files":false,"single_file_paths":[],"suspended_by":null,"suspended_at":null}'
    headers:
      Content-Encoding:
      - gzip
      Content-Type:
      - application/json; charset=utf-8
      Transfer-Encoding:
      - chunked
      X-GitHub-Media-Type:
      - github.v3; param=machine-man-preview; format=json
      x-github-api-version-selected:
      - '2022-11-28'
    http_version: HTTP/1.1
    status_code: 200
- request:
    body: ''
    headers:
      accept:
      - application/vnd.github.machine-man-preview+json
      host:
      - api.github.com
    method: GET
    uri: https://api.github.com/user
  response:
    content: '{"login":"mergify-test1","id":38494943,"node_id":"MDQ6VXNlcjM4NDk0OTQz","avatar_url":"https://avatars.githubusercontent.com/u/38494943?v=4","gravatar_id":"","url":"https://api.github.com/users/mergify-test1","html_url":"https://github.com/mergify-test1","followers_url":"https://api.github.com/users/mergify-test1/followers","following_url":"https://api.github.com/users/mergify-test1/following{/other_user}","gists_url":"https://api.github.com/users/mergify-test1/gists{/gist_id}","starred_url":"https://api.github.com/users/mergify-test1/starred{/owner}{/repo}","subscriptions_url":"https://api.github.com/users/mergify-test1/subscriptions","organizations_url":"https://api.github.com/users/mergify-test1/orgs","repos_url":"https://api.github.com/users/mergify-test1/repos","events_url":"https://api.github.com/users/mergify-test1/events{/privacy}","received_events_url":"https://api.github.com/users/mergify-test1/received_events","type":"User","site_admin":false,"name":"mergify-test-user-1","company":"@mergifyio","blog":"https://mergify.com","location":null,"email":null,"hireable":null,"bio":"This
      account is for testing purpose of the workflow of the GitHub App @mergifyio","twitter_username":"mergifyio","public_repos":1,"public_gists":0,"followers":0,"following":0,"created_at":"2018-04-18T10:42:59Z","updated_at":"2023-05-15T11:36:56Z","private_gists":0,"total_private_repos":0,"owned_private_repos":0,"disk_usage":0,"collaborators":0,"two_factor_authentication":false,"plan":{"name":"free","space":976562499,"collaborators":0,"private_repos":10000}}'
    headers:
      Content-Encoding:
      - gzip
      Content-Type:
      - application/json; charset=utf-8
      Transfer-Encoding:
      - chunked
      X-Accepted-OAuth-Scopes:
      - ''
      X-GitHub-Media-Type:
      - github.v3; param=machine-man-preview; format=json
      X-OAuth-Scopes:
      - admin:org, delete_repo, read:public_key, repo, user, workflow
      x-github-api-version-selected:
      - '2022-11-28'
    http_version: HTTP/1.1
    status_code: 200
- request:
    body: ''
    headers:
      accept:
      - application/vnd.github.machine-man-preview+json
      host:
      - api.github.com
    method: GET
    uri: https://api.github.com/user
  response:
    content: '{"login":"mergify-test2","id":38495008,"node_id":"MDQ6VXNlcjM4NDk1MDA4","avatar_url":"https://avatars.githubusercontent.com/u/38495008?v=4","gravatar_id":"","url":"https://api.github.com/users/mergify-test2","html_url":"https://github.com/mergify-test2","followers_url":"https://api.github.com/users/mergify-test2/followers","following_url":"https://api.github.com/users/mergify-test2/following{/other_user}","gists_url":"https://api.github.com/users/mergify-test2/gists{/gist_id}","starred_url":"https://api.github.com/users/mergify-test2/starred{/owner}{/repo}","subscriptions_url":"https://api.github.com/users/mergify-test2/subscriptions","organizations_url":"https://api.github.com/users/mergify-test2/orgs","repos_url":"https://api.github.com/users/mergify-test2/repos","events_url":"https://api.github.com/users/mergify-test2/events{/privacy}","received_events_url":"https://api.github.com/users/mergify-test2/received_events","type":"User","site_admin":false,"name":"mergify-test-user-2","company":"@mergifyio","blog":"https://mergify.com","location":null,"email":null,"hireable":null,"bio":"This
      account is for integration testing purpose of the workflow of the GitHub App
      @mergifyio","twitter_username":"mergifyio","public_repos":15,"public_gists":0,"followers":0,"following":0,"created_at":"2018-04-18T10:45:18Z","updated_at":"2023-05-15T11:36:56Z","private_gists":0,"total_private_repos":0,"owned_private_repos":0,"disk_usage":1355,"collaborators":0,"two_factor_authentication":false,"plan":{"name":"free","space":976562499,"collaborators":0,"private_repos":10000}}'
    headers:
      Content-Encoding:
      - gzip
      Content-Type:
      - application/json; charset=utf-8
      Transfer-Encoding:
      - chunked
      X-Accepted-OAuth-Scopes:
      - ''
      X-GitHub-Media-Type:
      - github.v3; param=machine-man-preview; format=json
      X-OAuth-Scopes:
      - delete_repo, read:org, read:user, repo, user:email, workflow
      x-github-api-version-selected:
      - '2022-11-28'
    http_version: HTTP/1.1
    status_code: 200
- request:
    body: ''
    headers:
      Authorization:
      - <TOKEN>
      accept:
      - application/vnd.github.machine-man-preview+json
      host:
      - api.github.com
    method: GET
    uri: https://api.github.com/repositories/635704693
  response:
    content: '{"id":635704693,"node_id":"R_kgDOJeQVdQ","name":"functional-testing-repo-Kontrolix","full_name":"mergifyio-testing/functional-testing-repo-Kontrolix","private":false,"owner":{"login":"mergifyio-testing","id":40527191,"node_id":"MDEyOk9yZ2FuaXphdGlvbjQwNTI3MTkx","avatar_url":"https://avatars.githubusercontent.com/u/40527191?v=4","gravatar_id":"","url":"https://api.github.com/users/mergifyio-testing","html_url":"https://github.com/mergifyio-testing","followers_url":"https://api.github.com/users/mergifyio-testing/followers","following_url":"https://api.github.com/users/mergifyio-testing/following{/other_user}","gists_url":"https://api.github.com/users/mergifyio-testing/gists{/gist_id}","starred_url":"https://api.github.com/users/mergifyio-testing/starred{/owner}{/repo}","subscriptions_url":"https://api.github.com/users/mergifyio-testing/subscriptions","organizations_url":"https://api.github.com/users/mergifyio-testing/orgs","repos_url":"https://api.github.com/users/mergifyio-testing/repos","events_url":"https://api.github.com/users/mergifyio-testing/events{/privacy}","received_events_url":"https://api.github.com/users/mergifyio-testing/received_events","type":"Organization","site_admin":false},"html_url":"https://github.com/mergifyio-testing/functional-testing-repo-Kontrolix","description":null,"fork":false,"url":"https://api.github.com/repos/mergifyio-testing/functional-testing-repo-Kontrolix","forks_url":"https://api.github.com/repos/mergifyio-testing/functional-testing-repo-Kontrolix/forks","keys_url":"https://api.github.com/repos/mergifyio-testing/functional-testing-repo-Kontrolix/keys{/key_id}","collaborators_url":"https://api.github.com/repos/mergifyio-testing/functional-testing-repo-Kontrolix/collaborators{/collaborator}","teams_url":"https://api.github.com/repos/mergifyio-testing/functional-testing-repo-Kontrolix/teams","hooks_url":"https://api.github.com/repos/mergifyio-testing/functional-testing-repo-Kontrolix/hooks","issue_events_url":"https://api.github.com/repos/mergifyio-testing/functional-testing-repo-Kontrolix/issues/events{/number}","events_url":"https://api.github.com/repos/mergifyio-testing/functional-testing-repo-Kontrolix/events","assignees_url":"https://api.github.com/repos/mergifyio-testing/functional-testing-repo-Kontrolix/assignees{/user}","branches_url":"https://api.github.com/repos/mergifyio-testing/functional-testing-repo-Kontrolix/branches{/branch}","tags_url":"https://api.github.com/repos/mergifyio-testing/functional-testing-repo-Kontrolix/tags","blobs_url":"https://api.github.com/repos/mergifyio-testing/functional-testing-repo-Kontrolix/git/blobs{/sha}","git_tags_url":"https://api.github.com/repos/mergifyio-testing/functional-testing-repo-Kontrolix/git/tags{/sha}","git_refs_url":"https://api.github.com/repos/mergifyio-testing/functional-testing-repo-Kontrolix/git/refs{/sha}","trees_url":"https://api.github.com/repos/mergifyio-testing/functional-testing-repo-Kontrolix/git/trees{/sha}","statuses_url":"https://api.github.com/repos/mergifyio-testing/functional-testing-repo-Kontrolix/statuses/{sha}","languages_url":"https://api.github.com/repos/mergifyio-testing/functional-testing-repo-Kontrolix/languages","stargazers_url":"https://api.github.com/repos/mergifyio-testing/functional-testing-repo-Kontrolix/stargazers","contributors_url":"https://api.github.com/repos/mergifyio-testing/functional-testing-repo-Kontrolix/contributors","subscribers_url":"https://api.github.com/repos/mergifyio-testing/functional-testing-repo-Kontrolix/subscribers","subscription_url":"https://api.github.com/repos/mergifyio-testing/functional-testing-repo-Kontrolix/subscription","commits_url":"https://api.github.com/repos/mergifyio-testing/functional-testing-repo-Kontrolix/commits{/sha}","git_commits_url":"https://api.github.com/repos/mergifyio-testing/functional-testing-repo-Kontrolix/git/commits{/sha}","comments_url":"https://api.github.com/repos/mergifyio-testing/functional-testing-repo-Kontrolix/comments{/number}","issue_comment_url":"https://api.github.com/repos/mergifyio-testing/functional-testing-repo-Kontrolix/issues/comments{/number}","contents_url":"https://api.github.com/repos/mergifyio-testing/functional-testing-repo-Kontrolix/contents/{+path}","compare_url":"https://api.github.com/repos/mergifyio-testing/functional-testing-repo-Kontrolix/compare/{base}...{head}","merges_url":"https://api.github.com/repos/mergifyio-testing/functional-testing-repo-Kontrolix/merges","archive_url":"https://api.github.com/repos/mergifyio-testing/functional-testing-repo-Kontrolix/{archive_format}{/ref}","downloads_url":"https://api.github.com/repos/mergifyio-testing/functional-testing-repo-Kontrolix/downloads","issues_url":"https://api.github.com/repos/mergifyio-testing/functional-testing-repo-Kontrolix/issues{/number}","pulls_url":"https://api.github.com/repos/mergifyio-testing/functional-testing-repo-Kontrolix/pulls{/number}","milestones_url":"https://api.github.com/repos/mergifyio-testing/functional-testing-repo-Kontrolix/milestones{/number}","notifications_url":"https://api.github.com/repos/mergifyio-testing/functional-testing-repo-Kontrolix/notifications{?since,all,participating}","labels_url":"https://api.github.com/repos/mergifyio-testing/functional-testing-repo-Kontrolix/labels{/name}","releases_url":"https://api.github.com/repos/mergifyio-testing/functional-testing-repo-Kontrolix/releases{/id}","deployments_url":"https://api.github.com/repos/mergifyio-testing/functional-testing-repo-Kontrolix/deployments","created_at":"2023-05-03T09:24:21Z","updated_at":"2023-05-03T09:24:22Z","pushed_at":"2023-05-24T10:08:36Z","git_url":"git://github.com/mergifyio-testing/functional-testing-repo-Kontrolix.git","ssh_url":"git@github.com:mergifyio-testing/functional-testing-repo-Kontrolix.git","clone_url":"https://github.com/mergifyio-testing/functional-testing-repo-Kontrolix.git","svn_url":"https://github.com/mergifyio-testing/functional-testing-repo-Kontrolix","homepage":null,"size":54,"stargazers_count":0,"watchers_count":0,"language":null,"has_issues":true,"has_projects":true,"has_downloads":true,"has_wiki":true,"has_pages":false,"has_discussions":false,"forks_count":1,"mirror_url":null,"archived":false,"disabled":false,"open_issues_count":10,"license":null,"allow_forking":true,"is_template":false,"web_commit_signoff_required":false,"topics":[],"visibility":"public","forks":1,"open_issues":10,"watchers":0,"default_branch":"main","permissions":{"admin":false,"maintain":false,"push":false,"triage":false,"pull":false},"temp_clone_token":"","allow_squash_merge":true,"allow_merge_commit":true,"allow_rebase_merge":true,"allow_auto_merge":false,"delete_branch_on_merge":false,"allow_update_branch":false,"use_squash_pr_title_as_default":false,"squash_merge_commit_message":"COMMIT_MESSAGES","squash_merge_commit_title":"COMMIT_OR_PR_TITLE","merge_commit_message":"PR_TITLE","merge_commit_title":"MERGE_MESSAGE","organization":{"login":"mergifyio-testing","id":40527191,"node_id":"MDEyOk9yZ2FuaXphdGlvbjQwNTI3MTkx","avatar_url":"https://avatars.githubusercontent.com/u/40527191?v=4","gravatar_id":"","url":"https://api.github.com/users/mergifyio-testing","html_url":"https://github.com/mergifyio-testing","followers_url":"https://api.github.com/users/mergifyio-testing/followers","following_url":"https://api.github.com/users/mergifyio-testing/following{/other_user}","gists_url":"https://api.github.com/users/mergifyio-testing/gists{/gist_id}","starred_url":"https://api.github.com/users/mergifyio-testing/starred{/owner}{/repo}","subscriptions_url":"https://api.github.com/users/mergifyio-testing/subscriptions","organizations_url":"https://api.github.com/users/mergifyio-testing/orgs","repos_url":"https://api.github.com/users/mergifyio-testing/repos","events_url":"https://api.github.com/users/mergifyio-testing/events{/privacy}","received_events_url":"https://api.github.com/users/mergifyio-testing/received_events","type":"Organization","site_admin":false},"security_and_analysis":{"secret_scanning":{"status":"disabled"},"secret_scanning_push_protection":{"status":"disabled"}},"network_count":1,"subscribers_count":1}'
    headers:
      Content-Encoding:
      - gzip
      Content-Type:
      - application/json; charset=utf-8
      Transfer-Encoding:
      - chunked
      X-GitHub-Media-Type:
      - github.v3; param=machine-man-preview; format=json
      x-github-api-version-selected:
      - '2022-11-28'
    http_version: HTTP/1.1
    status_code: 200
- request:
    body: whatdataisthat
    headers:
      X-Hub-Signature:
      - <SIGNATURE>
      accept:
      - '*/*'
      content-length:
      - '14'
      host:
      - test-forwarder.mergify.com
    method: DELETE
    uri: https://test-forwarder.mergify.com/events/github.com/327815/635704693/20230524100835-test_comment_template
  response:
    content: Event queued
    headers:
      Connection:
      - keep-alive
      Content-Length:
      - '12'
    http_version: HTTP/1.1
    status_code: 202
- request:
    body: whatdataisthat
    headers:
      X-Hub-Signature:
      - <SIGNATURE>
      accept:
      - '*/*'
      content-length:
      - '14'
      host:
      - test-forwarder.mergify.com
    method: GET
    uri: https://test-forwarder.mergify.com/events/github.com/327815/635704693/20230524100835-test_comment_template?counter=1
  response:
    content: '[]'
    headers:
      Connection:
      - keep-alive
      Content-Length:
      - '2'
      Content-Type:
      - application/json
    http_version: HTTP/1.1
    status_code: 200
- request:
    body: whatdataisthat
    headers:
      X-Hub-Signature:
      - <SIGNATURE>
      accept:
      - '*/*'
      content-length:
      - '14'
      host:
      - test-forwarder.mergify.com
    method: GET
    uri: https://test-forwarder.mergify.com/events/github.com/327815/635704693/20230524100835-test_comment_template?counter=2
  response:
    content: '[]'
    headers:
      Connection:
      - keep-alive
      Content-Length:
      - '2'
      Content-Type:
      - application/json
    http_version: HTTP/1.1
    status_code: 200
- request:
    body: whatdataisthat
    headers:
      X-Hub-Signature:
      - <SIGNATURE>
      accept:
      - '*/*'
      content-length:
      - '14'
      host:
      - test-forwarder.mergify.com
    method: GET
    uri: https://test-forwarder.mergify.com/events/github.com/327815/635704693/20230524100835-test_comment_template?counter=3
  response:
    content: '[]'
    headers:
      Connection:
      - keep-alive
      Content-Length:
      - '2'
      Content-Type:
      - application/json
    http_version: HTTP/1.1
    status_code: 200
- request:
    body: whatdataisthat
    headers:
      X-Hub-Signature:
      - <SIGNATURE>
      accept:
      - '*/*'
      content-length:
      - '14'
      host:
      - test-forwarder.mergify.com
    method: GET
    uri: https://test-forwarder.mergify.com/events/github.com/327815/635704693/20230524100835-test_comment_template?counter=4
  response:
    content: '[{"id":"f4c55460-fa1a-11ed-99db-e7e81be30eb5","type":"check_suite","payload":{"action":"requested","check_suite":{"id":13112785609,"node_id":"CS_kwDOJeQVdc8AAAADDZU6yQ","head_branch":"20230524100835/test_comment_template/main","head_sha":"4c4a80f5f1e6399cd2c809514c8ac8fd4610ad42","status":"queued","conclusion":null,"url":"https://api.github.com/repos/mergifyio-testing/functional-testing-repo-Kontrolix/check-suites/13112785609","before":"0000000000000000000000000000000000000000","after":"4c4a80f5f1e6399cd2c809514c8ac8fd4610ad42","pull_requests":[],"app":{"id":327815,"slug":"mergify-kontrolix","node_id":"A_kwHOAmplV84ABQCH","owner":{"login":"mergifyio-testing","id":40527191,"node_id":"MDEyOk9yZ2FuaXphdGlvbjQwNTI3MTkx","avatar_url":"https://avatars.githubusercontent.com/u/40527191?v=4","gravatar_id":"","url":"https://api.github.com/users/mergifyio-testing","html_url":"https://github.com/mergifyio-testing","followers_url":"https://api.github.com/users/mergifyio-testing/followers","following_url":"https://api.github.com/users/mergifyio-testing/following{/other_user}","gists_url":"https://api.github.com/users/mergifyio-testing/gists{/gist_id}","starred_url":"https://api.github.com/users/mergifyio-testing/starred{/owner}{/repo}","subscriptions_url":"https://api.github.com/users/mergifyio-testing/subscriptions","organizations_url":"https://api.github.com/users/mergifyio-testing/orgs","repos_url":"https://api.github.com/users/mergifyio-testing/repos","events_url":"https://api.github.com/users/mergifyio-testing/events{/privacy}","received_events_url":"https://api.github.com/users/mergifyio-testing/received_events","type":"Organization","site_admin":false},"name":"mergify-Kontrolix","description":"Mergify
      testing installation for Kontrolix","external_url":"https://mergify.com/","html_url":"https://github.com/apps/mergify-kontrolix","created_at":"2023-05-03T09:24:33Z","updated_at":"2023-05-03T09:24:33Z","permissions":{"administration":"read","checks":"write","contents":"write","emails":"read","issues":"write","members":"read","metadata":"read","pages":"write","pull_requests":"write","statuses":"write","workflows":"write"},"events":["check_run","check_suite","issue_comment","member","membership","organization","pull_request","pull_request_review","pull_request_review_comment","pull_request_review_thread","push","repository","status","team","team_add"]},"created_at":"2023-05-24T10:08:40Z","updated_at":"2023-05-24T10:08:40Z","rerequestable":true,"runs_rerequestable":true,"latest_check_runs_count":0,"check_runs_url":"https://api.github.com/repos/mergifyio-testing/functional-testing-repo-Kontrolix/check-suites/13112785609/check-runs","head_commit":{"id":"4c4a80f5f1e6399cd2c809514c8ac8fd4610ad42","tree_id":"acae828d436719a044bafb010346b6c9a4a8818b","message":"initial
      commit","timestamp":"2023-05-24T10:08:38Z","author":{"name":"Mergify","email":"132445501+mergify-kontrolix[bot]@users.noreply.github.com"},"committer":{"name":"Mergify","email":"132445501+mergify-kontrolix[bot]@users.noreply.github.com"}}},"repository":{"id":635704693,"node_id":"R_kgDOJeQVdQ","name":"functional-testing-repo-Kontrolix","full_name":"mergifyio-testing/functional-testing-repo-Kontrolix","private":false,"owner":{"login":"mergifyio-testing","id":40527191,"node_id":"MDEyOk9yZ2FuaXphdGlvbjQwNTI3MTkx","avatar_url":"https://avatars.githubusercontent.com/u/40527191?v=4","gravatar_id":"","url":"https://api.github.com/users/mergifyio-testing","html_url":"https://github.com/mergifyio-testing","followers_url":"https://api.github.com/users/mergifyio-testing/followers","following_url":"https://api.github.com/users/mergifyio-testing/following{/other_user}","gists_url":"https://api.github.com/users/mergifyio-testing/gists{/gist_id}","starred_url":"https://api.github.com/users/mergifyio-testing/starred{/owner}{/repo}","subscriptions_url":"https://api.github.com/users/mergifyio-testing/subscriptions","organizations_url":"https://api.github.com/users/mergifyio-testing/orgs","repos_url":"https://api.github.com/users/mergifyio-testing/repos","events_url":"https://api.github.com/users/mergifyio-testing/events{/privacy}","received_events_url":"https://api.github.com/users/mergifyio-testing/received_events","type":"Organization","site_admin":false},"html_url":"https://github.com/mergifyio-testing/functional-testing-repo-Kontrolix","description":null,"fork":false,"url":"https://api.github.com/repos/mergifyio-testing/functional-testing-repo-Kontrolix","forks_url":"https://api.github.com/repos/mergifyio-testing/functional-testing-repo-Kontrolix/forks","keys_url":"https://api.github.com/repos/mergifyio-testing/functional-testing-repo-Kontrolix/keys{/key_id}","collaborators_url":"https://api.github.com/repos/mergifyio-testing/functional-testing-repo-Kontrolix/collaborators{/collaborator}","teams_url":"https://api.github.com/repos/mergifyio-testing/functional-testing-repo-Kontrolix/teams","hooks_url":"https://api.github.com/repos/mergifyio-testing/functional-testing-repo-Kontrolix/hooks","issue_events_url":"https://api.github.com/repos/mergifyio-testing/functional-testing-repo-Kontrolix/issues/events{/number}","events_url":"https://api.github.com/repos/mergifyio-testing/functional-testing-repo-Kontrolix/events","assignees_url":"https://api.github.com/repos/mergifyio-testing/functional-testing-repo-Kontrolix/assignees{/user}","branches_url":"https://api.github.com/repos/mergifyio-testing/functional-testing-repo-Kontrolix/branches{/branch}","tags_url":"https://api.github.com/repos/mergifyio-testing/functional-testing-repo-Kontrolix/tags","blobs_url":"https://api.github.com/repos/mergifyio-testing/functional-testing-repo-Kontrolix/git/blobs{/sha}","git_tags_url":"https://api.github.com/repos/mergifyio-testing/functional-testing-repo-Kontrolix/git/tags{/sha}","git_refs_url":"https://api.github.com/repos/mergifyio-testing/functional-testing-repo-Kontrolix/git/refs{/sha}","trees_url":"https://api.github.com/repos/mergifyio-testing/functional-testing-repo-Kontrolix/git/trees{/sha}","statuses_url":"https://api.github.com/repos/mergifyio-testing/functional-testing-repo-Kontrolix/statuses/{sha}","languages_url":"https://api.github.com/repos/mergifyio-testing/functional-testing-repo-Kontrolix/languages","stargazers_url":"https://api.github.com/repos/mergifyio-testing/functional-testing-repo-Kontrolix/stargazers","contributors_url":"https://api.github.com/repos/mergifyio-testing/functional-testing-repo-Kontrolix/contributors","subscribers_url":"https://api.github.com/repos/mergifyio-testing/functional-testing-repo-Kontrolix/subscribers","subscription_url":"https://api.github.com/repos/mergifyio-testing/functional-testing-repo-Kontrolix/subscription","commits_url":"https://api.github.com/repos/mergifyio-testing/functional-testing-repo-Kontrolix/commits{/sha}","git_commits_url":"https://api.github.com/repos/mergifyio-testing/functional-testing-repo-Kontrolix/git/commits{/sha}","comments_url":"https://api.github.com/repos/mergifyio-testing/functional-testing-repo-Kontrolix/comments{/number}","issue_comment_url":"https://api.github.com/repos/mergifyio-testing/functional-testing-repo-Kontrolix/issues/comments{/number}","contents_url":"https://api.github.com/repos/mergifyio-testing/functional-testing-repo-Kontrolix/contents/{+path}","compare_url":"https://api.github.com/repos/mergifyio-testing/functional-testing-repo-Kontrolix/compare/{base}...{head}","merges_url":"https://api.github.com/repos/mergifyio-testing/functional-testing-repo-Kontrolix/merges","archive_url":"https://api.github.com/repos/mergifyio-testing/functional-testing-repo-Kontrolix/{archive_format}{/ref}","downloads_url":"https://api.github.com/repos/mergifyio-testing/functional-testing-repo-Kontrolix/downloads","issues_url":"https://api.github.com/repos/mergifyio-testing/functional-testing-repo-Kontrolix/issues{/number}","pulls_url":"https://api.github.com/repos/mergifyio-testing/functional-testing-repo-Kontrolix/pulls{/number}","milestones_url":"https://api.github.com/repos/mergifyio-testing/functional-testing-repo-Kontrolix/milestones{/number}","notifications_url":"https://api.github.com/repos/mergifyio-testing/functional-testing-repo-Kontrolix/notifications{?since,all,participating}","labels_url":"https://api.github.com/repos/mergifyio-testing/functional-testing-repo-Kontrolix/labels{/name}","releases_url":"https://api.github.com/repos/mergifyio-testing/functional-testing-repo-Kontrolix/releases{/id}","deployments_url":"https://api.github.com/repos/mergifyio-testing/functional-testing-repo-Kontrolix/deployments","created_at":"2023-05-03T09:24:21Z","updated_at":"2023-05-03T09:24:22Z","pushed_at":"2023-05-24T10:08:39Z","git_url":"git://github.com/mergifyio-testing/functional-testing-repo-Kontrolix.git","ssh_url":"git@github.com:mergifyio-testing/functional-testing-repo-Kontrolix.git","clone_url":"https://github.com/mergifyio-testing/functional-testing-repo-Kontrolix.git","svn_url":"https://github.com/mergifyio-testing/functional-testing-repo-Kontrolix","homepage":null,"size":54,"stargazers_count":0,"watchers_count":0,"language":null,"has_issues":true,"has_projects":true,"has_downloads":true,"has_wiki":true,"has_pages":false,"has_discussions":false,"forks_count":1,"mirror_url":null,"archived":false,"disabled":false,"open_issues_count":11,"license":null,"allow_forking":true,"is_template":false,"web_commit_signoff_required":false,"topics":[],"visibility":"public","forks":1,"open_issues":11,"watchers":0,"default_branch":"main"},"organization":{"login":"mergifyio-testing","id":40527191,"node_id":"MDEyOk9yZ2FuaXphdGlvbjQwNTI3MTkx","url":"https://api.github.com/orgs/mergifyio-testing","repos_url":"https://api.github.com/orgs/mergifyio-testing/repos","events_url":"https://api.github.com/orgs/mergifyio-testing/events","hooks_url":"https://api.github.com/orgs/mergifyio-testing/hooks","issues_url":"https://api.github.com/orgs/mergifyio-testing/issues","members_url":"https://api.github.com/orgs/mergifyio-testing/members{/member}","public_members_url":"https://api.github.com/orgs/mergifyio-testing/public_members{/member}","avatar_url":"https://avatars.githubusercontent.com/u/40527191?v=4","description":"This
      account is for testing purpose of the workflow of the GitHub App @Mergifyio"},"sender":{"login":"mergify-test1","id":38494943,"node_id":"MDQ6VXNlcjM4NDk0OTQz","avatar_url":"https://avatars.githubusercontent.com/u/38494943?v=4","gravatar_id":"","url":"https://api.github.com/users/mergify-test1","html_url":"https://github.com/mergify-test1","followers_url":"https://api.github.com/users/mergify-test1/followers","following_url":"https://api.github.com/users/mergify-test1/following{/other_user}","gists_url":"https://api.github.com/users/mergify-test1/gists{/gist_id}","starred_url":"https://api.github.com/users/mergify-test1/starred{/owner}{/repo}","subscriptions_url":"https://api.github.com/users/mergify-test1/subscriptions","organizations_url":"https://api.github.com/users/mergify-test1/orgs","repos_url":"https://api.github.com/users/mergify-test1/repos","events_url":"https://api.github.com/users/mergify-test1/events{/privacy}","received_events_url":"https://api.github.com/users/mergify-test1/received_events","type":"User","site_admin":false},"installation":{"id":37100555,"node_id":"MDIzOkludGVncmF0aW9uSW5zdGFsbGF0aW9uMzcxMDA1NTU="}}}]'
    headers:
      Connection:
      - keep-alive
      Content-Length:
      - '11318'
      Content-Type:
      - application/json
    http_version: HTTP/1.1
    status_code: 200
- request:
    body: whatdataisthat
    headers:
      X-Hub-Signature:
      - <SIGNATURE>
      accept:
      - '*/*'
      content-length:
      - '14'
      host:
      - test-forwarder.mergify.com
    method: GET
    uri: https://test-forwarder.mergify.com/events/github.com/327815/635704693/20230524100835-test_comment_template?counter=5
  response:
    content: '[{"id":"f4ee33da-fa1a-11ed-9a44-b983af74cfdd","type":"push","payload":{"ref":"refs/heads/20230524100835/test_comment_template/main","before":"0000000000000000000000000000000000000000","after":"4c4a80f5f1e6399cd2c809514c8ac8fd4610ad42","repository":{"id":635704693,"node_id":"R_kgDOJeQVdQ","name":"functional-testing-repo-Kontrolix","full_name":"mergifyio-testing/functional-testing-repo-Kontrolix","private":false,"owner":{"name":"mergifyio-testing","email":null,"login":"mergifyio-testing","id":40527191,"node_id":"MDEyOk9yZ2FuaXphdGlvbjQwNTI3MTkx","avatar_url":"https://avatars.githubusercontent.com/u/40527191?v=4","gravatar_id":"","url":"https://api.github.com/users/mergifyio-testing","html_url":"https://github.com/mergifyio-testing","followers_url":"https://api.github.com/users/mergifyio-testing/followers","following_url":"https://api.github.com/users/mergifyio-testing/following{/other_user}","gists_url":"https://api.github.com/users/mergifyio-testing/gists{/gist_id}","starred_url":"https://api.github.com/users/mergifyio-testing/starred{/owner}{/repo}","subscriptions_url":"https://api.github.com/users/mergifyio-testing/subscriptions","organizations_url":"https://api.github.com/users/mergifyio-testing/orgs","repos_url":"https://api.github.com/users/mergifyio-testing/repos","events_url":"https://api.github.com/users/mergifyio-testing/events{/privacy}","received_events_url":"https://api.github.com/users/mergifyio-testing/received_events","type":"Organization","site_admin":false},"html_url":"https://github.com/mergifyio-testing/functional-testing-repo-Kontrolix","description":null,"fork":false,"url":"https://github.com/mergifyio-testing/functional-testing-repo-Kontrolix","forks_url":"https://api.github.com/repos/mergifyio-testing/functional-testing-repo-Kontrolix/forks","keys_url":"https://api.github.com/repos/mergifyio-testing/functional-testing-repo-Kontrolix/keys{/key_id}","collaborators_url":"https://api.github.com/repos/mergifyio-testing/functional-testing-repo-Kontrolix/collaborators{/collaborator}","teams_url":"https://api.github.com/repos/mergifyio-testing/functional-testing-repo-Kontrolix/teams","hooks_url":"https://api.github.com/repos/mergifyio-testing/functional-testing-repo-Kontrolix/hooks","issue_events_url":"https://api.github.com/repos/mergifyio-testing/functional-testing-repo-Kontrolix/issues/events{/number}","events_url":"https://api.github.com/repos/mergifyio-testing/functional-testing-repo-Kontrolix/events","assignees_url":"https://api.github.com/repos/mergifyio-testing/functional-testing-repo-Kontrolix/assignees{/user}","branches_url":"https://api.github.com/repos/mergifyio-testing/functional-testing-repo-Kontrolix/branches{/branch}","tags_url":"https://api.github.com/repos/mergifyio-testing/functional-testing-repo-Kontrolix/tags","blobs_url":"https://api.github.com/repos/mergifyio-testing/functional-testing-repo-Kontrolix/git/blobs{/sha}","git_tags_url":"https://api.github.com/repos/mergifyio-testing/functional-testing-repo-Kontrolix/git/tags{/sha}","git_refs_url":"https://api.github.com/repos/mergifyio-testing/functional-testing-repo-Kontrolix/git/refs{/sha}","trees_url":"https://api.github.com/repos/mergifyio-testing/functional-testing-repo-Kontrolix/git/trees{/sha}","statuses_url":"https://api.github.com/repos/mergifyio-testing/functional-testing-repo-Kontrolix/statuses/{sha}","languages_url":"https://api.github.com/repos/mergifyio-testing/functional-testing-repo-Kontrolix/languages","stargazers_url":"https://api.github.com/repos/mergifyio-testing/functional-testing-repo-Kontrolix/stargazers","contributors_url":"https://api.github.com/repos/mergifyio-testing/functional-testing-repo-Kontrolix/contributors","subscribers_url":"https://api.github.com/repos/mergifyio-testing/functional-testing-repo-Kontrolix/subscribers","subscription_url":"https://api.github.com/repos/mergifyio-testing/functional-testing-repo-Kontrolix/subscription","commits_url":"https://api.github.com/repos/mergifyio-testing/functional-testing-repo-Kontrolix/commits{/sha}","git_commits_url":"https://api.github.com/repos/mergifyio-testing/functional-testing-repo-Kontrolix/git/commits{/sha}","comments_url":"https://api.github.com/repos/mergifyio-testing/functional-testing-repo-Kontrolix/comments{/number}","issue_comment_url":"https://api.github.com/repos/mergifyio-testing/functional-testing-repo-Kontrolix/issues/comments{/number}","contents_url":"https://api.github.com/repos/mergifyio-testing/functional-testing-repo-Kontrolix/contents/{+path}","compare_url":"https://api.github.com/repos/mergifyio-testing/functional-testing-repo-Kontrolix/compare/{base}...{head}","merges_url":"https://api.github.com/repos/mergifyio-testing/functional-testing-repo-Kontrolix/merges","archive_url":"https://api.github.com/repos/mergifyio-testing/functional-testing-repo-Kontrolix/{archive_format}{/ref}","downloads_url":"https://api.github.com/repos/mergifyio-testing/functional-testing-repo-Kontrolix/downloads","issues_url":"https://api.github.com/repos/mergifyio-testing/functional-testing-repo-Kontrolix/issues{/number}","pulls_url":"https://api.github.com/repos/mergifyio-testing/functional-testing-repo-Kontrolix/pulls{/number}","milestones_url":"https://api.github.com/repos/mergifyio-testing/functional-testing-repo-Kontrolix/milestones{/number}","notifications_url":"https://api.github.com/repos/mergifyio-testing/functional-testing-repo-Kontrolix/notifications{?since,all,participating}","labels_url":"https://api.github.com/repos/mergifyio-testing/functional-testing-repo-Kontrolix/labels{/name}","releases_url":"https://api.github.com/repos/mergifyio-testing/functional-testing-repo-Kontrolix/releases{/id}","deployments_url":"https://api.github.com/repos/mergifyio-testing/functional-testing-repo-Kontrolix/deployments","created_at":1683105861,"updated_at":"2023-05-03T09:24:22Z","pushed_at":1684922919,"git_url":"git://github.com/mergifyio-testing/functional-testing-repo-Kontrolix.git","ssh_url":"git@github.com:mergifyio-testing/functional-testing-repo-Kontrolix.git","clone_url":"https://github.com/mergifyio-testing/functional-testing-repo-Kontrolix.git","svn_url":"https://github.com/mergifyio-testing/functional-testing-repo-Kontrolix","homepage":null,"size":54,"stargazers_count":0,"watchers_count":0,"language":null,"has_issues":true,"has_projects":true,"has_downloads":true,"has_wiki":true,"has_pages":false,"has_discussions":false,"forks_count":1,"mirror_url":null,"archived":false,"disabled":false,"open_issues_count":11,"license":null,"allow_forking":true,"is_template":false,"web_commit_signoff_required":false,"topics":[],"visibility":"public","forks":1,"open_issues":11,"watchers":0,"default_branch":"main","stargazers":0,"master_branch":"main","organization":"mergifyio-testing"},"pusher":{"name":"mergify-test1","email":"38494943+mergify-test1@users.noreply.github.com"},"organization":{"login":"mergifyio-testing","id":40527191,"node_id":"MDEyOk9yZ2FuaXphdGlvbjQwNTI3MTkx","url":"https://api.github.com/orgs/mergifyio-testing","repos_url":"https://api.github.com/orgs/mergifyio-testing/repos","events_url":"https://api.github.com/orgs/mergifyio-testing/events","hooks_url":"https://api.github.com/orgs/mergifyio-testing/hooks","issues_url":"https://api.github.com/orgs/mergifyio-testing/issues","members_url":"https://api.github.com/orgs/mergifyio-testing/members{/member}","public_members_url":"https://api.github.com/orgs/mergifyio-testing/public_members{/member}","avatar_url":"https://avatars.githubusercontent.com/u/40527191?v=4","description":"This
      account is for testing purpose of the workflow of the GitHub App @Mergifyio"},"sender":{"login":"mergify-test1","id":38494943,"node_id":"MDQ6VXNlcjM4NDk0OTQz","avatar_url":"https://avatars.githubusercontent.com/u/38494943?v=4","gravatar_id":"","url":"https://api.github.com/users/mergify-test1","html_url":"https://github.com/mergify-test1","followers_url":"https://api.github.com/users/mergify-test1/followers","following_url":"https://api.github.com/users/mergify-test1/following{/other_user}","gists_url":"https://api.github.com/users/mergify-test1/gists{/gist_id}","starred_url":"https://api.github.com/users/mergify-test1/starred{/owner}{/repo}","subscriptions_url":"https://api.github.com/users/mergify-test1/subscriptions","organizations_url":"https://api.github.com/users/mergify-test1/orgs","repos_url":"https://api.github.com/users/mergify-test1/repos","events_url":"https://api.github.com/users/mergify-test1/events{/privacy}","received_events_url":"https://api.github.com/users/mergify-test1/received_events","type":"User","site_admin":false},"installation":{"id":37100555,"node_id":"MDIzOkludGVncmF0aW9uSW5zdGFsbGF0aW9uMzcxMDA1NTU="},"created":true,"deleted":false,"forced":false,"base_ref":null,"compare":"https://github.com/mergifyio-testing/functional-testing-repo-Kontrolix/commit/4c4a80f5f1e6","commits":[{"id":"4c4a80f5f1e6399cd2c809514c8ac8fd4610ad42","tree_id":"acae828d436719a044bafb010346b6c9a4a8818b","distinct":true,"message":"initial
      commit","timestamp":"2023-05-24T12:08:38+02:00","url":"https://github.com/mergifyio-testing/functional-testing-repo-Kontrolix/commit/4c4a80f5f1e6399cd2c809514c8ac8fd4610ad42","author":{"name":"Mergify","email":"132445501+mergify-kontrolix[bot]@users.noreply.github.com","username":"mergify-kontrolix[bot]"},"committer":{"name":"Mergify","email":"132445501+mergify-kontrolix[bot]@users.noreply.github.com","username":"mergify-kontrolix[bot]"},"added":[".mergify.yml"],"removed":[],"modified":[]}],"head_commit":{"id":"4c4a80f5f1e6399cd2c809514c8ac8fd4610ad42","tree_id":"acae828d436719a044bafb010346b6c9a4a8818b","distinct":true,"message":"initial
      commit","timestamp":"2023-05-24T12:08:38+02:00","url":"https://github.com/mergifyio-testing/functional-testing-repo-Kontrolix/commit/4c4a80f5f1e6399cd2c809514c8ac8fd4610ad42","author":{"name":"Mergify","email":"132445501+mergify-kontrolix[bot]@users.noreply.github.com","username":"mergify-kontrolix[bot]"},"committer":{"name":"Mergify","email":"132445501+mergify-kontrolix[bot]@users.noreply.github.com","username":"mergify-kontrolix[bot]"},"added":[".mergify.yml"],"removed":[],"modified":[]}}}]'
    headers:
      Connection:
      - keep-alive
      Content-Length:
      - '10139'
      Content-Type:
      - application/json
    http_version: HTTP/1.1
    status_code: 200
- request:
    body: whatdataisthat
    headers:
      X-Hub-Signature:
      - <SIGNATURE>
      accept:
      - '*/*'
      content-length:
      - '14'
      host:
      - test-forwarder.mergify.com
    method: GET
    uri: https://test-forwarder.mergify.com/events/github.com/327815/635704693/20230524100835-test_comment_template?counter=6
  response:
    content: '[]'
    headers:
      Connection:
      - keep-alive
      Content-Length:
      - '2'
      Content-Type:
      - application/json
    http_version: HTTP/1.1
    status_code: 200
- request:
    body: whatdataisthat
    headers:
      X-Hub-Signature:
      - <SIGNATURE>
      accept:
      - '*/*'
      content-length:
      - '14'
      host:
      - test-forwarder.mergify.com
    method: GET
    uri: https://test-forwarder.mergify.com/events/github.com/327815/635704693/20230524100835-test_comment_template?counter=7
  response:
    content: '[]'
    headers:
      Connection:
      - keep-alive
      Content-Length:
      - '2'
      Content-Type:
      - application/json
    http_version: HTTP/1.1
    status_code: 200
- request:
    body: whatdataisthat
    headers:
      X-Hub-Signature:
      - <SIGNATURE>
      accept:
      - '*/*'
      content-length:
      - '14'
      host:
      - test-forwarder.mergify.com
    method: GET
    uri: https://test-forwarder.mergify.com/events/github.com/327815/635704693/20230524100835-test_comment_template?counter=8
  response:
    content: '[]'
    headers:
      Connection:
      - keep-alive
      Content-Length:
      - '2'
      Content-Type:
      - application/json
    http_version: HTTP/1.1
    status_code: 200
- request:
    body: whatdataisthat
    headers:
      X-Hub-Signature:
      - <SIGNATURE>
      accept:
      - '*/*'
      content-length:
      - '14'
      host:
      - test-forwarder.mergify.com
    method: GET
    uri: https://test-forwarder.mergify.com/events/github.com/327815/635704693/20230524100835-test_comment_template?counter=9
  response:
    content: '[{"id":"f63c3cf0-fa1a-11ed-8f36-822e4e2da137","type":"check_suite","payload":{"action":"requested","check_suite":{"id":13112786665,"node_id":"CS_kwDOJeQVdc8AAAADDZU-6Q","head_branch":"20230524100835/test_comment_template/integration/pr1","head_sha":"80dcbcc1407c3cdb9999b624e8105008dfdbad9c","status":"queued","conclusion":null,"url":"https://api.github.com/repos/mergifyio-testing/functional-testing-repo-Kontrolix/check-suites/13112786665","before":"0000000000000000000000000000000000000000","after":"80dcbcc1407c3cdb9999b624e8105008dfdbad9c","pull_requests":[],"app":{"id":327815,"slug":"mergify-kontrolix","node_id":"A_kwHOAmplV84ABQCH","owner":{"login":"mergifyio-testing","id":40527191,"node_id":"MDEyOk9yZ2FuaXphdGlvbjQwNTI3MTkx","avatar_url":"https://avatars.githubusercontent.com/u/40527191?v=4","gravatar_id":"","url":"https://api.github.com/users/mergifyio-testing","html_url":"https://github.com/mergifyio-testing","followers_url":"https://api.github.com/users/mergifyio-testing/followers","following_url":"https://api.github.com/users/mergifyio-testing/following{/other_user}","gists_url":"https://api.github.com/users/mergifyio-testing/gists{/gist_id}","starred_url":"https://api.github.com/users/mergifyio-testing/starred{/owner}{/repo}","subscriptions_url":"https://api.github.com/users/mergifyio-testing/subscriptions","organizations_url":"https://api.github.com/users/mergifyio-testing/orgs","repos_url":"https://api.github.com/users/mergifyio-testing/repos","events_url":"https://api.github.com/users/mergifyio-testing/events{/privacy}","received_events_url":"https://api.github.com/users/mergifyio-testing/received_events","type":"Organization","site_admin":false},"name":"mergify-Kontrolix","description":"Mergify
      testing installation for Kontrolix","external_url":"https://mergify.com/","html_url":"https://github.com/apps/mergify-kontrolix","created_at":"2023-05-03T09:24:33Z","updated_at":"2023-05-03T09:24:33Z","permissions":{"administration":"read","checks":"write","contents":"write","emails":"read","issues":"write","members":"read","metadata":"read","pages":"write","pull_requests":"write","statuses":"write","workflows":"write"},"events":["check_run","check_suite","issue_comment","member","membership","organization","pull_request","pull_request_review","pull_request_review_comment","pull_request_review_thread","push","repository","status","team","team_add"]},"created_at":"2023-05-24T10:08:42Z","updated_at":"2023-05-24T10:08:42Z","rerequestable":true,"runs_rerequestable":true,"latest_check_runs_count":0,"check_runs_url":"https://api.github.com/repos/mergifyio-testing/functional-testing-repo-Kontrolix/check-suites/13112786665/check-runs","head_commit":{"id":"80dcbcc1407c3cdb9999b624e8105008dfdbad9c","tree_id":"5daaa031f2e3c771400fc6d3ba0669247411a0aa","message":"test_comment_template:
      pull request n1 from integration","timestamp":"2023-05-24T10:08:41Z","author":{"name":"Mergify","email":"132445501+mergify-kontrolix[bot]@users.noreply.github.com"},"committer":{"name":"Mergify","email":"132445501+mergify-kontrolix[bot]@users.noreply.github.com"}}},"repository":{"id":635704693,"node_id":"R_kgDOJeQVdQ","name":"functional-testing-repo-Kontrolix","full_name":"mergifyio-testing/functional-testing-repo-Kontrolix","private":false,"owner":{"login":"mergifyio-testing","id":40527191,"node_id":"MDEyOk9yZ2FuaXphdGlvbjQwNTI3MTkx","avatar_url":"https://avatars.githubusercontent.com/u/40527191?v=4","gravatar_id":"","url":"https://api.github.com/users/mergifyio-testing","html_url":"https://github.com/mergifyio-testing","followers_url":"https://api.github.com/users/mergifyio-testing/followers","following_url":"https://api.github.com/users/mergifyio-testing/following{/other_user}","gists_url":"https://api.github.com/users/mergifyio-testing/gists{/gist_id}","starred_url":"https://api.github.com/users/mergifyio-testing/starred{/owner}{/repo}","subscriptions_url":"https://api.github.com/users/mergifyio-testing/subscriptions","organizations_url":"https://api.github.com/users/mergifyio-testing/orgs","repos_url":"https://api.github.com/users/mergifyio-testing/repos","events_url":"https://api.github.com/users/mergifyio-testing/events{/privacy}","received_events_url":"https://api.github.com/users/mergifyio-testing/received_events","type":"Organization","site_admin":false},"html_url":"https://github.com/mergifyio-testing/functional-testing-repo-Kontrolix","description":null,"fork":false,"url":"https://api.github.com/repos/mergifyio-testing/functional-testing-repo-Kontrolix","forks_url":"https://api.github.com/repos/mergifyio-testing/functional-testing-repo-Kontrolix/forks","keys_url":"https://api.github.com/repos/mergifyio-testing/functional-testing-repo-Kontrolix/keys{/key_id}","collaborators_url":"https://api.github.com/repos/mergifyio-testing/functional-testing-repo-Kontrolix/collaborators{/collaborator}","teams_url":"https://api.github.com/repos/mergifyio-testing/functional-testing-repo-Kontrolix/teams","hooks_url":"https://api.github.com/repos/mergifyio-testing/functional-testing-repo-Kontrolix/hooks","issue_events_url":"https://api.github.com/repos/mergifyio-testing/functional-testing-repo-Kontrolix/issues/events{/number}","events_url":"https://api.github.com/repos/mergifyio-testing/functional-testing-repo-Kontrolix/events","assignees_url":"https://api.github.com/repos/mergifyio-testing/functional-testing-repo-Kontrolix/assignees{/user}","branches_url":"https://api.github.com/repos/mergifyio-testing/functional-testing-repo-Kontrolix/branches{/branch}","tags_url":"https://api.github.com/repos/mergifyio-testing/functional-testing-repo-Kontrolix/tags","blobs_url":"https://api.github.com/repos/mergifyio-testing/functional-testing-repo-Kontrolix/git/blobs{/sha}","git_tags_url":"https://api.github.com/repos/mergifyio-testing/functional-testing-repo-Kontrolix/git/tags{/sha}","git_refs_url":"https://api.github.com/repos/mergifyio-testing/functional-testing-repo-Kontrolix/git/refs{/sha}","trees_url":"https://api.github.com/repos/mergifyio-testing/functional-testing-repo-Kontrolix/git/trees{/sha}","statuses_url":"https://api.github.com/repos/mergifyio-testing/functional-testing-repo-Kontrolix/statuses/{sha}","languages_url":"https://api.github.com/repos/mergifyio-testing/functional-testing-repo-Kontrolix/languages","stargazers_url":"https://api.github.com/repos/mergifyio-testing/functional-testing-repo-Kontrolix/stargazers","contributors_url":"https://api.github.com/repos/mergifyio-testing/functional-testing-repo-Kontrolix/contributors","subscribers_url":"https://api.github.com/repos/mergifyio-testing/functional-testing-repo-Kontrolix/subscribers","subscription_url":"https://api.github.com/repos/mergifyio-testing/functional-testing-repo-Kontrolix/subscription","commits_url":"https://api.github.com/repos/mergifyio-testing/functional-testing-repo-Kontrolix/commits{/sha}","git_commits_url":"https://api.github.com/repos/mergifyio-testing/functional-testing-repo-Kontrolix/git/commits{/sha}","comments_url":"https://api.github.com/repos/mergifyio-testing/functional-testing-repo-Kontrolix/comments{/number}","issue_comment_url":"https://api.github.com/repos/mergifyio-testing/functional-testing-repo-Kontrolix/issues/comments{/number}","contents_url":"https://api.github.com/repos/mergifyio-testing/functional-testing-repo-Kontrolix/contents/{+path}","compare_url":"https://api.github.com/repos/mergifyio-testing/functional-testing-repo-Kontrolix/compare/{base}...{head}","merges_url":"https://api.github.com/repos/mergifyio-testing/functional-testing-repo-Kontrolix/merges","archive_url":"https://api.github.com/repos/mergifyio-testing/functional-testing-repo-Kontrolix/{archive_format}{/ref}","downloads_url":"https://api.github.com/repos/mergifyio-testing/functional-testing-repo-Kontrolix/downloads","issues_url":"https://api.github.com/repos/mergifyio-testing/functional-testing-repo-Kontrolix/issues{/number}","pulls_url":"https://api.github.com/repos/mergifyio-testing/functional-testing-repo-Kontrolix/pulls{/number}","milestones_url":"https://api.github.com/repos/mergifyio-testing/functional-testing-repo-Kontrolix/milestones{/number}","notifications_url":"https://api.github.com/repos/mergifyio-testing/functional-testing-repo-Kontrolix/notifications{?since,all,participating}","labels_url":"https://api.github.com/repos/mergifyio-testing/functional-testing-repo-Kontrolix/labels{/name}","releases_url":"https://api.github.com/repos/mergifyio-testing/functional-testing-repo-Kontrolix/releases{/id}","deployments_url":"https://api.github.com/repos/mergifyio-testing/functional-testing-repo-Kontrolix/deployments","created_at":"2023-05-03T09:24:21Z","updated_at":"2023-05-03T09:24:22Z","pushed_at":"2023-05-24T10:08:41Z","git_url":"git://github.com/mergifyio-testing/functional-testing-repo-Kontrolix.git","ssh_url":"git@github.com:mergifyio-testing/functional-testing-repo-Kontrolix.git","clone_url":"https://github.com/mergifyio-testing/functional-testing-repo-Kontrolix.git","svn_url":"https://github.com/mergifyio-testing/functional-testing-repo-Kontrolix","homepage":null,"size":54,"stargazers_count":0,"watchers_count":0,"language":null,"has_issues":true,"has_projects":true,"has_downloads":true,"has_wiki":true,"has_pages":false,"has_discussions":false,"forks_count":1,"mirror_url":null,"archived":false,"disabled":false,"open_issues_count":11,"license":null,"allow_forking":true,"is_template":false,"web_commit_signoff_required":false,"topics":[],"visibility":"public","forks":1,"open_issues":11,"watchers":0,"default_branch":"main"},"organization":{"login":"mergifyio-testing","id":40527191,"node_id":"MDEyOk9yZ2FuaXphdGlvbjQwNTI3MTkx","url":"https://api.github.com/orgs/mergifyio-testing","repos_url":"https://api.github.com/orgs/mergifyio-testing/repos","events_url":"https://api.github.com/orgs/mergifyio-testing/events","hooks_url":"https://api.github.com/orgs/mergifyio-testing/hooks","issues_url":"https://api.github.com/orgs/mergifyio-testing/issues","members_url":"https://api.github.com/orgs/mergifyio-testing/members{/member}","public_members_url":"https://api.github.com/orgs/mergifyio-testing/public_members{/member}","avatar_url":"https://avatars.githubusercontent.com/u/40527191?v=4","description":"This
      account is for testing purpose of the workflow of the GitHub App @Mergifyio"},"sender":{"login":"mergify-test1","id":38494943,"node_id":"MDQ6VXNlcjM4NDk0OTQz","avatar_url":"https://avatars.githubusercontent.com/u/38494943?v=4","gravatar_id":"","url":"https://api.github.com/users/mergify-test1","html_url":"https://github.com/mergify-test1","followers_url":"https://api.github.com/users/mergify-test1/followers","following_url":"https://api.github.com/users/mergify-test1/following{/other_user}","gists_url":"https://api.github.com/users/mergify-test1/gists{/gist_id}","starred_url":"https://api.github.com/users/mergify-test1/starred{/owner}{/repo}","subscriptions_url":"https://api.github.com/users/mergify-test1/subscriptions","organizations_url":"https://api.github.com/users/mergify-test1/orgs","repos_url":"https://api.github.com/users/mergify-test1/repos","events_url":"https://api.github.com/users/mergify-test1/events{/privacy}","received_events_url":"https://api.github.com/users/mergify-test1/received_events","type":"User","site_admin":false},"installation":{"id":37100555,"node_id":"MDIzOkludGVncmF0aW9uSW5zdGFsbGF0aW9uMzcxMDA1NTU="}}}]'
    headers:
      Connection:
      - keep-alive
      Content-Length:
      - '11370'
      Content-Type:
      - application/json
    http_version: HTTP/1.1
    status_code: 200
- request:
    body: whatdataisthat
    headers:
      X-Hub-Signature:
      - <SIGNATURE>
      accept:
      - '*/*'
      content-length:
      - '14'
      host:
      - test-forwarder.mergify.com
    method: GET
    uri: https://test-forwarder.mergify.com/events/github.com/327815/635704693/20230524100835-test_comment_template?counter=10
  response:
    content: '[]'
    headers:
      Connection:
      - keep-alive
      Content-Length:
      - '2'
      Content-Type:
      - application/json
    http_version: HTTP/1.1
    status_code: 200
- request:
    body: whatdataisthat
    headers:
      X-Hub-Signature:
      - <SIGNATURE>
      accept:
      - '*/*'
      content-length:
      - '14'
      host:
      - test-forwarder.mergify.com
    method: GET
    uri: https://test-forwarder.mergify.com/events/github.com/327815/635704693/20230524100835-test_comment_template?counter=11
  response:
    content: '[{"id":"f65b1756-fa1a-11ed-85a1-cb617af53bb6","type":"push","payload":{"ref":"refs/heads/20230524100835/test_comment_template/integration/pr1","before":"0000000000000000000000000000000000000000","after":"80dcbcc1407c3cdb9999b624e8105008dfdbad9c","repository":{"id":635704693,"node_id":"R_kgDOJeQVdQ","name":"functional-testing-repo-Kontrolix","full_name":"mergifyio-testing/functional-testing-repo-Kontrolix","private":false,"owner":{"name":"mergifyio-testing","email":null,"login":"mergifyio-testing","id":40527191,"node_id":"MDEyOk9yZ2FuaXphdGlvbjQwNTI3MTkx","avatar_url":"https://avatars.githubusercontent.com/u/40527191?v=4","gravatar_id":"","url":"https://api.github.com/users/mergifyio-testing","html_url":"https://github.com/mergifyio-testing","followers_url":"https://api.github.com/users/mergifyio-testing/followers","following_url":"https://api.github.com/users/mergifyio-testing/following{/other_user}","gists_url":"https://api.github.com/users/mergifyio-testing/gists{/gist_id}","starred_url":"https://api.github.com/users/mergifyio-testing/starred{/owner}{/repo}","subscriptions_url":"https://api.github.com/users/mergifyio-testing/subscriptions","organizations_url":"https://api.github.com/users/mergifyio-testing/orgs","repos_url":"https://api.github.com/users/mergifyio-testing/repos","events_url":"https://api.github.com/users/mergifyio-testing/events{/privacy}","received_events_url":"https://api.github.com/users/mergifyio-testing/received_events","type":"Organization","site_admin":false},"html_url":"https://github.com/mergifyio-testing/functional-testing-repo-Kontrolix","description":null,"fork":false,"url":"https://github.com/mergifyio-testing/functional-testing-repo-Kontrolix","forks_url":"https://api.github.com/repos/mergifyio-testing/functional-testing-repo-Kontrolix/forks","keys_url":"https://api.github.com/repos/mergifyio-testing/functional-testing-repo-Kontrolix/keys{/key_id}","collaborators_url":"https://api.github.com/repos/mergifyio-testing/functional-testing-repo-Kontrolix/collaborators{/collaborator}","teams_url":"https://api.github.com/repos/mergifyio-testing/functional-testing-repo-Kontrolix/teams","hooks_url":"https://api.github.com/repos/mergifyio-testing/functional-testing-repo-Kontrolix/hooks","issue_events_url":"https://api.github.com/repos/mergifyio-testing/functional-testing-repo-Kontrolix/issues/events{/number}","events_url":"https://api.github.com/repos/mergifyio-testing/functional-testing-repo-Kontrolix/events","assignees_url":"https://api.github.com/repos/mergifyio-testing/functional-testing-repo-Kontrolix/assignees{/user}","branches_url":"https://api.github.com/repos/mergifyio-testing/functional-testing-repo-Kontrolix/branches{/branch}","tags_url":"https://api.github.com/repos/mergifyio-testing/functional-testing-repo-Kontrolix/tags","blobs_url":"https://api.github.com/repos/mergifyio-testing/functional-testing-repo-Kontrolix/git/blobs{/sha}","git_tags_url":"https://api.github.com/repos/mergifyio-testing/functional-testing-repo-Kontrolix/git/tags{/sha}","git_refs_url":"https://api.github.com/repos/mergifyio-testing/functional-testing-repo-Kontrolix/git/refs{/sha}","trees_url":"https://api.github.com/repos/mergifyio-testing/functional-testing-repo-Kontrolix/git/trees{/sha}","statuses_url":"https://api.github.com/repos/mergifyio-testing/functional-testing-repo-Kontrolix/statuses/{sha}","languages_url":"https://api.github.com/repos/mergifyio-testing/functional-testing-repo-Kontrolix/languages","stargazers_url":"https://api.github.com/repos/mergifyio-testing/functional-testing-repo-Kontrolix/stargazers","contributors_url":"https://api.github.com/repos/mergifyio-testing/functional-testing-repo-Kontrolix/contributors","subscribers_url":"https://api.github.com/repos/mergifyio-testing/functional-testing-repo-Kontrolix/subscribers","subscription_url":"https://api.github.com/repos/mergifyio-testing/functional-testing-repo-Kontrolix/subscription","commits_url":"https://api.github.com/repos/mergifyio-testing/functional-testing-repo-Kontrolix/commits{/sha}","git_commits_url":"https://api.github.com/repos/mergifyio-testing/functional-testing-repo-Kontrolix/git/commits{/sha}","comments_url":"https://api.github.com/repos/mergifyio-testing/functional-testing-repo-Kontrolix/comments{/number}","issue_comment_url":"https://api.github.com/repos/mergifyio-testing/functional-testing-repo-Kontrolix/issues/comments{/number}","contents_url":"https://api.github.com/repos/mergifyio-testing/functional-testing-repo-Kontrolix/contents/{+path}","compare_url":"https://api.github.com/repos/mergifyio-testing/functional-testing-repo-Kontrolix/compare/{base}...{head}","merges_url":"https://api.github.com/repos/mergifyio-testing/functional-testing-repo-Kontrolix/merges","archive_url":"https://api.github.com/repos/mergifyio-testing/functional-testing-repo-Kontrolix/{archive_format}{/ref}","downloads_url":"https://api.github.com/repos/mergifyio-testing/functional-testing-repo-Kontrolix/downloads","issues_url":"https://api.github.com/repos/mergifyio-testing/functional-testing-repo-Kontrolix/issues{/number}","pulls_url":"https://api.github.com/repos/mergifyio-testing/functional-testing-repo-Kontrolix/pulls{/number}","milestones_url":"https://api.github.com/repos/mergifyio-testing/functional-testing-repo-Kontrolix/milestones{/number}","notifications_url":"https://api.github.com/repos/mergifyio-testing/functional-testing-repo-Kontrolix/notifications{?since,all,participating}","labels_url":"https://api.github.com/repos/mergifyio-testing/functional-testing-repo-Kontrolix/labels{/name}","releases_url":"https://api.github.com/repos/mergifyio-testing/functional-testing-repo-Kontrolix/releases{/id}","deployments_url":"https://api.github.com/repos/mergifyio-testing/functional-testing-repo-Kontrolix/deployments","created_at":1683105861,"updated_at":"2023-05-03T09:24:22Z","pushed_at":1684922921,"git_url":"git://github.com/mergifyio-testing/functional-testing-repo-Kontrolix.git","ssh_url":"git@github.com:mergifyio-testing/functional-testing-repo-Kontrolix.git","clone_url":"https://github.com/mergifyio-testing/functional-testing-repo-Kontrolix.git","svn_url":"https://github.com/mergifyio-testing/functional-testing-repo-Kontrolix","homepage":null,"size":54,"stargazers_count":0,"watchers_count":0,"language":null,"has_issues":true,"has_projects":true,"has_downloads":true,"has_wiki":true,"has_pages":false,"has_discussions":false,"forks_count":1,"mirror_url":null,"archived":false,"disabled":false,"open_issues_count":11,"license":null,"allow_forking":true,"is_template":false,"web_commit_signoff_required":false,"topics":[],"visibility":"public","forks":1,"open_issues":11,"watchers":0,"default_branch":"main","stargazers":0,"master_branch":"main","organization":"mergifyio-testing"},"pusher":{"name":"mergify-test1","email":"38494943+mergify-test1@users.noreply.github.com"},"organization":{"login":"mergifyio-testing","id":40527191,"node_id":"MDEyOk9yZ2FuaXphdGlvbjQwNTI3MTkx","url":"https://api.github.com/orgs/mergifyio-testing","repos_url":"https://api.github.com/orgs/mergifyio-testing/repos","events_url":"https://api.github.com/orgs/mergifyio-testing/events","hooks_url":"https://api.github.com/orgs/mergifyio-testing/hooks","issues_url":"https://api.github.com/orgs/mergifyio-testing/issues","members_url":"https://api.github.com/orgs/mergifyio-testing/members{/member}","public_members_url":"https://api.github.com/orgs/mergifyio-testing/public_members{/member}","avatar_url":"https://avatars.githubusercontent.com/u/40527191?v=4","description":"This
      account is for testing purpose of the workflow of the GitHub App @Mergifyio"},"sender":{"login":"mergify-test1","id":38494943,"node_id":"MDQ6VXNlcjM4NDk0OTQz","avatar_url":"https://avatars.githubusercontent.com/u/38494943?v=4","gravatar_id":"","url":"https://api.github.com/users/mergify-test1","html_url":"https://github.com/mergify-test1","followers_url":"https://api.github.com/users/mergify-test1/followers","following_url":"https://api.github.com/users/mergify-test1/following{/other_user}","gists_url":"https://api.github.com/users/mergify-test1/gists{/gist_id}","starred_url":"https://api.github.com/users/mergify-test1/starred{/owner}{/repo}","subscriptions_url":"https://api.github.com/users/mergify-test1/subscriptions","organizations_url":"https://api.github.com/users/mergify-test1/orgs","repos_url":"https://api.github.com/users/mergify-test1/repos","events_url":"https://api.github.com/users/mergify-test1/events{/privacy}","received_events_url":"https://api.github.com/users/mergify-test1/received_events","type":"User","site_admin":false},"installation":{"id":37100555,"node_id":"MDIzOkludGVncmF0aW9uSW5zdGFsbGF0aW9uMzcxMDA1NTU="},"created":true,"deleted":false,"forced":false,"base_ref":null,"compare":"https://github.com/mergifyio-testing/functional-testing-repo-Kontrolix/commit/80dcbcc1407c","commits":[{"id":"80dcbcc1407c3cdb9999b624e8105008dfdbad9c","tree_id":"5daaa031f2e3c771400fc6d3ba0669247411a0aa","distinct":true,"message":"test_comment_template:
      pull request n1 from integration","timestamp":"2023-05-24T12:08:41+02:00","url":"https://github.com/mergifyio-testing/functional-testing-repo-Kontrolix/commit/80dcbcc1407c3cdb9999b624e8105008dfdbad9c","author":{"name":"Mergify","email":"132445501+mergify-kontrolix[bot]@users.noreply.github.com","username":"mergify-kontrolix[bot]"},"committer":{"name":"Mergify","email":"132445501+mergify-kontrolix[bot]@users.noreply.github.com","username":"mergify-kontrolix[bot]"},"added":["test1"],"removed":[],"modified":[]}],"head_commit":{"id":"80dcbcc1407c3cdb9999b624e8105008dfdbad9c","tree_id":"5daaa031f2e3c771400fc6d3ba0669247411a0aa","distinct":true,"message":"test_comment_template:
      pull request n1 from integration","timestamp":"2023-05-24T12:08:41+02:00","url":"https://github.com/mergifyio-testing/functional-testing-repo-Kontrolix/commit/80dcbcc1407c3cdb9999b624e8105008dfdbad9c","author":{"name":"Mergify","email":"132445501+mergify-kontrolix[bot]@users.noreply.github.com","username":"mergify-kontrolix[bot]"},"committer":{"name":"Mergify","email":"132445501+mergify-kontrolix[bot]@users.noreply.github.com","username":"mergify-kontrolix[bot]"},"added":["test1"],"removed":[],"modified":[]}}}]'
    headers:
      Connection:
      - keep-alive
      Content-Length:
      - '10218'
      Content-Type:
      - application/json
    http_version: HTTP/1.1
    status_code: 200
- request:
    body: '{"base": "20230524100835/test_comment_template/main", "head": "mergifyio-testing:20230524100835/test_comment_template/integration/pr1",
      "title": "test_comment_template: pull request n1 from integration", "body":
      "test_comment_template: pull request n1 from integration", "draft": false}'
    headers:
      accept:
      - application/vnd.github.machine-man-preview+json
      content-length:
      - '286'
      content-type:
      - application/json
      host:
      - api.github.com
    method: POST
    uri: https://api.github.com/repos/mergifyio-testing/functional-testing-repo-Kontrolix/pulls
  response:
    content: '{"url":"https://api.github.com/repos/mergifyio-testing/functional-testing-repo-Kontrolix/pulls/682","id":1362799026,"node_id":"PR_kwDOJeQVdc5ROqmy","html_url":"https://github.com/mergifyio-testing/functional-testing-repo-Kontrolix/pull/682","diff_url":"https://github.com/mergifyio-testing/functional-testing-repo-Kontrolix/pull/682.diff","patch_url":"https://github.com/mergifyio-testing/functional-testing-repo-Kontrolix/pull/682.patch","issue_url":"https://api.github.com/repos/mergifyio-testing/functional-testing-repo-Kontrolix/issues/682","number":682,"state":"open","locked":false,"title":"test_comment_template:
      pull request n1 from integration","user":{"login":"mergify-kontrolix[bot]","id":132445501,"node_id":"BOT_kgDOB-T1PQ","avatar_url":"https://avatars.githubusercontent.com/u/40527191?v=4","gravatar_id":"","url":"https://api.github.com/users/mergify-kontrolix%5Bbot%5D","html_url":"https://github.com/apps/mergify-kontrolix","followers_url":"https://api.github.com/users/mergify-kontrolix%5Bbot%5D/followers","following_url":"https://api.github.com/users/mergify-kontrolix%5Bbot%5D/following{/other_user}","gists_url":"https://api.github.com/users/mergify-kontrolix%5Bbot%5D/gists{/gist_id}","starred_url":"https://api.github.com/users/mergify-kontrolix%5Bbot%5D/starred{/owner}{/repo}","subscriptions_url":"https://api.github.com/users/mergify-kontrolix%5Bbot%5D/subscriptions","organizations_url":"https://api.github.com/users/mergify-kontrolix%5Bbot%5D/orgs","repos_url":"https://api.github.com/users/mergify-kontrolix%5Bbot%5D/repos","events_url":"https://api.github.com/users/mergify-kontrolix%5Bbot%5D/events{/privacy}","received_events_url":"https://api.github.com/users/mergify-kontrolix%5Bbot%5D/received_events","type":"Bot","site_admin":false},"body":"test_comment_template:
      pull request n1 from integration","created_at":"2023-05-24T10:08:47Z","updated_at":"2023-05-24T10:08:47Z","closed_at":null,"merged_at":null,"merge_commit_sha":null,"assignee":null,"assignees":[],"requested_reviewers":[],"requested_teams":[],"labels":[],"milestone":null,"draft":false,"commits_url":"https://api.github.com/repos/mergifyio-testing/functional-testing-repo-Kontrolix/pulls/682/commits","review_comments_url":"https://api.github.com/repos/mergifyio-testing/functional-testing-repo-Kontrolix/pulls/682/comments","review_comment_url":"https://api.github.com/repos/mergifyio-testing/functional-testing-repo-Kontrolix/pulls/comments{/number}","comments_url":"https://api.github.com/repos/mergifyio-testing/functional-testing-repo-Kontrolix/issues/682/comments","statuses_url":"https://api.github.com/repos/mergifyio-testing/functional-testing-repo-Kontrolix/statuses/80dcbcc1407c3cdb9999b624e8105008dfdbad9c","head":{"label":"mergifyio-testing:20230524100835/test_comment_template/integration/pr1","ref":"20230524100835/test_comment_template/integration/pr1","sha":"80dcbcc1407c3cdb9999b624e8105008dfdbad9c","user":{"login":"mergifyio-testing","id":40527191,"node_id":"MDEyOk9yZ2FuaXphdGlvbjQwNTI3MTkx","avatar_url":"https://avatars.githubusercontent.com/u/40527191?v=4","gravatar_id":"","url":"https://api.github.com/users/mergifyio-testing","html_url":"https://github.com/mergifyio-testing","followers_url":"https://api.github.com/users/mergifyio-testing/followers","following_url":"https://api.github.com/users/mergifyio-testing/following{/other_user}","gists_url":"https://api.github.com/users/mergifyio-testing/gists{/gist_id}","starred_url":"https://api.github.com/users/mergifyio-testing/starred{/owner}{/repo}","subscriptions_url":"https://api.github.com/users/mergifyio-testing/subscriptions","organizations_url":"https://api.github.com/users/mergifyio-testing/orgs","repos_url":"https://api.github.com/users/mergifyio-testing/repos","events_url":"https://api.github.com/users/mergifyio-testing/events{/privacy}","received_events_url":"https://api.github.com/users/mergifyio-testing/received_events","type":"Organization","site_admin":false},"repo":{"id":635704693,"node_id":"R_kgDOJeQVdQ","name":"functional-testing-repo-Kontrolix","full_name":"mergifyio-testing/functional-testing-repo-Kontrolix","private":false,"owner":{"login":"mergifyio-testing","id":40527191,"node_id":"MDEyOk9yZ2FuaXphdGlvbjQwNTI3MTkx","avatar_url":"https://avatars.githubusercontent.com/u/40527191?v=4","gravatar_id":"","url":"https://api.github.com/users/mergifyio-testing","html_url":"https://github.com/mergifyio-testing","followers_url":"https://api.github.com/users/mergifyio-testing/followers","following_url":"https://api.github.com/users/mergifyio-testing/following{/other_user}","gists_url":"https://api.github.com/users/mergifyio-testing/gists{/gist_id}","starred_url":"https://api.github.com/users/mergifyio-testing/starred{/owner}{/repo}","subscriptions_url":"https://api.github.com/users/mergifyio-testing/subscriptions","organizations_url":"https://api.github.com/users/mergifyio-testing/orgs","repos_url":"https://api.github.com/users/mergifyio-testing/repos","events_url":"https://api.github.com/users/mergifyio-testing/events{/privacy}","received_events_url":"https://api.github.com/users/mergifyio-testing/received_events","type":"Organization","site_admin":false},"html_url":"https://github.com/mergifyio-testing/functional-testing-repo-Kontrolix","description":null,"fork":false,"url":"https://api.github.com/repos/mergifyio-testing/functional-testing-repo-Kontrolix","forks_url":"https://api.github.com/repos/mergifyio-testing/functional-testing-repo-Kontrolix/forks","keys_url":"https://api.github.com/repos/mergifyio-testing/functional-testing-repo-Kontrolix/keys{/key_id}","collaborators_url":"https://api.github.com/repos/mergifyio-testing/functional-testing-repo-Kontrolix/collaborators{/collaborator}","teams_url":"https://api.github.com/repos/mergifyio-testing/functional-testing-repo-Kontrolix/teams","hooks_url":"https://api.github.com/repos/mergifyio-testing/functional-testing-repo-Kontrolix/hooks","issue_events_url":"https://api.github.com/repos/mergifyio-testing/functional-testing-repo-Kontrolix/issues/events{/number}","events_url":"https://api.github.com/repos/mergifyio-testing/functional-testing-repo-Kontrolix/events","assignees_url":"https://api.github.com/repos/mergifyio-testing/functional-testing-repo-Kontrolix/assignees{/user}","branches_url":"https://api.github.com/repos/mergifyio-testing/functional-testing-repo-Kontrolix/branches{/branch}","tags_url":"https://api.github.com/repos/mergifyio-testing/functional-testing-repo-Kontrolix/tags","blobs_url":"https://api.github.com/repos/mergifyio-testing/functional-testing-repo-Kontrolix/git/blobs{/sha}","git_tags_url":"https://api.github.com/repos/mergifyio-testing/functional-testing-repo-Kontrolix/git/tags{/sha}","git_refs_url":"https://api.github.com/repos/mergifyio-testing/functional-testing-repo-Kontrolix/git/refs{/sha}","trees_url":"https://api.github.com/repos/mergifyio-testing/functional-testing-repo-Kontrolix/git/trees{/sha}","statuses_url":"https://api.github.com/repos/mergifyio-testing/functional-testing-repo-Kontrolix/statuses/{sha}","languages_url":"https://api.github.com/repos/mergifyio-testing/functional-testing-repo-Kontrolix/languages","stargazers_url":"https://api.github.com/repos/mergifyio-testing/functional-testing-repo-Kontrolix/stargazers","contributors_url":"https://api.github.com/repos/mergifyio-testing/functional-testing-repo-Kontrolix/contributors","subscribers_url":"https://api.github.com/repos/mergifyio-testing/functional-testing-repo-Kontrolix/subscribers","subscription_url":"https://api.github.com/repos/mergifyio-testing/functional-testing-repo-Kontrolix/subscription","commits_url":"https://api.github.com/repos/mergifyio-testing/functional-testing-repo-Kontrolix/commits{/sha}","git_commits_url":"https://api.github.com/repos/mergifyio-testing/functional-testing-repo-Kontrolix/git/commits{/sha}","comments_url":"https://api.github.com/repos/mergifyio-testing/functional-testing-repo-Kontrolix/comments{/number}","issue_comment_url":"https://api.github.com/repos/mergifyio-testing/functional-testing-repo-Kontrolix/issues/comments{/number}","contents_url":"https://api.github.com/repos/mergifyio-testing/functional-testing-repo-Kontrolix/contents/{+path}","compare_url":"https://api.github.com/repos/mergifyio-testing/functional-testing-repo-Kontrolix/compare/{base}...{head}","merges_url":"https://api.github.com/repos/mergifyio-testing/functional-testing-repo-Kontrolix/merges","archive_url":"https://api.github.com/repos/mergifyio-testing/functional-testing-repo-Kontrolix/{archive_format}{/ref}","downloads_url":"https://api.github.com/repos/mergifyio-testing/functional-testing-repo-Kontrolix/downloads","issues_url":"https://api.github.com/repos/mergifyio-testing/functional-testing-repo-Kontrolix/issues{/number}","pulls_url":"https://api.github.com/repos/mergifyio-testing/functional-testing-repo-Kontrolix/pulls{/number}","milestones_url":"https://api.github.com/repos/mergifyio-testing/functional-testing-repo-Kontrolix/milestones{/number}","notifications_url":"https://api.github.com/repos/mergifyio-testing/functional-testing-repo-Kontrolix/notifications{?since,all,participating}","labels_url":"https://api.github.com/repos/mergifyio-testing/functional-testing-repo-Kontrolix/labels{/name}","releases_url":"https://api.github.com/repos/mergifyio-testing/functional-testing-repo-Kontrolix/releases{/id}","deployments_url":"https://api.github.com/repos/mergifyio-testing/functional-testing-repo-Kontrolix/deployments","created_at":"2023-05-03T09:24:21Z","updated_at":"2023-05-03T09:24:22Z","pushed_at":"2023-05-24T10:08:46Z","git_url":"git://github.com/mergifyio-testing/functional-testing-repo-Kontrolix.git","ssh_url":"git@github.com:mergifyio-testing/functional-testing-repo-Kontrolix.git","clone_url":"https://github.com/mergifyio-testing/functional-testing-repo-Kontrolix.git","svn_url":"https://github.com/mergifyio-testing/functional-testing-repo-Kontrolix","homepage":null,"size":54,"stargazers_count":0,"watchers_count":0,"language":null,"has_issues":true,"has_projects":true,"has_downloads":true,"has_wiki":true,"has_pages":false,"has_discussions":false,"forks_count":1,"mirror_url":null,"archived":false,"disabled":false,"open_issues_count":13,"license":null,"allow_forking":true,"is_template":false,"web_commit_signoff_required":false,"topics":[],"visibility":"public","forks":1,"open_issues":13,"watchers":0,"default_branch":"main"}},"base":{"label":"mergifyio-testing:20230524100835/test_comment_template/main","ref":"20230524100835/test_comment_template/main","sha":"4c4a80f5f1e6399cd2c809514c8ac8fd4610ad42","user":{"login":"mergifyio-testing","id":40527191,"node_id":"MDEyOk9yZ2FuaXphdGlvbjQwNTI3MTkx","avatar_url":"https://avatars.githubusercontent.com/u/40527191?v=4","gravatar_id":"","url":"https://api.github.com/users/mergifyio-testing","html_url":"https://github.com/mergifyio-testing","followers_url":"https://api.github.com/users/mergifyio-testing/followers","following_url":"https://api.github.com/users/mergifyio-testing/following{/other_user}","gists_url":"https://api.github.com/users/mergifyio-testing/gists{/gist_id}","starred_url":"https://api.github.com/users/mergifyio-testing/starred{/owner}{/repo}","subscriptions_url":"https://api.github.com/users/mergifyio-testing/subscriptions","organizations_url":"https://api.github.com/users/mergifyio-testing/orgs","repos_url":"https://api.github.com/users/mergifyio-testing/repos","events_url":"https://api.github.com/users/mergifyio-testing/events{/privacy}","received_events_url":"https://api.github.com/users/mergifyio-testing/received_events","type":"Organization","site_admin":false},"repo":{"id":635704693,"node_id":"R_kgDOJeQVdQ","name":"functional-testing-repo-Kontrolix","full_name":"mergifyio-testing/functional-testing-repo-Kontrolix","private":false,"owner":{"login":"mergifyio-testing","id":40527191,"node_id":"MDEyOk9yZ2FuaXphdGlvbjQwNTI3MTkx","avatar_url":"https://avatars.githubusercontent.com/u/40527191?v=4","gravatar_id":"","url":"https://api.github.com/users/mergifyio-testing","html_url":"https://github.com/mergifyio-testing","followers_url":"https://api.github.com/users/mergifyio-testing/followers","following_url":"https://api.github.com/users/mergifyio-testing/following{/other_user}","gists_url":"https://api.github.com/users/mergifyio-testing/gists{/gist_id}","starred_url":"https://api.github.com/users/mergifyio-testing/starred{/owner}{/repo}","subscriptions_url":"https://api.github.com/users/mergifyio-testing/subscriptions","organizations_url":"https://api.github.com/users/mergifyio-testing/orgs","repos_url":"https://api.github.com/users/mergifyio-testing/repos","events_url":"https://api.github.com/users/mergifyio-testing/events{/privacy}","received_events_url":"https://api.github.com/users/mergifyio-testing/received_events","type":"Organization","site_admin":false},"html_url":"https://github.com/mergifyio-testing/functional-testing-repo-Kontrolix","description":null,"fork":false,"url":"https://api.github.com/repos/mergifyio-testing/functional-testing-repo-Kontrolix","forks_url":"https://api.github.com/repos/mergifyio-testing/functional-testing-repo-Kontrolix/forks","keys_url":"https://api.github.com/repos/mergifyio-testing/functional-testing-repo-Kontrolix/keys{/key_id}","collaborators_url":"https://api.github.com/repos/mergifyio-testing/functional-testing-repo-Kontrolix/collaborators{/collaborator}","teams_url":"https://api.github.com/repos/mergifyio-testing/functional-testing-repo-Kontrolix/teams","hooks_url":"https://api.github.com/repos/mergifyio-testing/functional-testing-repo-Kontrolix/hooks","issue_events_url":"https://api.github.com/repos/mergifyio-testing/functional-testing-repo-Kontrolix/issues/events{/number}","events_url":"https://api.github.com/repos/mergifyio-testing/functional-testing-repo-Kontrolix/events","assignees_url":"https://api.github.com/repos/mergifyio-testing/functional-testing-repo-Kontrolix/assignees{/user}","branches_url":"https://api.github.com/repos/mergifyio-testing/functional-testing-repo-Kontrolix/branches{/branch}","tags_url":"https://api.github.com/repos/mergifyio-testing/functional-testing-repo-Kontrolix/tags","blobs_url":"https://api.github.com/repos/mergifyio-testing/functional-testing-repo-Kontrolix/git/blobs{/sha}","git_tags_url":"https://api.github.com/repos/mergifyio-testing/functional-testing-repo-Kontrolix/git/tags{/sha}","git_refs_url":"https://api.github.com/repos/mergifyio-testing/functional-testing-repo-Kontrolix/git/refs{/sha}","trees_url":"https://api.github.com/repos/mergifyio-testing/functional-testing-repo-Kontrolix/git/trees{/sha}","statuses_url":"https://api.github.com/repos/mergifyio-testing/functional-testing-repo-Kontrolix/statuses/{sha}","languages_url":"https://api.github.com/repos/mergifyio-testing/functional-testing-repo-Kontrolix/languages","stargazers_url":"https://api.github.com/repos/mergifyio-testing/functional-testing-repo-Kontrolix/stargazers","contributors_url":"https://api.github.com/repos/mergifyio-testing/functional-testing-repo-Kontrolix/contributors","subscribers_url":"https://api.github.com/repos/mergifyio-testing/functional-testing-repo-Kontrolix/subscribers","subscription_url":"https://api.github.com/repos/mergifyio-testing/functional-testing-repo-Kontrolix/subscription","commits_url":"https://api.github.com/repos/mergifyio-testing/functional-testing-repo-Kontrolix/commits{/sha}","git_commits_url":"https://api.github.com/repos/mergifyio-testing/functional-testing-repo-Kontrolix/git/commits{/sha}","comments_url":"https://api.github.com/repos/mergifyio-testing/functional-testing-repo-Kontrolix/comments{/number}","issue_comment_url":"https://api.github.com/repos/mergifyio-testing/functional-testing-repo-Kontrolix/issues/comments{/number}","contents_url":"https://api.github.com/repos/mergifyio-testing/functional-testing-repo-Kontrolix/contents/{+path}","compare_url":"https://api.github.com/repos/mergifyio-testing/functional-testing-repo-Kontrolix/compare/{base}...{head}","merges_url":"https://api.github.com/repos/mergifyio-testing/functional-testing-repo-Kontrolix/merges","archive_url":"https://api.github.com/repos/mergifyio-testing/functional-testing-repo-Kontrolix/{archive_format}{/ref}","downloads_url":"https://api.github.com/repos/mergifyio-testing/functional-testing-repo-Kontrolix/downloads","issues_url":"https://api.github.com/repos/mergifyio-testing/functional-testing-repo-Kontrolix/issues{/number}","pulls_url":"https://api.github.com/repos/mergifyio-testing/functional-testing-repo-Kontrolix/pulls{/number}","milestones_url":"https://api.github.com/repos/mergifyio-testing/functional-testing-repo-Kontrolix/milestones{/number}","notifications_url":"https://api.github.com/repos/mergifyio-testing/functional-testing-repo-Kontrolix/notifications{?since,all,participating}","labels_url":"https://api.github.com/repos/mergifyio-testing/functional-testing-repo-Kontrolix/labels{/name}","releases_url":"https://api.github.com/repos/mergifyio-testing/functional-testing-repo-Kontrolix/releases{/id}","deployments_url":"https://api.github.com/repos/mergifyio-testing/functional-testing-repo-Kontrolix/deployments","created_at":"2023-05-03T09:24:21Z","updated_at":"2023-05-03T09:24:22Z","pushed_at":"2023-05-24T10:08:46Z","git_url":"git://github.com/mergifyio-testing/functional-testing-repo-Kontrolix.git","ssh_url":"git@github.com:mergifyio-testing/functional-testing-repo-Kontrolix.git","clone_url":"https://github.com/mergifyio-testing/functional-testing-repo-Kontrolix.git","svn_url":"https://github.com/mergifyio-testing/functional-testing-repo-Kontrolix","homepage":null,"size":54,"stargazers_count":0,"watchers_count":0,"language":null,"has_issues":true,"has_projects":true,"has_downloads":true,"has_wiki":true,"has_pages":false,"has_discussions":false,"forks_count":1,"mirror_url":null,"archived":false,"disabled":false,"open_issues_count":13,"license":null,"allow_forking":true,"is_template":false,"web_commit_signoff_required":false,"topics":[],"visibility":"public","forks":1,"open_issues":13,"watchers":0,"default_branch":"main"}},"_links":{"self":{"href":"https://api.github.com/repos/mergifyio-testing/functional-testing-repo-Kontrolix/pulls/682"},"html":{"href":"https://github.com/mergifyio-testing/functional-testing-repo-Kontrolix/pull/682"},"issue":{"href":"https://api.github.com/repos/mergifyio-testing/functional-testing-repo-Kontrolix/issues/682"},"comments":{"href":"https://api.github.com/repos/mergifyio-testing/functional-testing-repo-Kontrolix/issues/682/comments"},"review_comments":{"href":"https://api.github.com/repos/mergifyio-testing/functional-testing-repo-Kontrolix/pulls/682/comments"},"review_comment":{"href":"https://api.github.com/repos/mergifyio-testing/functional-testing-repo-Kontrolix/pulls/comments{/number}"},"commits":{"href":"https://api.github.com/repos/mergifyio-testing/functional-testing-repo-Kontrolix/pulls/682/commits"},"statuses":{"href":"https://api.github.com/repos/mergifyio-testing/functional-testing-repo-Kontrolix/statuses/80dcbcc1407c3cdb9999b624e8105008dfdbad9c"}},"author_association":"NONE","auto_merge":null,"active_lock_reason":null,"merged":false,"mergeable":null,"rebaseable":null,"mergeable_state":"unknown","merged_by":null,"comments":0,"review_comments":0,"maintainer_can_modify":false,"commits":1,"additions":0,"deletions":0,"changed_files":1}'
    headers:
      Content-Length:
      - '19334'
      Content-Type:
      - application/json; charset=utf-8
      Location:
      - https://api.github.com/repos/mergifyio-testing/functional-testing-repo-Kontrolix/pulls/682
      X-GitHub-Media-Type:
      - github.v3; param=machine-man-preview; format=json
      x-github-api-version-selected:
      - '2022-11-28'
    http_version: HTTP/1.1
    status_code: 201
- request:
    body: whatdataisthat
    headers:
      X-Hub-Signature:
      - <SIGNATURE>
      accept:
      - '*/*'
      content-length:
      - '14'
      host:
      - test-forwarder.mergify.com
    method: GET
    uri: https://test-forwarder.mergify.com/events/github.com/327815/635704693/20230524100835-test_comment_template?counter=12
  response:
    content: '[]'
    headers:
      Connection:
      - keep-alive
      Content-Length:
      - '2'
      Content-Type:
      - application/json
    http_version: HTTP/1.1
    status_code: 200
- request:
    body: whatdataisthat
    headers:
      X-Hub-Signature:
      - <SIGNATURE>
      accept:
      - '*/*'
      content-length:
      - '14'
      host:
      - test-forwarder.mergify.com
    method: GET
    uri: https://test-forwarder.mergify.com/events/github.com/327815/635704693/20230524100835-test_comment_template?counter=13
  response:
    content: '[]'
    headers:
      Connection:
      - keep-alive
      Content-Length:
      - '2'
      Content-Type:
      - application/json
    http_version: HTTP/1.1
    status_code: 200
- request:
    body: whatdataisthat
    headers:
      X-Hub-Signature:
      - <SIGNATURE>
      accept:
      - '*/*'
      content-length:
      - '14'
      host:
      - test-forwarder.mergify.com
    method: GET
    uri: https://test-forwarder.mergify.com/events/github.com/327815/635704693/20230524100835-test_comment_template?counter=14
  response:
    content: '[{"id":"f99022e0-fa1a-11ed-837c-bdcf38082808","type":"pull_request","payload":{"action":"opened","number":682,"pull_request":{"url":"https://api.github.com/repos/mergifyio-testing/functional-testing-repo-Kontrolix/pulls/682","id":1362799026,"node_id":"PR_kwDOJeQVdc5ROqmy","html_url":"https://github.com/mergifyio-testing/functional-testing-repo-Kontrolix/pull/682","diff_url":"https://github.com/mergifyio-testing/functional-testing-repo-Kontrolix/pull/682.diff","patch_url":"https://github.com/mergifyio-testing/functional-testing-repo-Kontrolix/pull/682.patch","issue_url":"https://api.github.com/repos/mergifyio-testing/functional-testing-repo-Kontrolix/issues/682","number":682,"state":"open","locked":false,"title":"test_comment_template:
      pull request n1 from integration","user":{"login":"mergify-kontrolix[bot]","id":132445501,"node_id":"BOT_kgDOB-T1PQ","avatar_url":"https://avatars.githubusercontent.com/u/40527191?v=4","gravatar_id":"","url":"https://api.github.com/users/mergify-kontrolix%5Bbot%5D","html_url":"https://github.com/apps/mergify-kontrolix","followers_url":"https://api.github.com/users/mergify-kontrolix%5Bbot%5D/followers","following_url":"https://api.github.com/users/mergify-kontrolix%5Bbot%5D/following{/other_user}","gists_url":"https://api.github.com/users/mergify-kontrolix%5Bbot%5D/gists{/gist_id}","starred_url":"https://api.github.com/users/mergify-kontrolix%5Bbot%5D/starred{/owner}{/repo}","subscriptions_url":"https://api.github.com/users/mergify-kontrolix%5Bbot%5D/subscriptions","organizations_url":"https://api.github.com/users/mergify-kontrolix%5Bbot%5D/orgs","repos_url":"https://api.github.com/users/mergify-kontrolix%5Bbot%5D/repos","events_url":"https://api.github.com/users/mergify-kontrolix%5Bbot%5D/events{/privacy}","received_events_url":"https://api.github.com/users/mergify-kontrolix%5Bbot%5D/received_events","type":"Bot","site_admin":false},"body":"test_comment_template:
      pull request n1 from integration","created_at":"2023-05-24T10:08:47Z","updated_at":"2023-05-24T10:08:47Z","closed_at":null,"merged_at":null,"merge_commit_sha":null,"assignee":null,"assignees":[],"requested_reviewers":[],"requested_teams":[],"labels":[],"milestone":null,"draft":false,"commits_url":"https://api.github.com/repos/mergifyio-testing/functional-testing-repo-Kontrolix/pulls/682/commits","review_comments_url":"https://api.github.com/repos/mergifyio-testing/functional-testing-repo-Kontrolix/pulls/682/comments","review_comment_url":"https://api.github.com/repos/mergifyio-testing/functional-testing-repo-Kontrolix/pulls/comments{/number}","comments_url":"https://api.github.com/repos/mergifyio-testing/functional-testing-repo-Kontrolix/issues/682/comments","statuses_url":"https://api.github.com/repos/mergifyio-testing/functional-testing-repo-Kontrolix/statuses/80dcbcc1407c3cdb9999b624e8105008dfdbad9c","head":{"label":"mergifyio-testing:20230524100835/test_comment_template/integration/pr1","ref":"20230524100835/test_comment_template/integration/pr1","sha":"80dcbcc1407c3cdb9999b624e8105008dfdbad9c","user":{"login":"mergifyio-testing","id":40527191,"node_id":"MDEyOk9yZ2FuaXphdGlvbjQwNTI3MTkx","avatar_url":"https://avatars.githubusercontent.com/u/40527191?v=4","gravatar_id":"","url":"https://api.github.com/users/mergifyio-testing","html_url":"https://github.com/mergifyio-testing","followers_url":"https://api.github.com/users/mergifyio-testing/followers","following_url":"https://api.github.com/users/mergifyio-testing/following{/other_user}","gists_url":"https://api.github.com/users/mergifyio-testing/gists{/gist_id}","starred_url":"https://api.github.com/users/mergifyio-testing/starred{/owner}{/repo}","subscriptions_url":"https://api.github.com/users/mergifyio-testing/subscriptions","organizations_url":"https://api.github.com/users/mergifyio-testing/orgs","repos_url":"https://api.github.com/users/mergifyio-testing/repos","events_url":"https://api.github.com/users/mergifyio-testing/events{/privacy}","received_events_url":"https://api.github.com/users/mergifyio-testing/received_events","type":"Organization","site_admin":false},"repo":{"id":635704693,"node_id":"R_kgDOJeQVdQ","name":"functional-testing-repo-Kontrolix","full_name":"mergifyio-testing/functional-testing-repo-Kontrolix","private":false,"owner":{"login":"mergifyio-testing","id":40527191,"node_id":"MDEyOk9yZ2FuaXphdGlvbjQwNTI3MTkx","avatar_url":"https://avatars.githubusercontent.com/u/40527191?v=4","gravatar_id":"","url":"https://api.github.com/users/mergifyio-testing","html_url":"https://github.com/mergifyio-testing","followers_url":"https://api.github.com/users/mergifyio-testing/followers","following_url":"https://api.github.com/users/mergifyio-testing/following{/other_user}","gists_url":"https://api.github.com/users/mergifyio-testing/gists{/gist_id}","starred_url":"https://api.github.com/users/mergifyio-testing/starred{/owner}{/repo}","subscriptions_url":"https://api.github.com/users/mergifyio-testing/subscriptions","organizations_url":"https://api.github.com/users/mergifyio-testing/orgs","repos_url":"https://api.github.com/users/mergifyio-testing/repos","events_url":"https://api.github.com/users/mergifyio-testing/events{/privacy}","received_events_url":"https://api.github.com/users/mergifyio-testing/received_events","type":"Organization","site_admin":false},"html_url":"https://github.com/mergifyio-testing/functional-testing-repo-Kontrolix","description":null,"fork":false,"url":"https://api.github.com/repos/mergifyio-testing/functional-testing-repo-Kontrolix","forks_url":"https://api.github.com/repos/mergifyio-testing/functional-testing-repo-Kontrolix/forks","keys_url":"https://api.github.com/repos/mergifyio-testing/functional-testing-repo-Kontrolix/keys{/key_id}","collaborators_url":"https://api.github.com/repos/mergifyio-testing/functional-testing-repo-Kontrolix/collaborators{/collaborator}","teams_url":"https://api.github.com/repos/mergifyio-testing/functional-testing-repo-Kontrolix/teams","hooks_url":"https://api.github.com/repos/mergifyio-testing/functional-testing-repo-Kontrolix/hooks","issue_events_url":"https://api.github.com/repos/mergifyio-testing/functional-testing-repo-Kontrolix/issues/events{/number}","events_url":"https://api.github.com/repos/mergifyio-testing/functional-testing-repo-Kontrolix/events","assignees_url":"https://api.github.com/repos/mergifyio-testing/functional-testing-repo-Kontrolix/assignees{/user}","branches_url":"https://api.github.com/repos/mergifyio-testing/functional-testing-repo-Kontrolix/branches{/branch}","tags_url":"https://api.github.com/repos/mergifyio-testing/functional-testing-repo-Kontrolix/tags","blobs_url":"https://api.github.com/repos/mergifyio-testing/functional-testing-repo-Kontrolix/git/blobs{/sha}","git_tags_url":"https://api.github.com/repos/mergifyio-testing/functional-testing-repo-Kontrolix/git/tags{/sha}","git_refs_url":"https://api.github.com/repos/mergifyio-testing/functional-testing-repo-Kontrolix/git/refs{/sha}","trees_url":"https://api.github.com/repos/mergifyio-testing/functional-testing-repo-Kontrolix/git/trees{/sha}","statuses_url":"https://api.github.com/repos/mergifyio-testing/functional-testing-repo-Kontrolix/statuses/{sha}","languages_url":"https://api.github.com/repos/mergifyio-testing/functional-testing-repo-Kontrolix/languages","stargazers_url":"https://api.github.com/repos/mergifyio-testing/functional-testing-repo-Kontrolix/stargazers","contributors_url":"https://api.github.com/repos/mergifyio-testing/functional-testing-repo-Kontrolix/contributors","subscribers_url":"https://api.github.com/repos/mergifyio-testing/functional-testing-repo-Kontrolix/subscribers","subscription_url":"https://api.github.com/repos/mergifyio-testing/functional-testing-repo-Kontrolix/subscription","commits_url":"https://api.github.com/repos/mergifyio-testing/functional-testing-repo-Kontrolix/commits{/sha}","git_commits_url":"https://api.github.com/repos/mergifyio-testing/functional-testing-repo-Kontrolix/git/commits{/sha}","comments_url":"https://api.github.com/repos/mergifyio-testing/functional-testing-repo-Kontrolix/comments{/number}","issue_comment_url":"https://api.github.com/repos/mergifyio-testing/functional-testing-repo-Kontrolix/issues/comments{/number}","contents_url":"https://api.github.com/repos/mergifyio-testing/functional-testing-repo-Kontrolix/contents/{+path}","compare_url":"https://api.github.com/repos/mergifyio-testing/functional-testing-repo-Kontrolix/compare/{base}...{head}","merges_url":"https://api.github.com/repos/mergifyio-testing/functional-testing-repo-Kontrolix/merges","archive_url":"https://api.github.com/repos/mergifyio-testing/functional-testing-repo-Kontrolix/{archive_format}{/ref}","downloads_url":"https://api.github.com/repos/mergifyio-testing/functional-testing-repo-Kontrolix/downloads","issues_url":"https://api.github.com/repos/mergifyio-testing/functional-testing-repo-Kontrolix/issues{/number}","pulls_url":"https://api.github.com/repos/mergifyio-testing/functional-testing-repo-Kontrolix/pulls{/number}","milestones_url":"https://api.github.com/repos/mergifyio-testing/functional-testing-repo-Kontrolix/milestones{/number}","notifications_url":"https://api.github.com/repos/mergifyio-testing/functional-testing-repo-Kontrolix/notifications{?since,all,participating}","labels_url":"https://api.github.com/repos/mergifyio-testing/functional-testing-repo-Kontrolix/labels{/name}","releases_url":"https://api.github.com/repos/mergifyio-testing/functional-testing-repo-Kontrolix/releases{/id}","deployments_url":"https://api.github.com/repos/mergifyio-testing/functional-testing-repo-Kontrolix/deployments","created_at":"2023-05-03T09:24:21Z","updated_at":"2023-05-03T09:24:22Z","pushed_at":"2023-05-24T10:08:48Z","git_url":"git://github.com/mergifyio-testing/functional-testing-repo-Kontrolix.git","ssh_url":"git@github.com:mergifyio-testing/functional-testing-repo-Kontrolix.git","clone_url":"https://github.com/mergifyio-testing/functional-testing-repo-Kontrolix.git","svn_url":"https://github.com/mergifyio-testing/functional-testing-repo-Kontrolix","homepage":null,"size":54,"stargazers_count":0,"watchers_count":0,"language":null,"has_issues":true,"has_projects":true,"has_downloads":true,"has_wiki":true,"has_pages":false,"has_discussions":false,"forks_count":1,"mirror_url":null,"archived":false,"disabled":false,"open_issues_count":13,"license":null,"allow_forking":true,"is_template":false,"web_commit_signoff_required":false,"topics":[],"visibility":"public","forks":1,"open_issues":13,"watchers":0,"default_branch":"main","allow_squash_merge":true,"allow_merge_commit":true,"allow_rebase_merge":true,"allow_auto_merge":false,"delete_branch_on_merge":false,"allow_update_branch":false,"use_squash_pr_title_as_default":false,"squash_merge_commit_message":"COMMIT_MESSAGES","squash_merge_commit_title":"COMMIT_OR_PR_TITLE","merge_commit_message":"PR_TITLE","merge_commit_title":"MERGE_MESSAGE"}},"base":{"label":"mergifyio-testing:20230524100835/test_comment_template/main","ref":"20230524100835/test_comment_template/main","sha":"4c4a80f5f1e6399cd2c809514c8ac8fd4610ad42","user":{"login":"mergifyio-testing","id":40527191,"node_id":"MDEyOk9yZ2FuaXphdGlvbjQwNTI3MTkx","avatar_url":"https://avatars.githubusercontent.com/u/40527191?v=4","gravatar_id":"","url":"https://api.github.com/users/mergifyio-testing","html_url":"https://github.com/mergifyio-testing","followers_url":"https://api.github.com/users/mergifyio-testing/followers","following_url":"https://api.github.com/users/mergifyio-testing/following{/other_user}","gists_url":"https://api.github.com/users/mergifyio-testing/gists{/gist_id}","starred_url":"https://api.github.com/users/mergifyio-testing/starred{/owner}{/repo}","subscriptions_url":"https://api.github.com/users/mergifyio-testing/subscriptions","organizations_url":"https://api.github.com/users/mergifyio-testing/orgs","repos_url":"https://api.github.com/users/mergifyio-testing/repos","events_url":"https://api.github.com/users/mergifyio-testing/events{/privacy}","received_events_url":"https://api.github.com/users/mergifyio-testing/received_events","type":"Organization","site_admin":false},"repo":{"id":635704693,"node_id":"R_kgDOJeQVdQ","name":"functional-testing-repo-Kontrolix","full_name":"mergifyio-testing/functional-testing-repo-Kontrolix","private":false,"owner":{"login":"mergifyio-testing","id":40527191,"node_id":"MDEyOk9yZ2FuaXphdGlvbjQwNTI3MTkx","avatar_url":"https://avatars.githubusercontent.com/u/40527191?v=4","gravatar_id":"","url":"https://api.github.com/users/mergifyio-testing","html_url":"https://github.com/mergifyio-testing","followers_url":"https://api.github.com/users/mergifyio-testing/followers","following_url":"https://api.github.com/users/mergifyio-testing/following{/other_user}","gists_url":"https://api.github.com/users/mergifyio-testing/gists{/gist_id}","starred_url":"https://api.github.com/users/mergifyio-testing/starred{/owner}{/repo}","subscriptions_url":"https://api.github.com/users/mergifyio-testing/subscriptions","organizations_url":"https://api.github.com/users/mergifyio-testing/orgs","repos_url":"https://api.github.com/users/mergifyio-testing/repos","events_url":"https://api.github.com/users/mergifyio-testing/events{/privacy}","received_events_url":"https://api.github.com/users/mergifyio-testing/received_events","type":"Organization","site_admin":false},"html_url":"https://github.com/mergifyio-testing/functional-testing-repo-Kontrolix","description":null,"fork":false,"url":"https://api.github.com/repos/mergifyio-testing/functional-testing-repo-Kontrolix","forks_url":"https://api.github.com/repos/mergifyio-testing/functional-testing-repo-Kontrolix/forks","keys_url":"https://api.github.com/repos/mergifyio-testing/functional-testing-repo-Kontrolix/keys{/key_id}","collaborators_url":"https://api.github.com/repos/mergifyio-testing/functional-testing-repo-Kontrolix/collaborators{/collaborator}","teams_url":"https://api.github.com/repos/mergifyio-testing/functional-testing-repo-Kontrolix/teams","hooks_url":"https://api.github.com/repos/mergifyio-testing/functional-testing-repo-Kontrolix/hooks","issue_events_url":"https://api.github.com/repos/mergifyio-testing/functional-testing-repo-Kontrolix/issues/events{/number}","events_url":"https://api.github.com/repos/mergifyio-testing/functional-testing-repo-Kontrolix/events","assignees_url":"https://api.github.com/repos/mergifyio-testing/functional-testing-repo-Kontrolix/assignees{/user}","branches_url":"https://api.github.com/repos/mergifyio-testing/functional-testing-repo-Kontrolix/branches{/branch}","tags_url":"https://api.github.com/repos/mergifyio-testing/functional-testing-repo-Kontrolix/tags","blobs_url":"https://api.github.com/repos/mergifyio-testing/functional-testing-repo-Kontrolix/git/blobs{/sha}","git_tags_url":"https://api.github.com/repos/mergifyio-testing/functional-testing-repo-Kontrolix/git/tags{/sha}","git_refs_url":"https://api.github.com/repos/mergifyio-testing/functional-testing-repo-Kontrolix/git/refs{/sha}","trees_url":"https://api.github.com/repos/mergifyio-testing/functional-testing-repo-Kontrolix/git/trees{/sha}","statuses_url":"https://api.github.com/repos/mergifyio-testing/functional-testing-repo-Kontrolix/statuses/{sha}","languages_url":"https://api.github.com/repos/mergifyio-testing/functional-testing-repo-Kontrolix/languages","stargazers_url":"https://api.github.com/repos/mergifyio-testing/functional-testing-repo-Kontrolix/stargazers","contributors_url":"https://api.github.com/repos/mergifyio-testing/functional-testing-repo-Kontrolix/contributors","subscribers_url":"https://api.github.com/repos/mergifyio-testing/functional-testing-repo-Kontrolix/subscribers","subscription_url":"https://api.github.com/repos/mergifyio-testing/functional-testing-repo-Kontrolix/subscription","commits_url":"https://api.github.com/repos/mergifyio-testing/functional-testing-repo-Kontrolix/commits{/sha}","git_commits_url":"https://api.github.com/repos/mergifyio-testing/functional-testing-repo-Kontrolix/git/commits{/sha}","comments_url":"https://api.github.com/repos/mergifyio-testing/functional-testing-repo-Kontrolix/comments{/number}","issue_comment_url":"https://api.github.com/repos/mergifyio-testing/functional-testing-repo-Kontrolix/issues/comments{/number}","contents_url":"https://api.github.com/repos/mergifyio-testing/functional-testing-repo-Kontrolix/contents/{+path}","compare_url":"https://api.github.com/repos/mergifyio-testing/functional-testing-repo-Kontrolix/compare/{base}...{head}","merges_url":"https://api.github.com/repos/mergifyio-testing/functional-testing-repo-Kontrolix/merges","archive_url":"https://api.github.com/repos/mergifyio-testing/functional-testing-repo-Kontrolix/{archive_format}{/ref}","downloads_url":"https://api.github.com/repos/mergifyio-testing/functional-testing-repo-Kontrolix/downloads","issues_url":"https://api.github.com/repos/mergifyio-testing/functional-testing-repo-Kontrolix/issues{/number}","pulls_url":"https://api.github.com/repos/mergifyio-testing/functional-testing-repo-Kontrolix/pulls{/number}","milestones_url":"https://api.github.com/repos/mergifyio-testing/functional-testing-repo-Kontrolix/milestones{/number}","notifications_url":"https://api.github.com/repos/mergifyio-testing/functional-testing-repo-Kontrolix/notifications{?since,all,participating}","labels_url":"https://api.github.com/repos/mergifyio-testing/functional-testing-repo-Kontrolix/labels{/name}","releases_url":"https://api.github.com/repos/mergifyio-testing/functional-testing-repo-Kontrolix/releases{/id}","deployments_url":"https://api.github.com/repos/mergifyio-testing/functional-testing-repo-Kontrolix/deployments","created_at":"2023-05-03T09:24:21Z","updated_at":"2023-05-03T09:24:22Z","pushed_at":"2023-05-24T10:08:48Z","git_url":"git://github.com/mergifyio-testing/functional-testing-repo-Kontrolix.git","ssh_url":"git@github.com:mergifyio-testing/functional-testing-repo-Kontrolix.git","clone_url":"https://github.com/mergifyio-testing/functional-testing-repo-Kontrolix.git","svn_url":"https://github.com/mergifyio-testing/functional-testing-repo-Kontrolix","homepage":null,"size":54,"stargazers_count":0,"watchers_count":0,"language":null,"has_issues":true,"has_projects":true,"has_downloads":true,"has_wiki":true,"has_pages":false,"has_discussions":false,"forks_count":1,"mirror_url":null,"archived":false,"disabled":false,"open_issues_count":13,"license":null,"allow_forking":true,"is_template":false,"web_commit_signoff_required":false,"topics":[],"visibility":"public","forks":1,"open_issues":13,"watchers":0,"default_branch":"main","allow_squash_merge":true,"allow_merge_commit":true,"allow_rebase_merge":true,"allow_auto_merge":false,"delete_branch_on_merge":false,"allow_update_branch":false,"use_squash_pr_title_as_default":false,"squash_merge_commit_message":"COMMIT_MESSAGES","squash_merge_commit_title":"COMMIT_OR_PR_TITLE","merge_commit_message":"PR_TITLE","merge_commit_title":"MERGE_MESSAGE"}},"_links":{"self":{"href":"https://api.github.com/repos/mergifyio-testing/functional-testing-repo-Kontrolix/pulls/682"},"html":{"href":"https://github.com/mergifyio-testing/functional-testing-repo-Kontrolix/pull/682"},"issue":{"href":"https://api.github.com/repos/mergifyio-testing/functional-testing-repo-Kontrolix/issues/682"},"comments":{"href":"https://api.github.com/repos/mergifyio-testing/functional-testing-repo-Kontrolix/issues/682/comments"},"review_comments":{"href":"https://api.github.com/repos/mergifyio-testing/functional-testing-repo-Kontrolix/pulls/682/comments"},"review_comment":{"href":"https://api.github.com/repos/mergifyio-testing/functional-testing-repo-Kontrolix/pulls/comments{/number}"},"commits":{"href":"https://api.github.com/repos/mergifyio-testing/functional-testing-repo-Kontrolix/pulls/682/commits"},"statuses":{"href":"https://api.github.com/repos/mergifyio-testing/functional-testing-repo-Kontrolix/statuses/80dcbcc1407c3cdb9999b624e8105008dfdbad9c"}},"author_association":"NONE","auto_merge":null,"active_lock_reason":null,"merged":false,"mergeable":null,"rebaseable":null,"mergeable_state":"unknown","merged_by":null,"comments":0,"review_comments":0,"maintainer_can_modify":false,"commits":1,"additions":0,"deletions":0,"changed_files":1},"repository":{"id":635704693,"node_id":"R_kgDOJeQVdQ","name":"functional-testing-repo-Kontrolix","full_name":"mergifyio-testing/functional-testing-repo-Kontrolix","private":false,"owner":{"login":"mergifyio-testing","id":40527191,"node_id":"MDEyOk9yZ2FuaXphdGlvbjQwNTI3MTkx","avatar_url":"https://avatars.githubusercontent.com/u/40527191?v=4","gravatar_id":"","url":"https://api.github.com/users/mergifyio-testing","html_url":"https://github.com/mergifyio-testing","followers_url":"https://api.github.com/users/mergifyio-testing/followers","following_url":"https://api.github.com/users/mergifyio-testing/following{/other_user}","gists_url":"https://api.github.com/users/mergifyio-testing/gists{/gist_id}","starred_url":"https://api.github.com/users/mergifyio-testing/starred{/owner}{/repo}","subscriptions_url":"https://api.github.com/users/mergifyio-testing/subscriptions","organizations_url":"https://api.github.com/users/mergifyio-testing/orgs","repos_url":"https://api.github.com/users/mergifyio-testing/repos","events_url":"https://api.github.com/users/mergifyio-testing/events{/privacy}","received_events_url":"https://api.github.com/users/mergifyio-testing/received_events","type":"Organization","site_admin":false},"html_url":"https://github.com/mergifyio-testing/functional-testing-repo-Kontrolix","description":null,"fork":false,"url":"https://api.github.com/repos/mergifyio-testing/functional-testing-repo-Kontrolix","forks_url":"https://api.github.com/repos/mergifyio-testing/functional-testing-repo-Kontrolix/forks","keys_url":"https://api.github.com/repos/mergifyio-testing/functional-testing-repo-Kontrolix/keys{/key_id}","collaborators_url":"https://api.github.com/repos/mergifyio-testing/functional-testing-repo-Kontrolix/collaborators{/collaborator}","teams_url":"https://api.github.com/repos/mergifyio-testing/functional-testing-repo-Kontrolix/teams","hooks_url":"https://api.github.com/repos/mergifyio-testing/functional-testing-repo-Kontrolix/hooks","issue_events_url":"https://api.github.com/repos/mergifyio-testing/functional-testing-repo-Kontrolix/issues/events{/number}","events_url":"https://api.github.com/repos/mergifyio-testing/functional-testing-repo-Kontrolix/events","assignees_url":"https://api.github.com/repos/mergifyio-testing/functional-testing-repo-Kontrolix/assignees{/user}","branches_url":"https://api.github.com/repos/mergifyio-testing/functional-testing-repo-Kontrolix/branches{/branch}","tags_url":"https://api.github.com/repos/mergifyio-testing/functional-testing-repo-Kontrolix/tags","blobs_url":"https://api.github.com/repos/mergifyio-testing/functional-testing-repo-Kontrolix/git/blobs{/sha}","git_tags_url":"https://api.github.com/repos/mergifyio-testing/functional-testing-repo-Kontrolix/git/tags{/sha}","git_refs_url":"https://api.github.com/repos/mergifyio-testing/functional-testing-repo-Kontrolix/git/refs{/sha}","trees_url":"https://api.github.com/repos/mergifyio-testing/functional-testing-repo-Kontrolix/git/trees{/sha}","statuses_url":"https://api.github.com/repos/mergifyio-testing/functional-testing-repo-Kontrolix/statuses/{sha}","languages_url":"https://api.github.com/repos/mergifyio-testing/functional-testing-repo-Kontrolix/languages","stargazers_url":"https://api.github.com/repos/mergifyio-testing/functional-testing-repo-Kontrolix/stargazers","contributors_url":"https://api.github.com/repos/mergifyio-testing/functional-testing-repo-Kontrolix/contributors","subscribers_url":"https://api.github.com/repos/mergifyio-testing/functional-testing-repo-Kontrolix/subscribers","subscription_url":"https://api.github.com/repos/mergifyio-testing/functional-testing-repo-Kontrolix/subscription","commits_url":"https://api.github.com/repos/mergifyio-testing/functional-testing-repo-Kontrolix/commits{/sha}","git_commits_url":"https://api.github.com/repos/mergifyio-testing/functional-testing-repo-Kontrolix/git/commits{/sha}","comments_url":"https://api.github.com/repos/mergifyio-testing/functional-testing-repo-Kontrolix/comments{/number}","issue_comment_url":"https://api.github.com/repos/mergifyio-testing/functional-testing-repo-Kontrolix/issues/comments{/number}","contents_url":"https://api.github.com/repos/mergifyio-testing/functional-testing-repo-Kontrolix/contents/{+path}","compare_url":"https://api.github.com/repos/mergifyio-testing/functional-testing-repo-Kontrolix/compare/{base}...{head}","merges_url":"https://api.github.com/repos/mergifyio-testing/functional-testing-repo-Kontrolix/merges","archive_url":"https://api.github.com/repos/mergifyio-testing/functional-testing-repo-Kontrolix/{archive_format}{/ref}","downloads_url":"https://api.github.com/repos/mergifyio-testing/functional-testing-repo-Kontrolix/downloads","issues_url":"https://api.github.com/repos/mergifyio-testing/functional-testing-repo-Kontrolix/issues{/number}","pulls_url":"https://api.github.com/repos/mergifyio-testing/functional-testing-repo-Kontrolix/pulls{/number}","milestones_url":"https://api.github.com/repos/mergifyio-testing/functional-testing-repo-Kontrolix/milestones{/number}","notifications_url":"https://api.github.com/repos/mergifyio-testing/functional-testing-repo-Kontrolix/notifications{?since,all,participating}","labels_url":"https://api.github.com/repos/mergifyio-testing/functional-testing-repo-Kontrolix/labels{/name}","releases_url":"https://api.github.com/repos/mergifyio-testing/functional-testing-repo-Kontrolix/releases{/id}","deployments_url":"https://api.github.com/repos/mergifyio-testing/functional-testing-repo-Kontrolix/deployments","created_at":"2023-05-03T09:24:21Z","updated_at":"2023-05-03T09:24:22Z","pushed_at":"2023-05-24T10:08:48Z","git_url":"git://github.com/mergifyio-testing/functional-testing-repo-Kontrolix.git","ssh_url":"git@github.com:mergifyio-testing/functional-testing-repo-Kontrolix.git","clone_url":"https://github.com/mergifyio-testing/functional-testing-repo-Kontrolix.git","svn_url":"https://github.com/mergifyio-testing/functional-testing-repo-Kontrolix","homepage":null,"size":54,"stargazers_count":0,"watchers_count":0,"language":null,"has_issues":true,"has_projects":true,"has_downloads":true,"has_wiki":true,"has_pages":false,"has_discussions":false,"forks_count":1,"mirror_url":null,"archived":false,"disabled":false,"open_issues_count":13,"license":null,"allow_forking":true,"is_template":false,"web_commit_signoff_required":false,"topics":[],"visibility":"public","forks":1,"open_issues":13,"watchers":0,"default_branch":"main"},"organization":{"login":"mergifyio-testing","id":40527191,"node_id":"MDEyOk9yZ2FuaXphdGlvbjQwNTI3MTkx","url":"https://api.github.com/orgs/mergifyio-testing","repos_url":"https://api.github.com/orgs/mergifyio-testing/repos","events_url":"https://api.github.com/orgs/mergifyio-testing/events","hooks_url":"https://api.github.com/orgs/mergifyio-testing/hooks","issues_url":"https://api.github.com/orgs/mergifyio-testing/issues","members_url":"https://api.github.com/orgs/mergifyio-testing/members{/member}","public_members_url":"https://api.github.com/orgs/mergifyio-testing/public_members{/member}","avatar_url":"https://avatars.githubusercontent.com/u/40527191?v=4","description":"This
      account is for testing purpose of the workflow of the GitHub App @Mergifyio"},"sender":{"login":"mergify-kontrolix[bot]","id":132445501,"node_id":"BOT_kgDOB-T1PQ","avatar_url":"https://avatars.githubusercontent.com/u/40527191?v=4","gravatar_id":"","url":"https://api.github.com/users/mergify-kontrolix%5Bbot%5D","html_url":"https://github.com/apps/mergify-kontrolix","followers_url":"https://api.github.com/users/mergify-kontrolix%5Bbot%5D/followers","following_url":"https://api.github.com/users/mergify-kontrolix%5Bbot%5D/following{/other_user}","gists_url":"https://api.github.com/users/mergify-kontrolix%5Bbot%5D/gists{/gist_id}","starred_url":"https://api.github.com/users/mergify-kontrolix%5Bbot%5D/starred{/owner}{/repo}","subscriptions_url":"https://api.github.com/users/mergify-kontrolix%5Bbot%5D/subscriptions","organizations_url":"https://api.github.com/users/mergify-kontrolix%5Bbot%5D/orgs","repos_url":"https://api.github.com/users/mergify-kontrolix%5Bbot%5D/repos","events_url":"https://api.github.com/users/mergify-kontrolix%5Bbot%5D/events{/privacy}","received_events_url":"https://api.github.com/users/mergify-kontrolix%5Bbot%5D/received_events","type":"Bot","site_admin":false},"installation":{"id":37100555,"node_id":"MDIzOkludGVncmF0aW9uSW5zdGFsbGF0aW9uMzcxMDA1NTU="}}}]'
    headers:
      Connection:
      - keep-alive
      Content-Length:
      - '28618'
      Content-Type:
      - application/json
    http_version: HTTP/1.1
    status_code: 200
- request:
    body: ''
    headers:
      accept:
      - application/vnd.github.machine-man-preview+json
      host:
      - api.github.com
    method: GET
    uri: https://api.github.com/user/40527191/installation
  response:
    content: '{"id":37100555,"account":{"login":"mergifyio-testing","id":40527191,"node_id":"MDEyOk9yZ2FuaXphdGlvbjQwNTI3MTkx","avatar_url":"https://avatars.githubusercontent.com/u/40527191?v=4","gravatar_id":"","url":"https://api.github.com/users/mergifyio-testing","html_url":"https://github.com/mergifyio-testing","followers_url":"https://api.github.com/users/mergifyio-testing/followers","following_url":"https://api.github.com/users/mergifyio-testing/following{/other_user}","gists_url":"https://api.github.com/users/mergifyio-testing/gists{/gist_id}","starred_url":"https://api.github.com/users/mergifyio-testing/starred{/owner}{/repo}","subscriptions_url":"https://api.github.com/users/mergifyio-testing/subscriptions","organizations_url":"https://api.github.com/users/mergifyio-testing/orgs","repos_url":"https://api.github.com/users/mergifyio-testing/repos","events_url":"https://api.github.com/users/mergifyio-testing/events{/privacy}","received_events_url":"https://api.github.com/users/mergifyio-testing/received_events","type":"Organization","site_admin":false},"repository_selection":"selected","access_tokens_url":"https://api.github.com/app/installations/37100555/access_tokens","repositories_url":"https://api.github.com/installation/repositories","html_url":"https://github.com/organizations/mergifyio-testing/settings/installations/37100555","app_id":327815,"app_slug":"mergify-kontrolix","target_id":40527191,"target_type":"Organization","permissions":{"pages":"write","checks":"write","issues":"write","members":"read","contents":"write","metadata":"read","statuses":"write","workflows":"write","pull_requests":"write","administration":"read"},"events":["check_run","check_suite","issue_comment","member","membership","organization","pull_request","pull_request_review","pull_request_review_comment","pull_request_review_thread","push","repository","status","team","team_add"],"created_at":"2023-05-03T09:24:41.000Z","updated_at":"2023-05-24T09:30:21.000Z","single_file_name":null,"has_multiple_single_files":false,"single_file_paths":[],"suspended_by":null,"suspended_at":null}'
    headers:
      Content-Encoding:
      - gzip
      Content-Type:
      - application/json; charset=utf-8
      Transfer-Encoding:
      - chunked
      X-GitHub-Media-Type:
      - github.v3; param=machine-man-preview; format=json
      x-github-api-version-selected:
      - '2022-11-28'
    http_version: HTTP/1.1
    status_code: 200
- request:
    body: ''
    headers:
      accept:
      - application/vnd.github.machine-man-preview+json
      host:
      - api.github.com
    method: GET
    uri: https://api.github.com/repositories/635704693/pulls/682
  response:
    content: '{"url":"https://api.github.com/repos/mergifyio-testing/functional-testing-repo-Kontrolix/pulls/682","id":1362799026,"node_id":"PR_kwDOJeQVdc5ROqmy","html_url":"https://github.com/mergifyio-testing/functional-testing-repo-Kontrolix/pull/682","diff_url":"https://github.com/mergifyio-testing/functional-testing-repo-Kontrolix/pull/682.diff","patch_url":"https://github.com/mergifyio-testing/functional-testing-repo-Kontrolix/pull/682.patch","issue_url":"https://api.github.com/repos/mergifyio-testing/functional-testing-repo-Kontrolix/issues/682","number":682,"state":"open","locked":false,"title":"test_comment_template:
      pull request n1 from integration","user":{"login":"mergify-kontrolix[bot]","id":132445501,"node_id":"BOT_kgDOB-T1PQ","avatar_url":"https://avatars.githubusercontent.com/u/40527191?v=4","gravatar_id":"","url":"https://api.github.com/users/mergify-kontrolix%5Bbot%5D","html_url":"https://github.com/apps/mergify-kontrolix","followers_url":"https://api.github.com/users/mergify-kontrolix%5Bbot%5D/followers","following_url":"https://api.github.com/users/mergify-kontrolix%5Bbot%5D/following{/other_user}","gists_url":"https://api.github.com/users/mergify-kontrolix%5Bbot%5D/gists{/gist_id}","starred_url":"https://api.github.com/users/mergify-kontrolix%5Bbot%5D/starred{/owner}{/repo}","subscriptions_url":"https://api.github.com/users/mergify-kontrolix%5Bbot%5D/subscriptions","organizations_url":"https://api.github.com/users/mergify-kontrolix%5Bbot%5D/orgs","repos_url":"https://api.github.com/users/mergify-kontrolix%5Bbot%5D/repos","events_url":"https://api.github.com/users/mergify-kontrolix%5Bbot%5D/events{/privacy}","received_events_url":"https://api.github.com/users/mergify-kontrolix%5Bbot%5D/received_events","type":"Bot","site_admin":false},"body":"test_comment_template:
      pull request n1 from integration","created_at":"2023-05-24T10:08:47Z","updated_at":"2023-05-24T10:08:47Z","closed_at":null,"merged_at":null,"merge_commit_sha":"c267c5c54a4e48195e8515df4234d51233b4b46b","assignee":null,"assignees":[],"requested_reviewers":[],"requested_teams":[],"labels":[],"milestone":null,"draft":false,"commits_url":"https://api.github.com/repos/mergifyio-testing/functional-testing-repo-Kontrolix/pulls/682/commits","review_comments_url":"https://api.github.com/repos/mergifyio-testing/functional-testing-repo-Kontrolix/pulls/682/comments","review_comment_url":"https://api.github.com/repos/mergifyio-testing/functional-testing-repo-Kontrolix/pulls/comments{/number}","comments_url":"https://api.github.com/repos/mergifyio-testing/functional-testing-repo-Kontrolix/issues/682/comments","statuses_url":"https://api.github.com/repos/mergifyio-testing/functional-testing-repo-Kontrolix/statuses/80dcbcc1407c3cdb9999b624e8105008dfdbad9c","head":{"label":"mergifyio-testing:20230524100835/test_comment_template/integration/pr1","ref":"20230524100835/test_comment_template/integration/pr1","sha":"80dcbcc1407c3cdb9999b624e8105008dfdbad9c","user":{"login":"mergifyio-testing","id":40527191,"node_id":"MDEyOk9yZ2FuaXphdGlvbjQwNTI3MTkx","avatar_url":"https://avatars.githubusercontent.com/u/40527191?v=4","gravatar_id":"","url":"https://api.github.com/users/mergifyio-testing","html_url":"https://github.com/mergifyio-testing","followers_url":"https://api.github.com/users/mergifyio-testing/followers","following_url":"https://api.github.com/users/mergifyio-testing/following{/other_user}","gists_url":"https://api.github.com/users/mergifyio-testing/gists{/gist_id}","starred_url":"https://api.github.com/users/mergifyio-testing/starred{/owner}{/repo}","subscriptions_url":"https://api.github.com/users/mergifyio-testing/subscriptions","organizations_url":"https://api.github.com/users/mergifyio-testing/orgs","repos_url":"https://api.github.com/users/mergifyio-testing/repos","events_url":"https://api.github.com/users/mergifyio-testing/events{/privacy}","received_events_url":"https://api.github.com/users/mergifyio-testing/received_events","type":"Organization","site_admin":false},"repo":{"id":635704693,"node_id":"R_kgDOJeQVdQ","name":"functional-testing-repo-Kontrolix","full_name":"mergifyio-testing/functional-testing-repo-Kontrolix","private":false,"owner":{"login":"mergifyio-testing","id":40527191,"node_id":"MDEyOk9yZ2FuaXphdGlvbjQwNTI3MTkx","avatar_url":"https://avatars.githubusercontent.com/u/40527191?v=4","gravatar_id":"","url":"https://api.github.com/users/mergifyio-testing","html_url":"https://github.com/mergifyio-testing","followers_url":"https://api.github.com/users/mergifyio-testing/followers","following_url":"https://api.github.com/users/mergifyio-testing/following{/other_user}","gists_url":"https://api.github.com/users/mergifyio-testing/gists{/gist_id}","starred_url":"https://api.github.com/users/mergifyio-testing/starred{/owner}{/repo}","subscriptions_url":"https://api.github.com/users/mergifyio-testing/subscriptions","organizations_url":"https://api.github.com/users/mergifyio-testing/orgs","repos_url":"https://api.github.com/users/mergifyio-testing/repos","events_url":"https://api.github.com/users/mergifyio-testing/events{/privacy}","received_events_url":"https://api.github.com/users/mergifyio-testing/received_events","type":"Organization","site_admin":false},"html_url":"https://github.com/mergifyio-testing/functional-testing-repo-Kontrolix","description":null,"fork":false,"url":"https://api.github.com/repos/mergifyio-testing/functional-testing-repo-Kontrolix","forks_url":"https://api.github.com/repos/mergifyio-testing/functional-testing-repo-Kontrolix/forks","keys_url":"https://api.github.com/repos/mergifyio-testing/functional-testing-repo-Kontrolix/keys{/key_id}","collaborators_url":"https://api.github.com/repos/mergifyio-testing/functional-testing-repo-Kontrolix/collaborators{/collaborator}","teams_url":"https://api.github.com/repos/mergifyio-testing/functional-testing-repo-Kontrolix/teams","hooks_url":"https://api.github.com/repos/mergifyio-testing/functional-testing-repo-Kontrolix/hooks","issue_events_url":"https://api.github.com/repos/mergifyio-testing/functional-testing-repo-Kontrolix/issues/events{/number}","events_url":"https://api.github.com/repos/mergifyio-testing/functional-testing-repo-Kontrolix/events","assignees_url":"https://api.github.com/repos/mergifyio-testing/functional-testing-repo-Kontrolix/assignees{/user}","branches_url":"https://api.github.com/repos/mergifyio-testing/functional-testing-repo-Kontrolix/branches{/branch}","tags_url":"https://api.github.com/repos/mergifyio-testing/functional-testing-repo-Kontrolix/tags","blobs_url":"https://api.github.com/repos/mergifyio-testing/functional-testing-repo-Kontrolix/git/blobs{/sha}","git_tags_url":"https://api.github.com/repos/mergifyio-testing/functional-testing-repo-Kontrolix/git/tags{/sha}","git_refs_url":"https://api.github.com/repos/mergifyio-testing/functional-testing-repo-Kontrolix/git/refs{/sha}","trees_url":"https://api.github.com/repos/mergifyio-testing/functional-testing-repo-Kontrolix/git/trees{/sha}","statuses_url":"https://api.github.com/repos/mergifyio-testing/functional-testing-repo-Kontrolix/statuses/{sha}","languages_url":"https://api.github.com/repos/mergifyio-testing/functional-testing-repo-Kontrolix/languages","stargazers_url":"https://api.github.com/repos/mergifyio-testing/functional-testing-repo-Kontrolix/stargazers","contributors_url":"https://api.github.com/repos/mergifyio-testing/functional-testing-repo-Kontrolix/contributors","subscribers_url":"https://api.github.com/repos/mergifyio-testing/functional-testing-repo-Kontrolix/subscribers","subscription_url":"https://api.github.com/repos/mergifyio-testing/functional-testing-repo-Kontrolix/subscription","commits_url":"https://api.github.com/repos/mergifyio-testing/functional-testing-repo-Kontrolix/commits{/sha}","git_commits_url":"https://api.github.com/repos/mergifyio-testing/functional-testing-repo-Kontrolix/git/commits{/sha}","comments_url":"https://api.github.com/repos/mergifyio-testing/functional-testing-repo-Kontrolix/comments{/number}","issue_comment_url":"https://api.github.com/repos/mergifyio-testing/functional-testing-repo-Kontrolix/issues/comments{/number}","contents_url":"https://api.github.com/repos/mergifyio-testing/functional-testing-repo-Kontrolix/contents/{+path}","compare_url":"https://api.github.com/repos/mergifyio-testing/functional-testing-repo-Kontrolix/compare/{base}...{head}","merges_url":"https://api.github.com/repos/mergifyio-testing/functional-testing-repo-Kontrolix/merges","archive_url":"https://api.github.com/repos/mergifyio-testing/functional-testing-repo-Kontrolix/{archive_format}{/ref}","downloads_url":"https://api.github.com/repos/mergifyio-testing/functional-testing-repo-Kontrolix/downloads","issues_url":"https://api.github.com/repos/mergifyio-testing/functional-testing-repo-Kontrolix/issues{/number}","pulls_url":"https://api.github.com/repos/mergifyio-testing/functional-testing-repo-Kontrolix/pulls{/number}","milestones_url":"https://api.github.com/repos/mergifyio-testing/functional-testing-repo-Kontrolix/milestones{/number}","notifications_url":"https://api.github.com/repos/mergifyio-testing/functional-testing-repo-Kontrolix/notifications{?since,all,participating}","labels_url":"https://api.github.com/repos/mergifyio-testing/functional-testing-repo-Kontrolix/labels{/name}","releases_url":"https://api.github.com/repos/mergifyio-testing/functional-testing-repo-Kontrolix/releases{/id}","deployments_url":"https://api.github.com/repos/mergifyio-testing/functional-testing-repo-Kontrolix/deployments","created_at":"2023-05-03T09:24:21Z","updated_at":"2023-05-03T09:24:22Z","pushed_at":"2023-05-24T10:08:48Z","git_url":"git://github.com/mergifyio-testing/functional-testing-repo-Kontrolix.git","ssh_url":"git@github.com:mergifyio-testing/functional-testing-repo-Kontrolix.git","clone_url":"https://github.com/mergifyio-testing/functional-testing-repo-Kontrolix.git","svn_url":"https://github.com/mergifyio-testing/functional-testing-repo-Kontrolix","homepage":null,"size":54,"stargazers_count":0,"watchers_count":0,"language":null,"has_issues":true,"has_projects":true,"has_downloads":true,"has_wiki":true,"has_pages":false,"has_discussions":false,"forks_count":1,"mirror_url":null,"archived":false,"disabled":false,"open_issues_count":13,"license":null,"allow_forking":true,"is_template":false,"web_commit_signoff_required":false,"topics":[],"visibility":"public","forks":1,"open_issues":13,"watchers":0,"default_branch":"main"}},"base":{"label":"mergifyio-testing:20230524100835/test_comment_template/main","ref":"20230524100835/test_comment_template/main","sha":"4c4a80f5f1e6399cd2c809514c8ac8fd4610ad42","user":{"login":"mergifyio-testing","id":40527191,"node_id":"MDEyOk9yZ2FuaXphdGlvbjQwNTI3MTkx","avatar_url":"https://avatars.githubusercontent.com/u/40527191?v=4","gravatar_id":"","url":"https://api.github.com/users/mergifyio-testing","html_url":"https://github.com/mergifyio-testing","followers_url":"https://api.github.com/users/mergifyio-testing/followers","following_url":"https://api.github.com/users/mergifyio-testing/following{/other_user}","gists_url":"https://api.github.com/users/mergifyio-testing/gists{/gist_id}","starred_url":"https://api.github.com/users/mergifyio-testing/starred{/owner}{/repo}","subscriptions_url":"https://api.github.com/users/mergifyio-testing/subscriptions","organizations_url":"https://api.github.com/users/mergifyio-testing/orgs","repos_url":"https://api.github.com/users/mergifyio-testing/repos","events_url":"https://api.github.com/users/mergifyio-testing/events{/privacy}","received_events_url":"https://api.github.com/users/mergifyio-testing/received_events","type":"Organization","site_admin":false},"repo":{"id":635704693,"node_id":"R_kgDOJeQVdQ","name":"functional-testing-repo-Kontrolix","full_name":"mergifyio-testing/functional-testing-repo-Kontrolix","private":false,"owner":{"login":"mergifyio-testing","id":40527191,"node_id":"MDEyOk9yZ2FuaXphdGlvbjQwNTI3MTkx","avatar_url":"https://avatars.githubusercontent.com/u/40527191?v=4","gravatar_id":"","url":"https://api.github.com/users/mergifyio-testing","html_url":"https://github.com/mergifyio-testing","followers_url":"https://api.github.com/users/mergifyio-testing/followers","following_url":"https://api.github.com/users/mergifyio-testing/following{/other_user}","gists_url":"https://api.github.com/users/mergifyio-testing/gists{/gist_id}","starred_url":"https://api.github.com/users/mergifyio-testing/starred{/owner}{/repo}","subscriptions_url":"https://api.github.com/users/mergifyio-testing/subscriptions","organizations_url":"https://api.github.com/users/mergifyio-testing/orgs","repos_url":"https://api.github.com/users/mergifyio-testing/repos","events_url":"https://api.github.com/users/mergifyio-testing/events{/privacy}","received_events_url":"https://api.github.com/users/mergifyio-testing/received_events","type":"Organization","site_admin":false},"html_url":"https://github.com/mergifyio-testing/functional-testing-repo-Kontrolix","description":null,"fork":false,"url":"https://api.github.com/repos/mergifyio-testing/functional-testing-repo-Kontrolix","forks_url":"https://api.github.com/repos/mergifyio-testing/functional-testing-repo-Kontrolix/forks","keys_url":"https://api.github.com/repos/mergifyio-testing/functional-testing-repo-Kontrolix/keys{/key_id}","collaborators_url":"https://api.github.com/repos/mergifyio-testing/functional-testing-repo-Kontrolix/collaborators{/collaborator}","teams_url":"https://api.github.com/repos/mergifyio-testing/functional-testing-repo-Kontrolix/teams","hooks_url":"https://api.github.com/repos/mergifyio-testing/functional-testing-repo-Kontrolix/hooks","issue_events_url":"https://api.github.com/repos/mergifyio-testing/functional-testing-repo-Kontrolix/issues/events{/number}","events_url":"https://api.github.com/repos/mergifyio-testing/functional-testing-repo-Kontrolix/events","assignees_url":"https://api.github.com/repos/mergifyio-testing/functional-testing-repo-Kontrolix/assignees{/user}","branches_url":"https://api.github.com/repos/mergifyio-testing/functional-testing-repo-Kontrolix/branches{/branch}","tags_url":"https://api.github.com/repos/mergifyio-testing/functional-testing-repo-Kontrolix/tags","blobs_url":"https://api.github.com/repos/mergifyio-testing/functional-testing-repo-Kontrolix/git/blobs{/sha}","git_tags_url":"https://api.github.com/repos/mergifyio-testing/functional-testing-repo-Kontrolix/git/tags{/sha}","git_refs_url":"https://api.github.com/repos/mergifyio-testing/functional-testing-repo-Kontrolix/git/refs{/sha}","trees_url":"https://api.github.com/repos/mergifyio-testing/functional-testing-repo-Kontrolix/git/trees{/sha}","statuses_url":"https://api.github.com/repos/mergifyio-testing/functional-testing-repo-Kontrolix/statuses/{sha}","languages_url":"https://api.github.com/repos/mergifyio-testing/functional-testing-repo-Kontrolix/languages","stargazers_url":"https://api.github.com/repos/mergifyio-testing/functional-testing-repo-Kontrolix/stargazers","contributors_url":"https://api.github.com/repos/mergifyio-testing/functional-testing-repo-Kontrolix/contributors","subscribers_url":"https://api.github.com/repos/mergifyio-testing/functional-testing-repo-Kontrolix/subscribers","subscription_url":"https://api.github.com/repos/mergifyio-testing/functional-testing-repo-Kontrolix/subscription","commits_url":"https://api.github.com/repos/mergifyio-testing/functional-testing-repo-Kontrolix/commits{/sha}","git_commits_url":"https://api.github.com/repos/mergifyio-testing/functional-testing-repo-Kontrolix/git/commits{/sha}","comments_url":"https://api.github.com/repos/mergifyio-testing/functional-testing-repo-Kontrolix/comments{/number}","issue_comment_url":"https://api.github.com/repos/mergifyio-testing/functional-testing-repo-Kontrolix/issues/comments{/number}","contents_url":"https://api.github.com/repos/mergifyio-testing/functional-testing-repo-Kontrolix/contents/{+path}","compare_url":"https://api.github.com/repos/mergifyio-testing/functional-testing-repo-Kontrolix/compare/{base}...{head}","merges_url":"https://api.github.com/repos/mergifyio-testing/functional-testing-repo-Kontrolix/merges","archive_url":"https://api.github.com/repos/mergifyio-testing/functional-testing-repo-Kontrolix/{archive_format}{/ref}","downloads_url":"https://api.github.com/repos/mergifyio-testing/functional-testing-repo-Kontrolix/downloads","issues_url":"https://api.github.com/repos/mergifyio-testing/functional-testing-repo-Kontrolix/issues{/number}","pulls_url":"https://api.github.com/repos/mergifyio-testing/functional-testing-repo-Kontrolix/pulls{/number}","milestones_url":"https://api.github.com/repos/mergifyio-testing/functional-testing-repo-Kontrolix/milestones{/number}","notifications_url":"https://api.github.com/repos/mergifyio-testing/functional-testing-repo-Kontrolix/notifications{?since,all,participating}","labels_url":"https://api.github.com/repos/mergifyio-testing/functional-testing-repo-Kontrolix/labels{/name}","releases_url":"https://api.github.com/repos/mergifyio-testing/functional-testing-repo-Kontrolix/releases{/id}","deployments_url":"https://api.github.com/repos/mergifyio-testing/functional-testing-repo-Kontrolix/deployments","created_at":"2023-05-03T09:24:21Z","updated_at":"2023-05-03T09:24:22Z","pushed_at":"2023-05-24T10:08:48Z","git_url":"git://github.com/mergifyio-testing/functional-testing-repo-Kontrolix.git","ssh_url":"git@github.com:mergifyio-testing/functional-testing-repo-Kontrolix.git","clone_url":"https://github.com/mergifyio-testing/functional-testing-repo-Kontrolix.git","svn_url":"https://github.com/mergifyio-testing/functional-testing-repo-Kontrolix","homepage":null,"size":54,"stargazers_count":0,"watchers_count":0,"language":null,"has_issues":true,"has_projects":true,"has_downloads":true,"has_wiki":true,"has_pages":false,"has_discussions":false,"forks_count":1,"mirror_url":null,"archived":false,"disabled":false,"open_issues_count":13,"license":null,"allow_forking":true,"is_template":false,"web_commit_signoff_required":false,"topics":[],"visibility":"public","forks":1,"open_issues":13,"watchers":0,"default_branch":"main"}},"_links":{"self":{"href":"https://api.github.com/repos/mergifyio-testing/functional-testing-repo-Kontrolix/pulls/682"},"html":{"href":"https://github.com/mergifyio-testing/functional-testing-repo-Kontrolix/pull/682"},"issue":{"href":"https://api.github.com/repos/mergifyio-testing/functional-testing-repo-Kontrolix/issues/682"},"comments":{"href":"https://api.github.com/repos/mergifyio-testing/functional-testing-repo-Kontrolix/issues/682/comments"},"review_comments":{"href":"https://api.github.com/repos/mergifyio-testing/functional-testing-repo-Kontrolix/pulls/682/comments"},"review_comment":{"href":"https://api.github.com/repos/mergifyio-testing/functional-testing-repo-Kontrolix/pulls/comments{/number}"},"commits":{"href":"https://api.github.com/repos/mergifyio-testing/functional-testing-repo-Kontrolix/pulls/682/commits"},"statuses":{"href":"https://api.github.com/repos/mergifyio-testing/functional-testing-repo-Kontrolix/statuses/80dcbcc1407c3cdb9999b624e8105008dfdbad9c"}},"author_association":"NONE","auto_merge":null,"active_lock_reason":null,"merged":false,"mergeable":true,"rebaseable":true,"mergeable_state":"clean","merged_by":null,"comments":0,"review_comments":0,"maintainer_can_modify":false,"commits":1,"additions":0,"deletions":0,"changed_files":1}'
    headers:
      Content-Encoding:
      - gzip
      Content-Type:
      - application/json; charset=utf-8
      Transfer-Encoding:
      - chunked
      X-GitHub-Media-Type:
      - github.v3; param=machine-man-preview; format=json
      x-github-api-version-selected:
      - '2022-11-28'
    http_version: HTTP/1.1
    status_code: 200
- request:
    body: ''
    headers:
      accept:
      - application/vnd.github.machine-man-preview+json
      host:
      - api.github.com
    method: GET
    uri: https://api.github.com/repos/mergifyio-testing/functional-testing-repo-Kontrolix/contents/.mergify.yml?ref=20230524100835/test_comment_template/main
  response:
    content: '{"name":".mergify.yml","path":".mergify.yml","sha":"61c16cad406201f3f29eaf17deff7c7299d21d79","size":161,"url":"https://api.github.com/repos/mergifyio-testing/functional-testing-repo-Kontrolix/contents/.mergify.yml?ref=20230524100835/test_comment_template/main","html_url":"https://github.com/mergifyio-testing/functional-testing-repo-Kontrolix/blob/20230524100835/test_comment_template/main/.mergify.yml","git_url":"https://api.github.com/repos/mergifyio-testing/functional-testing-repo-Kontrolix/git/blobs/61c16cad406201f3f29eaf17deff7c7299d21d79","download_url":"https://raw.githubusercontent.com/mergifyio-testing/functional-testing-repo-Kontrolix/20230524100835/test_comment_template/main/.mergify.yml","type":"file","content":"cHVsbF9yZXF1ZXN0X3J1bGVzOgotIGFjdGlvbnM6CiAgICBjb21tZW50Ogog\nICAgICBtZXNzYWdlOiBUaGFuayB5b3Uge3thdXRob3J9fQogIGNvbmRpdGlv\nbnM6CiAgLSBiYXNlPTIwMjMwNTI0MTAwODM1L3Rlc3RfY29tbWVudF90ZW1w\nbGF0ZS9tYWluCiAgbmFtZTogY29tbWVudAo=\n","encoding":"base64","_links":{"self":"https://api.github.com/repos/mergifyio-testing/functional-testing-repo-Kontrolix/contents/.mergify.yml?ref=20230524100835/test_comment_template/main","git":"https://api.github.com/repos/mergifyio-testing/functional-testing-repo-Kontrolix/git/blobs/61c16cad406201f3f29eaf17deff7c7299d21d79","html":"https://github.com/mergifyio-testing/functional-testing-repo-Kontrolix/blob/20230524100835/test_comment_template/main/.mergify.yml"}}'
    headers:
      Content-Encoding:
      - gzip
      Content-Type:
      - application/json; charset=utf-8
      Transfer-Encoding:
      - chunked
      X-GitHub-Media-Type:
      - github.v3; param=machine-man-preview; format=json
      x-github-api-version-selected:
      - '2022-11-28'
    http_version: HTTP/1.1
    status_code: 200
- request:
    body: ''
    headers:
      accept:
      - application/vnd.github.antiope-preview+json
      host:
      - api.github.com
    method: GET
    uri: https://api.github.com/repos/mergifyio-testing/functional-testing-repo-Kontrolix/commits/80dcbcc1407c3cdb9999b624e8105008dfdbad9c/check-runs?per_page=100
  response:
    content: '{"total_count":0,"check_runs":[]}'
    headers:
      Content-Encoding:
      - gzip
      Content-Type:
      - application/json; charset=utf-8
      Transfer-Encoding:
      - chunked
      X-GitHub-Media-Type:
      - github.v3; param=antiope-preview; format=json
      x-github-api-version-selected:
      - '2022-11-28'
    http_version: HTTP/1.1
    status_code: 200
- request:
    body: ''
    headers:
      accept:
      - application/vnd.github.machine-man-preview+json
      host:
      - api.github.com
    method: GET
    uri: https://api.github.com/repos/mergifyio-testing/functional-testing-repo-Kontrolix/pulls/682/files?per_page=100
  response:
    content: '[{"sha":"e69de29bb2d1d6434b8b29ae775ad8c2e48c5391","filename":"test1","status":"added","additions":0,"deletions":0,"changes":0,"blob_url":"https://github.com/mergifyio-testing/functional-testing-repo-Kontrolix/blob/80dcbcc1407c3cdb9999b624e8105008dfdbad9c/test1","raw_url":"https://github.com/mergifyio-testing/functional-testing-repo-Kontrolix/raw/80dcbcc1407c3cdb9999b624e8105008dfdbad9c/test1","contents_url":"https://api.github.com/repos/mergifyio-testing/functional-testing-repo-Kontrolix/contents/test1?ref=80dcbcc1407c3cdb9999b624e8105008dfdbad9c"}]'
    headers:
      Content-Encoding:
      - gzip
      Content-Type:
      - application/json; charset=utf-8
      Transfer-Encoding:
      - chunked
      X-GitHub-Media-Type:
      - github.v3; param=machine-man-preview; format=json
      x-github-api-version-selected:
      - '2022-11-28'
    http_version: HTTP/1.1
    status_code: 200
- request:
    body: ''
    headers:
      accept:
      - application/vnd.github.machine-man-preview+json
      host:
      - api.github.com
    method: GET
    uri: https://api.github.com/repos/mergifyio-testing/functional-testing-repo-Kontrolix/issues/682/comments?per_page=100
  response:
    content: '[]'
    headers:
      Content-Length:
      - '2'
      Content-Type:
      - application/json; charset=utf-8
      X-GitHub-Media-Type:
      - github.v3; param=machine-man-preview; format=json
      x-github-api-version-selected:
      - '2022-11-28'
    http_version: HTTP/1.1
    status_code: 200
- request:
    body: '{"body": "Thank you mergify-kontrolix[bot]"}'
    headers:
      accept:
      - application/vnd.github.machine-man-preview+json
      content-length:
      - '44'
      content-type:
      - application/json
      host:
      - api.github.com
    method: POST
    uri: https://api.github.com/repos/mergifyio-testing/functional-testing-repo-Kontrolix/issues/682/comments
  response:
    content: '{"url":"https://api.github.com/repos/mergifyio-testing/functional-testing-repo-Kontrolix/issues/comments/1560833210","html_url":"https://github.com/mergifyio-testing/functional-testing-repo-Kontrolix/pull/682#issuecomment-1560833210","issue_url":"https://api.github.com/repos/mergifyio-testing/functional-testing-repo-Kontrolix/issues/682","id":1560833210,"node_id":"IC_kwDOJeQVdc5dCGy6","user":{"login":"mergify-kontrolix[bot]","id":132445501,"node_id":"BOT_kgDOB-T1PQ","avatar_url":"https://avatars.githubusercontent.com/u/40527191?v=4","gravatar_id":"","url":"https://api.github.com/users/mergify-kontrolix%5Bbot%5D","html_url":"https://github.com/apps/mergify-kontrolix","followers_url":"https://api.github.com/users/mergify-kontrolix%5Bbot%5D/followers","following_url":"https://api.github.com/users/mergify-kontrolix%5Bbot%5D/following{/other_user}","gists_url":"https://api.github.com/users/mergify-kontrolix%5Bbot%5D/gists{/gist_id}","starred_url":"https://api.github.com/users/mergify-kontrolix%5Bbot%5D/starred{/owner}{/repo}","subscriptions_url":"https://api.github.com/users/mergify-kontrolix%5Bbot%5D/subscriptions","organizations_url":"https://api.github.com/users/mergify-kontrolix%5Bbot%5D/orgs","repos_url":"https://api.github.com/users/mergify-kontrolix%5Bbot%5D/repos","events_url":"https://api.github.com/users/mergify-kontrolix%5Bbot%5D/events{/privacy}","received_events_url":"https://api.github.com/users/mergify-kontrolix%5Bbot%5D/received_events","type":"Bot","site_admin":false},"created_at":"2023-05-24T10:09:07Z","updated_at":"2023-05-24T10:09:07Z","author_association":"NONE","body":"Thank
      you mergify-kontrolix[bot]","reactions":{"url":"https://api.github.com/repos/mergifyio-testing/functional-testing-repo-Kontrolix/issues/comments/1560833210/reactions","total_count":0,"+1":0,"-1":0,"laugh":0,"hooray":0,"confused":0,"heart":0,"rocket":0,"eyes":0},"performed_via_github_app":null}'
    headers:
      Content-Length:
      - '1913'
      Content-Type:
      - application/json; charset=utf-8
      Location:
      - https://api.github.com/repos/mergifyio-testing/functional-testing-repo-Kontrolix/issues/comments/1560833210
      X-GitHub-Media-Type:
      - github.v3; param=machine-man-preview; format=json
      x-github-api-version-selected:
      - '2022-11-28'
    http_version: HTTP/1.1
    status_code: 201
- request:
    body: '{"name": "Summary", "head_sha": "80dcbcc1407c3cdb9999b624e8105008dfdbad9c",
      "status": "completed", "started_at": "2023-05-24T10:08:49.889638+00:00", "details_url":
      "https://github.com/mergifyio-testing/functional-testing-repo-Kontrolix/pull/682/checks",
      "output": {"title": "1 rule matches", "summary": "<!-- eydSdWxlOiBjb21tZW50IChjb21tZW50KSc6IHN1Y2Nlc3N9Cg==
      -->\n### Rule: comment (comment)\n- [X] `base=20230524100835/test_comment_template/main`\n\n<hr
      />\n\n<details>\n<summary>Mergify commands and options</summary>\n\n<br />\n\nMore
      conditions and actions can be found in the [documentation](https://docs.mergify.com/).\n\nYou
      can also trigger Mergify actions by commenting on this pull request:\n\n- `@Mergifyio
      refresh` will re-evaluate the rules\n- `@Mergifyio rebase` will rebase this
      PR on its base branch\n- `@Mergifyio update` will merge the base branch into
      this PR\n- `@Mergifyio backport <destination>` will backport this PR on `<destination>`
      branch\n\nAdditionally, on Mergify [dashboard](http://localhost:3000) you can:\n\n-
      look at your merge queues\n- generate the Mergify configuration with the config
      editor.\n\nFinally, you can contact us on https://mergify.com\n</details>\n"},
      "external_id": "682", "conclusion": "success", "completed_at": "2023-05-24T10:09:08.190793+00:00"}'
    headers:
      accept:
      - application/vnd.github.antiope-preview+json
      content-length:
      - '1303'
      content-type:
      - application/json
      host:
      - api.github.com
    method: POST
    uri: https://api.github.com/repos/mergifyio-testing/functional-testing-repo-Kontrolix/check-runs
  response:
    content: '{"id":13720092344,"name":"Summary","node_id":"CR_kwDOJeQVdc8AAAADMcf-uA","head_sha":"80dcbcc1407c3cdb9999b624e8105008dfdbad9c","external_id":"682","url":"https://api.github.com/repos/mergifyio-testing/functional-testing-repo-Kontrolix/check-runs/13720092344","html_url":"https://github.com/mergifyio-testing/functional-testing-repo-Kontrolix/runs/13720092344","details_url":"https://github.com/mergifyio-testing/functional-testing-repo-Kontrolix/pull/682/checks","status":"completed","conclusion":"success","started_at":"2023-05-24T10:08:49Z","completed_at":"2023-05-24T10:09:08Z","output":{"title":"1
      rule matches","summary":"<!-- eydSdWxlOiBjb21tZW50IChjb21tZW50KSc6IHN1Y2Nlc3N9Cg==
      -->\n### Rule: comment (comment)\n- [X] `base=20230524100835/test_comment_template/main`\n\n<hr
      />\n\n<details>\n<summary>Mergify commands and options</summary>\n\n<br />\n\nMore
      conditions and actions can be found in the [documentation](https://docs.mergify.com/).\n\nYou
      can also trigger Mergify actions by commenting on this pull request:\n\n- `@Mergifyio
      refresh` will re-evaluate the rules\n- `@Mergifyio rebase` will rebase this
      PR on its base branch\n- `@Mergifyio update` will merge the base branch into
      this PR\n- `@Mergifyio backport <destination>` will backport this PR on `<destination>`
      branch\n\nAdditionally, on Mergify [dashboard](http://localhost:3000) you can:\n\n-
      look at your merge queues\n- generate the Mergify configuration with the config
      editor.\n\nFinally, you can contact us on https://mergify.com\n</details>\n","text":null,"annotations_count":0,"annotations_url":"https://api.github.com/repos/mergifyio-testing/functional-testing-repo-Kontrolix/check-runs/13720092344/annotations"},"check_suite":{"id":13112786665},"app":{"id":327815,"slug":"mergify-kontrolix","node_id":"A_kwHOAmplV84ABQCH","owner":{"login":"mergifyio-testing","id":40527191,"node_id":"MDEyOk9yZ2FuaXphdGlvbjQwNTI3MTkx","avatar_url":"https://avatars.githubusercontent.com/u/40527191?v=4","gravatar_id":"","url":"https://api.github.com/users/mergifyio-testing","html_url":"https://github.com/mergifyio-testing","followers_url":"https://api.github.com/users/mergifyio-testing/followers","following_url":"https://api.github.com/users/mergifyio-testing/following{/other_user}","gists_url":"https://api.github.com/users/mergifyio-testing/gists{/gist_id}","starred_url":"https://api.github.com/users/mergifyio-testing/starred{/owner}{/repo}","subscriptions_url":"https://api.github.com/users/mergifyio-testing/subscriptions","organizations_url":"https://api.github.com/users/mergifyio-testing/orgs","repos_url":"https://api.github.com/users/mergifyio-testing/repos","events_url":"https://api.github.com/users/mergifyio-testing/events{/privacy}","received_events_url":"https://api.github.com/users/mergifyio-testing/received_events","type":"Organization","site_admin":false},"name":"mergify-Kontrolix","description":"Mergify
      testing installation for Kontrolix","external_url":"https://mergify.com/","html_url":"https://github.com/apps/mergify-kontrolix","created_at":"2023-05-03T09:24:33Z","updated_at":"2023-05-03T09:24:33Z","permissions":{"administration":"read","checks":"write","contents":"write","emails":"read","issues":"write","members":"read","metadata":"read","pages":"write","pull_requests":"write","statuses":"write","workflows":"write"},"events":["check_run","check_suite","issue_comment","member","membership","organization","pull_request","pull_request_review","pull_request_review_comment","pull_request_review_thread","push","repository","status","team","team_add"]},"pull_requests":[{"url":"https://api.github.com/repos/mergifyio-testing/functional-testing-repo-Kontrolix/pulls/682","id":1362799026,"number":682,"head":{"ref":"20230524100835/test_comment_template/integration/pr1","sha":"80dcbcc1407c3cdb9999b624e8105008dfdbad9c","repo":{"id":635704693,"url":"https://api.github.com/repos/mergifyio-testing/functional-testing-repo-Kontrolix","name":"functional-testing-repo-Kontrolix"}},"base":{"ref":"20230524100835/test_comment_template/main","sha":"4c4a80f5f1e6399cd2c809514c8ac8fd4610ad42","repo":{"id":635704693,"url":"https://api.github.com/repos/mergifyio-testing/functional-testing-repo-Kontrolix","name":"functional-testing-repo-Kontrolix"}}}]}'
    headers:
      Content-Length:
      - '4246'
      Content-Type:
      - application/json; charset=utf-8
      Location:
      - https://api.github.com/repos/mergifyio-testing/functional-testing-repo-Kontrolix/check-runs/13720092344
      X-GitHub-Media-Type:
      - github.v3; param=antiope-preview; format=json
      x-github-api-version-selected:
      - '2022-11-28'
    http_version: HTTP/1.1
    status_code: 201
- request:
    body: whatdataisthat
    headers:
      X-Hub-Signature:
      - <SIGNATURE>
      accept:
      - '*/*'
      content-length:
      - '14'
      host:
      - test-forwarder.mergify.com
    method: GET
    uri: https://test-forwarder.mergify.com/events/github.com/327815/635704693/682?counter=15
  response:
    content: '[{"id":"054a2680-fa1b-11ed-9d5d-3ed4d13e0ee7","type":"issue_comment","payload":{"action":"created","issue":{"url":"https://api.github.com/repos/mergifyio-testing/functional-testing-repo-Kontrolix/issues/682","repository_url":"https://api.github.com/repos/mergifyio-testing/functional-testing-repo-Kontrolix","labels_url":"https://api.github.com/repos/mergifyio-testing/functional-testing-repo-Kontrolix/issues/682/labels{/name}","comments_url":"https://api.github.com/repos/mergifyio-testing/functional-testing-repo-Kontrolix/issues/682/comments","events_url":"https://api.github.com/repos/mergifyio-testing/functional-testing-repo-Kontrolix/issues/682/events","html_url":"https://github.com/mergifyio-testing/functional-testing-repo-Kontrolix/pull/682","id":1723636855,"node_id":"PR_kwDOJeQVdc5ROqmy","number":682,"title":"test_comment_template:
      pull request n1 from integration","user":{"login":"mergify-kontrolix[bot]","id":132445501,"node_id":"BOT_kgDOB-T1PQ","avatar_url":"https://avatars.githubusercontent.com/u/40527191?v=4","gravatar_id":"","url":"https://api.github.com/users/mergify-kontrolix%5Bbot%5D","html_url":"https://github.com/apps/mergify-kontrolix","followers_url":"https://api.github.com/users/mergify-kontrolix%5Bbot%5D/followers","following_url":"https://api.github.com/users/mergify-kontrolix%5Bbot%5D/following{/other_user}","gists_url":"https://api.github.com/users/mergify-kontrolix%5Bbot%5D/gists{/gist_id}","starred_url":"https://api.github.com/users/mergify-kontrolix%5Bbot%5D/starred{/owner}{/repo}","subscriptions_url":"https://api.github.com/users/mergify-kontrolix%5Bbot%5D/subscriptions","organizations_url":"https://api.github.com/users/mergify-kontrolix%5Bbot%5D/orgs","repos_url":"https://api.github.com/users/mergify-kontrolix%5Bbot%5D/repos","events_url":"https://api.github.com/users/mergify-kontrolix%5Bbot%5D/events{/privacy}","received_events_url":"https://api.github.com/users/mergify-kontrolix%5Bbot%5D/received_events","type":"Bot","site_admin":false},"labels":[],"state":"open","locked":false,"assignee":null,"assignees":[],"milestone":null,"comments":1,"created_at":"2023-05-24T10:08:47Z","updated_at":"2023-05-24T10:09:07Z","closed_at":null,"author_association":"NONE","active_lock_reason":null,"draft":false,"pull_request":{"url":"https://api.github.com/repos/mergifyio-testing/functional-testing-repo-Kontrolix/pulls/682","html_url":"https://github.com/mergifyio-testing/functional-testing-repo-Kontrolix/pull/682","diff_url":"https://github.com/mergifyio-testing/functional-testing-repo-Kontrolix/pull/682.diff","patch_url":"https://github.com/mergifyio-testing/functional-testing-repo-Kontrolix/pull/682.patch","merged_at":null},"body":"test_comment_template:
      pull request n1 from integration","reactions":{"url":"https://api.github.com/repos/mergifyio-testing/functional-testing-repo-Kontrolix/issues/682/reactions","total_count":0,"+1":0,"-1":0,"laugh":0,"hooray":0,"confused":0,"heart":0,"rocket":0,"eyes":0},"timeline_url":"https://api.github.com/repos/mergifyio-testing/functional-testing-repo-Kontrolix/issues/682/timeline","performed_via_github_app":null,"state_reason":null},"comment":{"url":"https://api.github.com/repos/mergifyio-testing/functional-testing-repo-Kontrolix/issues/comments/1560833210","html_url":"https://github.com/mergifyio-testing/functional-testing-repo-Kontrolix/pull/682#issuecomment-1560833210","issue_url":"https://api.github.com/repos/mergifyio-testing/functional-testing-repo-Kontrolix/issues/682","id":1560833210,"node_id":"IC_kwDOJeQVdc5dCGy6","user":{"login":"mergify-kontrolix[bot]","id":132445501,"node_id":"BOT_kgDOB-T1PQ","avatar_url":"https://avatars.githubusercontent.com/u/40527191?v=4","gravatar_id":"","url":"https://api.github.com/users/mergify-kontrolix%5Bbot%5D","html_url":"https://github.com/apps/mergify-kontrolix","followers_url":"https://api.github.com/users/mergify-kontrolix%5Bbot%5D/followers","following_url":"https://api.github.com/users/mergify-kontrolix%5Bbot%5D/following{/other_user}","gists_url":"https://api.github.com/users/mergify-kontrolix%5Bbot%5D/gists{/gist_id}","starred_url":"https://api.github.com/users/mergify-kontrolix%5Bbot%5D/starred{/owner}{/repo}","subscriptions_url":"https://api.github.com/users/mergify-kontrolix%5Bbot%5D/subscriptions","organizations_url":"https://api.github.com/users/mergify-kontrolix%5Bbot%5D/orgs","repos_url":"https://api.github.com/users/mergify-kontrolix%5Bbot%5D/repos","events_url":"https://api.github.com/users/mergify-kontrolix%5Bbot%5D/events{/privacy}","received_events_url":"https://api.github.com/users/mergify-kontrolix%5Bbot%5D/received_events","type":"Bot","site_admin":false},"created_at":"2023-05-24T10:09:07Z","updated_at":"2023-05-24T10:09:07Z","author_association":"NONE","body":"Thank
      you mergify-kontrolix[bot]","reactions":{"url":"https://api.github.com/repos/mergifyio-testing/functional-testing-repo-Kontrolix/issues/comments/1560833210/reactions","total_count":0,"+1":0,"-1":0,"laugh":0,"hooray":0,"confused":0,"heart":0,"rocket":0,"eyes":0},"performed_via_github_app":null},"repository":{"id":635704693,"node_id":"R_kgDOJeQVdQ","name":"functional-testing-repo-Kontrolix","full_name":"mergifyio-testing/functional-testing-repo-Kontrolix","private":false,"owner":{"login":"mergifyio-testing","id":40527191,"node_id":"MDEyOk9yZ2FuaXphdGlvbjQwNTI3MTkx","avatar_url":"https://avatars.githubusercontent.com/u/40527191?v=4","gravatar_id":"","url":"https://api.github.com/users/mergifyio-testing","html_url":"https://github.com/mergifyio-testing","followers_url":"https://api.github.com/users/mergifyio-testing/followers","following_url":"https://api.github.com/users/mergifyio-testing/following{/other_user}","gists_url":"https://api.github.com/users/mergifyio-testing/gists{/gist_id}","starred_url":"https://api.github.com/users/mergifyio-testing/starred{/owner}{/repo}","subscriptions_url":"https://api.github.com/users/mergifyio-testing/subscriptions","organizations_url":"https://api.github.com/users/mergifyio-testing/orgs","repos_url":"https://api.github.com/users/mergifyio-testing/repos","events_url":"https://api.github.com/users/mergifyio-testing/events{/privacy}","received_events_url":"https://api.github.com/users/mergifyio-testing/received_events","type":"Organization","site_admin":false},"html_url":"https://github.com/mergifyio-testing/functional-testing-repo-Kontrolix","description":null,"fork":false,"url":"https://api.github.com/repos/mergifyio-testing/functional-testing-repo-Kontrolix","forks_url":"https://api.github.com/repos/mergifyio-testing/functional-testing-repo-Kontrolix/forks","keys_url":"https://api.github.com/repos/mergifyio-testing/functional-testing-repo-Kontrolix/keys{/key_id}","collaborators_url":"https://api.github.com/repos/mergifyio-testing/functional-testing-repo-Kontrolix/collaborators{/collaborator}","teams_url":"https://api.github.com/repos/mergifyio-testing/functional-testing-repo-Kontrolix/teams","hooks_url":"https://api.github.com/repos/mergifyio-testing/functional-testing-repo-Kontrolix/hooks","issue_events_url":"https://api.github.com/repos/mergifyio-testing/functional-testing-repo-Kontrolix/issues/events{/number}","events_url":"https://api.github.com/repos/mergifyio-testing/functional-testing-repo-Kontrolix/events","assignees_url":"https://api.github.com/repos/mergifyio-testing/functional-testing-repo-Kontrolix/assignees{/user}","branches_url":"https://api.github.com/repos/mergifyio-testing/functional-testing-repo-Kontrolix/branches{/branch}","tags_url":"https://api.github.com/repos/mergifyio-testing/functional-testing-repo-Kontrolix/tags","blobs_url":"https://api.github.com/repos/mergifyio-testing/functional-testing-repo-Kontrolix/git/blobs{/sha}","git_tags_url":"https://api.github.com/repos/mergifyio-testing/functional-testing-repo-Kontrolix/git/tags{/sha}","git_refs_url":"https://api.github.com/repos/mergifyio-testing/functional-testing-repo-Kontrolix/git/refs{/sha}","trees_url":"https://api.github.com/repos/mergifyio-testing/functional-testing-repo-Kontrolix/git/trees{/sha}","statuses_url":"https://api.github.com/repos/mergifyio-testing/functional-testing-repo-Kontrolix/statuses/{sha}","languages_url":"https://api.github.com/repos/mergifyio-testing/functional-testing-repo-Kontrolix/languages","stargazers_url":"https://api.github.com/repos/mergifyio-testing/functional-testing-repo-Kontrolix/stargazers","contributors_url":"https://api.github.com/repos/mergifyio-testing/functional-testing-repo-Kontrolix/contributors","subscribers_url":"https://api.github.com/repos/mergifyio-testing/functional-testing-repo-Kontrolix/subscribers","subscription_url":"https://api.github.com/repos/mergifyio-testing/functional-testing-repo-Kontrolix/subscription","commits_url":"https://api.github.com/repos/mergifyio-testing/functional-testing-repo-Kontrolix/commits{/sha}","git_commits_url":"https://api.github.com/repos/mergifyio-testing/functional-testing-repo-Kontrolix/git/commits{/sha}","comments_url":"https://api.github.com/repos/mergifyio-testing/functional-testing-repo-Kontrolix/comments{/number}","issue_comment_url":"https://api.github.com/repos/mergifyio-testing/functional-testing-repo-Kontrolix/issues/comments{/number}","contents_url":"https://api.github.com/repos/mergifyio-testing/functional-testing-repo-Kontrolix/contents/{+path}","compare_url":"https://api.github.com/repos/mergifyio-testing/functional-testing-repo-Kontrolix/compare/{base}...{head}","merges_url":"https://api.github.com/repos/mergifyio-testing/functional-testing-repo-Kontrolix/merges","archive_url":"https://api.github.com/repos/mergifyio-testing/functional-testing-repo-Kontrolix/{archive_format}{/ref}","downloads_url":"https://api.github.com/repos/mergifyio-testing/functional-testing-repo-Kontrolix/downloads","issues_url":"https://api.github.com/repos/mergifyio-testing/functional-testing-repo-Kontrolix/issues{/number}","pulls_url":"https://api.github.com/repos/mergifyio-testing/functional-testing-repo-Kontrolix/pulls{/number}","milestones_url":"https://api.github.com/repos/mergifyio-testing/functional-testing-repo-Kontrolix/milestones{/number}","notifications_url":"https://api.github.com/repos/mergifyio-testing/functional-testing-repo-Kontrolix/notifications{?since,all,participating}","labels_url":"https://api.github.com/repos/mergifyio-testing/functional-testing-repo-Kontrolix/labels{/name}","releases_url":"https://api.github.com/repos/mergifyio-testing/functional-testing-repo-Kontrolix/releases{/id}","deployments_url":"https://api.github.com/repos/mergifyio-testing/functional-testing-repo-Kontrolix/deployments","created_at":"2023-05-03T09:24:21Z","updated_at":"2023-05-03T09:24:22Z","pushed_at":"2023-05-24T10:09:06Z","git_url":"git://github.com/mergifyio-testing/functional-testing-repo-Kontrolix.git","ssh_url":"git@github.com:mergifyio-testing/functional-testing-repo-Kontrolix.git","clone_url":"https://github.com/mergifyio-testing/functional-testing-repo-Kontrolix.git","svn_url":"https://github.com/mergifyio-testing/functional-testing-repo-Kontrolix","homepage":null,"size":54,"stargazers_count":0,"watchers_count":0,"language":null,"has_issues":true,"has_projects":true,"has_downloads":true,"has_wiki":true,"has_pages":false,"has_discussions":false,"forks_count":1,"mirror_url":null,"archived":false,"disabled":false,"open_issues_count":15,"license":null,"allow_forking":true,"is_template":false,"web_commit_signoff_required":false,"topics":[],"visibility":"public","forks":1,"open_issues":15,"watchers":0,"default_branch":"main"},"organization":{"login":"mergifyio-testing","id":40527191,"node_id":"MDEyOk9yZ2FuaXphdGlvbjQwNTI3MTkx","url":"https://api.github.com/orgs/mergifyio-testing","repos_url":"https://api.github.com/orgs/mergifyio-testing/repos","events_url":"https://api.github.com/orgs/mergifyio-testing/events","hooks_url":"https://api.github.com/orgs/mergifyio-testing/hooks","issues_url":"https://api.github.com/orgs/mergifyio-testing/issues","members_url":"https://api.github.com/orgs/mergifyio-testing/members{/member}","public_members_url":"https://api.github.com/orgs/mergifyio-testing/public_members{/member}","avatar_url":"https://avatars.githubusercontent.com/u/40527191?v=4","description":"This
      account is for testing purpose of the workflow of the GitHub App @Mergifyio"},"sender":{"login":"mergify-kontrolix[bot]","id":132445501,"node_id":"BOT_kgDOB-T1PQ","avatar_url":"https://avatars.githubusercontent.com/u/40527191?v=4","gravatar_id":"","url":"https://api.github.com/users/mergify-kontrolix%5Bbot%5D","html_url":"https://github.com/apps/mergify-kontrolix","followers_url":"https://api.github.com/users/mergify-kontrolix%5Bbot%5D/followers","following_url":"https://api.github.com/users/mergify-kontrolix%5Bbot%5D/following{/other_user}","gists_url":"https://api.github.com/users/mergify-kontrolix%5Bbot%5D/gists{/gist_id}","starred_url":"https://api.github.com/users/mergify-kontrolix%5Bbot%5D/starred{/owner}{/repo}","subscriptions_url":"https://api.github.com/users/mergify-kontrolix%5Bbot%5D/subscriptions","organizations_url":"https://api.github.com/users/mergify-kontrolix%5Bbot%5D/orgs","repos_url":"https://api.github.com/users/mergify-kontrolix%5Bbot%5D/repos","events_url":"https://api.github.com/users/mergify-kontrolix%5Bbot%5D/events{/privacy}","received_events_url":"https://api.github.com/users/mergify-kontrolix%5Bbot%5D/received_events","type":"Bot","site_admin":false},"installation":{"id":37100555,"node_id":"MDIzOkludGVncmF0aW9uSW5zdGFsbGF0aW9uMzcxMDA1NTU="}}}]'
    headers:
      Connection:
      - keep-alive
      Content-Length:
      - '13480'
      Content-Type:
      - application/json
    http_version: HTTP/1.1
    status_code: 200
- request:
    body: ''
    headers:
      accept:
      - application/vnd.github.machine-man-preview+json
      host:
      - api.github.com
    method: GET
    uri: https://api.github.com/repos/mergifyio-testing/functional-testing-repo-Kontrolix/git/matching-refs/heads/20230524100835/test_comment_template/main?per_page=100
  response:
    content: '[{"ref":"refs/heads/20230524100835/test_comment_template/main","node_id":"REF_kwDOJeQVddoANHJlZnMvaGVhZHMvMjAyMzA1MjQxMDA4MzUvdGVzdF9jb21tZW50X3RlbXBsYXRlL21haW4","url":"https://api.github.com/repos/mergifyio-testing/functional-testing-repo-Kontrolix/git/refs/heads/20230524100835/test_comment_template/main","object":{"sha":"4c4a80f5f1e6399cd2c809514c8ac8fd4610ad42","type":"commit","url":"https://api.github.com/repos/mergifyio-testing/functional-testing-repo-Kontrolix/git/commits/4c4a80f5f1e6399cd2c809514c8ac8fd4610ad42"}}]'
    headers:
      Content-Encoding:
      - gzip
      Content-Type:
      - application/json; charset=utf-8
      Transfer-Encoding:
      - chunked
      X-GitHub-Media-Type:
      - github.v3; param=machine-man-preview; format=json
      X-Poll-Interval:
      - '300'
      x-github-api-version-selected:
      - '2022-11-28'
    http_version: HTTP/1.1
    status_code: 200
- request:
    body: ''
    headers:
      accept:
      - application/vnd.github.machine-man-preview+json
      host:
      - api.github.com
    method: GET
    uri: https://api.github.com/repos/mergifyio-testing/functional-testing-repo-Kontrolix/git/matching-refs/heads/test_comment_template/mq/?per_page=100
  response:
    content: '[]'
    headers:
      Content-Length:
      - '2'
      Content-Type:
      - application/json; charset=utf-8
      X-GitHub-Media-Type:
      - github.v3; param=machine-man-preview; format=json
      X-Poll-Interval:
      - '300'
      x-github-api-version-selected:
      - '2022-11-28'
    http_version: HTTP/1.1
    status_code: 200
- request:
    body: ''
    headers:
      accept:
      - application/vnd.github.machine-man-preview+json
      host:
      - api.github.com
    method: GET
    uri: https://api.github.com/repos/mergifyio-testing/functional-testing-repo-Kontrolix/git/matching-refs/heads/mergify/bp?per_page=100
  response:
    content: '[]'
    headers:
      Content-Length:
      - '2'
      Content-Type:
      - application/json; charset=utf-8
      X-GitHub-Media-Type:
      - github.v3; param=machine-man-preview; format=json
      X-Poll-Interval:
      - '300'
      x-github-api-version-selected:
      - '2022-11-28'
    http_version: HTTP/1.1
    status_code: 200
- request:
    body: ''
    headers:
      accept:
      - application/vnd.github.machine-man-preview+json
      host:
      - api.github.com
    method: GET
    uri: https://api.github.com/repos/mergifyio-testing/functional-testing-repo-Kontrolix/git/matching-refs/heads/mergify/copy?per_page=100
  response:
    content: '[]'
    headers:
      Content-Length:
      - '2'
      Content-Type:
      - application/json; charset=utf-8
      X-GitHub-Media-Type:
      - github.v3; param=machine-man-preview; format=json
      X-Poll-Interval:
      - '300'
      x-github-api-version-selected:
      - '2022-11-28'
    http_version: HTTP/1.1
    status_code: 200
- request:
    body: ''
    headers:
      accept:
      - application/vnd.github.machine-man-preview+json
      host:
      - api.github.com
    method: GET
    uri: https://api.github.com/repos/mergifyio-testing/functional-testing-repo-Kontrolix/branches/20230524100835%2Ftest_comment_template%2Fmain
  response:
    content: '{"name":"20230524100835/test_comment_template/main","commit":{"sha":"4c4a80f5f1e6399cd2c809514c8ac8fd4610ad42","node_id":"C_kwDOJeQVddoAKDRjNGE4MGY1ZjFlNjM5OWNkMmM4MDk1MTRjOGFjOGZkNDYxMGFkNDI","commit":{"author":{"name":"Mergify","email":"132445501+mergify-kontrolix[bot]@users.noreply.github.com","date":"2023-05-24T10:08:38Z"},"committer":{"name":"Mergify","email":"132445501+mergify-kontrolix[bot]@users.noreply.github.com","date":"2023-05-24T10:08:38Z"},"message":"initial
      commit","tree":{"sha":"acae828d436719a044bafb010346b6c9a4a8818b","url":"https://api.github.com/repos/mergifyio-testing/functional-testing-repo-Kontrolix/git/trees/acae828d436719a044bafb010346b6c9a4a8818b"},"url":"https://api.github.com/repos/mergifyio-testing/functional-testing-repo-Kontrolix/git/commits/4c4a80f5f1e6399cd2c809514c8ac8fd4610ad42","comment_count":0,"verification":{"verified":false,"reason":"unsigned","signature":null,"payload":null}},"url":"https://api.github.com/repos/mergifyio-testing/functional-testing-repo-Kontrolix/commits/4c4a80f5f1e6399cd2c809514c8ac8fd4610ad42","html_url":"https://github.com/mergifyio-testing/functional-testing-repo-Kontrolix/commit/4c4a80f5f1e6399cd2c809514c8ac8fd4610ad42","comments_url":"https://api.github.com/repos/mergifyio-testing/functional-testing-repo-Kontrolix/commits/4c4a80f5f1e6399cd2c809514c8ac8fd4610ad42/comments","author":{"login":"mergify-kontrolix[bot]","id":132445501,"node_id":"BOT_kgDOB-T1PQ","avatar_url":"https://avatars.githubusercontent.com/u/40527191?v=4","gravatar_id":"","url":"https://api.github.com/users/mergify-kontrolix%5Bbot%5D","html_url":"https://github.com/apps/mergify-kontrolix","followers_url":"https://api.github.com/users/mergify-kontrolix%5Bbot%5D/followers","following_url":"https://api.github.com/users/mergify-kontrolix%5Bbot%5D/following{/other_user}","gists_url":"https://api.github.com/users/mergify-kontrolix%5Bbot%5D/gists{/gist_id}","starred_url":"https://api.github.com/users/mergify-kontrolix%5Bbot%5D/starred{/owner}{/repo}","subscriptions_url":"https://api.github.com/users/mergify-kontrolix%5Bbot%5D/subscriptions","organizations_url":"https://api.github.com/users/mergify-kontrolix%5Bbot%5D/orgs","repos_url":"https://api.github.com/users/mergify-kontrolix%5Bbot%5D/repos","events_url":"https://api.github.com/users/mergify-kontrolix%5Bbot%5D/events{/privacy}","received_events_url":"https://api.github.com/users/mergify-kontrolix%5Bbot%5D/received_events","type":"Bot","site_admin":false},"committer":{"login":"mergify-kontrolix[bot]","id":132445501,"node_id":"BOT_kgDOB-T1PQ","avatar_url":"https://avatars.githubusercontent.com/u/40527191?v=4","gravatar_id":"","url":"https://api.github.com/users/mergify-kontrolix%5Bbot%5D","html_url":"https://github.com/apps/mergify-kontrolix","followers_url":"https://api.github.com/users/mergify-kontrolix%5Bbot%5D/followers","following_url":"https://api.github.com/users/mergify-kontrolix%5Bbot%5D/following{/other_user}","gists_url":"https://api.github.com/users/mergify-kontrolix%5Bbot%5D/gists{/gist_id}","starred_url":"https://api.github.com/users/mergify-kontrolix%5Bbot%5D/starred{/owner}{/repo}","subscriptions_url":"https://api.github.com/users/mergify-kontrolix%5Bbot%5D/subscriptions","organizations_url":"https://api.github.com/users/mergify-kontrolix%5Bbot%5D/orgs","repos_url":"https://api.github.com/users/mergify-kontrolix%5Bbot%5D/repos","events_url":"https://api.github.com/users/mergify-kontrolix%5Bbot%5D/events{/privacy}","received_events_url":"https://api.github.com/users/mergify-kontrolix%5Bbot%5D/received_events","type":"Bot","site_admin":false},"parents":[]},"_links":{"self":"https://api.github.com/repos/mergifyio-testing/functional-testing-repo-Kontrolix/branches/20230524100835/test_comment_template/main","html":"https://github.com/mergifyio-testing/functional-testing-repo-Kontrolix/tree/20230524100835/test_comment_template/main"},"protected":false,"protection":{"enabled":false,"required_status_checks":{"enforcement_level":"off","contexts":[],"checks":[]}},"protection_url":"https://api.github.com/repos/mergifyio-testing/functional-testing-repo-Kontrolix/branches/20230524100835/test_comment_template/main/protection"}'
    headers:
      Content-Encoding:
      - gzip
      Content-Type:
      - application/json; charset=utf-8
      Transfer-Encoding:
      - chunked
      X-GitHub-Media-Type:
      - github.v3; param=machine-man-preview; format=json
      x-github-api-version-selected:
      - '2022-11-28'
    http_version: HTTP/1.1
    status_code: 200
- request:
    body: ''
    headers:
      accept:
      - application/vnd.github.machine-man-preview+json
      host:
      - api.github.com
    method: DELETE
    uri: https://api.github.com/repos/mergifyio-testing/functional-testing-repo-Kontrolix/git/refs/heads/20230524100835/test_comment_template/main
  response:
    content: ''
    headers:
      X-GitHub-Media-Type:
      - github.v3; param=machine-man-preview; format=json
      x-github-api-version-selected:
      - '2022-11-28'
    http_version: HTTP/1.1
    status_code: 204
- request:
    body: ''
    headers:
      accept:
      - application/vnd.github.machine-man-preview+json
      host:
      - api.github.com
    method: GET
    uri: https://api.github.com/repos/mergifyio-testing/functional-testing-repo-Kontrolix/branches/20230524100835%2Ftest_comment_template%2Fintegration%2Fpr1
  response:
    content: '{"name":"20230524100835/test_comment_template/integration/pr1","commit":{"sha":"80dcbcc1407c3cdb9999b624e8105008dfdbad9c","node_id":"C_kwDOJeQVddoAKDgwZGNiY2MxNDA3YzNjZGI5OTk5YjYyNGU4MTA1MDA4ZGZkYmFkOWM","commit":{"author":{"name":"Mergify","email":"132445501+mergify-kontrolix[bot]@users.noreply.github.com","date":"2023-05-24T10:08:41Z"},"committer":{"name":"Mergify","email":"132445501+mergify-kontrolix[bot]@users.noreply.github.com","date":"2023-05-24T10:08:41Z"},"message":"test_comment_template:
      pull request n1 from integration","tree":{"sha":"5daaa031f2e3c771400fc6d3ba0669247411a0aa","url":"https://api.github.com/repos/mergifyio-testing/functional-testing-repo-Kontrolix/git/trees/5daaa031f2e3c771400fc6d3ba0669247411a0aa"},"url":"https://api.github.com/repos/mergifyio-testing/functional-testing-repo-Kontrolix/git/commits/80dcbcc1407c3cdb9999b624e8105008dfdbad9c","comment_count":0,"verification":{"verified":false,"reason":"unsigned","signature":null,"payload":null}},"url":"https://api.github.com/repos/mergifyio-testing/functional-testing-repo-Kontrolix/commits/80dcbcc1407c3cdb9999b624e8105008dfdbad9c","html_url":"https://github.com/mergifyio-testing/functional-testing-repo-Kontrolix/commit/80dcbcc1407c3cdb9999b624e8105008dfdbad9c","comments_url":"https://api.github.com/repos/mergifyio-testing/functional-testing-repo-Kontrolix/commits/80dcbcc1407c3cdb9999b624e8105008dfdbad9c/comments","author":{"login":"mergify-kontrolix[bot]","id":132445501,"node_id":"BOT_kgDOB-T1PQ","avatar_url":"https://avatars.githubusercontent.com/u/40527191?v=4","gravatar_id":"","url":"https://api.github.com/users/mergify-kontrolix%5Bbot%5D","html_url":"https://github.com/apps/mergify-kontrolix","followers_url":"https://api.github.com/users/mergify-kontrolix%5Bbot%5D/followers","following_url":"https://api.github.com/users/mergify-kontrolix%5Bbot%5D/following{/other_user}","gists_url":"https://api.github.com/users/mergify-kontrolix%5Bbot%5D/gists{/gist_id}","starred_url":"https://api.github.com/users/mergify-kontrolix%5Bbot%5D/starred{/owner}{/repo}","subscriptions_url":"https://api.github.com/users/mergify-kontrolix%5Bbot%5D/subscriptions","organizations_url":"https://api.github.com/users/mergify-kontrolix%5Bbot%5D/orgs","repos_url":"https://api.github.com/users/mergify-kontrolix%5Bbot%5D/repos","events_url":"https://api.github.com/users/mergify-kontrolix%5Bbot%5D/events{/privacy}","received_events_url":"https://api.github.com/users/mergify-kontrolix%5Bbot%5D/received_events","type":"Bot","site_admin":false},"committer":{"login":"mergify-kontrolix[bot]","id":132445501,"node_id":"BOT_kgDOB-T1PQ","avatar_url":"https://avatars.githubusercontent.com/u/40527191?v=4","gravatar_id":"","url":"https://api.github.com/users/mergify-kontrolix%5Bbot%5D","html_url":"https://github.com/apps/mergify-kontrolix","followers_url":"https://api.github.com/users/mergify-kontrolix%5Bbot%5D/followers","following_url":"https://api.github.com/users/mergify-kontrolix%5Bbot%5D/following{/other_user}","gists_url":"https://api.github.com/users/mergify-kontrolix%5Bbot%5D/gists{/gist_id}","starred_url":"https://api.github.com/users/mergify-kontrolix%5Bbot%5D/starred{/owner}{/repo}","subscriptions_url":"https://api.github.com/users/mergify-kontrolix%5Bbot%5D/subscriptions","organizations_url":"https://api.github.com/users/mergify-kontrolix%5Bbot%5D/orgs","repos_url":"https://api.github.com/users/mergify-kontrolix%5Bbot%5D/repos","events_url":"https://api.github.com/users/mergify-kontrolix%5Bbot%5D/events{/privacy}","received_events_url":"https://api.github.com/users/mergify-kontrolix%5Bbot%5D/received_events","type":"Bot","site_admin":false},"parents":[{"sha":"4c4a80f5f1e6399cd2c809514c8ac8fd4610ad42","url":"https://api.github.com/repos/mergifyio-testing/functional-testing-repo-Kontrolix/commits/4c4a80f5f1e6399cd2c809514c8ac8fd4610ad42","html_url":"https://github.com/mergifyio-testing/functional-testing-repo-Kontrolix/commit/4c4a80f5f1e6399cd2c809514c8ac8fd4610ad42"}]},"_links":{"self":"https://api.github.com/repos/mergifyio-testing/functional-testing-repo-Kontrolix/branches/20230524100835/test_comment_template/integration/pr1","html":"https://github.com/mergifyio-testing/functional-testing-repo-Kontrolix/tree/20230524100835/test_comment_template/integration/pr1"},"protected":false,"protection":{"enabled":false,"required_status_checks":{"enforcement_level":"off","contexts":[],"checks":[]}},"protection_url":"https://api.github.com/repos/mergifyio-testing/functional-testing-repo-Kontrolix/branches/20230524100835/test_comment_template/integration/pr1/protection"}'
    headers:
      Content-Encoding:
      - gzip
      Content-Type:
      - application/json; charset=utf-8
      Transfer-Encoding:
      - chunked
      X-GitHub-Media-Type:
      - github.v3; param=machine-man-preview; format=json
      x-github-api-version-selected:
      - '2022-11-28'
    http_version: HTTP/1.1
    status_code: 200
- request:
    body: ''
    headers:
      accept:
      - application/vnd.github.machine-man-preview+json
      host:
      - api.github.com
    method: DELETE
    uri: https://api.github.com/repos/mergifyio-testing/functional-testing-repo-Kontrolix/git/refs/heads/20230524100835/test_comment_template/integration/pr1
  response:
    content: ''
    headers:
      X-GitHub-Media-Type:
      - github.v3; param=machine-man-preview; format=json
      x-github-api-version-selected:
      - '2022-11-28'
    http_version: HTTP/1.1
    status_code: 204
- request:
    body: whatdataisthat
    headers:
      X-Hub-Signature:
      - <SIGNATURE>
      accept:
      - '*/*'
      content-length:
      - '14'
      host:
      - test-forwarder.mergify.com
    method: DELETE
    uri: https://test-forwarder.mergify.com/events/github.com/327815/635704693/20230524100835-test_comment_template
  response:
    content: Event queued
    headers:
      Connection:
      - keep-alive
      Content-Length:
      - '12'
    http_version: HTTP/1.1
    status_code: 202
version: 1
