interactions:
- request:
    body: ''
    headers:
      accept:
      - application/vnd.github.machine-man-preview+json
      host:
      - api.github.com
    method: GET
    uri: https://api.github.com/user/40527191/installation
  response:
    content: '{"id":26895396,"account":{"login":"mergifyio-testing","id":40527191,"node_id":"MDEyOk9yZ2FuaXphdGlvbjQwNTI3MTkx","avatar_url":"https://avatars.githubusercontent.com/u/40527191?v=4","gravatar_id":"","url":"https://api.github.com/users/mergifyio-testing","html_url":"https://github.com/mergifyio-testing","followers_url":"https://api.github.com/users/mergifyio-testing/followers","following_url":"https://api.github.com/users/mergifyio-testing/following{/other_user}","gists_url":"https://api.github.com/users/mergifyio-testing/gists{/gist_id}","starred_url":"https://api.github.com/users/mergifyio-testing/starred{/owner}{/repo}","subscriptions_url":"https://api.github.com/users/mergifyio-testing/subscriptions","organizations_url":"https://api.github.com/users/mergifyio-testing/orgs","repos_url":"https://api.github.com/users/mergifyio-testing/repos","events_url":"https://api.github.com/users/mergifyio-testing/events{/privacy}","received_events_url":"https://api.github.com/users/mergifyio-testing/received_events","type":"Organization","site_admin":false},"repository_selection":"selected","access_tokens_url":"https://api.github.com/app/installations/26895396/access_tokens","repositories_url":"https://api.github.com/installation/repositories","html_url":"https://github.com/organizations/mergifyio-testing/settings/installations/26895396","app_id":214877,"app_slug":"mergify-greesb","target_id":40527191,"target_type":"Organization","permissions":{"pages":"write","checks":"write","issues":"write","members":"read","contents":"write","metadata":"read","statuses":"write","workflows":"write","pull_requests":"write","administration":"read"},"events":["check_run","check_suite","issue_comment","member","membership","organization","pull_request","pull_request_review","pull_request_review_comment","pull_request_review_thread","push","repository","status","team","team_add"],"created_at":"2022-06-27T12:53:43.000Z","updated_at":"2022-12-05T15:49:59.000Z","single_file_name":null,"has_multiple_single_files":false,"single_file_paths":[],"suspended_by":null,"suspended_at":null}'
    headers:
      Content-Encoding:
      - gzip
      Content-Type:
      - application/json; charset=utf-8
      Transfer-Encoding:
      - chunked
      X-GitHub-Media-Type:
      - github.v3; param=machine-man-preview; format=json
      x-github-api-version-selected:
      - '2022-11-28'
    http_version: HTTP/1.1
    status_code: 200
- request:
    body: ''
    headers:
      accept:
      - application/vnd.github.machine-man-preview+json
      host:
      - api.github.com
    method: GET
    uri: https://api.github.com/user
  response:
    content: '{"login":"mergify-test1","id":38494943,"node_id":"MDQ6VXNlcjM4NDk0OTQz","avatar_url":"https://avatars.githubusercontent.com/u/38494943?v=4","gravatar_id":"","url":"https://api.github.com/users/mergify-test1","html_url":"https://github.com/mergify-test1","followers_url":"https://api.github.com/users/mergify-test1/followers","following_url":"https://api.github.com/users/mergify-test1/following{/other_user}","gists_url":"https://api.github.com/users/mergify-test1/gists{/gist_id}","starred_url":"https://api.github.com/users/mergify-test1/starred{/owner}{/repo}","subscriptions_url":"https://api.github.com/users/mergify-test1/subscriptions","organizations_url":"https://api.github.com/users/mergify-test1/orgs","repos_url":"https://api.github.com/users/mergify-test1/repos","events_url":"https://api.github.com/users/mergify-test1/events{/privacy}","received_events_url":"https://api.github.com/users/mergify-test1/received_events","type":"User","site_admin":false,"name":"mergify-test-user-1","company":"@mergifyio","blog":"https://mergify.io","location":null,"email":null,"hireable":null,"bio":"This
      account is for testing purpose of the workflow of the GitHub App @mergifyio","twitter_username":"mergifyio","public_repos":1,"public_gists":0,"followers":0,"following":0,"created_at":"2018-04-18T10:42:59Z","updated_at":"2022-11-15T12:56:17Z","private_gists":0,"total_private_repos":0,"owned_private_repos":0,"disk_usage":0,"collaborators":0,"two_factor_authentication":false,"plan":{"name":"free","space":976562499,"collaborators":0,"private_repos":10000}}'
    headers:
      Content-Encoding:
      - gzip
      Content-Type:
      - application/json; charset=utf-8
      Transfer-Encoding:
      - chunked
      X-Accepted-OAuth-Scopes:
      - ''
      X-GitHub-Media-Type:
      - github.v3; param=machine-man-preview; format=json
      X-OAuth-Scopes:
      - admin:org, delete_repo, read:public_key, repo, user, workflow
      x-github-api-version-selected:
      - '2022-11-28'
    http_version: HTTP/1.1
    status_code: 200
- request:
    body: ''
    headers:
      accept:
      - application/vnd.github.machine-man-preview+json
      host:
      - api.github.com
    method: GET
    uri: https://api.github.com/user
  response:
    content: '{"login":"mergify-test2","id":38495008,"node_id":"MDQ6VXNlcjM4NDk1MDA4","avatar_url":"https://avatars.githubusercontent.com/u/38495008?v=4","gravatar_id":"","url":"https://api.github.com/users/mergify-test2","html_url":"https://github.com/mergify-test2","followers_url":"https://api.github.com/users/mergify-test2/followers","following_url":"https://api.github.com/users/mergify-test2/following{/other_user}","gists_url":"https://api.github.com/users/mergify-test2/gists{/gist_id}","starred_url":"https://api.github.com/users/mergify-test2/starred{/owner}{/repo}","subscriptions_url":"https://api.github.com/users/mergify-test2/subscriptions","organizations_url":"https://api.github.com/users/mergify-test2/orgs","repos_url":"https://api.github.com/users/mergify-test2/repos","events_url":"https://api.github.com/users/mergify-test2/events{/privacy}","received_events_url":"https://api.github.com/users/mergify-test2/received_events","type":"User","site_admin":false,"name":"mergify-test-user-2","company":"@mergifyio","blog":"https://mergify.com","location":null,"email":null,"hireable":null,"bio":"This
      account is for integration testing purpose of the workflow of the GitHub App
      @mergifyio","twitter_username":"mergifyio","public_repos":11,"public_gists":0,"followers":0,"following":0,"created_at":"2018-04-18T10:45:18Z","updated_at":"2022-11-15T12:56:17Z","private_gists":0,"total_private_repos":0,"owned_private_repos":0,"disk_usage":421,"collaborators":0,"two_factor_authentication":false,"plan":{"name":"free","space":976562499,"collaborators":0,"private_repos":10000}}'
    headers:
      Content-Encoding:
      - gzip
      Content-Type:
      - application/json; charset=utf-8
      Transfer-Encoding:
      - chunked
      X-Accepted-OAuth-Scopes:
      - ''
      X-GitHub-Media-Type:
      - github.v3; param=machine-man-preview; format=json
      X-OAuth-Scopes:
      - delete_repo, read:org, read:user, repo, user:email, workflow
      x-github-api-version-selected:
      - '2022-11-28'
    http_version: HTTP/1.1
    status_code: 200
- request:
    body: ''
    headers:
      Authorization:
      - <TOKEN>
      accept:
      - application/vnd.github.machine-man-preview+json
      host:
      - api.github.com
    method: GET
    uri: https://api.github.com/repositories/500849499
  response:
    content: '{"id":500849499,"node_id":"R_kgDOHdpbWw","name":"functional-testing-repo-Greesb","full_name":"mergifyio-testing/functional-testing-repo-Greesb","private":false,"owner":{"login":"mergifyio-testing","id":40527191,"node_id":"MDEyOk9yZ2FuaXphdGlvbjQwNTI3MTkx","avatar_url":"https://avatars.githubusercontent.com/u/40527191?v=4","gravatar_id":"","url":"https://api.github.com/users/mergifyio-testing","html_url":"https://github.com/mergifyio-testing","followers_url":"https://api.github.com/users/mergifyio-testing/followers","following_url":"https://api.github.com/users/mergifyio-testing/following{/other_user}","gists_url":"https://api.github.com/users/mergifyio-testing/gists{/gist_id}","starred_url":"https://api.github.com/users/mergifyio-testing/starred{/owner}{/repo}","subscriptions_url":"https://api.github.com/users/mergifyio-testing/subscriptions","organizations_url":"https://api.github.com/users/mergifyio-testing/orgs","repos_url":"https://api.github.com/users/mergifyio-testing/repos","events_url":"https://api.github.com/users/mergifyio-testing/events{/privacy}","received_events_url":"https://api.github.com/users/mergifyio-testing/received_events","type":"Organization","site_admin":false},"html_url":"https://github.com/mergifyio-testing/functional-testing-repo-Greesb","description":null,"fork":false,"url":"https://api.github.com/repos/mergifyio-testing/functional-testing-repo-Greesb","forks_url":"https://api.github.com/repos/mergifyio-testing/functional-testing-repo-Greesb/forks","keys_url":"https://api.github.com/repos/mergifyio-testing/functional-testing-repo-Greesb/keys{/key_id}","collaborators_url":"https://api.github.com/repos/mergifyio-testing/functional-testing-repo-Greesb/collaborators{/collaborator}","teams_url":"https://api.github.com/repos/mergifyio-testing/functional-testing-repo-Greesb/teams","hooks_url":"https://api.github.com/repos/mergifyio-testing/functional-testing-repo-Greesb/hooks","issue_events_url":"https://api.github.com/repos/mergifyio-testing/functional-testing-repo-Greesb/issues/events{/number}","events_url":"https://api.github.com/repos/mergifyio-testing/functional-testing-repo-Greesb/events","assignees_url":"https://api.github.com/repos/mergifyio-testing/functional-testing-repo-Greesb/assignees{/user}","branches_url":"https://api.github.com/repos/mergifyio-testing/functional-testing-repo-Greesb/branches{/branch}","tags_url":"https://api.github.com/repos/mergifyio-testing/functional-testing-repo-Greesb/tags","blobs_url":"https://api.github.com/repos/mergifyio-testing/functional-testing-repo-Greesb/git/blobs{/sha}","git_tags_url":"https://api.github.com/repos/mergifyio-testing/functional-testing-repo-Greesb/git/tags{/sha}","git_refs_url":"https://api.github.com/repos/mergifyio-testing/functional-testing-repo-Greesb/git/refs{/sha}","trees_url":"https://api.github.com/repos/mergifyio-testing/functional-testing-repo-Greesb/git/trees{/sha}","statuses_url":"https://api.github.com/repos/mergifyio-testing/functional-testing-repo-Greesb/statuses/{sha}","languages_url":"https://api.github.com/repos/mergifyio-testing/functional-testing-repo-Greesb/languages","stargazers_url":"https://api.github.com/repos/mergifyio-testing/functional-testing-repo-Greesb/stargazers","contributors_url":"https://api.github.com/repos/mergifyio-testing/functional-testing-repo-Greesb/contributors","subscribers_url":"https://api.github.com/repos/mergifyio-testing/functional-testing-repo-Greesb/subscribers","subscription_url":"https://api.github.com/repos/mergifyio-testing/functional-testing-repo-Greesb/subscription","commits_url":"https://api.github.com/repos/mergifyio-testing/functional-testing-repo-Greesb/commits{/sha}","git_commits_url":"https://api.github.com/repos/mergifyio-testing/functional-testing-repo-Greesb/git/commits{/sha}","comments_url":"https://api.github.com/repos/mergifyio-testing/functional-testing-repo-Greesb/comments{/number}","issue_comment_url":"https://api.github.com/repos/mergifyio-testing/functional-testing-repo-Greesb/issues/comments{/number}","contents_url":"https://api.github.com/repos/mergifyio-testing/functional-testing-repo-Greesb/contents/{+path}","compare_url":"https://api.github.com/repos/mergifyio-testing/functional-testing-repo-Greesb/compare/{base}...{head}","merges_url":"https://api.github.com/repos/mergifyio-testing/functional-testing-repo-Greesb/merges","archive_url":"https://api.github.com/repos/mergifyio-testing/functional-testing-repo-Greesb/{archive_format}{/ref}","downloads_url":"https://api.github.com/repos/mergifyio-testing/functional-testing-repo-Greesb/downloads","issues_url":"https://api.github.com/repos/mergifyio-testing/functional-testing-repo-Greesb/issues{/number}","pulls_url":"https://api.github.com/repos/mergifyio-testing/functional-testing-repo-Greesb/pulls{/number}","milestones_url":"https://api.github.com/repos/mergifyio-testing/functional-testing-repo-Greesb/milestones{/number}","notifications_url":"https://api.github.com/repos/mergifyio-testing/functional-testing-repo-Greesb/notifications{?since,all,participating}","labels_url":"https://api.github.com/repos/mergifyio-testing/functional-testing-repo-Greesb/labels{/name}","releases_url":"https://api.github.com/repos/mergifyio-testing/functional-testing-repo-Greesb/releases{/id}","deployments_url":"https://api.github.com/repos/mergifyio-testing/functional-testing-repo-Greesb/deployments","created_at":"2022-06-07T13:21:39Z","updated_at":"2022-11-28T10:20:16Z","pushed_at":"2022-12-06T14:19:21Z","git_url":"git://github.com/mergifyio-testing/functional-testing-repo-Greesb.git","ssh_url":"git@github.com:mergifyio-testing/functional-testing-repo-Greesb.git","clone_url":"https://github.com/mergifyio-testing/functional-testing-repo-Greesb.git","svn_url":"https://github.com/mergifyio-testing/functional-testing-repo-Greesb","homepage":null,"size":110,"stargazers_count":1,"watchers_count":1,"language":null,"has_issues":true,"has_projects":true,"has_downloads":true,"has_wiki":true,"has_pages":false,"has_discussions":false,"forks_count":1,"mirror_url":null,"archived":false,"disabled":false,"open_issues_count":6,"license":null,"allow_forking":true,"is_template":false,"web_commit_signoff_required":false,"topics":[],"visibility":"public","forks":1,"open_issues":6,"watchers":1,"default_branch":"main","permissions":{"admin":false,"maintain":false,"push":false,"triage":false,"pull":false},"temp_clone_token":"","allow_squash_merge":true,"allow_merge_commit":true,"allow_rebase_merge":true,"allow_auto_merge":false,"delete_branch_on_merge":false,"allow_update_branch":false,"use_squash_pr_title_as_default":false,"squash_merge_commit_message":"COMMIT_MESSAGES","squash_merge_commit_title":"COMMIT_OR_PR_TITLE","merge_commit_message":"PR_TITLE","merge_commit_title":"MERGE_MESSAGE","organization":{"login":"mergifyio-testing","id":40527191,"node_id":"MDEyOk9yZ2FuaXphdGlvbjQwNTI3MTkx","avatar_url":"https://avatars.githubusercontent.com/u/40527191?v=4","gravatar_id":"","url":"https://api.github.com/users/mergifyio-testing","html_url":"https://github.com/mergifyio-testing","followers_url":"https://api.github.com/users/mergifyio-testing/followers","following_url":"https://api.github.com/users/mergifyio-testing/following{/other_user}","gists_url":"https://api.github.com/users/mergifyio-testing/gists{/gist_id}","starred_url":"https://api.github.com/users/mergifyio-testing/starred{/owner}{/repo}","subscriptions_url":"https://api.github.com/users/mergifyio-testing/subscriptions","organizations_url":"https://api.github.com/users/mergifyio-testing/orgs","repos_url":"https://api.github.com/users/mergifyio-testing/repos","events_url":"https://api.github.com/users/mergifyio-testing/events{/privacy}","received_events_url":"https://api.github.com/users/mergifyio-testing/received_events","type":"Organization","site_admin":false},"network_count":1,"subscribers_count":0}'
    headers:
      Content-Encoding:
      - gzip
      Content-Type:
      - application/json; charset=utf-8
      Transfer-Encoding:
      - chunked
      X-GitHub-Media-Type:
      - github.v3; param=machine-man-preview; format=json
      x-github-api-version-selected:
      - '2022-11-28'
    http_version: HTTP/1.1
    status_code: 200
- request:
    body: whatdataisthat
    headers:
      X-Hub-Signature:
      - <SIGNATURE>
      accept:
      - '*/*'
      content-length:
      - '14'
      host:
      - test-forwarder.mergify.io
    method: DELETE
    uri: https://test-forwarder.mergify.io/events/github.com/214877/500849499/20221206141922-test_repo_name_short_wrong
  response:
    content: Event queued
    headers:
      Connection:
      - keep-alive
      Content-Length:
      - '12'
    http_version: HTTP/1.1
    status_code: 202
- request:
    body: whatdataisthat
    headers:
      X-Hub-Signature:
      - <SIGNATURE>
      accept:
      - '*/*'
      content-length:
      - '14'
      host:
      - test-forwarder.mergify.io
    method: GET
    uri: https://test-forwarder.mergify.io/events/github.com/214877/500849499/20221206141922-test_repo_name_short_wrong?counter=1
  response:
    content: '[]'
    headers:
      Connection:
      - keep-alive
      Content-Length:
      - '2'
      Content-Type:
      - application/json
    http_version: HTTP/1.1
    status_code: 200
- request:
    body: whatdataisthat
    headers:
      X-Hub-Signature:
      - <SIGNATURE>
      accept:
      - '*/*'
      content-length:
      - '14'
      host:
      - test-forwarder.mergify.io
    method: GET
    uri: https://test-forwarder.mergify.io/events/github.com/214877/500849499/20221206141922-test_repo_name_short_wrong?counter=2
  response:
    content: '[]'
    headers:
      Connection:
      - keep-alive
      Content-Length:
      - '2'
      Content-Type:
      - application/json
    http_version: HTTP/1.1
    status_code: 200
- request:
    body: whatdataisthat
    headers:
      X-Hub-Signature:
      - <SIGNATURE>
      accept:
      - '*/*'
      content-length:
      - '14'
      host:
      - test-forwarder.mergify.io
    method: GET
    uri: https://test-forwarder.mergify.io/events/github.com/214877/500849499/20221206141922-test_repo_name_short_wrong?counter=3
  response:
    content: '[]'
    headers:
      Connection:
      - keep-alive
      Content-Length:
      - '2'
      Content-Type:
      - application/json
    http_version: HTTP/1.1
    status_code: 200
- request:
    body: whatdataisthat
    headers:
      X-Hub-Signature:
      - <SIGNATURE>
      accept:
      - '*/*'
      content-length:
      - '14'
      host:
      - test-forwarder.mergify.io
    method: GET
    uri: https://test-forwarder.mergify.io/events/github.com/214877/500849499/20221206141922-test_repo_name_short_wrong?counter=4
  response:
    content: '[]'
    headers:
      Connection:
      - keep-alive
      Content-Length:
      - '2'
      Content-Type:
      - application/json
    http_version: HTTP/1.1
    status_code: 200
- request:
    body: whatdataisthat
    headers:
      X-Hub-Signature:
      - <SIGNATURE>
      accept:
      - '*/*'
      content-length:
      - '14'
      host:
      - test-forwarder.mergify.io
    method: GET
    uri: https://test-forwarder.mergify.io/events/github.com/214877/500849499/20221206141922-test_repo_name_short_wrong?counter=5
  response:
    content: '[]'
    headers:
      Connection:
      - keep-alive
      Content-Length:
      - '2'
      Content-Type:
      - application/json
    http_version: HTTP/1.1
    status_code: 200
- request:
    body: whatdataisthat
    headers:
      X-Hub-Signature:
      - <SIGNATURE>
      accept:
      - '*/*'
      content-length:
      - '14'
      host:
      - test-forwarder.mergify.io
    method: GET
    uri: https://test-forwarder.mergify.io/events/github.com/214877/500849499/20221206141922-test_repo_name_short_wrong?counter=6
  response:
    content: '[{"id":"fd254ae0-7570-11ed-91bc-ebab498d356d","type":"check_suite","payload":{"action":"requested","check_suite":{"id":9697946712,"node_id":"CS_kwDOHdpbW88AAAACQgrsWA","head_branch":"20221206141922/test_repo_name_short_wrong/main","head_sha":"92b76a30bface58ecf05ea5a2c0fc8ba8bfecea1","status":"queued","conclusion":null,"url":"https://api.github.com/repos/mergifyio-testing/functional-testing-repo-Greesb/check-suites/9697946712","before":"0000000000000000000000000000000000000000","after":"92b76a30bface58ecf05ea5a2c0fc8ba8bfecea1","pull_requests":[],"app":{"id":214877,"slug":"mergify-greesb","node_id":"A_kwHOAmplV84AA0dd","owner":{"login":"mergifyio-testing","id":40527191,"node_id":"MDEyOk9yZ2FuaXphdGlvbjQwNTI3MTkx","avatar_url":"https://avatars.githubusercontent.com/u/40527191?v=4","gravatar_id":"","url":"https://api.github.com/users/mergifyio-testing","html_url":"https://github.com/mergifyio-testing","followers_url":"https://api.github.com/users/mergifyio-testing/followers","following_url":"https://api.github.com/users/mergifyio-testing/following{/other_user}","gists_url":"https://api.github.com/users/mergifyio-testing/gists{/gist_id}","starred_url":"https://api.github.com/users/mergifyio-testing/starred{/owner}{/repo}","subscriptions_url":"https://api.github.com/users/mergifyio-testing/subscriptions","organizations_url":"https://api.github.com/users/mergifyio-testing/orgs","repos_url":"https://api.github.com/users/mergifyio-testing/repos","events_url":"https://api.github.com/users/mergifyio-testing/events{/privacy}","received_events_url":"https://api.github.com/users/mergifyio-testing/received_events","type":"Organization","site_admin":false},"name":"mergify-Greesb","description":"Mergify
      testing installation for Greesb","external_url":"https://mergify.com/","html_url":"https://github.com/apps/mergify-greesb","created_at":"2022-06-27T12:53:37Z","updated_at":"2022-06-27T12:53:37Z","permissions":{"administration":"read","checks":"write","contents":"write","emails":"read","issues":"write","members":"read","metadata":"read","pages":"write","pull_requests":"write","statuses":"write","workflows":"write"},"events":["check_run","check_suite","issue_comment","member","membership","organization","pull_request","pull_request_review","pull_request_review_comment","pull_request_review_thread","push","repository","status","team","team_add"]},"created_at":"2022-12-06T14:19:26Z","updated_at":"2022-12-06T14:19:26Z","rerequestable":true,"runs_rerequestable":true,"latest_check_runs_count":0,"check_runs_url":"https://api.github.com/repos/mergifyio-testing/functional-testing-repo-Greesb/check-suites/9697946712/check-runs","head_commit":{"id":"92b76a30bface58ecf05ea5a2c0fc8ba8bfecea1","tree_id":"d361d1268a5c39c692ee4f5308337c4141fb61b0","message":"initial
      commit","timestamp":"2022-12-06T14:19:24Z","author":{"name":"Mergify","email":"108278707+mergify-greesb[bot]@users.noreply.github.com"},"committer":{"name":"Mergify","email":"108278707+mergify-greesb[bot]@users.noreply.github.com"}}},"repository":{"id":500849499,"node_id":"R_kgDOHdpbWw","name":"functional-testing-repo-Greesb","full_name":"mergifyio-testing/functional-testing-repo-Greesb","private":false,"owner":{"login":"mergifyio-testing","id":40527191,"node_id":"MDEyOk9yZ2FuaXphdGlvbjQwNTI3MTkx","avatar_url":"https://avatars.githubusercontent.com/u/40527191?v=4","gravatar_id":"","url":"https://api.github.com/users/mergifyio-testing","html_url":"https://github.com/mergifyio-testing","followers_url":"https://api.github.com/users/mergifyio-testing/followers","following_url":"https://api.github.com/users/mergifyio-testing/following{/other_user}","gists_url":"https://api.github.com/users/mergifyio-testing/gists{/gist_id}","starred_url":"https://api.github.com/users/mergifyio-testing/starred{/owner}{/repo}","subscriptions_url":"https://api.github.com/users/mergifyio-testing/subscriptions","organizations_url":"https://api.github.com/users/mergifyio-testing/orgs","repos_url":"https://api.github.com/users/mergifyio-testing/repos","events_url":"https://api.github.com/users/mergifyio-testing/events{/privacy}","received_events_url":"https://api.github.com/users/mergifyio-testing/received_events","type":"Organization","site_admin":false},"html_url":"https://github.com/mergifyio-testing/functional-testing-repo-Greesb","description":null,"fork":false,"url":"https://api.github.com/repos/mergifyio-testing/functional-testing-repo-Greesb","forks_url":"https://api.github.com/repos/mergifyio-testing/functional-testing-repo-Greesb/forks","keys_url":"https://api.github.com/repos/mergifyio-testing/functional-testing-repo-Greesb/keys{/key_id}","collaborators_url":"https://api.github.com/repos/mergifyio-testing/functional-testing-repo-Greesb/collaborators{/collaborator}","teams_url":"https://api.github.com/repos/mergifyio-testing/functional-testing-repo-Greesb/teams","hooks_url":"https://api.github.com/repos/mergifyio-testing/functional-testing-repo-Greesb/hooks","issue_events_url":"https://api.github.com/repos/mergifyio-testing/functional-testing-repo-Greesb/issues/events{/number}","events_url":"https://api.github.com/repos/mergifyio-testing/functional-testing-repo-Greesb/events","assignees_url":"https://api.github.com/repos/mergifyio-testing/functional-testing-repo-Greesb/assignees{/user}","branches_url":"https://api.github.com/repos/mergifyio-testing/functional-testing-repo-Greesb/branches{/branch}","tags_url":"https://api.github.com/repos/mergifyio-testing/functional-testing-repo-Greesb/tags","blobs_url":"https://api.github.com/repos/mergifyio-testing/functional-testing-repo-Greesb/git/blobs{/sha}","git_tags_url":"https://api.github.com/repos/mergifyio-testing/functional-testing-repo-Greesb/git/tags{/sha}","git_refs_url":"https://api.github.com/repos/mergifyio-testing/functional-testing-repo-Greesb/git/refs{/sha}","trees_url":"https://api.github.com/repos/mergifyio-testing/functional-testing-repo-Greesb/git/trees{/sha}","statuses_url":"https://api.github.com/repos/mergifyio-testing/functional-testing-repo-Greesb/statuses/{sha}","languages_url":"https://api.github.com/repos/mergifyio-testing/functional-testing-repo-Greesb/languages","stargazers_url":"https://api.github.com/repos/mergifyio-testing/functional-testing-repo-Greesb/stargazers","contributors_url":"https://api.github.com/repos/mergifyio-testing/functional-testing-repo-Greesb/contributors","subscribers_url":"https://api.github.com/repos/mergifyio-testing/functional-testing-repo-Greesb/subscribers","subscription_url":"https://api.github.com/repos/mergifyio-testing/functional-testing-repo-Greesb/subscription","commits_url":"https://api.github.com/repos/mergifyio-testing/functional-testing-repo-Greesb/commits{/sha}","git_commits_url":"https://api.github.com/repos/mergifyio-testing/functional-testing-repo-Greesb/git/commits{/sha}","comments_url":"https://api.github.com/repos/mergifyio-testing/functional-testing-repo-Greesb/comments{/number}","issue_comment_url":"https://api.github.com/repos/mergifyio-testing/functional-testing-repo-Greesb/issues/comments{/number}","contents_url":"https://api.github.com/repos/mergifyio-testing/functional-testing-repo-Greesb/contents/{+path}","compare_url":"https://api.github.com/repos/mergifyio-testing/functional-testing-repo-Greesb/compare/{base}...{head}","merges_url":"https://api.github.com/repos/mergifyio-testing/functional-testing-repo-Greesb/merges","archive_url":"https://api.github.com/repos/mergifyio-testing/functional-testing-repo-Greesb/{archive_format}{/ref}","downloads_url":"https://api.github.com/repos/mergifyio-testing/functional-testing-repo-Greesb/downloads","issues_url":"https://api.github.com/repos/mergifyio-testing/functional-testing-repo-Greesb/issues{/number}","pulls_url":"https://api.github.com/repos/mergifyio-testing/functional-testing-repo-Greesb/pulls{/number}","milestones_url":"https://api.github.com/repos/mergifyio-testing/functional-testing-repo-Greesb/milestones{/number}","notifications_url":"https://api.github.com/repos/mergifyio-testing/functional-testing-repo-Greesb/notifications{?since,all,participating}","labels_url":"https://api.github.com/repos/mergifyio-testing/functional-testing-repo-Greesb/labels{/name}","releases_url":"https://api.github.com/repos/mergifyio-testing/functional-testing-repo-Greesb/releases{/id}","deployments_url":"https://api.github.com/repos/mergifyio-testing/functional-testing-repo-Greesb/deployments","created_at":"2022-06-07T13:21:39Z","updated_at":"2022-11-28T10:20:16Z","pushed_at":"2022-12-06T14:19:25Z","git_url":"git://github.com/mergifyio-testing/functional-testing-repo-Greesb.git","ssh_url":"git@github.com:mergifyio-testing/functional-testing-repo-Greesb.git","clone_url":"https://github.com/mergifyio-testing/functional-testing-repo-Greesb.git","svn_url":"https://github.com/mergifyio-testing/functional-testing-repo-Greesb","homepage":null,"size":110,"stargazers_count":1,"watchers_count":1,"language":null,"has_issues":true,"has_projects":true,"has_downloads":true,"has_wiki":true,"has_pages":false,"has_discussions":false,"forks_count":1,"mirror_url":null,"archived":false,"disabled":false,"open_issues_count":6,"license":null,"allow_forking":true,"is_template":false,"web_commit_signoff_required":false,"topics":[],"visibility":"public","forks":1,"open_issues":6,"watchers":1,"default_branch":"main"},"organization":{"login":"mergifyio-testing","id":40527191,"node_id":"MDEyOk9yZ2FuaXphdGlvbjQwNTI3MTkx","url":"https://api.github.com/orgs/mergifyio-testing","repos_url":"https://api.github.com/orgs/mergifyio-testing/repos","events_url":"https://api.github.com/orgs/mergifyio-testing/events","hooks_url":"https://api.github.com/orgs/mergifyio-testing/hooks","issues_url":"https://api.github.com/orgs/mergifyio-testing/issues","members_url":"https://api.github.com/orgs/mergifyio-testing/members{/member}","public_members_url":"https://api.github.com/orgs/mergifyio-testing/public_members{/member}","avatar_url":"https://avatars.githubusercontent.com/u/40527191?v=4","description":"This
      account is for testing purpose of the workflow of the GitHub App @Mergifyio"},"sender":{"login":"mergify-test1","id":38494943,"node_id":"MDQ6VXNlcjM4NDk0OTQz","avatar_url":"https://avatars.githubusercontent.com/u/38494943?v=4","gravatar_id":"","url":"https://api.github.com/users/mergify-test1","html_url":"https://github.com/mergify-test1","followers_url":"https://api.github.com/users/mergify-test1/followers","following_url":"https://api.github.com/users/mergify-test1/following{/other_user}","gists_url":"https://api.github.com/users/mergify-test1/gists{/gist_id}","starred_url":"https://api.github.com/users/mergify-test1/starred{/owner}{/repo}","subscriptions_url":"https://api.github.com/users/mergify-test1/subscriptions","organizations_url":"https://api.github.com/users/mergify-test1/orgs","repos_url":"https://api.github.com/users/mergify-test1/repos","events_url":"https://api.github.com/users/mergify-test1/events{/privacy}","received_events_url":"https://api.github.com/users/mergify-test1/received_events","type":"User","site_admin":false},"installation":{"id":26895396,"node_id":"MDIzOkludGVncmF0aW9uSW5zdGFsbGF0aW9uMjY4OTUzOTY="}}},{"id":"fcd10f8e-7570-11ed-9610-f0c254a172d3","type":"push","payload":{"ref":"refs/heads/20221206141922/test_repo_name_short_wrong/main","before":"0000000000000000000000000000000000000000","after":"92b76a30bface58ecf05ea5a2c0fc8ba8bfecea1","repository":{"id":500849499,"node_id":"R_kgDOHdpbWw","name":"functional-testing-repo-Greesb","full_name":"mergifyio-testing/functional-testing-repo-Greesb","private":false,"owner":{"name":"mergifyio-testing","email":null,"login":"mergifyio-testing","id":40527191,"node_id":"MDEyOk9yZ2FuaXphdGlvbjQwNTI3MTkx","avatar_url":"https://avatars.githubusercontent.com/u/40527191?v=4","gravatar_id":"","url":"https://api.github.com/users/mergifyio-testing","html_url":"https://github.com/mergifyio-testing","followers_url":"https://api.github.com/users/mergifyio-testing/followers","following_url":"https://api.github.com/users/mergifyio-testing/following{/other_user}","gists_url":"https://api.github.com/users/mergifyio-testing/gists{/gist_id}","starred_url":"https://api.github.com/users/mergifyio-testing/starred{/owner}{/repo}","subscriptions_url":"https://api.github.com/users/mergifyio-testing/subscriptions","organizations_url":"https://api.github.com/users/mergifyio-testing/orgs","repos_url":"https://api.github.com/users/mergifyio-testing/repos","events_url":"https://api.github.com/users/mergifyio-testing/events{/privacy}","received_events_url":"https://api.github.com/users/mergifyio-testing/received_events","type":"Organization","site_admin":false},"html_url":"https://github.com/mergifyio-testing/functional-testing-repo-Greesb","description":null,"fork":false,"url":"https://github.com/mergifyio-testing/functional-testing-repo-Greesb","forks_url":"https://api.github.com/repos/mergifyio-testing/functional-testing-repo-Greesb/forks","keys_url":"https://api.github.com/repos/mergifyio-testing/functional-testing-repo-Greesb/keys{/key_id}","collaborators_url":"https://api.github.com/repos/mergifyio-testing/functional-testing-repo-Greesb/collaborators{/collaborator}","teams_url":"https://api.github.com/repos/mergifyio-testing/functional-testing-repo-Greesb/teams","hooks_url":"https://api.github.com/repos/mergifyio-testing/functional-testing-repo-Greesb/hooks","issue_events_url":"https://api.github.com/repos/mergifyio-testing/functional-testing-repo-Greesb/issues/events{/number}","events_url":"https://api.github.com/repos/mergifyio-testing/functional-testing-repo-Greesb/events","assignees_url":"https://api.github.com/repos/mergifyio-testing/functional-testing-repo-Greesb/assignees{/user}","branches_url":"https://api.github.com/repos/mergifyio-testing/functional-testing-repo-Greesb/branches{/branch}","tags_url":"https://api.github.com/repos/mergifyio-testing/functional-testing-repo-Greesb/tags","blobs_url":"https://api.github.com/repos/mergifyio-testing/functional-testing-repo-Greesb/git/blobs{/sha}","git_tags_url":"https://api.github.com/repos/mergifyio-testing/functional-testing-repo-Greesb/git/tags{/sha}","git_refs_url":"https://api.github.com/repos/mergifyio-testing/functional-testing-repo-Greesb/git/refs{/sha}","trees_url":"https://api.github.com/repos/mergifyio-testing/functional-testing-repo-Greesb/git/trees{/sha}","statuses_url":"https://api.github.com/repos/mergifyio-testing/functional-testing-repo-Greesb/statuses/{sha}","languages_url":"https://api.github.com/repos/mergifyio-testing/functional-testing-repo-Greesb/languages","stargazers_url":"https://api.github.com/repos/mergifyio-testing/functional-testing-repo-Greesb/stargazers","contributors_url":"https://api.github.com/repos/mergifyio-testing/functional-testing-repo-Greesb/contributors","subscribers_url":"https://api.github.com/repos/mergifyio-testing/functional-testing-repo-Greesb/subscribers","subscription_url":"https://api.github.com/repos/mergifyio-testing/functional-testing-repo-Greesb/subscription","commits_url":"https://api.github.com/repos/mergifyio-testing/functional-testing-repo-Greesb/commits{/sha}","git_commits_url":"https://api.github.com/repos/mergifyio-testing/functional-testing-repo-Greesb/git/commits{/sha}","comments_url":"https://api.github.com/repos/mergifyio-testing/functional-testing-repo-Greesb/comments{/number}","issue_comment_url":"https://api.github.com/repos/mergifyio-testing/functional-testing-repo-Greesb/issues/comments{/number}","contents_url":"https://api.github.com/repos/mergifyio-testing/functional-testing-repo-Greesb/contents/{+path}","compare_url":"https://api.github.com/repos/mergifyio-testing/functional-testing-repo-Greesb/compare/{base}...{head}","merges_url":"https://api.github.com/repos/mergifyio-testing/functional-testing-repo-Greesb/merges","archive_url":"https://api.github.com/repos/mergifyio-testing/functional-testing-repo-Greesb/{archive_format}{/ref}","downloads_url":"https://api.github.com/repos/mergifyio-testing/functional-testing-repo-Greesb/downloads","issues_url":"https://api.github.com/repos/mergifyio-testing/functional-testing-repo-Greesb/issues{/number}","pulls_url":"https://api.github.com/repos/mergifyio-testing/functional-testing-repo-Greesb/pulls{/number}","milestones_url":"https://api.github.com/repos/mergifyio-testing/functional-testing-repo-Greesb/milestones{/number}","notifications_url":"https://api.github.com/repos/mergifyio-testing/functional-testing-repo-Greesb/notifications{?since,all,participating}","labels_url":"https://api.github.com/repos/mergifyio-testing/functional-testing-repo-Greesb/labels{/name}","releases_url":"https://api.github.com/repos/mergifyio-testing/functional-testing-repo-Greesb/releases{/id}","deployments_url":"https://api.github.com/repos/mergifyio-testing/functional-testing-repo-Greesb/deployments","created_at":1654608099,"updated_at":"2022-11-28T10:20:16Z","pushed_at":1670336365,"git_url":"git://github.com/mergifyio-testing/functional-testing-repo-Greesb.git","ssh_url":"git@github.com:mergifyio-testing/functional-testing-repo-Greesb.git","clone_url":"https://github.com/mergifyio-testing/functional-testing-repo-Greesb.git","svn_url":"https://github.com/mergifyio-testing/functional-testing-repo-Greesb","homepage":null,"size":110,"stargazers_count":1,"watchers_count":1,"language":null,"has_issues":true,"has_projects":true,"has_downloads":true,"has_wiki":true,"has_pages":false,"has_discussions":false,"forks_count":1,"mirror_url":null,"archived":false,"disabled":false,"open_issues_count":6,"license":null,"allow_forking":true,"is_template":false,"web_commit_signoff_required":false,"topics":[],"visibility":"public","forks":1,"open_issues":6,"watchers":1,"default_branch":"main","stargazers":1,"master_branch":"main","organization":"mergifyio-testing"},"pusher":{"name":"mergify-test1","email":"38494943+mergify-test1@users.noreply.github.com"},"organization":{"login":"mergifyio-testing","id":40527191,"node_id":"MDEyOk9yZ2FuaXphdGlvbjQwNTI3MTkx","url":"https://api.github.com/orgs/mergifyio-testing","repos_url":"https://api.github.com/orgs/mergifyio-testing/repos","events_url":"https://api.github.com/orgs/mergifyio-testing/events","hooks_url":"https://api.github.com/orgs/mergifyio-testing/hooks","issues_url":"https://api.github.com/orgs/mergifyio-testing/issues","members_url":"https://api.github.com/orgs/mergifyio-testing/members{/member}","public_members_url":"https://api.github.com/orgs/mergifyio-testing/public_members{/member}","avatar_url":"https://avatars.githubusercontent.com/u/40527191?v=4","description":"This
      account is for testing purpose of the workflow of the GitHub App @Mergifyio"},"sender":{"login":"mergify-test1","id":38494943,"node_id":"MDQ6VXNlcjM4NDk0OTQz","avatar_url":"https://avatars.githubusercontent.com/u/38494943?v=4","gravatar_id":"","url":"https://api.github.com/users/mergify-test1","html_url":"https://github.com/mergify-test1","followers_url":"https://api.github.com/users/mergify-test1/followers","following_url":"https://api.github.com/users/mergify-test1/following{/other_user}","gists_url":"https://api.github.com/users/mergify-test1/gists{/gist_id}","starred_url":"https://api.github.com/users/mergify-test1/starred{/owner}{/repo}","subscriptions_url":"https://api.github.com/users/mergify-test1/subscriptions","organizations_url":"https://api.github.com/users/mergify-test1/orgs","repos_url":"https://api.github.com/users/mergify-test1/repos","events_url":"https://api.github.com/users/mergify-test1/events{/privacy}","received_events_url":"https://api.github.com/users/mergify-test1/received_events","type":"User","site_admin":false},"installation":{"id":26895396,"node_id":"MDIzOkludGVncmF0aW9uSW5zdGFsbGF0aW9uMjY4OTUzOTY="},"created":true,"deleted":false,"forced":false,"base_ref":null,"compare":"https://github.com/mergifyio-testing/functional-testing-repo-Greesb/commit/92b76a30bfac","commits":[{"id":"92b76a30bface58ecf05ea5a2c0fc8ba8bfecea1","tree_id":"d361d1268a5c39c692ee4f5308337c4141fb61b0","distinct":true,"message":"initial
      commit","timestamp":"2022-12-06T15:19:24+01:00","url":"https://github.com/mergifyio-testing/functional-testing-repo-Greesb/commit/92b76a30bface58ecf05ea5a2c0fc8ba8bfecea1","author":{"name":"Mergify","email":"108278707+mergify-greesb[bot]@users.noreply.github.com","username":"mergify-greesb[bot]"},"committer":{"name":"Mergify","email":"108278707+mergify-greesb[bot]@users.noreply.github.com","username":"mergify-greesb[bot]"},"added":[".mergify.yml"],"removed":[],"modified":[]}],"head_commit":{"id":"92b76a30bface58ecf05ea5a2c0fc8ba8bfecea1","tree_id":"d361d1268a5c39c692ee4f5308337c4141fb61b0","distinct":true,"message":"initial
      commit","timestamp":"2022-12-06T15:19:24+01:00","url":"https://github.com/mergifyio-testing/functional-testing-repo-Greesb/commit/92b76a30bface58ecf05ea5a2c0fc8ba8bfecea1","author":{"name":"Mergify","email":"108278707+mergify-greesb[bot]@users.noreply.github.com","username":"mergify-greesb[bot]"},"committer":{"name":"Mergify","email":"108278707+mergify-greesb[bot]@users.noreply.github.com","username":"mergify-greesb[bot]"},"added":[".mergify.yml"],"removed":[],"modified":[]}}}]'
    headers:
      Connection:
      - keep-alive
      Content-Length:
      - '21140'
      Content-Type:
      - application/json
    http_version: HTTP/1.1
    status_code: 200
- request:
    body: '{"required_status_checks": {"strict": false, "contexts": ["continuous-integration/fake-ci"]},
      "required_pull_request_reviews": null, "restrictions": null, "enforce_admins":
      false}'
    headers:
      accept:
      - application/vnd.github.luke-cage-preview+json
      content-length:
      - '179'
      content-type:
      - application/json
      host:
      - api.github.com
    method: PUT
    uri: https://api.github.com/repos/mergifyio-testing/functional-testing-repo-Greesb/branches/20221206141922/test_repo_name_short_wrong/main/protection
  response:
    content: '{"url":"https://api.github.com/repos/mergifyio-testing/functional-testing-repo-Greesb/branches/20221206141922/test_repo_name_short_wrong/main/protection","required_status_checks":{"url":"https://api.github.com/repos/mergifyio-testing/functional-testing-repo-Greesb/branches/20221206141922/test_repo_name_short_wrong/main/protection/required_status_checks","strict":false,"contexts":["continuous-integration/fake-ci"],"contexts_url":"https://api.github.com/repos/mergifyio-testing/functional-testing-repo-Greesb/branches/20221206141922/test_repo_name_short_wrong/main/protection/required_status_checks/contexts","checks":[{"context":"continuous-integration/fake-ci","app_id":214877}]},"required_signatures":{"url":"https://api.github.com/repos/mergifyio-testing/functional-testing-repo-Greesb/branches/20221206141922/test_repo_name_short_wrong/main/protection/required_signatures","enabled":false},"enforce_admins":{"url":"https://api.github.com/repos/mergifyio-testing/functional-testing-repo-Greesb/branches/20221206141922/test_repo_name_short_wrong/main/protection/enforce_admins","enabled":false},"required_linear_history":{"enabled":false},"allow_force_pushes":{"enabled":false},"allow_deletions":{"enabled":false},"block_creations":{"enabled":false},"required_conversation_resolution":{"enabled":false},"lock_branch":{"enabled":false},"allow_fork_syncing":{"enabled":false}}'
    headers:
      Content-Encoding:
      - gzip
      Content-Type:
      - application/json; charset=utf-8
      Transfer-Encoding:
      - chunked
      X-Accepted-OAuth-Scopes:
      - ''
      X-GitHub-Media-Type:
      - github.v3; param=luke-cage-preview; format=json
      X-OAuth-Scopes:
      - admin:org, delete_repo, read:public_key, repo, user, workflow
      x-github-api-version-selected:
      - '2022-11-28'
    http_version: HTTP/1.1
    status_code: 200
- request:
    body: whatdataisthat
    headers:
      X-Hub-Signature:
      - <SIGNATURE>
      accept:
      - '*/*'
      content-length:
      - '14'
      host:
      - test-forwarder.mergify.io
    method: GET
    uri: https://test-forwarder.mergify.io/events/github.com/214877/500849499/20221206141922-test_repo_name_short_wrong?counter=7
  response:
    content: '[]'
    headers:
      Connection:
      - keep-alive
      Content-Length:
      - '2'
      Content-Type:
      - application/json
    http_version: HTTP/1.1
    status_code: 200
- request:
    body: whatdataisthat
    headers:
      X-Hub-Signature:
      - <SIGNATURE>
      accept:
      - '*/*'
      content-length:
      - '14'
      host:
      - test-forwarder.mergify.io
    method: GET
    uri: https://test-forwarder.mergify.io/events/github.com/214877/500849499/20221206141922-test_repo_name_short_wrong?counter=8
  response:
    content: '[]'
    headers:
      Connection:
      - keep-alive
      Content-Length:
      - '2'
      Content-Type:
      - application/json
    http_version: HTTP/1.1
    status_code: 200
- request:
    body: whatdataisthat
    headers:
      X-Hub-Signature:
      - <SIGNATURE>
      accept:
      - '*/*'
      content-length:
      - '14'
      host:
      - test-forwarder.mergify.io
    method: GET
    uri: https://test-forwarder.mergify.io/events/github.com/214877/500849499/20221206141922-test_repo_name_short_wrong?counter=9
  response:
    content: '[]'
    headers:
      Connection:
      - keep-alive
      Content-Length:
      - '2'
      Content-Type:
      - application/json
    http_version: HTTP/1.1
    status_code: 200
- request:
    body: whatdataisthat
    headers:
      X-Hub-Signature:
      - <SIGNATURE>
      accept:
      - '*/*'
      content-length:
      - '14'
      host:
      - test-forwarder.mergify.io
    method: GET
    uri: https://test-forwarder.mergify.io/events/github.com/214877/500849499/20221206141922-test_repo_name_short_wrong?counter=10
  response:
    content: '[]'
    headers:
      Connection:
      - keep-alive
      Content-Length:
      - '2'
      Content-Type:
      - application/json
    http_version: HTTP/1.1
    status_code: 200
- request:
    body: whatdataisthat
    headers:
      X-Hub-Signature:
      - <SIGNATURE>
      accept:
      - '*/*'
      content-length:
      - '14'
      host:
      - test-forwarder.mergify.io
    method: GET
    uri: https://test-forwarder.mergify.io/events/github.com/214877/500849499/20221206141922-test_repo_name_short_wrong?counter=11
  response:
    content: '[{"id":"00944dc0-7571-11ed-8ea5-76ac166d7449","type":"push","payload":{"ref":"refs/heads/20221206141922/test_repo_name_short_wrong/integration/pr1","before":"0000000000000000000000000000000000000000","after":"9ffd569c011f4adaa72ab06d8ffd6c740a06e28a","repository":{"id":500849499,"node_id":"R_kgDOHdpbWw","name":"functional-testing-repo-Greesb","full_name":"mergifyio-testing/functional-testing-repo-Greesb","private":false,"owner":{"name":"mergifyio-testing","email":null,"login":"mergifyio-testing","id":40527191,"node_id":"MDEyOk9yZ2FuaXphdGlvbjQwNTI3MTkx","avatar_url":"https://avatars.githubusercontent.com/u/40527191?v=4","gravatar_id":"","url":"https://api.github.com/users/mergifyio-testing","html_url":"https://github.com/mergifyio-testing","followers_url":"https://api.github.com/users/mergifyio-testing/followers","following_url":"https://api.github.com/users/mergifyio-testing/following{/other_user}","gists_url":"https://api.github.com/users/mergifyio-testing/gists{/gist_id}","starred_url":"https://api.github.com/users/mergifyio-testing/starred{/owner}{/repo}","subscriptions_url":"https://api.github.com/users/mergifyio-testing/subscriptions","organizations_url":"https://api.github.com/users/mergifyio-testing/orgs","repos_url":"https://api.github.com/users/mergifyio-testing/repos","events_url":"https://api.github.com/users/mergifyio-testing/events{/privacy}","received_events_url":"https://api.github.com/users/mergifyio-testing/received_events","type":"Organization","site_admin":false},"html_url":"https://github.com/mergifyio-testing/functional-testing-repo-Greesb","description":null,"fork":false,"url":"https://github.com/mergifyio-testing/functional-testing-repo-Greesb","forks_url":"https://api.github.com/repos/mergifyio-testing/functional-testing-repo-Greesb/forks","keys_url":"https://api.github.com/repos/mergifyio-testing/functional-testing-repo-Greesb/keys{/key_id}","collaborators_url":"https://api.github.com/repos/mergifyio-testing/functional-testing-repo-Greesb/collaborators{/collaborator}","teams_url":"https://api.github.com/repos/mergifyio-testing/functional-testing-repo-Greesb/teams","hooks_url":"https://api.github.com/repos/mergifyio-testing/functional-testing-repo-Greesb/hooks","issue_events_url":"https://api.github.com/repos/mergifyio-testing/functional-testing-repo-Greesb/issues/events{/number}","events_url":"https://api.github.com/repos/mergifyio-testing/functional-testing-repo-Greesb/events","assignees_url":"https://api.github.com/repos/mergifyio-testing/functional-testing-repo-Greesb/assignees{/user}","branches_url":"https://api.github.com/repos/mergifyio-testing/functional-testing-repo-Greesb/branches{/branch}","tags_url":"https://api.github.com/repos/mergifyio-testing/functional-testing-repo-Greesb/tags","blobs_url":"https://api.github.com/repos/mergifyio-testing/functional-testing-repo-Greesb/git/blobs{/sha}","git_tags_url":"https://api.github.com/repos/mergifyio-testing/functional-testing-repo-Greesb/git/tags{/sha}","git_refs_url":"https://api.github.com/repos/mergifyio-testing/functional-testing-repo-Greesb/git/refs{/sha}","trees_url":"https://api.github.com/repos/mergifyio-testing/functional-testing-repo-Greesb/git/trees{/sha}","statuses_url":"https://api.github.com/repos/mergifyio-testing/functional-testing-repo-Greesb/statuses/{sha}","languages_url":"https://api.github.com/repos/mergifyio-testing/functional-testing-repo-Greesb/languages","stargazers_url":"https://api.github.com/repos/mergifyio-testing/functional-testing-repo-Greesb/stargazers","contributors_url":"https://api.github.com/repos/mergifyio-testing/functional-testing-repo-Greesb/contributors","subscribers_url":"https://api.github.com/repos/mergifyio-testing/functional-testing-repo-Greesb/subscribers","subscription_url":"https://api.github.com/repos/mergifyio-testing/functional-testing-repo-Greesb/subscription","commits_url":"https://api.github.com/repos/mergifyio-testing/functional-testing-repo-Greesb/commits{/sha}","git_commits_url":"https://api.github.com/repos/mergifyio-testing/functional-testing-repo-Greesb/git/commits{/sha}","comments_url":"https://api.github.com/repos/mergifyio-testing/functional-testing-repo-Greesb/comments{/number}","issue_comment_url":"https://api.github.com/repos/mergifyio-testing/functional-testing-repo-Greesb/issues/comments{/number}","contents_url":"https://api.github.com/repos/mergifyio-testing/functional-testing-repo-Greesb/contents/{+path}","compare_url":"https://api.github.com/repos/mergifyio-testing/functional-testing-repo-Greesb/compare/{base}...{head}","merges_url":"https://api.github.com/repos/mergifyio-testing/functional-testing-repo-Greesb/merges","archive_url":"https://api.github.com/repos/mergifyio-testing/functional-testing-repo-Greesb/{archive_format}{/ref}","downloads_url":"https://api.github.com/repos/mergifyio-testing/functional-testing-repo-Greesb/downloads","issues_url":"https://api.github.com/repos/mergifyio-testing/functional-testing-repo-Greesb/issues{/number}","pulls_url":"https://api.github.com/repos/mergifyio-testing/functional-testing-repo-Greesb/pulls{/number}","milestones_url":"https://api.github.com/repos/mergifyio-testing/functional-testing-repo-Greesb/milestones{/number}","notifications_url":"https://api.github.com/repos/mergifyio-testing/functional-testing-repo-Greesb/notifications{?since,all,participating}","labels_url":"https://api.github.com/repos/mergifyio-testing/functional-testing-repo-Greesb/labels{/name}","releases_url":"https://api.github.com/repos/mergifyio-testing/functional-testing-repo-Greesb/releases{/id}","deployments_url":"https://api.github.com/repos/mergifyio-testing/functional-testing-repo-Greesb/deployments","created_at":1654608099,"updated_at":"2022-11-28T10:20:16Z","pushed_at":1670336371,"git_url":"git://github.com/mergifyio-testing/functional-testing-repo-Greesb.git","ssh_url":"git@github.com:mergifyio-testing/functional-testing-repo-Greesb.git","clone_url":"https://github.com/mergifyio-testing/functional-testing-repo-Greesb.git","svn_url":"https://github.com/mergifyio-testing/functional-testing-repo-Greesb","homepage":null,"size":110,"stargazers_count":1,"watchers_count":1,"language":null,"has_issues":true,"has_projects":true,"has_downloads":true,"has_wiki":true,"has_pages":false,"has_discussions":false,"forks_count":1,"mirror_url":null,"archived":false,"disabled":false,"open_issues_count":6,"license":null,"allow_forking":true,"is_template":false,"web_commit_signoff_required":false,"topics":[],"visibility":"public","forks":1,"open_issues":6,"watchers":1,"default_branch":"main","stargazers":1,"master_branch":"main","organization":"mergifyio-testing"},"pusher":{"name":"mergify-test1","email":"38494943+mergify-test1@users.noreply.github.com"},"organization":{"login":"mergifyio-testing","id":40527191,"node_id":"MDEyOk9yZ2FuaXphdGlvbjQwNTI3MTkx","url":"https://api.github.com/orgs/mergifyio-testing","repos_url":"https://api.github.com/orgs/mergifyio-testing/repos","events_url":"https://api.github.com/orgs/mergifyio-testing/events","hooks_url":"https://api.github.com/orgs/mergifyio-testing/hooks","issues_url":"https://api.github.com/orgs/mergifyio-testing/issues","members_url":"https://api.github.com/orgs/mergifyio-testing/members{/member}","public_members_url":"https://api.github.com/orgs/mergifyio-testing/public_members{/member}","avatar_url":"https://avatars.githubusercontent.com/u/40527191?v=4","description":"This
      account is for testing purpose of the workflow of the GitHub App @Mergifyio"},"sender":{"login":"mergify-test1","id":38494943,"node_id":"MDQ6VXNlcjM4NDk0OTQz","avatar_url":"https://avatars.githubusercontent.com/u/38494943?v=4","gravatar_id":"","url":"https://api.github.com/users/mergify-test1","html_url":"https://github.com/mergify-test1","followers_url":"https://api.github.com/users/mergify-test1/followers","following_url":"https://api.github.com/users/mergify-test1/following{/other_user}","gists_url":"https://api.github.com/users/mergify-test1/gists{/gist_id}","starred_url":"https://api.github.com/users/mergify-test1/starred{/owner}{/repo}","subscriptions_url":"https://api.github.com/users/mergify-test1/subscriptions","organizations_url":"https://api.github.com/users/mergify-test1/orgs","repos_url":"https://api.github.com/users/mergify-test1/repos","events_url":"https://api.github.com/users/mergify-test1/events{/privacy}","received_events_url":"https://api.github.com/users/mergify-test1/received_events","type":"User","site_admin":false},"installation":{"id":26895396,"node_id":"MDIzOkludGVncmF0aW9uSW5zdGFsbGF0aW9uMjY4OTUzOTY="},"created":true,"deleted":false,"forced":false,"base_ref":null,"compare":"https://github.com/mergifyio-testing/functional-testing-repo-Greesb/commit/9ffd569c011f","commits":[{"id":"9ffd569c011f4adaa72ab06d8ffd6c740a06e28a","tree_id":"e3ba600d4d7dc427aa3e9813fd23ce5721fec2d9","distinct":true,"message":"test_repo_name_short_wrong:
      pull request n1 from integration","timestamp":"2022-12-06T15:19:30+01:00","url":"https://github.com/mergifyio-testing/functional-testing-repo-Greesb/commit/9ffd569c011f4adaa72ab06d8ffd6c740a06e28a","author":{"name":"Mergify","email":"108278707+mergify-greesb[bot]@users.noreply.github.com","username":"mergify-greesb[bot]"},"committer":{"name":"Mergify","email":"108278707+mergify-greesb[bot]@users.noreply.github.com","username":"mergify-greesb[bot]"},"added":["test1"],"removed":[],"modified":[]}],"head_commit":{"id":"9ffd569c011f4adaa72ab06d8ffd6c740a06e28a","tree_id":"e3ba600d4d7dc427aa3e9813fd23ce5721fec2d9","distinct":true,"message":"test_repo_name_short_wrong:
      pull request n1 from integration","timestamp":"2022-12-06T15:19:30+01:00","url":"https://github.com/mergifyio-testing/functional-testing-repo-Greesb/commit/9ffd569c011f4adaa72ab06d8ffd6c740a06e28a","author":{"name":"Mergify","email":"108278707+mergify-greesb[bot]@users.noreply.github.com","username":"mergify-greesb[bot]"},"committer":{"name":"Mergify","email":"108278707+mergify-greesb[bot]@users.noreply.github.com","username":"mergify-greesb[bot]"},"added":["test1"],"removed":[],"modified":[]}}}]'
    headers:
      Connection:
      - keep-alive
      Content-Length:
      - '10067'
      Content-Type:
      - application/json
    http_version: HTTP/1.1
    status_code: 200
- request:
    body: '{"base": "20221206141922/test_repo_name_short_wrong/main", "head": "mergifyio-testing:20221206141922/test_repo_name_short_wrong/integration/pr1",
      "title": "test_repo_name_short_wrong: pull request n1 from integration", "body":
      "test_repo_name_short_wrong: pull request n1 from integration", "draft": false}'
    headers:
      accept:
      - application/vnd.github.machine-man-preview+json
      content-length:
      - '306'
      content-type:
      - application/json
      host:
      - api.github.com
    method: POST
    uri: https://api.github.com/repos/mergifyio-testing/functional-testing-repo-Greesb/pulls
  response:
    content: '{"url":"https://api.github.com/repos/mergifyio-testing/functional-testing-repo-Greesb/pulls/16121","id":1149041565,"node_id":"PR_kwDOHdpbW85EfPud","html_url":"https://github.com/mergifyio-testing/functional-testing-repo-Greesb/pull/16121","diff_url":"https://github.com/mergifyio-testing/functional-testing-repo-Greesb/pull/16121.diff","patch_url":"https://github.com/mergifyio-testing/functional-testing-repo-Greesb/pull/16121.patch","issue_url":"https://api.github.com/repos/mergifyio-testing/functional-testing-repo-Greesb/issues/16121","number":16121,"state":"open","locked":false,"title":"test_repo_name_short_wrong:
      pull request n1 from integration","user":{"login":"mergify-greesb[bot]","id":108278707,"node_id":"BOT_kgDOBnQzsw","avatar_url":"https://avatars.githubusercontent.com/u/40527191?v=4","gravatar_id":"","url":"https://api.github.com/users/mergify-greesb%5Bbot%5D","html_url":"https://github.com/apps/mergify-greesb","followers_url":"https://api.github.com/users/mergify-greesb%5Bbot%5D/followers","following_url":"https://api.github.com/users/mergify-greesb%5Bbot%5D/following{/other_user}","gists_url":"https://api.github.com/users/mergify-greesb%5Bbot%5D/gists{/gist_id}","starred_url":"https://api.github.com/users/mergify-greesb%5Bbot%5D/starred{/owner}{/repo}","subscriptions_url":"https://api.github.com/users/mergify-greesb%5Bbot%5D/subscriptions","organizations_url":"https://api.github.com/users/mergify-greesb%5Bbot%5D/orgs","repos_url":"https://api.github.com/users/mergify-greesb%5Bbot%5D/repos","events_url":"https://api.github.com/users/mergify-greesb%5Bbot%5D/events{/privacy}","received_events_url":"https://api.github.com/users/mergify-greesb%5Bbot%5D/received_events","type":"Bot","site_admin":false},"body":"test_repo_name_short_wrong:
      pull request n1 from integration","created_at":"2022-12-06T14:19:48Z","updated_at":"2022-12-06T14:19:48Z","closed_at":null,"merged_at":null,"merge_commit_sha":null,"assignee":null,"assignees":[],"requested_reviewers":[],"requested_teams":[],"labels":[],"milestone":null,"draft":false,"commits_url":"https://api.github.com/repos/mergifyio-testing/functional-testing-repo-Greesb/pulls/16121/commits","review_comments_url":"https://api.github.com/repos/mergifyio-testing/functional-testing-repo-Greesb/pulls/16121/comments","review_comment_url":"https://api.github.com/repos/mergifyio-testing/functional-testing-repo-Greesb/pulls/comments{/number}","comments_url":"https://api.github.com/repos/mergifyio-testing/functional-testing-repo-Greesb/issues/16121/comments","statuses_url":"https://api.github.com/repos/mergifyio-testing/functional-testing-repo-Greesb/statuses/9ffd569c011f4adaa72ab06d8ffd6c740a06e28a","head":{"label":"mergifyio-testing:20221206141922/test_repo_name_short_wrong/integration/pr1","ref":"20221206141922/test_repo_name_short_wrong/integration/pr1","sha":"9ffd569c011f4adaa72ab06d8ffd6c740a06e28a","user":{"login":"mergifyio-testing","id":40527191,"node_id":"MDEyOk9yZ2FuaXphdGlvbjQwNTI3MTkx","avatar_url":"https://avatars.githubusercontent.com/u/40527191?v=4","gravatar_id":"","url":"https://api.github.com/users/mergifyio-testing","html_url":"https://github.com/mergifyio-testing","followers_url":"https://api.github.com/users/mergifyio-testing/followers","following_url":"https://api.github.com/users/mergifyio-testing/following{/other_user}","gists_url":"https://api.github.com/users/mergifyio-testing/gists{/gist_id}","starred_url":"https://api.github.com/users/mergifyio-testing/starred{/owner}{/repo}","subscriptions_url":"https://api.github.com/users/mergifyio-testing/subscriptions","organizations_url":"https://api.github.com/users/mergifyio-testing/orgs","repos_url":"https://api.github.com/users/mergifyio-testing/repos","events_url":"https://api.github.com/users/mergifyio-testing/events{/privacy}","received_events_url":"https://api.github.com/users/mergifyio-testing/received_events","type":"Organization","site_admin":false},"repo":{"id":500849499,"node_id":"R_kgDOHdpbWw","name":"functional-testing-repo-Greesb","full_name":"mergifyio-testing/functional-testing-repo-Greesb","private":false,"owner":{"login":"mergifyio-testing","id":40527191,"node_id":"MDEyOk9yZ2FuaXphdGlvbjQwNTI3MTkx","avatar_url":"https://avatars.githubusercontent.com/u/40527191?v=4","gravatar_id":"","url":"https://api.github.com/users/mergifyio-testing","html_url":"https://github.com/mergifyio-testing","followers_url":"https://api.github.com/users/mergifyio-testing/followers","following_url":"https://api.github.com/users/mergifyio-testing/following{/other_user}","gists_url":"https://api.github.com/users/mergifyio-testing/gists{/gist_id}","starred_url":"https://api.github.com/users/mergifyio-testing/starred{/owner}{/repo}","subscriptions_url":"https://api.github.com/users/mergifyio-testing/subscriptions","organizations_url":"https://api.github.com/users/mergifyio-testing/orgs","repos_url":"https://api.github.com/users/mergifyio-testing/repos","events_url":"https://api.github.com/users/mergifyio-testing/events{/privacy}","received_events_url":"https://api.github.com/users/mergifyio-testing/received_events","type":"Organization","site_admin":false},"html_url":"https://github.com/mergifyio-testing/functional-testing-repo-Greesb","description":null,"fork":false,"url":"https://api.github.com/repos/mergifyio-testing/functional-testing-repo-Greesb","forks_url":"https://api.github.com/repos/mergifyio-testing/functional-testing-repo-Greesb/forks","keys_url":"https://api.github.com/repos/mergifyio-testing/functional-testing-repo-Greesb/keys{/key_id}","collaborators_url":"https://api.github.com/repos/mergifyio-testing/functional-testing-repo-Greesb/collaborators{/collaborator}","teams_url":"https://api.github.com/repos/mergifyio-testing/functional-testing-repo-Greesb/teams","hooks_url":"https://api.github.com/repos/mergifyio-testing/functional-testing-repo-Greesb/hooks","issue_events_url":"https://api.github.com/repos/mergifyio-testing/functional-testing-repo-Greesb/issues/events{/number}","events_url":"https://api.github.com/repos/mergifyio-testing/functional-testing-repo-Greesb/events","assignees_url":"https://api.github.com/repos/mergifyio-testing/functional-testing-repo-Greesb/assignees{/user}","branches_url":"https://api.github.com/repos/mergifyio-testing/functional-testing-repo-Greesb/branches{/branch}","tags_url":"https://api.github.com/repos/mergifyio-testing/functional-testing-repo-Greesb/tags","blobs_url":"https://api.github.com/repos/mergifyio-testing/functional-testing-repo-Greesb/git/blobs{/sha}","git_tags_url":"https://api.github.com/repos/mergifyio-testing/functional-testing-repo-Greesb/git/tags{/sha}","git_refs_url":"https://api.github.com/repos/mergifyio-testing/functional-testing-repo-Greesb/git/refs{/sha}","trees_url":"https://api.github.com/repos/mergifyio-testing/functional-testing-repo-Greesb/git/trees{/sha}","statuses_url":"https://api.github.com/repos/mergifyio-testing/functional-testing-repo-Greesb/statuses/{sha}","languages_url":"https://api.github.com/repos/mergifyio-testing/functional-testing-repo-Greesb/languages","stargazers_url":"https://api.github.com/repos/mergifyio-testing/functional-testing-repo-Greesb/stargazers","contributors_url":"https://api.github.com/repos/mergifyio-testing/functional-testing-repo-Greesb/contributors","subscribers_url":"https://api.github.com/repos/mergifyio-testing/functional-testing-repo-Greesb/subscribers","subscription_url":"https://api.github.com/repos/mergifyio-testing/functional-testing-repo-Greesb/subscription","commits_url":"https://api.github.com/repos/mergifyio-testing/functional-testing-repo-Greesb/commits{/sha}","git_commits_url":"https://api.github.com/repos/mergifyio-testing/functional-testing-repo-Greesb/git/commits{/sha}","comments_url":"https://api.github.com/repos/mergifyio-testing/functional-testing-repo-Greesb/comments{/number}","issue_comment_url":"https://api.github.com/repos/mergifyio-testing/functional-testing-repo-Greesb/issues/comments{/number}","contents_url":"https://api.github.com/repos/mergifyio-testing/functional-testing-repo-Greesb/contents/{+path}","compare_url":"https://api.github.com/repos/mergifyio-testing/functional-testing-repo-Greesb/compare/{base}...{head}","merges_url":"https://api.github.com/repos/mergifyio-testing/functional-testing-repo-Greesb/merges","archive_url":"https://api.github.com/repos/mergifyio-testing/functional-testing-repo-Greesb/{archive_format}{/ref}","downloads_url":"https://api.github.com/repos/mergifyio-testing/functional-testing-repo-Greesb/downloads","issues_url":"https://api.github.com/repos/mergifyio-testing/functional-testing-repo-Greesb/issues{/number}","pulls_url":"https://api.github.com/repos/mergifyio-testing/functional-testing-repo-Greesb/pulls{/number}","milestones_url":"https://api.github.com/repos/mergifyio-testing/functional-testing-repo-Greesb/milestones{/number}","notifications_url":"https://api.github.com/repos/mergifyio-testing/functional-testing-repo-Greesb/notifications{?since,all,participating}","labels_url":"https://api.github.com/repos/mergifyio-testing/functional-testing-repo-Greesb/labels{/name}","releases_url":"https://api.github.com/repos/mergifyio-testing/functional-testing-repo-Greesb/releases{/id}","deployments_url":"https://api.github.com/repos/mergifyio-testing/functional-testing-repo-Greesb/deployments","created_at":"2022-06-07T13:21:39Z","updated_at":"2022-11-28T10:20:16Z","pushed_at":"2022-12-06T14:19:44Z","git_url":"git://github.com/mergifyio-testing/functional-testing-repo-Greesb.git","ssh_url":"git@github.com:mergifyio-testing/functional-testing-repo-Greesb.git","clone_url":"https://github.com/mergifyio-testing/functional-testing-repo-Greesb.git","svn_url":"https://github.com/mergifyio-testing/functional-testing-repo-Greesb","homepage":null,"size":110,"stargazers_count":1,"watchers_count":1,"language":null,"has_issues":true,"has_projects":true,"has_downloads":true,"has_wiki":true,"has_pages":false,"has_discussions":false,"forks_count":1,"mirror_url":null,"archived":false,"disabled":false,"open_issues_count":6,"license":null,"allow_forking":true,"is_template":false,"web_commit_signoff_required":false,"topics":[],"visibility":"public","forks":1,"open_issues":6,"watchers":1,"default_branch":"main"}},"base":{"label":"mergifyio-testing:20221206141922/test_repo_name_short_wrong/main","ref":"20221206141922/test_repo_name_short_wrong/main","sha":"92b76a30bface58ecf05ea5a2c0fc8ba8bfecea1","user":{"login":"mergifyio-testing","id":40527191,"node_id":"MDEyOk9yZ2FuaXphdGlvbjQwNTI3MTkx","avatar_url":"https://avatars.githubusercontent.com/u/40527191?v=4","gravatar_id":"","url":"https://api.github.com/users/mergifyio-testing","html_url":"https://github.com/mergifyio-testing","followers_url":"https://api.github.com/users/mergifyio-testing/followers","following_url":"https://api.github.com/users/mergifyio-testing/following{/other_user}","gists_url":"https://api.github.com/users/mergifyio-testing/gists{/gist_id}","starred_url":"https://api.github.com/users/mergifyio-testing/starred{/owner}{/repo}","subscriptions_url":"https://api.github.com/users/mergifyio-testing/subscriptions","organizations_url":"https://api.github.com/users/mergifyio-testing/orgs","repos_url":"https://api.github.com/users/mergifyio-testing/repos","events_url":"https://api.github.com/users/mergifyio-testing/events{/privacy}","received_events_url":"https://api.github.com/users/mergifyio-testing/received_events","type":"Organization","site_admin":false},"repo":{"id":500849499,"node_id":"R_kgDOHdpbWw","name":"functional-testing-repo-Greesb","full_name":"mergifyio-testing/functional-testing-repo-Greesb","private":false,"owner":{"login":"mergifyio-testing","id":40527191,"node_id":"MDEyOk9yZ2FuaXphdGlvbjQwNTI3MTkx","avatar_url":"https://avatars.githubusercontent.com/u/40527191?v=4","gravatar_id":"","url":"https://api.github.com/users/mergifyio-testing","html_url":"https://github.com/mergifyio-testing","followers_url":"https://api.github.com/users/mergifyio-testing/followers","following_url":"https://api.github.com/users/mergifyio-testing/following{/other_user}","gists_url":"https://api.github.com/users/mergifyio-testing/gists{/gist_id}","starred_url":"https://api.github.com/users/mergifyio-testing/starred{/owner}{/repo}","subscriptions_url":"https://api.github.com/users/mergifyio-testing/subscriptions","organizations_url":"https://api.github.com/users/mergifyio-testing/orgs","repos_url":"https://api.github.com/users/mergifyio-testing/repos","events_url":"https://api.github.com/users/mergifyio-testing/events{/privacy}","received_events_url":"https://api.github.com/users/mergifyio-testing/received_events","type":"Organization","site_admin":false},"html_url":"https://github.com/mergifyio-testing/functional-testing-repo-Greesb","description":null,"fork":false,"url":"https://api.github.com/repos/mergifyio-testing/functional-testing-repo-Greesb","forks_url":"https://api.github.com/repos/mergifyio-testing/functional-testing-repo-Greesb/forks","keys_url":"https://api.github.com/repos/mergifyio-testing/functional-testing-repo-Greesb/keys{/key_id}","collaborators_url":"https://api.github.com/repos/mergifyio-testing/functional-testing-repo-Greesb/collaborators{/collaborator}","teams_url":"https://api.github.com/repos/mergifyio-testing/functional-testing-repo-Greesb/teams","hooks_url":"https://api.github.com/repos/mergifyio-testing/functional-testing-repo-Greesb/hooks","issue_events_url":"https://api.github.com/repos/mergifyio-testing/functional-testing-repo-Greesb/issues/events{/number}","events_url":"https://api.github.com/repos/mergifyio-testing/functional-testing-repo-Greesb/events","assignees_url":"https://api.github.com/repos/mergifyio-testing/functional-testing-repo-Greesb/assignees{/user}","branches_url":"https://api.github.com/repos/mergifyio-testing/functional-testing-repo-Greesb/branches{/branch}","tags_url":"https://api.github.com/repos/mergifyio-testing/functional-testing-repo-Greesb/tags","blobs_url":"https://api.github.com/repos/mergifyio-testing/functional-testing-repo-Greesb/git/blobs{/sha}","git_tags_url":"https://api.github.com/repos/mergifyio-testing/functional-testing-repo-Greesb/git/tags{/sha}","git_refs_url":"https://api.github.com/repos/mergifyio-testing/functional-testing-repo-Greesb/git/refs{/sha}","trees_url":"https://api.github.com/repos/mergifyio-testing/functional-testing-repo-Greesb/git/trees{/sha}","statuses_url":"https://api.github.com/repos/mergifyio-testing/functional-testing-repo-Greesb/statuses/{sha}","languages_url":"https://api.github.com/repos/mergifyio-testing/functional-testing-repo-Greesb/languages","stargazers_url":"https://api.github.com/repos/mergifyio-testing/functional-testing-repo-Greesb/stargazers","contributors_url":"https://api.github.com/repos/mergifyio-testing/functional-testing-repo-Greesb/contributors","subscribers_url":"https://api.github.com/repos/mergifyio-testing/functional-testing-repo-Greesb/subscribers","subscription_url":"https://api.github.com/repos/mergifyio-testing/functional-testing-repo-Greesb/subscription","commits_url":"https://api.github.com/repos/mergifyio-testing/functional-testing-repo-Greesb/commits{/sha}","git_commits_url":"https://api.github.com/repos/mergifyio-testing/functional-testing-repo-Greesb/git/commits{/sha}","comments_url":"https://api.github.com/repos/mergifyio-testing/functional-testing-repo-Greesb/comments{/number}","issue_comment_url":"https://api.github.com/repos/mergifyio-testing/functional-testing-repo-Greesb/issues/comments{/number}","contents_url":"https://api.github.com/repos/mergifyio-testing/functional-testing-repo-Greesb/contents/{+path}","compare_url":"https://api.github.com/repos/mergifyio-testing/functional-testing-repo-Greesb/compare/{base}...{head}","merges_url":"https://api.github.com/repos/mergifyio-testing/functional-testing-repo-Greesb/merges","archive_url":"https://api.github.com/repos/mergifyio-testing/functional-testing-repo-Greesb/{archive_format}{/ref}","downloads_url":"https://api.github.com/repos/mergifyio-testing/functional-testing-repo-Greesb/downloads","issues_url":"https://api.github.com/repos/mergifyio-testing/functional-testing-repo-Greesb/issues{/number}","pulls_url":"https://api.github.com/repos/mergifyio-testing/functional-testing-repo-Greesb/pulls{/number}","milestones_url":"https://api.github.com/repos/mergifyio-testing/functional-testing-repo-Greesb/milestones{/number}","notifications_url":"https://api.github.com/repos/mergifyio-testing/functional-testing-repo-Greesb/notifications{?since,all,participating}","labels_url":"https://api.github.com/repos/mergifyio-testing/functional-testing-repo-Greesb/labels{/name}","releases_url":"https://api.github.com/repos/mergifyio-testing/functional-testing-repo-Greesb/releases{/id}","deployments_url":"https://api.github.com/repos/mergifyio-testing/functional-testing-repo-Greesb/deployments","created_at":"2022-06-07T13:21:39Z","updated_at":"2022-11-28T10:20:16Z","pushed_at":"2022-12-06T14:19:44Z","git_url":"git://github.com/mergifyio-testing/functional-testing-repo-Greesb.git","ssh_url":"git@github.com:mergifyio-testing/functional-testing-repo-Greesb.git","clone_url":"https://github.com/mergifyio-testing/functional-testing-repo-Greesb.git","svn_url":"https://github.com/mergifyio-testing/functional-testing-repo-Greesb","homepage":null,"size":110,"stargazers_count":1,"watchers_count":1,"language":null,"has_issues":true,"has_projects":true,"has_downloads":true,"has_wiki":true,"has_pages":false,"has_discussions":false,"forks_count":1,"mirror_url":null,"archived":false,"disabled":false,"open_issues_count":6,"license":null,"allow_forking":true,"is_template":false,"web_commit_signoff_required":false,"topics":[],"visibility":"public","forks":1,"open_issues":6,"watchers":1,"default_branch":"main"}},"_links":{"self":{"href":"https://api.github.com/repos/mergifyio-testing/functional-testing-repo-Greesb/pulls/16121"},"html":{"href":"https://github.com/mergifyio-testing/functional-testing-repo-Greesb/pull/16121"},"issue":{"href":"https://api.github.com/repos/mergifyio-testing/functional-testing-repo-Greesb/issues/16121"},"comments":{"href":"https://api.github.com/repos/mergifyio-testing/functional-testing-repo-Greesb/issues/16121/comments"},"review_comments":{"href":"https://api.github.com/repos/mergifyio-testing/functional-testing-repo-Greesb/pulls/16121/comments"},"review_comment":{"href":"https://api.github.com/repos/mergifyio-testing/functional-testing-repo-Greesb/pulls/comments{/number}"},"commits":{"href":"https://api.github.com/repos/mergifyio-testing/functional-testing-repo-Greesb/pulls/16121/commits"},"statuses":{"href":"https://api.github.com/repos/mergifyio-testing/functional-testing-repo-Greesb/statuses/9ffd569c011f4adaa72ab06d8ffd6c740a06e28a"}},"author_association":"CONTRIBUTOR","auto_merge":null,"active_lock_reason":null,"merged":false,"mergeable":null,"rebaseable":null,"mergeable_state":"unknown","merged_by":null,"comments":0,"review_comments":0,"maintainer_can_modify":false,"commits":1,"additions":0,"deletions":0,"changed_files":1}'
    headers:
      Content-Length:
      - '19045'
      Content-Type:
      - application/json; charset=utf-8
      Location:
      - https://api.github.com/repos/mergifyio-testing/functional-testing-repo-Greesb/pulls/16121
      X-GitHub-Media-Type:
      - github.v3; param=machine-man-preview; format=json
      x-github-api-version-selected:
      - '2022-11-28'
    http_version: HTTP/1.1
    status_code: 201
- request:
    body: whatdataisthat
    headers:
      X-Hub-Signature:
      - <SIGNATURE>
      accept:
      - '*/*'
      content-length:
      - '14'
      host:
      - test-forwarder.mergify.io
    method: GET
    uri: https://test-forwarder.mergify.io/events/github.com/214877/500849499/20221206141922-test_repo_name_short_wrong?counter=12
  response:
    content: '[{"id":"00ccf620-7571-11ed-8f6c-aa6040c073f5","type":"check_suite","payload":{"action":"requested","check_suite":{"id":9697948897,"node_id":"CS_kwDOHdpbW88AAAACQgr04Q","head_branch":"20221206141922/test_repo_name_short_wrong/integration/pr1","head_sha":"9ffd569c011f4adaa72ab06d8ffd6c740a06e28a","status":"queued","conclusion":null,"url":"https://api.github.com/repos/mergifyio-testing/functional-testing-repo-Greesb/check-suites/9697948897","before":"0000000000000000000000000000000000000000","after":"9ffd569c011f4adaa72ab06d8ffd6c740a06e28a","pull_requests":[],"app":{"id":214877,"slug":"mergify-greesb","node_id":"A_kwHOAmplV84AA0dd","owner":{"login":"mergifyio-testing","id":40527191,"node_id":"MDEyOk9yZ2FuaXphdGlvbjQwNTI3MTkx","avatar_url":"https://avatars.githubusercontent.com/u/40527191?v=4","gravatar_id":"","url":"https://api.github.com/users/mergifyio-testing","html_url":"https://github.com/mergifyio-testing","followers_url":"https://api.github.com/users/mergifyio-testing/followers","following_url":"https://api.github.com/users/mergifyio-testing/following{/other_user}","gists_url":"https://api.github.com/users/mergifyio-testing/gists{/gist_id}","starred_url":"https://api.github.com/users/mergifyio-testing/starred{/owner}{/repo}","subscriptions_url":"https://api.github.com/users/mergifyio-testing/subscriptions","organizations_url":"https://api.github.com/users/mergifyio-testing/orgs","repos_url":"https://api.github.com/users/mergifyio-testing/repos","events_url":"https://api.github.com/users/mergifyio-testing/events{/privacy}","received_events_url":"https://api.github.com/users/mergifyio-testing/received_events","type":"Organization","site_admin":false},"name":"mergify-Greesb","description":"Mergify
      testing installation for Greesb","external_url":"https://mergify.com/","html_url":"https://github.com/apps/mergify-greesb","created_at":"2022-06-27T12:53:37Z","updated_at":"2022-06-27T12:53:37Z","permissions":{"administration":"read","checks":"write","contents":"write","emails":"read","issues":"write","members":"read","metadata":"read","pages":"write","pull_requests":"write","statuses":"write","workflows":"write"},"events":["check_run","check_suite","issue_comment","member","membership","organization","pull_request","pull_request_review","pull_request_review_comment","pull_request_review_thread","push","repository","status","team","team_add"]},"created_at":"2022-12-06T14:19:32Z","updated_at":"2022-12-06T14:19:32Z","rerequestable":true,"runs_rerequestable":true,"latest_check_runs_count":0,"check_runs_url":"https://api.github.com/repos/mergifyio-testing/functional-testing-repo-Greesb/check-suites/9697948897/check-runs","head_commit":{"id":"9ffd569c011f4adaa72ab06d8ffd6c740a06e28a","tree_id":"e3ba600d4d7dc427aa3e9813fd23ce5721fec2d9","message":"test_repo_name_short_wrong:
      pull request n1 from integration","timestamp":"2022-12-06T14:19:30Z","author":{"name":"Mergify","email":"108278707+mergify-greesb[bot]@users.noreply.github.com"},"committer":{"name":"Mergify","email":"108278707+mergify-greesb[bot]@users.noreply.github.com"}}},"repository":{"id":500849499,"node_id":"R_kgDOHdpbWw","name":"functional-testing-repo-Greesb","full_name":"mergifyio-testing/functional-testing-repo-Greesb","private":false,"owner":{"login":"mergifyio-testing","id":40527191,"node_id":"MDEyOk9yZ2FuaXphdGlvbjQwNTI3MTkx","avatar_url":"https://avatars.githubusercontent.com/u/40527191?v=4","gravatar_id":"","url":"https://api.github.com/users/mergifyio-testing","html_url":"https://github.com/mergifyio-testing","followers_url":"https://api.github.com/users/mergifyio-testing/followers","following_url":"https://api.github.com/users/mergifyio-testing/following{/other_user}","gists_url":"https://api.github.com/users/mergifyio-testing/gists{/gist_id}","starred_url":"https://api.github.com/users/mergifyio-testing/starred{/owner}{/repo}","subscriptions_url":"https://api.github.com/users/mergifyio-testing/subscriptions","organizations_url":"https://api.github.com/users/mergifyio-testing/orgs","repos_url":"https://api.github.com/users/mergifyio-testing/repos","events_url":"https://api.github.com/users/mergifyio-testing/events{/privacy}","received_events_url":"https://api.github.com/users/mergifyio-testing/received_events","type":"Organization","site_admin":false},"html_url":"https://github.com/mergifyio-testing/functional-testing-repo-Greesb","description":null,"fork":false,"url":"https://api.github.com/repos/mergifyio-testing/functional-testing-repo-Greesb","forks_url":"https://api.github.com/repos/mergifyio-testing/functional-testing-repo-Greesb/forks","keys_url":"https://api.github.com/repos/mergifyio-testing/functional-testing-repo-Greesb/keys{/key_id}","collaborators_url":"https://api.github.com/repos/mergifyio-testing/functional-testing-repo-Greesb/collaborators{/collaborator}","teams_url":"https://api.github.com/repos/mergifyio-testing/functional-testing-repo-Greesb/teams","hooks_url":"https://api.github.com/repos/mergifyio-testing/functional-testing-repo-Greesb/hooks","issue_events_url":"https://api.github.com/repos/mergifyio-testing/functional-testing-repo-Greesb/issues/events{/number}","events_url":"https://api.github.com/repos/mergifyio-testing/functional-testing-repo-Greesb/events","assignees_url":"https://api.github.com/repos/mergifyio-testing/functional-testing-repo-Greesb/assignees{/user}","branches_url":"https://api.github.com/repos/mergifyio-testing/functional-testing-repo-Greesb/branches{/branch}","tags_url":"https://api.github.com/repos/mergifyio-testing/functional-testing-repo-Greesb/tags","blobs_url":"https://api.github.com/repos/mergifyio-testing/functional-testing-repo-Greesb/git/blobs{/sha}","git_tags_url":"https://api.github.com/repos/mergifyio-testing/functional-testing-repo-Greesb/git/tags{/sha}","git_refs_url":"https://api.github.com/repos/mergifyio-testing/functional-testing-repo-Greesb/git/refs{/sha}","trees_url":"https://api.github.com/repos/mergifyio-testing/functional-testing-repo-Greesb/git/trees{/sha}","statuses_url":"https://api.github.com/repos/mergifyio-testing/functional-testing-repo-Greesb/statuses/{sha}","languages_url":"https://api.github.com/repos/mergifyio-testing/functional-testing-repo-Greesb/languages","stargazers_url":"https://api.github.com/repos/mergifyio-testing/functional-testing-repo-Greesb/stargazers","contributors_url":"https://api.github.com/repos/mergifyio-testing/functional-testing-repo-Greesb/contributors","subscribers_url":"https://api.github.com/repos/mergifyio-testing/functional-testing-repo-Greesb/subscribers","subscription_url":"https://api.github.com/repos/mergifyio-testing/functional-testing-repo-Greesb/subscription","commits_url":"https://api.github.com/repos/mergifyio-testing/functional-testing-repo-Greesb/commits{/sha}","git_commits_url":"https://api.github.com/repos/mergifyio-testing/functional-testing-repo-Greesb/git/commits{/sha}","comments_url":"https://api.github.com/repos/mergifyio-testing/functional-testing-repo-Greesb/comments{/number}","issue_comment_url":"https://api.github.com/repos/mergifyio-testing/functional-testing-repo-Greesb/issues/comments{/number}","contents_url":"https://api.github.com/repos/mergifyio-testing/functional-testing-repo-Greesb/contents/{+path}","compare_url":"https://api.github.com/repos/mergifyio-testing/functional-testing-repo-Greesb/compare/{base}...{head}","merges_url":"https://api.github.com/repos/mergifyio-testing/functional-testing-repo-Greesb/merges","archive_url":"https://api.github.com/repos/mergifyio-testing/functional-testing-repo-Greesb/{archive_format}{/ref}","downloads_url":"https://api.github.com/repos/mergifyio-testing/functional-testing-repo-Greesb/downloads","issues_url":"https://api.github.com/repos/mergifyio-testing/functional-testing-repo-Greesb/issues{/number}","pulls_url":"https://api.github.com/repos/mergifyio-testing/functional-testing-repo-Greesb/pulls{/number}","milestones_url":"https://api.github.com/repos/mergifyio-testing/functional-testing-repo-Greesb/milestones{/number}","notifications_url":"https://api.github.com/repos/mergifyio-testing/functional-testing-repo-Greesb/notifications{?since,all,participating}","labels_url":"https://api.github.com/repos/mergifyio-testing/functional-testing-repo-Greesb/labels{/name}","releases_url":"https://api.github.com/repos/mergifyio-testing/functional-testing-repo-Greesb/releases{/id}","deployments_url":"https://api.github.com/repos/mergifyio-testing/functional-testing-repo-Greesb/deployments","created_at":"2022-06-07T13:21:39Z","updated_at":"2022-11-28T10:20:16Z","pushed_at":"2022-12-06T14:19:31Z","git_url":"git://github.com/mergifyio-testing/functional-testing-repo-Greesb.git","ssh_url":"git@github.com:mergifyio-testing/functional-testing-repo-Greesb.git","clone_url":"https://github.com/mergifyio-testing/functional-testing-repo-Greesb.git","svn_url":"https://github.com/mergifyio-testing/functional-testing-repo-Greesb","homepage":null,"size":110,"stargazers_count":1,"watchers_count":1,"language":null,"has_issues":true,"has_projects":true,"has_downloads":true,"has_wiki":true,"has_pages":false,"has_discussions":false,"forks_count":1,"mirror_url":null,"archived":false,"disabled":false,"open_issues_count":6,"license":null,"allow_forking":true,"is_template":false,"web_commit_signoff_required":false,"topics":[],"visibility":"public","forks":1,"open_issues":6,"watchers":1,"default_branch":"main"},"organization":{"login":"mergifyio-testing","id":40527191,"node_id":"MDEyOk9yZ2FuaXphdGlvbjQwNTI3MTkx","url":"https://api.github.com/orgs/mergifyio-testing","repos_url":"https://api.github.com/orgs/mergifyio-testing/repos","events_url":"https://api.github.com/orgs/mergifyio-testing/events","hooks_url":"https://api.github.com/orgs/mergifyio-testing/hooks","issues_url":"https://api.github.com/orgs/mergifyio-testing/issues","members_url":"https://api.github.com/orgs/mergifyio-testing/members{/member}","public_members_url":"https://api.github.com/orgs/mergifyio-testing/public_members{/member}","avatar_url":"https://avatars.githubusercontent.com/u/40527191?v=4","description":"This
      account is for testing purpose of the workflow of the GitHub App @Mergifyio"},"sender":{"login":"mergify-test1","id":38494943,"node_id":"MDQ6VXNlcjM4NDk0OTQz","avatar_url":"https://avatars.githubusercontent.com/u/38494943?v=4","gravatar_id":"","url":"https://api.github.com/users/mergify-test1","html_url":"https://github.com/mergify-test1","followers_url":"https://api.github.com/users/mergify-test1/followers","following_url":"https://api.github.com/users/mergify-test1/following{/other_user}","gists_url":"https://api.github.com/users/mergify-test1/gists{/gist_id}","starred_url":"https://api.github.com/users/mergify-test1/starred{/owner}{/repo}","subscriptions_url":"https://api.github.com/users/mergify-test1/subscriptions","organizations_url":"https://api.github.com/users/mergify-test1/orgs","repos_url":"https://api.github.com/users/mergify-test1/repos","events_url":"https://api.github.com/users/mergify-test1/events{/privacy}","received_events_url":"https://api.github.com/users/mergify-test1/received_events","type":"User","site_admin":false},"installation":{"id":26895396,"node_id":"MDIzOkludGVncmF0aW9uSW5zdGFsbGF0aW9uMjY4OTUzOTY="}}}]'
    headers:
      Connection:
      - keep-alive
      Content-Length:
      - '11220'
      Content-Type:
      - application/json
    http_version: HTTP/1.1
    status_code: 200
- request:
    body: whatdataisthat
    headers:
      X-Hub-Signature:
      - <SIGNATURE>
      accept:
      - '*/*'
      content-length:
      - '14'
      host:
      - test-forwarder.mergify.io
    method: GET
    uri: https://test-forwarder.mergify.io/events/github.com/214877/500849499/20221206141922-test_repo_name_short_wrong?counter=13
  response:
    content: '[{"id":"0a554cb0-7571-11ed-91da-114601974563","type":"pull_request","payload":{"action":"opened","number":16121,"pull_request":{"url":"https://api.github.com/repos/mergifyio-testing/functional-testing-repo-Greesb/pulls/16121","id":1149041565,"node_id":"PR_kwDOHdpbW85EfPud","html_url":"https://github.com/mergifyio-testing/functional-testing-repo-Greesb/pull/16121","diff_url":"https://github.com/mergifyio-testing/functional-testing-repo-Greesb/pull/16121.diff","patch_url":"https://github.com/mergifyio-testing/functional-testing-repo-Greesb/pull/16121.patch","issue_url":"https://api.github.com/repos/mergifyio-testing/functional-testing-repo-Greesb/issues/16121","number":16121,"state":"open","locked":false,"title":"test_repo_name_short_wrong:
      pull request n1 from integration","user":{"login":"mergify-greesb[bot]","id":108278707,"node_id":"BOT_kgDOBnQzsw","avatar_url":"https://avatars.githubusercontent.com/u/40527191?v=4","gravatar_id":"","url":"https://api.github.com/users/mergify-greesb%5Bbot%5D","html_url":"https://github.com/apps/mergify-greesb","followers_url":"https://api.github.com/users/mergify-greesb%5Bbot%5D/followers","following_url":"https://api.github.com/users/mergify-greesb%5Bbot%5D/following{/other_user}","gists_url":"https://api.github.com/users/mergify-greesb%5Bbot%5D/gists{/gist_id}","starred_url":"https://api.github.com/users/mergify-greesb%5Bbot%5D/starred{/owner}{/repo}","subscriptions_url":"https://api.github.com/users/mergify-greesb%5Bbot%5D/subscriptions","organizations_url":"https://api.github.com/users/mergify-greesb%5Bbot%5D/orgs","repos_url":"https://api.github.com/users/mergify-greesb%5Bbot%5D/repos","events_url":"https://api.github.com/users/mergify-greesb%5Bbot%5D/events{/privacy}","received_events_url":"https://api.github.com/users/mergify-greesb%5Bbot%5D/received_events","type":"Bot","site_admin":false},"body":"test_repo_name_short_wrong:
      pull request n1 from integration","created_at":"2022-12-06T14:19:48Z","updated_at":"2022-12-06T14:19:48Z","closed_at":null,"merged_at":null,"merge_commit_sha":null,"assignee":null,"assignees":[],"requested_reviewers":[],"requested_teams":[],"labels":[],"milestone":null,"draft":false,"commits_url":"https://api.github.com/repos/mergifyio-testing/functional-testing-repo-Greesb/pulls/16121/commits","review_comments_url":"https://api.github.com/repos/mergifyio-testing/functional-testing-repo-Greesb/pulls/16121/comments","review_comment_url":"https://api.github.com/repos/mergifyio-testing/functional-testing-repo-Greesb/pulls/comments{/number}","comments_url":"https://api.github.com/repos/mergifyio-testing/functional-testing-repo-Greesb/issues/16121/comments","statuses_url":"https://api.github.com/repos/mergifyio-testing/functional-testing-repo-Greesb/statuses/9ffd569c011f4adaa72ab06d8ffd6c740a06e28a","head":{"label":"mergifyio-testing:20221206141922/test_repo_name_short_wrong/integration/pr1","ref":"20221206141922/test_repo_name_short_wrong/integration/pr1","sha":"9ffd569c011f4adaa72ab06d8ffd6c740a06e28a","user":{"login":"mergifyio-testing","id":40527191,"node_id":"MDEyOk9yZ2FuaXphdGlvbjQwNTI3MTkx","avatar_url":"https://avatars.githubusercontent.com/u/40527191?v=4","gravatar_id":"","url":"https://api.github.com/users/mergifyio-testing","html_url":"https://github.com/mergifyio-testing","followers_url":"https://api.github.com/users/mergifyio-testing/followers","following_url":"https://api.github.com/users/mergifyio-testing/following{/other_user}","gists_url":"https://api.github.com/users/mergifyio-testing/gists{/gist_id}","starred_url":"https://api.github.com/users/mergifyio-testing/starred{/owner}{/repo}","subscriptions_url":"https://api.github.com/users/mergifyio-testing/subscriptions","organizations_url":"https://api.github.com/users/mergifyio-testing/orgs","repos_url":"https://api.github.com/users/mergifyio-testing/repos","events_url":"https://api.github.com/users/mergifyio-testing/events{/privacy}","received_events_url":"https://api.github.com/users/mergifyio-testing/received_events","type":"Organization","site_admin":false},"repo":{"id":500849499,"node_id":"R_kgDOHdpbWw","name":"functional-testing-repo-Greesb","full_name":"mergifyio-testing/functional-testing-repo-Greesb","private":false,"owner":{"login":"mergifyio-testing","id":40527191,"node_id":"MDEyOk9yZ2FuaXphdGlvbjQwNTI3MTkx","avatar_url":"https://avatars.githubusercontent.com/u/40527191?v=4","gravatar_id":"","url":"https://api.github.com/users/mergifyio-testing","html_url":"https://github.com/mergifyio-testing","followers_url":"https://api.github.com/users/mergifyio-testing/followers","following_url":"https://api.github.com/users/mergifyio-testing/following{/other_user}","gists_url":"https://api.github.com/users/mergifyio-testing/gists{/gist_id}","starred_url":"https://api.github.com/users/mergifyio-testing/starred{/owner}{/repo}","subscriptions_url":"https://api.github.com/users/mergifyio-testing/subscriptions","organizations_url":"https://api.github.com/users/mergifyio-testing/orgs","repos_url":"https://api.github.com/users/mergifyio-testing/repos","events_url":"https://api.github.com/users/mergifyio-testing/events{/privacy}","received_events_url":"https://api.github.com/users/mergifyio-testing/received_events","type":"Organization","site_admin":false},"html_url":"https://github.com/mergifyio-testing/functional-testing-repo-Greesb","description":null,"fork":false,"url":"https://api.github.com/repos/mergifyio-testing/functional-testing-repo-Greesb","forks_url":"https://api.github.com/repos/mergifyio-testing/functional-testing-repo-Greesb/forks","keys_url":"https://api.github.com/repos/mergifyio-testing/functional-testing-repo-Greesb/keys{/key_id}","collaborators_url":"https://api.github.com/repos/mergifyio-testing/functional-testing-repo-Greesb/collaborators{/collaborator}","teams_url":"https://api.github.com/repos/mergifyio-testing/functional-testing-repo-Greesb/teams","hooks_url":"https://api.github.com/repos/mergifyio-testing/functional-testing-repo-Greesb/hooks","issue_events_url":"https://api.github.com/repos/mergifyio-testing/functional-testing-repo-Greesb/issues/events{/number}","events_url":"https://api.github.com/repos/mergifyio-testing/functional-testing-repo-Greesb/events","assignees_url":"https://api.github.com/repos/mergifyio-testing/functional-testing-repo-Greesb/assignees{/user}","branches_url":"https://api.github.com/repos/mergifyio-testing/functional-testing-repo-Greesb/branches{/branch}","tags_url":"https://api.github.com/repos/mergifyio-testing/functional-testing-repo-Greesb/tags","blobs_url":"https://api.github.com/repos/mergifyio-testing/functional-testing-repo-Greesb/git/blobs{/sha}","git_tags_url":"https://api.github.com/repos/mergifyio-testing/functional-testing-repo-Greesb/git/tags{/sha}","git_refs_url":"https://api.github.com/repos/mergifyio-testing/functional-testing-repo-Greesb/git/refs{/sha}","trees_url":"https://api.github.com/repos/mergifyio-testing/functional-testing-repo-Greesb/git/trees{/sha}","statuses_url":"https://api.github.com/repos/mergifyio-testing/functional-testing-repo-Greesb/statuses/{sha}","languages_url":"https://api.github.com/repos/mergifyio-testing/functional-testing-repo-Greesb/languages","stargazers_url":"https://api.github.com/repos/mergifyio-testing/functional-testing-repo-Greesb/stargazers","contributors_url":"https://api.github.com/repos/mergifyio-testing/functional-testing-repo-Greesb/contributors","subscribers_url":"https://api.github.com/repos/mergifyio-testing/functional-testing-repo-Greesb/subscribers","subscription_url":"https://api.github.com/repos/mergifyio-testing/functional-testing-repo-Greesb/subscription","commits_url":"https://api.github.com/repos/mergifyio-testing/functional-testing-repo-Greesb/commits{/sha}","git_commits_url":"https://api.github.com/repos/mergifyio-testing/functional-testing-repo-Greesb/git/commits{/sha}","comments_url":"https://api.github.com/repos/mergifyio-testing/functional-testing-repo-Greesb/comments{/number}","issue_comment_url":"https://api.github.com/repos/mergifyio-testing/functional-testing-repo-Greesb/issues/comments{/number}","contents_url":"https://api.github.com/repos/mergifyio-testing/functional-testing-repo-Greesb/contents/{+path}","compare_url":"https://api.github.com/repos/mergifyio-testing/functional-testing-repo-Greesb/compare/{base}...{head}","merges_url":"https://api.github.com/repos/mergifyio-testing/functional-testing-repo-Greesb/merges","archive_url":"https://api.github.com/repos/mergifyio-testing/functional-testing-repo-Greesb/{archive_format}{/ref}","downloads_url":"https://api.github.com/repos/mergifyio-testing/functional-testing-repo-Greesb/downloads","issues_url":"https://api.github.com/repos/mergifyio-testing/functional-testing-repo-Greesb/issues{/number}","pulls_url":"https://api.github.com/repos/mergifyio-testing/functional-testing-repo-Greesb/pulls{/number}","milestones_url":"https://api.github.com/repos/mergifyio-testing/functional-testing-repo-Greesb/milestones{/number}","notifications_url":"https://api.github.com/repos/mergifyio-testing/functional-testing-repo-Greesb/notifications{?since,all,participating}","labels_url":"https://api.github.com/repos/mergifyio-testing/functional-testing-repo-Greesb/labels{/name}","releases_url":"https://api.github.com/repos/mergifyio-testing/functional-testing-repo-Greesb/releases{/id}","deployments_url":"https://api.github.com/repos/mergifyio-testing/functional-testing-repo-Greesb/deployments","created_at":"2022-06-07T13:21:39Z","updated_at":"2022-11-28T10:20:16Z","pushed_at":"2022-12-06T14:19:48Z","git_url":"git://github.com/mergifyio-testing/functional-testing-repo-Greesb.git","ssh_url":"git@github.com:mergifyio-testing/functional-testing-repo-Greesb.git","clone_url":"https://github.com/mergifyio-testing/functional-testing-repo-Greesb.git","svn_url":"https://github.com/mergifyio-testing/functional-testing-repo-Greesb","homepage":null,"size":110,"stargazers_count":1,"watchers_count":1,"language":null,"has_issues":true,"has_projects":true,"has_downloads":true,"has_wiki":true,"has_pages":false,"has_discussions":false,"forks_count":1,"mirror_url":null,"archived":false,"disabled":false,"open_issues_count":6,"license":null,"allow_forking":true,"is_template":false,"web_commit_signoff_required":false,"topics":[],"visibility":"public","forks":1,"open_issues":6,"watchers":1,"default_branch":"main","allow_squash_merge":true,"allow_merge_commit":true,"allow_rebase_merge":true,"allow_auto_merge":false,"delete_branch_on_merge":false,"allow_update_branch":false,"use_squash_pr_title_as_default":false,"squash_merge_commit_message":"COMMIT_MESSAGES","squash_merge_commit_title":"COMMIT_OR_PR_TITLE","merge_commit_message":"PR_TITLE","merge_commit_title":"MERGE_MESSAGE"}},"base":{"label":"mergifyio-testing:20221206141922/test_repo_name_short_wrong/main","ref":"20221206141922/test_repo_name_short_wrong/main","sha":"92b76a30bface58ecf05ea5a2c0fc8ba8bfecea1","user":{"login":"mergifyio-testing","id":40527191,"node_id":"MDEyOk9yZ2FuaXphdGlvbjQwNTI3MTkx","avatar_url":"https://avatars.githubusercontent.com/u/40527191?v=4","gravatar_id":"","url":"https://api.github.com/users/mergifyio-testing","html_url":"https://github.com/mergifyio-testing","followers_url":"https://api.github.com/users/mergifyio-testing/followers","following_url":"https://api.github.com/users/mergifyio-testing/following{/other_user}","gists_url":"https://api.github.com/users/mergifyio-testing/gists{/gist_id}","starred_url":"https://api.github.com/users/mergifyio-testing/starred{/owner}{/repo}","subscriptions_url":"https://api.github.com/users/mergifyio-testing/subscriptions","organizations_url":"https://api.github.com/users/mergifyio-testing/orgs","repos_url":"https://api.github.com/users/mergifyio-testing/repos","events_url":"https://api.github.com/users/mergifyio-testing/events{/privacy}","received_events_url":"https://api.github.com/users/mergifyio-testing/received_events","type":"Organization","site_admin":false},"repo":{"id":500849499,"node_id":"R_kgDOHdpbWw","name":"functional-testing-repo-Greesb","full_name":"mergifyio-testing/functional-testing-repo-Greesb","private":false,"owner":{"login":"mergifyio-testing","id":40527191,"node_id":"MDEyOk9yZ2FuaXphdGlvbjQwNTI3MTkx","avatar_url":"https://avatars.githubusercontent.com/u/40527191?v=4","gravatar_id":"","url":"https://api.github.com/users/mergifyio-testing","html_url":"https://github.com/mergifyio-testing","followers_url":"https://api.github.com/users/mergifyio-testing/followers","following_url":"https://api.github.com/users/mergifyio-testing/following{/other_user}","gists_url":"https://api.github.com/users/mergifyio-testing/gists{/gist_id}","starred_url":"https://api.github.com/users/mergifyio-testing/starred{/owner}{/repo}","subscriptions_url":"https://api.github.com/users/mergifyio-testing/subscriptions","organizations_url":"https://api.github.com/users/mergifyio-testing/orgs","repos_url":"https://api.github.com/users/mergifyio-testing/repos","events_url":"https://api.github.com/users/mergifyio-testing/events{/privacy}","received_events_url":"https://api.github.com/users/mergifyio-testing/received_events","type":"Organization","site_admin":false},"html_url":"https://github.com/mergifyio-testing/functional-testing-repo-Greesb","description":null,"fork":false,"url":"https://api.github.com/repos/mergifyio-testing/functional-testing-repo-Greesb","forks_url":"https://api.github.com/repos/mergifyio-testing/functional-testing-repo-Greesb/forks","keys_url":"https://api.github.com/repos/mergifyio-testing/functional-testing-repo-Greesb/keys{/key_id}","collaborators_url":"https://api.github.com/repos/mergifyio-testing/functional-testing-repo-Greesb/collaborators{/collaborator}","teams_url":"https://api.github.com/repos/mergifyio-testing/functional-testing-repo-Greesb/teams","hooks_url":"https://api.github.com/repos/mergifyio-testing/functional-testing-repo-Greesb/hooks","issue_events_url":"https://api.github.com/repos/mergifyio-testing/functional-testing-repo-Greesb/issues/events{/number}","events_url":"https://api.github.com/repos/mergifyio-testing/functional-testing-repo-Greesb/events","assignees_url":"https://api.github.com/repos/mergifyio-testing/functional-testing-repo-Greesb/assignees{/user}","branches_url":"https://api.github.com/repos/mergifyio-testing/functional-testing-repo-Greesb/branches{/branch}","tags_url":"https://api.github.com/repos/mergifyio-testing/functional-testing-repo-Greesb/tags","blobs_url":"https://api.github.com/repos/mergifyio-testing/functional-testing-repo-Greesb/git/blobs{/sha}","git_tags_url":"https://api.github.com/repos/mergifyio-testing/functional-testing-repo-Greesb/git/tags{/sha}","git_refs_url":"https://api.github.com/repos/mergifyio-testing/functional-testing-repo-Greesb/git/refs{/sha}","trees_url":"https://api.github.com/repos/mergifyio-testing/functional-testing-repo-Greesb/git/trees{/sha}","statuses_url":"https://api.github.com/repos/mergifyio-testing/functional-testing-repo-Greesb/statuses/{sha}","languages_url":"https://api.github.com/repos/mergifyio-testing/functional-testing-repo-Greesb/languages","stargazers_url":"https://api.github.com/repos/mergifyio-testing/functional-testing-repo-Greesb/stargazers","contributors_url":"https://api.github.com/repos/mergifyio-testing/functional-testing-repo-Greesb/contributors","subscribers_url":"https://api.github.com/repos/mergifyio-testing/functional-testing-repo-Greesb/subscribers","subscription_url":"https://api.github.com/repos/mergifyio-testing/functional-testing-repo-Greesb/subscription","commits_url":"https://api.github.com/repos/mergifyio-testing/functional-testing-repo-Greesb/commits{/sha}","git_commits_url":"https://api.github.com/repos/mergifyio-testing/functional-testing-repo-Greesb/git/commits{/sha}","comments_url":"https://api.github.com/repos/mergifyio-testing/functional-testing-repo-Greesb/comments{/number}","issue_comment_url":"https://api.github.com/repos/mergifyio-testing/functional-testing-repo-Greesb/issues/comments{/number}","contents_url":"https://api.github.com/repos/mergifyio-testing/functional-testing-repo-Greesb/contents/{+path}","compare_url":"https://api.github.com/repos/mergifyio-testing/functional-testing-repo-Greesb/compare/{base}...{head}","merges_url":"https://api.github.com/repos/mergifyio-testing/functional-testing-repo-Greesb/merges","archive_url":"https://api.github.com/repos/mergifyio-testing/functional-testing-repo-Greesb/{archive_format}{/ref}","downloads_url":"https://api.github.com/repos/mergifyio-testing/functional-testing-repo-Greesb/downloads","issues_url":"https://api.github.com/repos/mergifyio-testing/functional-testing-repo-Greesb/issues{/number}","pulls_url":"https://api.github.com/repos/mergifyio-testing/functional-testing-repo-Greesb/pulls{/number}","milestones_url":"https://api.github.com/repos/mergifyio-testing/functional-testing-repo-Greesb/milestones{/number}","notifications_url":"https://api.github.com/repos/mergifyio-testing/functional-testing-repo-Greesb/notifications{?since,all,participating}","labels_url":"https://api.github.com/repos/mergifyio-testing/functional-testing-repo-Greesb/labels{/name}","releases_url":"https://api.github.com/repos/mergifyio-testing/functional-testing-repo-Greesb/releases{/id}","deployments_url":"https://api.github.com/repos/mergifyio-testing/functional-testing-repo-Greesb/deployments","created_at":"2022-06-07T13:21:39Z","updated_at":"2022-11-28T10:20:16Z","pushed_at":"2022-12-06T14:19:48Z","git_url":"git://github.com/mergifyio-testing/functional-testing-repo-Greesb.git","ssh_url":"git@github.com:mergifyio-testing/functional-testing-repo-Greesb.git","clone_url":"https://github.com/mergifyio-testing/functional-testing-repo-Greesb.git","svn_url":"https://github.com/mergifyio-testing/functional-testing-repo-Greesb","homepage":null,"size":110,"stargazers_count":1,"watchers_count":1,"language":null,"has_issues":true,"has_projects":true,"has_downloads":true,"has_wiki":true,"has_pages":false,"has_discussions":false,"forks_count":1,"mirror_url":null,"archived":false,"disabled":false,"open_issues_count":6,"license":null,"allow_forking":true,"is_template":false,"web_commit_signoff_required":false,"topics":[],"visibility":"public","forks":1,"open_issues":6,"watchers":1,"default_branch":"main","allow_squash_merge":true,"allow_merge_commit":true,"allow_rebase_merge":true,"allow_auto_merge":false,"delete_branch_on_merge":false,"allow_update_branch":false,"use_squash_pr_title_as_default":false,"squash_merge_commit_message":"COMMIT_MESSAGES","squash_merge_commit_title":"COMMIT_OR_PR_TITLE","merge_commit_message":"PR_TITLE","merge_commit_title":"MERGE_MESSAGE"}},"_links":{"self":{"href":"https://api.github.com/repos/mergifyio-testing/functional-testing-repo-Greesb/pulls/16121"},"html":{"href":"https://github.com/mergifyio-testing/functional-testing-repo-Greesb/pull/16121"},"issue":{"href":"https://api.github.com/repos/mergifyio-testing/functional-testing-repo-Greesb/issues/16121"},"comments":{"href":"https://api.github.com/repos/mergifyio-testing/functional-testing-repo-Greesb/issues/16121/comments"},"review_comments":{"href":"https://api.github.com/repos/mergifyio-testing/functional-testing-repo-Greesb/pulls/16121/comments"},"review_comment":{"href":"https://api.github.com/repos/mergifyio-testing/functional-testing-repo-Greesb/pulls/comments{/number}"},"commits":{"href":"https://api.github.com/repos/mergifyio-testing/functional-testing-repo-Greesb/pulls/16121/commits"},"statuses":{"href":"https://api.github.com/repos/mergifyio-testing/functional-testing-repo-Greesb/statuses/9ffd569c011f4adaa72ab06d8ffd6c740a06e28a"}},"author_association":"CONTRIBUTOR","auto_merge":null,"active_lock_reason":null,"merged":false,"mergeable":null,"rebaseable":null,"mergeable_state":"unknown","merged_by":null,"comments":0,"review_comments":0,"maintainer_can_modify":false,"commits":1,"additions":0,"deletions":0,"changed_files":1},"repository":{"id":500849499,"node_id":"R_kgDOHdpbWw","name":"functional-testing-repo-Greesb","full_name":"mergifyio-testing/functional-testing-repo-Greesb","private":false,"owner":{"login":"mergifyio-testing","id":40527191,"node_id":"MDEyOk9yZ2FuaXphdGlvbjQwNTI3MTkx","avatar_url":"https://avatars.githubusercontent.com/u/40527191?v=4","gravatar_id":"","url":"https://api.github.com/users/mergifyio-testing","html_url":"https://github.com/mergifyio-testing","followers_url":"https://api.github.com/users/mergifyio-testing/followers","following_url":"https://api.github.com/users/mergifyio-testing/following{/other_user}","gists_url":"https://api.github.com/users/mergifyio-testing/gists{/gist_id}","starred_url":"https://api.github.com/users/mergifyio-testing/starred{/owner}{/repo}","subscriptions_url":"https://api.github.com/users/mergifyio-testing/subscriptions","organizations_url":"https://api.github.com/users/mergifyio-testing/orgs","repos_url":"https://api.github.com/users/mergifyio-testing/repos","events_url":"https://api.github.com/users/mergifyio-testing/events{/privacy}","received_events_url":"https://api.github.com/users/mergifyio-testing/received_events","type":"Organization","site_admin":false},"html_url":"https://github.com/mergifyio-testing/functional-testing-repo-Greesb","description":null,"fork":false,"url":"https://api.github.com/repos/mergifyio-testing/functional-testing-repo-Greesb","forks_url":"https://api.github.com/repos/mergifyio-testing/functional-testing-repo-Greesb/forks","keys_url":"https://api.github.com/repos/mergifyio-testing/functional-testing-repo-Greesb/keys{/key_id}","collaborators_url":"https://api.github.com/repos/mergifyio-testing/functional-testing-repo-Greesb/collaborators{/collaborator}","teams_url":"https://api.github.com/repos/mergifyio-testing/functional-testing-repo-Greesb/teams","hooks_url":"https://api.github.com/repos/mergifyio-testing/functional-testing-repo-Greesb/hooks","issue_events_url":"https://api.github.com/repos/mergifyio-testing/functional-testing-repo-Greesb/issues/events{/number}","events_url":"https://api.github.com/repos/mergifyio-testing/functional-testing-repo-Greesb/events","assignees_url":"https://api.github.com/repos/mergifyio-testing/functional-testing-repo-Greesb/assignees{/user}","branches_url":"https://api.github.com/repos/mergifyio-testing/functional-testing-repo-Greesb/branches{/branch}","tags_url":"https://api.github.com/repos/mergifyio-testing/functional-testing-repo-Greesb/tags","blobs_url":"https://api.github.com/repos/mergifyio-testing/functional-testing-repo-Greesb/git/blobs{/sha}","git_tags_url":"https://api.github.com/repos/mergifyio-testing/functional-testing-repo-Greesb/git/tags{/sha}","git_refs_url":"https://api.github.com/repos/mergifyio-testing/functional-testing-repo-Greesb/git/refs{/sha}","trees_url":"https://api.github.com/repos/mergifyio-testing/functional-testing-repo-Greesb/git/trees{/sha}","statuses_url":"https://api.github.com/repos/mergifyio-testing/functional-testing-repo-Greesb/statuses/{sha}","languages_url":"https://api.github.com/repos/mergifyio-testing/functional-testing-repo-Greesb/languages","stargazers_url":"https://api.github.com/repos/mergifyio-testing/functional-testing-repo-Greesb/stargazers","contributors_url":"https://api.github.com/repos/mergifyio-testing/functional-testing-repo-Greesb/contributors","subscribers_url":"https://api.github.com/repos/mergifyio-testing/functional-testing-repo-Greesb/subscribers","subscription_url":"https://api.github.com/repos/mergifyio-testing/functional-testing-repo-Greesb/subscription","commits_url":"https://api.github.com/repos/mergifyio-testing/functional-testing-repo-Greesb/commits{/sha}","git_commits_url":"https://api.github.com/repos/mergifyio-testing/functional-testing-repo-Greesb/git/commits{/sha}","comments_url":"https://api.github.com/repos/mergifyio-testing/functional-testing-repo-Greesb/comments{/number}","issue_comment_url":"https://api.github.com/repos/mergifyio-testing/functional-testing-repo-Greesb/issues/comments{/number}","contents_url":"https://api.github.com/repos/mergifyio-testing/functional-testing-repo-Greesb/contents/{+path}","compare_url":"https://api.github.com/repos/mergifyio-testing/functional-testing-repo-Greesb/compare/{base}...{head}","merges_url":"https://api.github.com/repos/mergifyio-testing/functional-testing-repo-Greesb/merges","archive_url":"https://api.github.com/repos/mergifyio-testing/functional-testing-repo-Greesb/{archive_format}{/ref}","downloads_url":"https://api.github.com/repos/mergifyio-testing/functional-testing-repo-Greesb/downloads","issues_url":"https://api.github.com/repos/mergifyio-testing/functional-testing-repo-Greesb/issues{/number}","pulls_url":"https://api.github.com/repos/mergifyio-testing/functional-testing-repo-Greesb/pulls{/number}","milestones_url":"https://api.github.com/repos/mergifyio-testing/functional-testing-repo-Greesb/milestones{/number}","notifications_url":"https://api.github.com/repos/mergifyio-testing/functional-testing-repo-Greesb/notifications{?since,all,participating}","labels_url":"https://api.github.com/repos/mergifyio-testing/functional-testing-repo-Greesb/labels{/name}","releases_url":"https://api.github.com/repos/mergifyio-testing/functional-testing-repo-Greesb/releases{/id}","deployments_url":"https://api.github.com/repos/mergifyio-testing/functional-testing-repo-Greesb/deployments","created_at":"2022-06-07T13:21:39Z","updated_at":"2022-11-28T10:20:16Z","pushed_at":"2022-12-06T14:19:48Z","git_url":"git://github.com/mergifyio-testing/functional-testing-repo-Greesb.git","ssh_url":"git@github.com:mergifyio-testing/functional-testing-repo-Greesb.git","clone_url":"https://github.com/mergifyio-testing/functional-testing-repo-Greesb.git","svn_url":"https://github.com/mergifyio-testing/functional-testing-repo-Greesb","homepage":null,"size":110,"stargazers_count":1,"watchers_count":1,"language":null,"has_issues":true,"has_projects":true,"has_downloads":true,"has_wiki":true,"has_pages":false,"has_discussions":false,"forks_count":1,"mirror_url":null,"archived":false,"disabled":false,"open_issues_count":6,"license":null,"allow_forking":true,"is_template":false,"web_commit_signoff_required":false,"topics":[],"visibility":"public","forks":1,"open_issues":6,"watchers":1,"default_branch":"main"},"organization":{"login":"mergifyio-testing","id":40527191,"node_id":"MDEyOk9yZ2FuaXphdGlvbjQwNTI3MTkx","url":"https://api.github.com/orgs/mergifyio-testing","repos_url":"https://api.github.com/orgs/mergifyio-testing/repos","events_url":"https://api.github.com/orgs/mergifyio-testing/events","hooks_url":"https://api.github.com/orgs/mergifyio-testing/hooks","issues_url":"https://api.github.com/orgs/mergifyio-testing/issues","members_url":"https://api.github.com/orgs/mergifyio-testing/members{/member}","public_members_url":"https://api.github.com/orgs/mergifyio-testing/public_members{/member}","avatar_url":"https://avatars.githubusercontent.com/u/40527191?v=4","description":"This
      account is for testing purpose of the workflow of the GitHub App @Mergifyio"},"sender":{"login":"mergify-greesb[bot]","id":108278707,"node_id":"BOT_kgDOBnQzsw","avatar_url":"https://avatars.githubusercontent.com/u/40527191?v=4","gravatar_id":"","url":"https://api.github.com/users/mergify-greesb%5Bbot%5D","html_url":"https://github.com/apps/mergify-greesb","followers_url":"https://api.github.com/users/mergify-greesb%5Bbot%5D/followers","following_url":"https://api.github.com/users/mergify-greesb%5Bbot%5D/following{/other_user}","gists_url":"https://api.github.com/users/mergify-greesb%5Bbot%5D/gists{/gist_id}","starred_url":"https://api.github.com/users/mergify-greesb%5Bbot%5D/starred{/owner}{/repo}","subscriptions_url":"https://api.github.com/users/mergify-greesb%5Bbot%5D/subscriptions","organizations_url":"https://api.github.com/users/mergify-greesb%5Bbot%5D/orgs","repos_url":"https://api.github.com/users/mergify-greesb%5Bbot%5D/repos","events_url":"https://api.github.com/users/mergify-greesb%5Bbot%5D/events{/privacy}","received_events_url":"https://api.github.com/users/mergify-greesb%5Bbot%5D/received_events","type":"Bot","site_admin":false},"installation":{"id":26895396,"node_id":"MDIzOkludGVncmF0aW9uSW5zdGFsbGF0aW9uMjY4OTUzOTY="}}}]'
    headers:
      Connection:
      - keep-alive
      Content-Length:
      - '28162'
      Content-Type:
      - application/json
    http_version: HTTP/1.1
    status_code: 200
- request:
    body: ''
    headers:
      accept:
      - application/vnd.github.machine-man-preview+json
      host:
      - api.github.com
    method: GET
    uri: https://api.github.com/user/40527191/installation
  response:
    content: '{"id":26895396,"account":{"login":"mergifyio-testing","id":40527191,"node_id":"MDEyOk9yZ2FuaXphdGlvbjQwNTI3MTkx","avatar_url":"https://avatars.githubusercontent.com/u/40527191?v=4","gravatar_id":"","url":"https://api.github.com/users/mergifyio-testing","html_url":"https://github.com/mergifyio-testing","followers_url":"https://api.github.com/users/mergifyio-testing/followers","following_url":"https://api.github.com/users/mergifyio-testing/following{/other_user}","gists_url":"https://api.github.com/users/mergifyio-testing/gists{/gist_id}","starred_url":"https://api.github.com/users/mergifyio-testing/starred{/owner}{/repo}","subscriptions_url":"https://api.github.com/users/mergifyio-testing/subscriptions","organizations_url":"https://api.github.com/users/mergifyio-testing/orgs","repos_url":"https://api.github.com/users/mergifyio-testing/repos","events_url":"https://api.github.com/users/mergifyio-testing/events{/privacy}","received_events_url":"https://api.github.com/users/mergifyio-testing/received_events","type":"Organization","site_admin":false},"repository_selection":"selected","access_tokens_url":"https://api.github.com/app/installations/26895396/access_tokens","repositories_url":"https://api.github.com/installation/repositories","html_url":"https://github.com/organizations/mergifyio-testing/settings/installations/26895396","app_id":214877,"app_slug":"mergify-greesb","target_id":40527191,"target_type":"Organization","permissions":{"pages":"write","checks":"write","issues":"write","members":"read","contents":"write","metadata":"read","statuses":"write","workflows":"write","pull_requests":"write","administration":"read"},"events":["check_run","check_suite","issue_comment","member","membership","organization","pull_request","pull_request_review","pull_request_review_comment","pull_request_review_thread","push","repository","status","team","team_add"],"created_at":"2022-06-27T12:53:43.000Z","updated_at":"2022-12-05T15:49:59.000Z","single_file_name":null,"has_multiple_single_files":false,"single_file_paths":[],"suspended_by":null,"suspended_at":null}'
    headers:
      Content-Encoding:
      - gzip
      Content-Type:
      - application/json; charset=utf-8
      Transfer-Encoding:
      - chunked
      X-GitHub-Media-Type:
      - github.v3; param=machine-man-preview; format=json
      x-github-api-version-selected:
      - '2022-11-28'
    http_version: HTTP/1.1
    status_code: 200
- request:
    body: ''
    headers:
      accept:
      - application/vnd.github.machine-man-preview+json
      host:
      - api.github.com
    method: GET
    uri: https://api.github.com/repositories/500849499/pulls/16121
  response:
    content: '{"url":"https://api.github.com/repos/mergifyio-testing/functional-testing-repo-Greesb/pulls/16121","id":1149041565,"node_id":"PR_kwDOHdpbW85EfPud","html_url":"https://github.com/mergifyio-testing/functional-testing-repo-Greesb/pull/16121","diff_url":"https://github.com/mergifyio-testing/functional-testing-repo-Greesb/pull/16121.diff","patch_url":"https://github.com/mergifyio-testing/functional-testing-repo-Greesb/pull/16121.patch","issue_url":"https://api.github.com/repos/mergifyio-testing/functional-testing-repo-Greesb/issues/16121","number":16121,"state":"open","locked":false,"title":"test_repo_name_short_wrong:
      pull request n1 from integration","user":{"login":"mergify-greesb[bot]","id":108278707,"node_id":"BOT_kgDOBnQzsw","avatar_url":"https://avatars.githubusercontent.com/u/40527191?v=4","gravatar_id":"","url":"https://api.github.com/users/mergify-greesb%5Bbot%5D","html_url":"https://github.com/apps/mergify-greesb","followers_url":"https://api.github.com/users/mergify-greesb%5Bbot%5D/followers","following_url":"https://api.github.com/users/mergify-greesb%5Bbot%5D/following{/other_user}","gists_url":"https://api.github.com/users/mergify-greesb%5Bbot%5D/gists{/gist_id}","starred_url":"https://api.github.com/users/mergify-greesb%5Bbot%5D/starred{/owner}{/repo}","subscriptions_url":"https://api.github.com/users/mergify-greesb%5Bbot%5D/subscriptions","organizations_url":"https://api.github.com/users/mergify-greesb%5Bbot%5D/orgs","repos_url":"https://api.github.com/users/mergify-greesb%5Bbot%5D/repos","events_url":"https://api.github.com/users/mergify-greesb%5Bbot%5D/events{/privacy}","received_events_url":"https://api.github.com/users/mergify-greesb%5Bbot%5D/received_events","type":"Bot","site_admin":false},"body":"test_repo_name_short_wrong:
      pull request n1 from integration","created_at":"2022-12-06T14:19:48Z","updated_at":"2022-12-06T14:19:48Z","closed_at":null,"merged_at":null,"merge_commit_sha":"c0126e3785634994efeef9d270ac91906d365651","assignee":null,"assignees":[],"requested_reviewers":[],"requested_teams":[],"labels":[],"milestone":null,"draft":false,"commits_url":"https://api.github.com/repos/mergifyio-testing/functional-testing-repo-Greesb/pulls/16121/commits","review_comments_url":"https://api.github.com/repos/mergifyio-testing/functional-testing-repo-Greesb/pulls/16121/comments","review_comment_url":"https://api.github.com/repos/mergifyio-testing/functional-testing-repo-Greesb/pulls/comments{/number}","comments_url":"https://api.github.com/repos/mergifyio-testing/functional-testing-repo-Greesb/issues/16121/comments","statuses_url":"https://api.github.com/repos/mergifyio-testing/functional-testing-repo-Greesb/statuses/9ffd569c011f4adaa72ab06d8ffd6c740a06e28a","head":{"label":"mergifyio-testing:20221206141922/test_repo_name_short_wrong/integration/pr1","ref":"20221206141922/test_repo_name_short_wrong/integration/pr1","sha":"9ffd569c011f4adaa72ab06d8ffd6c740a06e28a","user":{"login":"mergifyio-testing","id":40527191,"node_id":"MDEyOk9yZ2FuaXphdGlvbjQwNTI3MTkx","avatar_url":"https://avatars.githubusercontent.com/u/40527191?v=4","gravatar_id":"","url":"https://api.github.com/users/mergifyio-testing","html_url":"https://github.com/mergifyio-testing","followers_url":"https://api.github.com/users/mergifyio-testing/followers","following_url":"https://api.github.com/users/mergifyio-testing/following{/other_user}","gists_url":"https://api.github.com/users/mergifyio-testing/gists{/gist_id}","starred_url":"https://api.github.com/users/mergifyio-testing/starred{/owner}{/repo}","subscriptions_url":"https://api.github.com/users/mergifyio-testing/subscriptions","organizations_url":"https://api.github.com/users/mergifyio-testing/orgs","repos_url":"https://api.github.com/users/mergifyio-testing/repos","events_url":"https://api.github.com/users/mergifyio-testing/events{/privacy}","received_events_url":"https://api.github.com/users/mergifyio-testing/received_events","type":"Organization","site_admin":false},"repo":{"id":500849499,"node_id":"R_kgDOHdpbWw","name":"functional-testing-repo-Greesb","full_name":"mergifyio-testing/functional-testing-repo-Greesb","private":false,"owner":{"login":"mergifyio-testing","id":40527191,"node_id":"MDEyOk9yZ2FuaXphdGlvbjQwNTI3MTkx","avatar_url":"https://avatars.githubusercontent.com/u/40527191?v=4","gravatar_id":"","url":"https://api.github.com/users/mergifyio-testing","html_url":"https://github.com/mergifyio-testing","followers_url":"https://api.github.com/users/mergifyio-testing/followers","following_url":"https://api.github.com/users/mergifyio-testing/following{/other_user}","gists_url":"https://api.github.com/users/mergifyio-testing/gists{/gist_id}","starred_url":"https://api.github.com/users/mergifyio-testing/starred{/owner}{/repo}","subscriptions_url":"https://api.github.com/users/mergifyio-testing/subscriptions","organizations_url":"https://api.github.com/users/mergifyio-testing/orgs","repos_url":"https://api.github.com/users/mergifyio-testing/repos","events_url":"https://api.github.com/users/mergifyio-testing/events{/privacy}","received_events_url":"https://api.github.com/users/mergifyio-testing/received_events","type":"Organization","site_admin":false},"html_url":"https://github.com/mergifyio-testing/functional-testing-repo-Greesb","description":null,"fork":false,"url":"https://api.github.com/repos/mergifyio-testing/functional-testing-repo-Greesb","forks_url":"https://api.github.com/repos/mergifyio-testing/functional-testing-repo-Greesb/forks","keys_url":"https://api.github.com/repos/mergifyio-testing/functional-testing-repo-Greesb/keys{/key_id}","collaborators_url":"https://api.github.com/repos/mergifyio-testing/functional-testing-repo-Greesb/collaborators{/collaborator}","teams_url":"https://api.github.com/repos/mergifyio-testing/functional-testing-repo-Greesb/teams","hooks_url":"https://api.github.com/repos/mergifyio-testing/functional-testing-repo-Greesb/hooks","issue_events_url":"https://api.github.com/repos/mergifyio-testing/functional-testing-repo-Greesb/issues/events{/number}","events_url":"https://api.github.com/repos/mergifyio-testing/functional-testing-repo-Greesb/events","assignees_url":"https://api.github.com/repos/mergifyio-testing/functional-testing-repo-Greesb/assignees{/user}","branches_url":"https://api.github.com/repos/mergifyio-testing/functional-testing-repo-Greesb/branches{/branch}","tags_url":"https://api.github.com/repos/mergifyio-testing/functional-testing-repo-Greesb/tags","blobs_url":"https://api.github.com/repos/mergifyio-testing/functional-testing-repo-Greesb/git/blobs{/sha}","git_tags_url":"https://api.github.com/repos/mergifyio-testing/functional-testing-repo-Greesb/git/tags{/sha}","git_refs_url":"https://api.github.com/repos/mergifyio-testing/functional-testing-repo-Greesb/git/refs{/sha}","trees_url":"https://api.github.com/repos/mergifyio-testing/functional-testing-repo-Greesb/git/trees{/sha}","statuses_url":"https://api.github.com/repos/mergifyio-testing/functional-testing-repo-Greesb/statuses/{sha}","languages_url":"https://api.github.com/repos/mergifyio-testing/functional-testing-repo-Greesb/languages","stargazers_url":"https://api.github.com/repos/mergifyio-testing/functional-testing-repo-Greesb/stargazers","contributors_url":"https://api.github.com/repos/mergifyio-testing/functional-testing-repo-Greesb/contributors","subscribers_url":"https://api.github.com/repos/mergifyio-testing/functional-testing-repo-Greesb/subscribers","subscription_url":"https://api.github.com/repos/mergifyio-testing/functional-testing-repo-Greesb/subscription","commits_url":"https://api.github.com/repos/mergifyio-testing/functional-testing-repo-Greesb/commits{/sha}","git_commits_url":"https://api.github.com/repos/mergifyio-testing/functional-testing-repo-Greesb/git/commits{/sha}","comments_url":"https://api.github.com/repos/mergifyio-testing/functional-testing-repo-Greesb/comments{/number}","issue_comment_url":"https://api.github.com/repos/mergifyio-testing/functional-testing-repo-Greesb/issues/comments{/number}","contents_url":"https://api.github.com/repos/mergifyio-testing/functional-testing-repo-Greesb/contents/{+path}","compare_url":"https://api.github.com/repos/mergifyio-testing/functional-testing-repo-Greesb/compare/{base}...{head}","merges_url":"https://api.github.com/repos/mergifyio-testing/functional-testing-repo-Greesb/merges","archive_url":"https://api.github.com/repos/mergifyio-testing/functional-testing-repo-Greesb/{archive_format}{/ref}","downloads_url":"https://api.github.com/repos/mergifyio-testing/functional-testing-repo-Greesb/downloads","issues_url":"https://api.github.com/repos/mergifyio-testing/functional-testing-repo-Greesb/issues{/number}","pulls_url":"https://api.github.com/repos/mergifyio-testing/functional-testing-repo-Greesb/pulls{/number}","milestones_url":"https://api.github.com/repos/mergifyio-testing/functional-testing-repo-Greesb/milestones{/number}","notifications_url":"https://api.github.com/repos/mergifyio-testing/functional-testing-repo-Greesb/notifications{?since,all,participating}","labels_url":"https://api.github.com/repos/mergifyio-testing/functional-testing-repo-Greesb/labels{/name}","releases_url":"https://api.github.com/repos/mergifyio-testing/functional-testing-repo-Greesb/releases{/id}","deployments_url":"https://api.github.com/repos/mergifyio-testing/functional-testing-repo-Greesb/deployments","created_at":"2022-06-07T13:21:39Z","updated_at":"2022-11-28T10:20:16Z","pushed_at":"2022-12-06T14:19:48Z","git_url":"git://github.com/mergifyio-testing/functional-testing-repo-Greesb.git","ssh_url":"git@github.com:mergifyio-testing/functional-testing-repo-Greesb.git","clone_url":"https://github.com/mergifyio-testing/functional-testing-repo-Greesb.git","svn_url":"https://github.com/mergifyio-testing/functional-testing-repo-Greesb","homepage":null,"size":110,"stargazers_count":1,"watchers_count":1,"language":null,"has_issues":true,"has_projects":true,"has_downloads":true,"has_wiki":true,"has_pages":false,"has_discussions":false,"forks_count":1,"mirror_url":null,"archived":false,"disabled":false,"open_issues_count":6,"license":null,"allow_forking":true,"is_template":false,"web_commit_signoff_required":false,"topics":[],"visibility":"public","forks":1,"open_issues":6,"watchers":1,"default_branch":"main"}},"base":{"label":"mergifyio-testing:20221206141922/test_repo_name_short_wrong/main","ref":"20221206141922/test_repo_name_short_wrong/main","sha":"92b76a30bface58ecf05ea5a2c0fc8ba8bfecea1","user":{"login":"mergifyio-testing","id":40527191,"node_id":"MDEyOk9yZ2FuaXphdGlvbjQwNTI3MTkx","avatar_url":"https://avatars.githubusercontent.com/u/40527191?v=4","gravatar_id":"","url":"https://api.github.com/users/mergifyio-testing","html_url":"https://github.com/mergifyio-testing","followers_url":"https://api.github.com/users/mergifyio-testing/followers","following_url":"https://api.github.com/users/mergifyio-testing/following{/other_user}","gists_url":"https://api.github.com/users/mergifyio-testing/gists{/gist_id}","starred_url":"https://api.github.com/users/mergifyio-testing/starred{/owner}{/repo}","subscriptions_url":"https://api.github.com/users/mergifyio-testing/subscriptions","organizations_url":"https://api.github.com/users/mergifyio-testing/orgs","repos_url":"https://api.github.com/users/mergifyio-testing/repos","events_url":"https://api.github.com/users/mergifyio-testing/events{/privacy}","received_events_url":"https://api.github.com/users/mergifyio-testing/received_events","type":"Organization","site_admin":false},"repo":{"id":500849499,"node_id":"R_kgDOHdpbWw","name":"functional-testing-repo-Greesb","full_name":"mergifyio-testing/functional-testing-repo-Greesb","private":false,"owner":{"login":"mergifyio-testing","id":40527191,"node_id":"MDEyOk9yZ2FuaXphdGlvbjQwNTI3MTkx","avatar_url":"https://avatars.githubusercontent.com/u/40527191?v=4","gravatar_id":"","url":"https://api.github.com/users/mergifyio-testing","html_url":"https://github.com/mergifyio-testing","followers_url":"https://api.github.com/users/mergifyio-testing/followers","following_url":"https://api.github.com/users/mergifyio-testing/following{/other_user}","gists_url":"https://api.github.com/users/mergifyio-testing/gists{/gist_id}","starred_url":"https://api.github.com/users/mergifyio-testing/starred{/owner}{/repo}","subscriptions_url":"https://api.github.com/users/mergifyio-testing/subscriptions","organizations_url":"https://api.github.com/users/mergifyio-testing/orgs","repos_url":"https://api.github.com/users/mergifyio-testing/repos","events_url":"https://api.github.com/users/mergifyio-testing/events{/privacy}","received_events_url":"https://api.github.com/users/mergifyio-testing/received_events","type":"Organization","site_admin":false},"html_url":"https://github.com/mergifyio-testing/functional-testing-repo-Greesb","description":null,"fork":false,"url":"https://api.github.com/repos/mergifyio-testing/functional-testing-repo-Greesb","forks_url":"https://api.github.com/repos/mergifyio-testing/functional-testing-repo-Greesb/forks","keys_url":"https://api.github.com/repos/mergifyio-testing/functional-testing-repo-Greesb/keys{/key_id}","collaborators_url":"https://api.github.com/repos/mergifyio-testing/functional-testing-repo-Greesb/collaborators{/collaborator}","teams_url":"https://api.github.com/repos/mergifyio-testing/functional-testing-repo-Greesb/teams","hooks_url":"https://api.github.com/repos/mergifyio-testing/functional-testing-repo-Greesb/hooks","issue_events_url":"https://api.github.com/repos/mergifyio-testing/functional-testing-repo-Greesb/issues/events{/number}","events_url":"https://api.github.com/repos/mergifyio-testing/functional-testing-repo-Greesb/events","assignees_url":"https://api.github.com/repos/mergifyio-testing/functional-testing-repo-Greesb/assignees{/user}","branches_url":"https://api.github.com/repos/mergifyio-testing/functional-testing-repo-Greesb/branches{/branch}","tags_url":"https://api.github.com/repos/mergifyio-testing/functional-testing-repo-Greesb/tags","blobs_url":"https://api.github.com/repos/mergifyio-testing/functional-testing-repo-Greesb/git/blobs{/sha}","git_tags_url":"https://api.github.com/repos/mergifyio-testing/functional-testing-repo-Greesb/git/tags{/sha}","git_refs_url":"https://api.github.com/repos/mergifyio-testing/functional-testing-repo-Greesb/git/refs{/sha}","trees_url":"https://api.github.com/repos/mergifyio-testing/functional-testing-repo-Greesb/git/trees{/sha}","statuses_url":"https://api.github.com/repos/mergifyio-testing/functional-testing-repo-Greesb/statuses/{sha}","languages_url":"https://api.github.com/repos/mergifyio-testing/functional-testing-repo-Greesb/languages","stargazers_url":"https://api.github.com/repos/mergifyio-testing/functional-testing-repo-Greesb/stargazers","contributors_url":"https://api.github.com/repos/mergifyio-testing/functional-testing-repo-Greesb/contributors","subscribers_url":"https://api.github.com/repos/mergifyio-testing/functional-testing-repo-Greesb/subscribers","subscription_url":"https://api.github.com/repos/mergifyio-testing/functional-testing-repo-Greesb/subscription","commits_url":"https://api.github.com/repos/mergifyio-testing/functional-testing-repo-Greesb/commits{/sha}","git_commits_url":"https://api.github.com/repos/mergifyio-testing/functional-testing-repo-Greesb/git/commits{/sha}","comments_url":"https://api.github.com/repos/mergifyio-testing/functional-testing-repo-Greesb/comments{/number}","issue_comment_url":"https://api.github.com/repos/mergifyio-testing/functional-testing-repo-Greesb/issues/comments{/number}","contents_url":"https://api.github.com/repos/mergifyio-testing/functional-testing-repo-Greesb/contents/{+path}","compare_url":"https://api.github.com/repos/mergifyio-testing/functional-testing-repo-Greesb/compare/{base}...{head}","merges_url":"https://api.github.com/repos/mergifyio-testing/functional-testing-repo-Greesb/merges","archive_url":"https://api.github.com/repos/mergifyio-testing/functional-testing-repo-Greesb/{archive_format}{/ref}","downloads_url":"https://api.github.com/repos/mergifyio-testing/functional-testing-repo-Greesb/downloads","issues_url":"https://api.github.com/repos/mergifyio-testing/functional-testing-repo-Greesb/issues{/number}","pulls_url":"https://api.github.com/repos/mergifyio-testing/functional-testing-repo-Greesb/pulls{/number}","milestones_url":"https://api.github.com/repos/mergifyio-testing/functional-testing-repo-Greesb/milestones{/number}","notifications_url":"https://api.github.com/repos/mergifyio-testing/functional-testing-repo-Greesb/notifications{?since,all,participating}","labels_url":"https://api.github.com/repos/mergifyio-testing/functional-testing-repo-Greesb/labels{/name}","releases_url":"https://api.github.com/repos/mergifyio-testing/functional-testing-repo-Greesb/releases{/id}","deployments_url":"https://api.github.com/repos/mergifyio-testing/functional-testing-repo-Greesb/deployments","created_at":"2022-06-07T13:21:39Z","updated_at":"2022-11-28T10:20:16Z","pushed_at":"2022-12-06T14:19:48Z","git_url":"git://github.com/mergifyio-testing/functional-testing-repo-Greesb.git","ssh_url":"git@github.com:mergifyio-testing/functional-testing-repo-Greesb.git","clone_url":"https://github.com/mergifyio-testing/functional-testing-repo-Greesb.git","svn_url":"https://github.com/mergifyio-testing/functional-testing-repo-Greesb","homepage":null,"size":110,"stargazers_count":1,"watchers_count":1,"language":null,"has_issues":true,"has_projects":true,"has_downloads":true,"has_wiki":true,"has_pages":false,"has_discussions":false,"forks_count":1,"mirror_url":null,"archived":false,"disabled":false,"open_issues_count":6,"license":null,"allow_forking":true,"is_template":false,"web_commit_signoff_required":false,"topics":[],"visibility":"public","forks":1,"open_issues":6,"watchers":1,"default_branch":"main"}},"_links":{"self":{"href":"https://api.github.com/repos/mergifyio-testing/functional-testing-repo-Greesb/pulls/16121"},"html":{"href":"https://github.com/mergifyio-testing/functional-testing-repo-Greesb/pull/16121"},"issue":{"href":"https://api.github.com/repos/mergifyio-testing/functional-testing-repo-Greesb/issues/16121"},"comments":{"href":"https://api.github.com/repos/mergifyio-testing/functional-testing-repo-Greesb/issues/16121/comments"},"review_comments":{"href":"https://api.github.com/repos/mergifyio-testing/functional-testing-repo-Greesb/pulls/16121/comments"},"review_comment":{"href":"https://api.github.com/repos/mergifyio-testing/functional-testing-repo-Greesb/pulls/comments{/number}"},"commits":{"href":"https://api.github.com/repos/mergifyio-testing/functional-testing-repo-Greesb/pulls/16121/commits"},"statuses":{"href":"https://api.github.com/repos/mergifyio-testing/functional-testing-repo-Greesb/statuses/9ffd569c011f4adaa72ab06d8ffd6c740a06e28a"}},"author_association":"CONTRIBUTOR","auto_merge":null,"active_lock_reason":null,"merged":false,"mergeable":true,"rebaseable":true,"mergeable_state":"blocked","merged_by":null,"comments":0,"review_comments":0,"maintainer_can_modify":false,"commits":1,"additions":0,"deletions":0,"changed_files":1}'
    headers:
      Content-Encoding:
      - gzip
      Content-Type:
      - application/json; charset=utf-8
      Transfer-Encoding:
      - chunked
      X-GitHub-Media-Type:
      - github.v3; param=machine-man-preview; format=json
      x-github-api-version-selected:
      - '2022-11-28'
    http_version: HTTP/1.1
    status_code: 200
- request:
    body: ''
    headers:
      accept:
      - application/vnd.github.machine-man-preview+json
      host:
      - api.github.com
    method: GET
    uri: https://api.github.com/repos/mergifyio-testing/functional-testing-repo-Greesb/contents/.mergify.yml?ref=20221206141922%2Ftest_repo_name_short_wrong%2Fmain
  response:
    content: '{"name":".mergify.yml","path":".mergify.yml","sha":"e6cbace9278611cad59e2602e50e630c84dbf891","size":190,"url":"https://api.github.com/repos/mergifyio-testing/functional-testing-repo-Greesb/contents/.mergify.yml?ref=20221206141922/test_repo_name_short_wrong/main","html_url":"https://github.com/mergifyio-testing/functional-testing-repo-Greesb/blob/20221206141922/test_repo_name_short_wrong/main/.mergify.yml","git_url":"https://api.github.com/repos/mergifyio-testing/functional-testing-repo-Greesb/git/blobs/e6cbace9278611cad59e2602e50e630c84dbf891","download_url":"https://raw.githubusercontent.com/mergifyio-testing/functional-testing-repo-Greesb/20221206141922/test_repo_name_short_wrong/main/.mergify.yml","type":"file","content":"cHVsbF9yZXF1ZXN0X3J1bGVzOgotIGFjdGlvbnM6CiAgICBjb21tZW50Ogog\nICAgICBtZXNzYWdlOiByZXBvc2l0b3J5IG5hbWUgc2hvcnQgKHdyb25nKQog\nIGNvbmRpdGlvbnM6CiAgLSByZXBvc2l0b3J5LW5hbWUhPW1lcmdpZnlpby10\nZXN0aW5nL2Z1bmN0aW9uYWwtdGVzdGluZy1yZXBvLUdyZWVzYgogIG5hbWU6\nIG5vLWRyYWZ0Cg==\n","encoding":"base64","_links":{"self":"https://api.github.com/repos/mergifyio-testing/functional-testing-repo-Greesb/contents/.mergify.yml?ref=20221206141922/test_repo_name_short_wrong/main","git":"https://api.github.com/repos/mergifyio-testing/functional-testing-repo-Greesb/git/blobs/e6cbace9278611cad59e2602e50e630c84dbf891","html":"https://github.com/mergifyio-testing/functional-testing-repo-Greesb/blob/20221206141922/test_repo_name_short_wrong/main/.mergify.yml"}}'
    headers:
      Content-Encoding:
      - gzip
      Content-Type:
      - application/json; charset=utf-8
      Transfer-Encoding:
      - chunked
      X-GitHub-Media-Type:
      - github.v3; param=machine-man-preview; format=json
      x-github-api-version-selected:
      - '2022-11-28'
    http_version: HTTP/1.1
    status_code: 200
- request:
    body: ''
    headers:
      accept:
      - application/vnd.github.antiope-preview+json
      host:
      - api.github.com
    method: GET
    uri: https://api.github.com/repos/mergifyio-testing/functional-testing-repo-Greesb/commits/9ffd569c011f4adaa72ab06d8ffd6c740a06e28a/check-runs?per_page=100
  response:
    content: '{"total_count":0,"check_runs":[]}'
    headers:
      Content-Encoding:
      - gzip
      Content-Type:
      - application/json; charset=utf-8
      Transfer-Encoding:
      - chunked
      X-GitHub-Media-Type:
      - github.v3; param=antiope-preview; format=json
      x-github-api-version-selected:
      - '2022-11-28'
    http_version: HTTP/1.1
    status_code: 200
- request:
    body: ''
    headers:
      accept:
      - application/vnd.github.machine-man-preview+json
      host:
      - api.github.com
    method: GET
    uri: https://api.github.com/repos/mergifyio-testing/functional-testing-repo-Greesb/pulls/16121/files?per_page=100
  response:
    content: '[{"sha":"e69de29bb2d1d6434b8b29ae775ad8c2e48c5391","filename":"test1","status":"added","additions":0,"deletions":0,"changes":0,"blob_url":"https://github.com/mergifyio-testing/functional-testing-repo-Greesb/blob/9ffd569c011f4adaa72ab06d8ffd6c740a06e28a/test1","raw_url":"https://github.com/mergifyio-testing/functional-testing-repo-Greesb/raw/9ffd569c011f4adaa72ab06d8ffd6c740a06e28a/test1","contents_url":"https://api.github.com/repos/mergifyio-testing/functional-testing-repo-Greesb/contents/test1?ref=9ffd569c011f4adaa72ab06d8ffd6c740a06e28a"}]'
    headers:
      Content-Encoding:
      - gzip
      Content-Type:
      - application/json; charset=utf-8
      Transfer-Encoding:
      - chunked
      X-GitHub-Media-Type:
      - github.v3; param=machine-man-preview; format=json
      x-github-api-version-selected:
      - '2022-11-28'
    http_version: HTTP/1.1
    status_code: 200
- request:
    body: ''
    headers:
      accept:
      - application/vnd.github.machine-man-preview+json
      host:
      - api.github.com
    method: GET
    uri: https://api.github.com/repos/mergifyio-testing/functional-testing-repo-Greesb/issues/16121/comments?per_page=100
  response:
    content: '[]'
    headers:
      Content-Length:
      - '2'
      Content-Type:
      - application/json; charset=utf-8
      X-GitHub-Media-Type:
      - github.v3; param=machine-man-preview; format=json
      x-github-api-version-selected:
      - '2022-11-28'
    http_version: HTTP/1.1
    status_code: 200
- request:
    body: '{"body": "repository name short (wrong)"}'
    headers:
      accept:
      - application/vnd.github.machine-man-preview+json
      content-length:
      - '41'
      content-type:
      - application/json
      host:
      - api.github.com
    method: POST
    uri: https://api.github.com/repos/mergifyio-testing/functional-testing-repo-Greesb/issues/16121/comments
  response:
    content: '{"url":"https://api.github.com/repos/mergifyio-testing/functional-testing-repo-Greesb/issues/comments/1339460212","html_url":"https://github.com/mergifyio-testing/functional-testing-repo-Greesb/pull/16121#issuecomment-1339460212","issue_url":"https://api.github.com/repos/mergifyio-testing/functional-testing-repo-Greesb/issues/16121","id":1339460212,"node_id":"IC_kwDOHdpbW85P1op0","user":{"login":"mergify-greesb[bot]","id":108278707,"node_id":"BOT_kgDOBnQzsw","avatar_url":"https://avatars.githubusercontent.com/u/40527191?v=4","gravatar_id":"","url":"https://api.github.com/users/mergify-greesb%5Bbot%5D","html_url":"https://github.com/apps/mergify-greesb","followers_url":"https://api.github.com/users/mergify-greesb%5Bbot%5D/followers","following_url":"https://api.github.com/users/mergify-greesb%5Bbot%5D/following{/other_user}","gists_url":"https://api.github.com/users/mergify-greesb%5Bbot%5D/gists{/gist_id}","starred_url":"https://api.github.com/users/mergify-greesb%5Bbot%5D/starred{/owner}{/repo}","subscriptions_url":"https://api.github.com/users/mergify-greesb%5Bbot%5D/subscriptions","organizations_url":"https://api.github.com/users/mergify-greesb%5Bbot%5D/orgs","repos_url":"https://api.github.com/users/mergify-greesb%5Bbot%5D/repos","events_url":"https://api.github.com/users/mergify-greesb%5Bbot%5D/events{/privacy}","received_events_url":"https://api.github.com/users/mergify-greesb%5Bbot%5D/received_events","type":"Bot","site_admin":false},"created_at":"2022-12-06T14:20:02Z","updated_at":"2022-12-06T14:20:02Z","author_association":"CONTRIBUTOR","body":"repository
      name short (wrong)","reactions":{"url":"https://api.github.com/repos/mergifyio-testing/functional-testing-repo-Greesb/issues/comments/1339460212/reactions","total_count":0,"+1":0,"-1":0,"laugh":0,"hooray":0,"confused":0,"heart":0,"rocket":0,"eyes":0},"performed_via_github_app":null}'
    headers:
      Content-Length:
      - '1873'
      Content-Type:
      - application/json; charset=utf-8
      Location:
      - https://api.github.com/repos/mergifyio-testing/functional-testing-repo-Greesb/issues/comments/1339460212
      X-GitHub-Media-Type:
      - github.v3; param=machine-man-preview; format=json
      x-github-api-version-selected:
      - '2022-11-28'
    http_version: HTTP/1.1
    status_code: 201
- request:
    body: '{"name": "Summary", "head_sha": "9ffd569c011f4adaa72ab06d8ffd6c740a06e28a",
      "status": "completed", "started_at": "2022-12-06T14:19:50.181923+00:00", "details_url":
      "https://github.com/mergifyio-testing/functional-testing-repo-Greesb/pull/16121/checks",
      "output": {"title": "1 rule matches", "summary": "<!-- eydSdWxlOiBuby1kcmFmdCAoY29tbWVudCknOiBzdWNjZXNzfQo=
      -->\n### Rule: no-draft (comment)\n- [X] `repository-name!=mergifyio-testing/functional-testing-repo-Greesb`\n\n<hr
      />\n\n<details>\n<summary>Mergify commands and options</summary>\n\n<br />\n\nMore
      conditions and actions can be found in the [documentation](https://docs.mergify.com/).\n\nYou
      can also trigger Mergify actions by commenting on this pull request:\n\n- `@Mergifyio
      refresh` will re-evaluate the rules\n- `@Mergifyio rebase` will rebase this
      PR on its base branch\n- `@Mergifyio update` will merge the base branch into
      this PR\n- `@Mergifyio backport <destination>` will backport this PR on `<destination>`
      branch\n\nAdditionally, on Mergify [dashboard](https://dashboard.mergify.com/)
      you can:\n\n- look at your merge queues\n- generate the Mergify configuration
      with the config editor.\n\nFinally, you can contact us on https://mergify.com\n</details>\n"},
      "external_id": "16121", "conclusion": "success", "completed_at": "2022-12-06T14:20:03.062746+00:00"}'
    headers:
      accept:
      - application/vnd.github.antiope-preview+json
      content-length:
      - '1333'
      content-type:
      - application/json
      host:
      - api.github.com
    method: POST
    uri: https://api.github.com/repos/mergifyio-testing/functional-testing-repo-Greesb/check-runs
  response:
    content: '{"id":9917226471,"name":"Summary","node_id":"CR_kwDOHdpbW88AAAACTxzd5w","head_sha":"9ffd569c011f4adaa72ab06d8ffd6c740a06e28a","external_id":"16121","url":"https://api.github.com/repos/mergifyio-testing/functional-testing-repo-Greesb/check-runs/9917226471","html_url":"https://github.com/mergifyio-testing/functional-testing-repo-Greesb/runs/9917226471","details_url":"https://github.com/mergifyio-testing/functional-testing-repo-Greesb/pull/16121/checks","status":"completed","conclusion":"success","started_at":"2022-12-06T14:19:50Z","completed_at":"2022-12-06T14:20:03Z","output":{"title":"1
      rule matches","summary":"<!-- eydSdWxlOiBuby1kcmFmdCAoY29tbWVudCknOiBzdWNjZXNzfQo=
      -->\n### Rule: no-draft (comment)\n- [X] `repository-name!=mergifyio-testing/functional-testing-repo-Greesb`\n\n<hr
      />\n\n<details>\n<summary>Mergify commands and options</summary>\n\n<br />\n\nMore
      conditions and actions can be found in the [documentation](https://docs.mergify.com/).\n\nYou
      can also trigger Mergify actions by commenting on this pull request:\n\n- `@Mergifyio
      refresh` will re-evaluate the rules\n- `@Mergifyio rebase` will rebase this
      PR on its base branch\n- `@Mergifyio update` will merge the base branch into
      this PR\n- `@Mergifyio backport <destination>` will backport this PR on `<destination>`
      branch\n\nAdditionally, on Mergify [dashboard](https://dashboard.mergify.com/)
      you can:\n\n- look at your merge queues\n- generate the Mergify configuration
      with the config editor.\n\nFinally, you can contact us on https://mergify.com\n</details>\n","text":null,"annotations_count":0,"annotations_url":"https://api.github.com/repos/mergifyio-testing/functional-testing-repo-Greesb/check-runs/9917226471/annotations"},"check_suite":{"id":9697948897},"app":{"id":214877,"slug":"mergify-greesb","node_id":"A_kwHOAmplV84AA0dd","owner":{"login":"mergifyio-testing","id":40527191,"node_id":"MDEyOk9yZ2FuaXphdGlvbjQwNTI3MTkx","avatar_url":"https://avatars.githubusercontent.com/u/40527191?v=4","gravatar_id":"","url":"https://api.github.com/users/mergifyio-testing","html_url":"https://github.com/mergifyio-testing","followers_url":"https://api.github.com/users/mergifyio-testing/followers","following_url":"https://api.github.com/users/mergifyio-testing/following{/other_user}","gists_url":"https://api.github.com/users/mergifyio-testing/gists{/gist_id}","starred_url":"https://api.github.com/users/mergifyio-testing/starred{/owner}{/repo}","subscriptions_url":"https://api.github.com/users/mergifyio-testing/subscriptions","organizations_url":"https://api.github.com/users/mergifyio-testing/orgs","repos_url":"https://api.github.com/users/mergifyio-testing/repos","events_url":"https://api.github.com/users/mergifyio-testing/events{/privacy}","received_events_url":"https://api.github.com/users/mergifyio-testing/received_events","type":"Organization","site_admin":false},"name":"mergify-Greesb","description":"Mergify
      testing installation for Greesb","external_url":"https://mergify.com/","html_url":"https://github.com/apps/mergify-greesb","created_at":"2022-06-27T12:53:37Z","updated_at":"2022-06-27T12:53:37Z","permissions":{"administration":"read","checks":"write","contents":"write","emails":"read","issues":"write","members":"read","metadata":"read","pages":"write","pull_requests":"write","statuses":"write","workflows":"write"},"events":["check_run","check_suite","issue_comment","member","membership","organization","pull_request","pull_request_review","pull_request_review_comment","pull_request_review_thread","push","repository","status","team","team_add"]},"pull_requests":[{"url":"https://api.github.com/repos/mergifyio-testing/functional-testing-repo-Greesb/pulls/16121","id":1149041565,"number":16121,"head":{"ref":"20221206141922/test_repo_name_short_wrong/integration/pr1","sha":"9ffd569c011f4adaa72ab06d8ffd6c740a06e28a","repo":{"id":500849499,"url":"https://api.github.com/repos/mergifyio-testing/functional-testing-repo-Greesb","name":"functional-testing-repo-Greesb"}},"base":{"ref":"20221206141922/test_repo_name_short_wrong/main","sha":"92b76a30bface58ecf05ea5a2c0fc8ba8bfecea1","repo":{"id":500849499,"url":"https://api.github.com/repos/mergifyio-testing/functional-testing-repo-Greesb","name":"functional-testing-repo-Greesb"}}}]}'
    headers:
      Content-Length:
      - '4249'
      Content-Type:
      - application/json; charset=utf-8
      Location:
      - https://api.github.com/repos/mergifyio-testing/functional-testing-repo-Greesb/check-runs/9917226471
      X-GitHub-Media-Type:
      - github.v3; param=antiope-preview; format=json
      x-github-api-version-selected:
      - '2022-11-28'
    http_version: HTTP/1.1
    status_code: 201
- request:
    body: whatdataisthat
    headers:
      X-Hub-Signature:
      - <SIGNATURE>
      accept:
      - '*/*'
      content-length:
      - '14'
      host:
      - test-forwarder.mergify.io
    method: GET
    uri: https://test-forwarder.mergify.io/events/github.com/214877/500849499/16121?counter=14
  response:
    content: '[{"id":"12d58210-7571-11ed-8626-4f739d1a11a7","type":"issue_comment","payload":{"action":"created","issue":{"url":"https://api.github.com/repos/mergifyio-testing/functional-testing-repo-Greesb/issues/16121","repository_url":"https://api.github.com/repos/mergifyio-testing/functional-testing-repo-Greesb","labels_url":"https://api.github.com/repos/mergifyio-testing/functional-testing-repo-Greesb/issues/16121/labels{/name}","comments_url":"https://api.github.com/repos/mergifyio-testing/functional-testing-repo-Greesb/issues/16121/comments","events_url":"https://api.github.com/repos/mergifyio-testing/functional-testing-repo-Greesb/issues/16121/events","html_url":"https://github.com/mergifyio-testing/functional-testing-repo-Greesb/pull/16121","id":1479213021,"node_id":"PR_kwDOHdpbW85EfPud","number":16121,"title":"test_repo_name_short_wrong:
      pull request n1 from integration","user":{"login":"mergify-greesb[bot]","id":108278707,"node_id":"BOT_kgDOBnQzsw","avatar_url":"https://avatars.githubusercontent.com/u/40527191?v=4","gravatar_id":"","url":"https://api.github.com/users/mergify-greesb%5Bbot%5D","html_url":"https://github.com/apps/mergify-greesb","followers_url":"https://api.github.com/users/mergify-greesb%5Bbot%5D/followers","following_url":"https://api.github.com/users/mergify-greesb%5Bbot%5D/following{/other_user}","gists_url":"https://api.github.com/users/mergify-greesb%5Bbot%5D/gists{/gist_id}","starred_url":"https://api.github.com/users/mergify-greesb%5Bbot%5D/starred{/owner}{/repo}","subscriptions_url":"https://api.github.com/users/mergify-greesb%5Bbot%5D/subscriptions","organizations_url":"https://api.github.com/users/mergify-greesb%5Bbot%5D/orgs","repos_url":"https://api.github.com/users/mergify-greesb%5Bbot%5D/repos","events_url":"https://api.github.com/users/mergify-greesb%5Bbot%5D/events{/privacy}","received_events_url":"https://api.github.com/users/mergify-greesb%5Bbot%5D/received_events","type":"Bot","site_admin":false},"labels":[],"state":"open","locked":false,"assignee":null,"assignees":[],"milestone":null,"comments":1,"created_at":"2022-12-06T14:19:48Z","updated_at":"2022-12-06T14:20:02Z","closed_at":null,"author_association":"CONTRIBUTOR","active_lock_reason":null,"draft":false,"pull_request":{"url":"https://api.github.com/repos/mergifyio-testing/functional-testing-repo-Greesb/pulls/16121","html_url":"https://github.com/mergifyio-testing/functional-testing-repo-Greesb/pull/16121","diff_url":"https://github.com/mergifyio-testing/functional-testing-repo-Greesb/pull/16121.diff","patch_url":"https://github.com/mergifyio-testing/functional-testing-repo-Greesb/pull/16121.patch","merged_at":null},"body":"test_repo_name_short_wrong:
      pull request n1 from integration","reactions":{"url":"https://api.github.com/repos/mergifyio-testing/functional-testing-repo-Greesb/issues/16121/reactions","total_count":0,"+1":0,"-1":0,"laugh":0,"hooray":0,"confused":0,"heart":0,"rocket":0,"eyes":0},"timeline_url":"https://api.github.com/repos/mergifyio-testing/functional-testing-repo-Greesb/issues/16121/timeline","performed_via_github_app":null,"state_reason":null},"comment":{"url":"https://api.github.com/repos/mergifyio-testing/functional-testing-repo-Greesb/issues/comments/1339460212","html_url":"https://github.com/mergifyio-testing/functional-testing-repo-Greesb/pull/16121#issuecomment-1339460212","issue_url":"https://api.github.com/repos/mergifyio-testing/functional-testing-repo-Greesb/issues/16121","id":1339460212,"node_id":"IC_kwDOHdpbW85P1op0","user":{"login":"mergify-greesb[bot]","id":108278707,"node_id":"BOT_kgDOBnQzsw","avatar_url":"https://avatars.githubusercontent.com/u/40527191?v=4","gravatar_id":"","url":"https://api.github.com/users/mergify-greesb%5Bbot%5D","html_url":"https://github.com/apps/mergify-greesb","followers_url":"https://api.github.com/users/mergify-greesb%5Bbot%5D/followers","following_url":"https://api.github.com/users/mergify-greesb%5Bbot%5D/following{/other_user}","gists_url":"https://api.github.com/users/mergify-greesb%5Bbot%5D/gists{/gist_id}","starred_url":"https://api.github.com/users/mergify-greesb%5Bbot%5D/starred{/owner}{/repo}","subscriptions_url":"https://api.github.com/users/mergify-greesb%5Bbot%5D/subscriptions","organizations_url":"https://api.github.com/users/mergify-greesb%5Bbot%5D/orgs","repos_url":"https://api.github.com/users/mergify-greesb%5Bbot%5D/repos","events_url":"https://api.github.com/users/mergify-greesb%5Bbot%5D/events{/privacy}","received_events_url":"https://api.github.com/users/mergify-greesb%5Bbot%5D/received_events","type":"Bot","site_admin":false},"created_at":"2022-12-06T14:20:02Z","updated_at":"2022-12-06T14:20:02Z","author_association":"CONTRIBUTOR","body":"repository
      name short (wrong)","reactions":{"url":"https://api.github.com/repos/mergifyio-testing/functional-testing-repo-Greesb/issues/comments/1339460212/reactions","total_count":0,"+1":0,"-1":0,"laugh":0,"hooray":0,"confused":0,"heart":0,"rocket":0,"eyes":0},"performed_via_github_app":null},"repository":{"id":500849499,"node_id":"R_kgDOHdpbWw","name":"functional-testing-repo-Greesb","full_name":"mergifyio-testing/functional-testing-repo-Greesb","private":false,"owner":{"login":"mergifyio-testing","id":40527191,"node_id":"MDEyOk9yZ2FuaXphdGlvbjQwNTI3MTkx","avatar_url":"https://avatars.githubusercontent.com/u/40527191?v=4","gravatar_id":"","url":"https://api.github.com/users/mergifyio-testing","html_url":"https://github.com/mergifyio-testing","followers_url":"https://api.github.com/users/mergifyio-testing/followers","following_url":"https://api.github.com/users/mergifyio-testing/following{/other_user}","gists_url":"https://api.github.com/users/mergifyio-testing/gists{/gist_id}","starred_url":"https://api.github.com/users/mergifyio-testing/starred{/owner}{/repo}","subscriptions_url":"https://api.github.com/users/mergifyio-testing/subscriptions","organizations_url":"https://api.github.com/users/mergifyio-testing/orgs","repos_url":"https://api.github.com/users/mergifyio-testing/repos","events_url":"https://api.github.com/users/mergifyio-testing/events{/privacy}","received_events_url":"https://api.github.com/users/mergifyio-testing/received_events","type":"Organization","site_admin":false},"html_url":"https://github.com/mergifyio-testing/functional-testing-repo-Greesb","description":null,"fork":false,"url":"https://api.github.com/repos/mergifyio-testing/functional-testing-repo-Greesb","forks_url":"https://api.github.com/repos/mergifyio-testing/functional-testing-repo-Greesb/forks","keys_url":"https://api.github.com/repos/mergifyio-testing/functional-testing-repo-Greesb/keys{/key_id}","collaborators_url":"https://api.github.com/repos/mergifyio-testing/functional-testing-repo-Greesb/collaborators{/collaborator}","teams_url":"https://api.github.com/repos/mergifyio-testing/functional-testing-repo-Greesb/teams","hooks_url":"https://api.github.com/repos/mergifyio-testing/functional-testing-repo-Greesb/hooks","issue_events_url":"https://api.github.com/repos/mergifyio-testing/functional-testing-repo-Greesb/issues/events{/number}","events_url":"https://api.github.com/repos/mergifyio-testing/functional-testing-repo-Greesb/events","assignees_url":"https://api.github.com/repos/mergifyio-testing/functional-testing-repo-Greesb/assignees{/user}","branches_url":"https://api.github.com/repos/mergifyio-testing/functional-testing-repo-Greesb/branches{/branch}","tags_url":"https://api.github.com/repos/mergifyio-testing/functional-testing-repo-Greesb/tags","blobs_url":"https://api.github.com/repos/mergifyio-testing/functional-testing-repo-Greesb/git/blobs{/sha}","git_tags_url":"https://api.github.com/repos/mergifyio-testing/functional-testing-repo-Greesb/git/tags{/sha}","git_refs_url":"https://api.github.com/repos/mergifyio-testing/functional-testing-repo-Greesb/git/refs{/sha}","trees_url":"https://api.github.com/repos/mergifyio-testing/functional-testing-repo-Greesb/git/trees{/sha}","statuses_url":"https://api.github.com/repos/mergifyio-testing/functional-testing-repo-Greesb/statuses/{sha}","languages_url":"https://api.github.com/repos/mergifyio-testing/functional-testing-repo-Greesb/languages","stargazers_url":"https://api.github.com/repos/mergifyio-testing/functional-testing-repo-Greesb/stargazers","contributors_url":"https://api.github.com/repos/mergifyio-testing/functional-testing-repo-Greesb/contributors","subscribers_url":"https://api.github.com/repos/mergifyio-testing/functional-testing-repo-Greesb/subscribers","subscription_url":"https://api.github.com/repos/mergifyio-testing/functional-testing-repo-Greesb/subscription","commits_url":"https://api.github.com/repos/mergifyio-testing/functional-testing-repo-Greesb/commits{/sha}","git_commits_url":"https://api.github.com/repos/mergifyio-testing/functional-testing-repo-Greesb/git/commits{/sha}","comments_url":"https://api.github.com/repos/mergifyio-testing/functional-testing-repo-Greesb/comments{/number}","issue_comment_url":"https://api.github.com/repos/mergifyio-testing/functional-testing-repo-Greesb/issues/comments{/number}","contents_url":"https://api.github.com/repos/mergifyio-testing/functional-testing-repo-Greesb/contents/{+path}","compare_url":"https://api.github.com/repos/mergifyio-testing/functional-testing-repo-Greesb/compare/{base}...{head}","merges_url":"https://api.github.com/repos/mergifyio-testing/functional-testing-repo-Greesb/merges","archive_url":"https://api.github.com/repos/mergifyio-testing/functional-testing-repo-Greesb/{archive_format}{/ref}","downloads_url":"https://api.github.com/repos/mergifyio-testing/functional-testing-repo-Greesb/downloads","issues_url":"https://api.github.com/repos/mergifyio-testing/functional-testing-repo-Greesb/issues{/number}","pulls_url":"https://api.github.com/repos/mergifyio-testing/functional-testing-repo-Greesb/pulls{/number}","milestones_url":"https://api.github.com/repos/mergifyio-testing/functional-testing-repo-Greesb/milestones{/number}","notifications_url":"https://api.github.com/repos/mergifyio-testing/functional-testing-repo-Greesb/notifications{?since,all,participating}","labels_url":"https://api.github.com/repos/mergifyio-testing/functional-testing-repo-Greesb/labels{/name}","releases_url":"https://api.github.com/repos/mergifyio-testing/functional-testing-repo-Greesb/releases{/id}","deployments_url":"https://api.github.com/repos/mergifyio-testing/functional-testing-repo-Greesb/deployments","created_at":"2022-06-07T13:21:39Z","updated_at":"2022-11-28T10:20:16Z","pushed_at":"2022-12-06T14:20:00Z","git_url":"git://github.com/mergifyio-testing/functional-testing-repo-Greesb.git","ssh_url":"git@github.com:mergifyio-testing/functional-testing-repo-Greesb.git","clone_url":"https://github.com/mergifyio-testing/functional-testing-repo-Greesb.git","svn_url":"https://github.com/mergifyio-testing/functional-testing-repo-Greesb","homepage":null,"size":110,"stargazers_count":1,"watchers_count":1,"language":null,"has_issues":true,"has_projects":true,"has_downloads":true,"has_wiki":true,"has_pages":false,"has_discussions":false,"forks_count":1,"mirror_url":null,"archived":false,"disabled":false,"open_issues_count":4,"license":null,"allow_forking":true,"is_template":false,"web_commit_signoff_required":false,"topics":[],"visibility":"public","forks":1,"open_issues":4,"watchers":1,"default_branch":"main"},"organization":{"login":"mergifyio-testing","id":40527191,"node_id":"MDEyOk9yZ2FuaXphdGlvbjQwNTI3MTkx","url":"https://api.github.com/orgs/mergifyio-testing","repos_url":"https://api.github.com/orgs/mergifyio-testing/repos","events_url":"https://api.github.com/orgs/mergifyio-testing/events","hooks_url":"https://api.github.com/orgs/mergifyio-testing/hooks","issues_url":"https://api.github.com/orgs/mergifyio-testing/issues","members_url":"https://api.github.com/orgs/mergifyio-testing/members{/member}","public_members_url":"https://api.github.com/orgs/mergifyio-testing/public_members{/member}","avatar_url":"https://avatars.githubusercontent.com/u/40527191?v=4","description":"This
      account is for testing purpose of the workflow of the GitHub App @Mergifyio"},"sender":{"login":"mergify-greesb[bot]","id":108278707,"node_id":"BOT_kgDOBnQzsw","avatar_url":"https://avatars.githubusercontent.com/u/40527191?v=4","gravatar_id":"","url":"https://api.github.com/users/mergify-greesb%5Bbot%5D","html_url":"https://github.com/apps/mergify-greesb","followers_url":"https://api.github.com/users/mergify-greesb%5Bbot%5D/followers","following_url":"https://api.github.com/users/mergify-greesb%5Bbot%5D/following{/other_user}","gists_url":"https://api.github.com/users/mergify-greesb%5Bbot%5D/gists{/gist_id}","starred_url":"https://api.github.com/users/mergify-greesb%5Bbot%5D/starred{/owner}{/repo}","subscriptions_url":"https://api.github.com/users/mergify-greesb%5Bbot%5D/subscriptions","organizations_url":"https://api.github.com/users/mergify-greesb%5Bbot%5D/orgs","repos_url":"https://api.github.com/users/mergify-greesb%5Bbot%5D/repos","events_url":"https://api.github.com/users/mergify-greesb%5Bbot%5D/events{/privacy}","received_events_url":"https://api.github.com/users/mergify-greesb%5Bbot%5D/received_events","type":"Bot","site_admin":false},"installation":{"id":26895396,"node_id":"MDIzOkludGVncmF0aW9uSW5zdGFsbGF0aW9uMjY4OTUzOTY="}}}]'
    headers:
      Connection:
      - keep-alive
      Content-Length:
      - '13240'
      Content-Type:
      - application/json
    http_version: HTTP/1.1
    status_code: 200
- request:
    body: ''
    headers:
      accept:
      - application/vnd.github.machine-man-preview+json
      host:
      - api.github.com
    method: GET
    uri: https://api.github.com/repos/mergifyio-testing/functional-testing-repo-Greesb/git/matching-refs/heads/20221206141922/test_repo_name_short_wrong/main?per_page=100
  response:
    content: '[{"ref":"refs/heads/20221206141922/test_repo_name_short_wrong/main","node_id":"REF_kwDOHdpbW9oAOXJlZnMvaGVhZHMvMjAyMjEyMDYxNDE5MjIvdGVzdF9yZXBvX25hbWVfc2hvcnRfd3JvbmcvbWFpbg","url":"https://api.github.com/repos/mergifyio-testing/functional-testing-repo-Greesb/git/refs/heads/20221206141922/test_repo_name_short_wrong/main","object":{"sha":"92b76a30bface58ecf05ea5a2c0fc8ba8bfecea1","type":"commit","url":"https://api.github.com/repos/mergifyio-testing/functional-testing-repo-Greesb/git/commits/92b76a30bface58ecf05ea5a2c0fc8ba8bfecea1"}}]'
    headers:
      Content-Encoding:
      - gzip
      Content-Type:
      - application/json; charset=utf-8
      Transfer-Encoding:
      - chunked
      X-GitHub-Media-Type:
      - github.v3; param=machine-man-preview; format=json
      X-Poll-Interval:
      - '300'
      x-github-api-version-selected:
      - '2022-11-28'
    http_version: HTTP/1.1
    status_code: 200
- request:
    body: ''
    headers:
      accept:
      - application/vnd.github.machine-man-preview+json
      host:
      - api.github.com
    method: GET
    uri: https://api.github.com/repos/mergifyio-testing/functional-testing-repo-Greesb/branches/20221206141922%2Ftest_repo_name_short_wrong%2Fintegration%2Fpr1
  response:
    content: '{"name":"20221206141922/test_repo_name_short_wrong/integration/pr1","commit":{"sha":"9ffd569c011f4adaa72ab06d8ffd6c740a06e28a","node_id":"C_kwDOHdpbW9oAKDlmZmQ1NjljMDExZjRhZGFhNzJhYjA2ZDhmZmQ2Yzc0MGEwNmUyOGE","commit":{"author":{"name":"Mergify","email":"108278707+mergify-greesb[bot]@users.noreply.github.com","date":"2022-12-06T14:19:30Z"},"committer":{"name":"Mergify","email":"108278707+mergify-greesb[bot]@users.noreply.github.com","date":"2022-12-06T14:19:30Z"},"message":"test_repo_name_short_wrong:
      pull request n1 from integration","tree":{"sha":"e3ba600d4d7dc427aa3e9813fd23ce5721fec2d9","url":"https://api.github.com/repos/mergifyio-testing/functional-testing-repo-Greesb/git/trees/e3ba600d4d7dc427aa3e9813fd23ce5721fec2d9"},"url":"https://api.github.com/repos/mergifyio-testing/functional-testing-repo-Greesb/git/commits/9ffd569c011f4adaa72ab06d8ffd6c740a06e28a","comment_count":0,"verification":{"verified":false,"reason":"unsigned","signature":null,"payload":null}},"url":"https://api.github.com/repos/mergifyio-testing/functional-testing-repo-Greesb/commits/9ffd569c011f4adaa72ab06d8ffd6c740a06e28a","html_url":"https://github.com/mergifyio-testing/functional-testing-repo-Greesb/commit/9ffd569c011f4adaa72ab06d8ffd6c740a06e28a","comments_url":"https://api.github.com/repos/mergifyio-testing/functional-testing-repo-Greesb/commits/9ffd569c011f4adaa72ab06d8ffd6c740a06e28a/comments","author":{"login":"mergify-greesb[bot]","id":108278707,"node_id":"BOT_kgDOBnQzsw","avatar_url":"https://avatars.githubusercontent.com/u/40527191?v=4","gravatar_id":"","url":"https://api.github.com/users/mergify-greesb%5Bbot%5D","html_url":"https://github.com/apps/mergify-greesb","followers_url":"https://api.github.com/users/mergify-greesb%5Bbot%5D/followers","following_url":"https://api.github.com/users/mergify-greesb%5Bbot%5D/following{/other_user}","gists_url":"https://api.github.com/users/mergify-greesb%5Bbot%5D/gists{/gist_id}","starred_url":"https://api.github.com/users/mergify-greesb%5Bbot%5D/starred{/owner}{/repo}","subscriptions_url":"https://api.github.com/users/mergify-greesb%5Bbot%5D/subscriptions","organizations_url":"https://api.github.com/users/mergify-greesb%5Bbot%5D/orgs","repos_url":"https://api.github.com/users/mergify-greesb%5Bbot%5D/repos","events_url":"https://api.github.com/users/mergify-greesb%5Bbot%5D/events{/privacy}","received_events_url":"https://api.github.com/users/mergify-greesb%5Bbot%5D/received_events","type":"Bot","site_admin":false},"committer":{"login":"mergify-greesb[bot]","id":108278707,"node_id":"BOT_kgDOBnQzsw","avatar_url":"https://avatars.githubusercontent.com/u/40527191?v=4","gravatar_id":"","url":"https://api.github.com/users/mergify-greesb%5Bbot%5D","html_url":"https://github.com/apps/mergify-greesb","followers_url":"https://api.github.com/users/mergify-greesb%5Bbot%5D/followers","following_url":"https://api.github.com/users/mergify-greesb%5Bbot%5D/following{/other_user}","gists_url":"https://api.github.com/users/mergify-greesb%5Bbot%5D/gists{/gist_id}","starred_url":"https://api.github.com/users/mergify-greesb%5Bbot%5D/starred{/owner}{/repo}","subscriptions_url":"https://api.github.com/users/mergify-greesb%5Bbot%5D/subscriptions","organizations_url":"https://api.github.com/users/mergify-greesb%5Bbot%5D/orgs","repos_url":"https://api.github.com/users/mergify-greesb%5Bbot%5D/repos","events_url":"https://api.github.com/users/mergify-greesb%5Bbot%5D/events{/privacy}","received_events_url":"https://api.github.com/users/mergify-greesb%5Bbot%5D/received_events","type":"Bot","site_admin":false},"parents":[{"sha":"92b76a30bface58ecf05ea5a2c0fc8ba8bfecea1","url":"https://api.github.com/repos/mergifyio-testing/functional-testing-repo-Greesb/commits/92b76a30bface58ecf05ea5a2c0fc8ba8bfecea1","html_url":"https://github.com/mergifyio-testing/functional-testing-repo-Greesb/commit/92b76a30bface58ecf05ea5a2c0fc8ba8bfecea1"}]},"_links":{"self":"https://api.github.com/repos/mergifyio-testing/functional-testing-repo-Greesb/branches/20221206141922/test_repo_name_short_wrong/integration/pr1","html":"https://github.com/mergifyio-testing/functional-testing-repo-Greesb/tree/20221206141922/test_repo_name_short_wrong/integration/pr1"},"protected":false,"protection":{"enabled":false,"required_status_checks":{"enforcement_level":"off","contexts":[],"checks":[]}},"protection_url":"https://api.github.com/repos/mergifyio-testing/functional-testing-repo-Greesb/branches/20221206141922/test_repo_name_short_wrong/integration/pr1/protection"}'
    headers:
      Content-Encoding:
      - gzip
      Content-Type:
      - application/json; charset=utf-8
      Transfer-Encoding:
      - chunked
      X-GitHub-Media-Type:
      - github.v3; param=machine-man-preview; format=json
      x-github-api-version-selected:
      - '2022-11-28'
    http_version: HTTP/1.1
    status_code: 200
- request:
    body: ''
    headers:
      accept:
      - application/vnd.github.machine-man-preview+json
      host:
      - api.github.com
    method: DELETE
    uri: https://api.github.com/repos/mergifyio-testing/functional-testing-repo-Greesb/git/refs/heads/20221206141922/test_repo_name_short_wrong/integration/pr1
  response:
    content: ''
    headers:
      X-GitHub-Media-Type:
      - github.v3; param=machine-man-preview; format=json
      x-github-api-version-selected:
      - '2022-11-28'
    http_version: HTTP/1.1
    status_code: 204
- request:
    body: ''
    headers:
      accept:
      - application/vnd.github.machine-man-preview+json
      host:
      - api.github.com
    method: GET
    uri: https://api.github.com/repos/mergifyio-testing/functional-testing-repo-Greesb/branches/20221206141922%2Ftest_repo_name_short_wrong%2Fmain
  response:
    content: '{"name":"20221206141922/test_repo_name_short_wrong/main","commit":{"sha":"92b76a30bface58ecf05ea5a2c0fc8ba8bfecea1","node_id":"C_kwDOHdpbW9oAKDkyYjc2YTMwYmZhY2U1OGVjZjA1ZWE1YTJjMGZjOGJhOGJmZWNlYTE","commit":{"author":{"name":"Mergify","email":"108278707+mergify-greesb[bot]@users.noreply.github.com","date":"2022-12-06T14:19:24Z"},"committer":{"name":"Mergify","email":"108278707+mergify-greesb[bot]@users.noreply.github.com","date":"2022-12-06T14:19:24Z"},"message":"initial
      commit","tree":{"sha":"d361d1268a5c39c692ee4f5308337c4141fb61b0","url":"https://api.github.com/repos/mergifyio-testing/functional-testing-repo-Greesb/git/trees/d361d1268a5c39c692ee4f5308337c4141fb61b0"},"url":"https://api.github.com/repos/mergifyio-testing/functional-testing-repo-Greesb/git/commits/92b76a30bface58ecf05ea5a2c0fc8ba8bfecea1","comment_count":0,"verification":{"verified":false,"reason":"unsigned","signature":null,"payload":null}},"url":"https://api.github.com/repos/mergifyio-testing/functional-testing-repo-Greesb/commits/92b76a30bface58ecf05ea5a2c0fc8ba8bfecea1","html_url":"https://github.com/mergifyio-testing/functional-testing-repo-Greesb/commit/92b76a30bface58ecf05ea5a2c0fc8ba8bfecea1","comments_url":"https://api.github.com/repos/mergifyio-testing/functional-testing-repo-Greesb/commits/92b76a30bface58ecf05ea5a2c0fc8ba8bfecea1/comments","author":{"login":"mergify-greesb[bot]","id":108278707,"node_id":"BOT_kgDOBnQzsw","avatar_url":"https://avatars.githubusercontent.com/u/40527191?v=4","gravatar_id":"","url":"https://api.github.com/users/mergify-greesb%5Bbot%5D","html_url":"https://github.com/apps/mergify-greesb","followers_url":"https://api.github.com/users/mergify-greesb%5Bbot%5D/followers","following_url":"https://api.github.com/users/mergify-greesb%5Bbot%5D/following{/other_user}","gists_url":"https://api.github.com/users/mergify-greesb%5Bbot%5D/gists{/gist_id}","starred_url":"https://api.github.com/users/mergify-greesb%5Bbot%5D/starred{/owner}{/repo}","subscriptions_url":"https://api.github.com/users/mergify-greesb%5Bbot%5D/subscriptions","organizations_url":"https://api.github.com/users/mergify-greesb%5Bbot%5D/orgs","repos_url":"https://api.github.com/users/mergify-greesb%5Bbot%5D/repos","events_url":"https://api.github.com/users/mergify-greesb%5Bbot%5D/events{/privacy}","received_events_url":"https://api.github.com/users/mergify-greesb%5Bbot%5D/received_events","type":"Bot","site_admin":false},"committer":{"login":"mergify-greesb[bot]","id":108278707,"node_id":"BOT_kgDOBnQzsw","avatar_url":"https://avatars.githubusercontent.com/u/40527191?v=4","gravatar_id":"","url":"https://api.github.com/users/mergify-greesb%5Bbot%5D","html_url":"https://github.com/apps/mergify-greesb","followers_url":"https://api.github.com/users/mergify-greesb%5Bbot%5D/followers","following_url":"https://api.github.com/users/mergify-greesb%5Bbot%5D/following{/other_user}","gists_url":"https://api.github.com/users/mergify-greesb%5Bbot%5D/gists{/gist_id}","starred_url":"https://api.github.com/users/mergify-greesb%5Bbot%5D/starred{/owner}{/repo}","subscriptions_url":"https://api.github.com/users/mergify-greesb%5Bbot%5D/subscriptions","organizations_url":"https://api.github.com/users/mergify-greesb%5Bbot%5D/orgs","repos_url":"https://api.github.com/users/mergify-greesb%5Bbot%5D/repos","events_url":"https://api.github.com/users/mergify-greesb%5Bbot%5D/events{/privacy}","received_events_url":"https://api.github.com/users/mergify-greesb%5Bbot%5D/received_events","type":"Bot","site_admin":false},"parents":[]},"_links":{"self":"https://api.github.com/repos/mergifyio-testing/functional-testing-repo-Greesb/branches/20221206141922/test_repo_name_short_wrong/main","html":"https://github.com/mergifyio-testing/functional-testing-repo-Greesb/tree/20221206141922/test_repo_name_short_wrong/main"},"protected":true,"protection":{"enabled":true,"required_status_checks":{"enforcement_level":"non_admins","contexts":["continuous-integration/fake-ci"],"checks":[{"context":"continuous-integration/fake-ci","app_id":214877}]}},"protection_url":"https://api.github.com/repos/mergifyio-testing/functional-testing-repo-Greesb/branches/20221206141922/test_repo_name_short_wrong/main/protection"}'
    headers:
      Content-Encoding:
      - gzip
      Content-Type:
      - application/json; charset=utf-8
      Transfer-Encoding:
      - chunked
      X-GitHub-Media-Type:
      - github.v3; param=machine-man-preview; format=json
      x-github-api-version-selected:
      - '2022-11-28'
    http_version: HTTP/1.1
    status_code: 200
- request:
    body: ''
    headers:
      accept:
      - application/vnd.github.luke-cage-preview+json
      host:
      - api.github.com
    method: DELETE
    uri: https://api.github.com/repos/mergifyio-testing/functional-testing-repo-Greesb/branches/20221206141922/test_repo_name_short_wrong/main/protection
  response:
    content: ''
    headers:
      X-Accepted-OAuth-Scopes:
      - ''
      X-GitHub-Media-Type:
      - github.v3; param=luke-cage-preview; format=json
      X-OAuth-Scopes:
      - admin:org, delete_repo, read:public_key, repo, user, workflow
      x-github-api-version-selected:
      - '2022-11-28'
    http_version: HTTP/1.1
    status_code: 204
- request:
    body: ''
    headers:
      accept:
      - application/vnd.github.machine-man-preview+json
      host:
      - api.github.com
    method: DELETE
    uri: https://api.github.com/repos/mergifyio-testing/functional-testing-repo-Greesb/git/refs/heads/20221206141922/test_repo_name_short_wrong/main
  response:
    content: ''
    headers:
      X-GitHub-Media-Type:
      - github.v3; param=machine-man-preview; format=json
      x-github-api-version-selected:
      - '2022-11-28'
    http_version: HTTP/1.1
    status_code: 204
- request:
    body: whatdataisthat
    headers:
      X-Hub-Signature:
      - <SIGNATURE>
      accept:
      - '*/*'
      content-length:
      - '14'
      host:
      - test-forwarder.mergify.io
    method: DELETE
    uri: https://test-forwarder.mergify.io/events/github.com/214877/500849499/20221206141922-test_repo_name_short_wrong
  response:
    content: Event queued
    headers:
      Connection:
      - keep-alive
      Content-Length:
      - '12'
    http_version: HTTP/1.1
    status_code: 202
version: 1
