interactions:
- request:
    body: ''
    headers:
      accept:
      - application/vnd.github.machine-man-preview+json
      host:
      - api.github.com
    method: GET
    uri: https://api.github.com/user/40527191/installation
  response:
    base64encoded: false
    content: '{"id":37100555,"account":{"login":"mergifyio-testing","id":40527191,"node_id":"MDEyOk9yZ2FuaXphdGlvbjQwNTI3MTkx","avatar_url":"https://avatars.githubusercontent.com/u/40527191?v=4","gravatar_id":"","url":"https://api.github.com/users/mergifyio-testing","html_url":"https://github.com/mergifyio-testing","followers_url":"https://api.github.com/users/mergifyio-testing/followers","following_url":"https://api.github.com/users/mergifyio-testing/following{/other_user}","gists_url":"https://api.github.com/users/mergifyio-testing/gists{/gist_id}","starred_url":"https://api.github.com/users/mergifyio-testing/starred{/owner}{/repo}","subscriptions_url":"https://api.github.com/users/mergifyio-testing/subscriptions","organizations_url":"https://api.github.com/users/mergifyio-testing/orgs","repos_url":"https://api.github.com/users/mergifyio-testing/repos","events_url":"https://api.github.com/users/mergifyio-testing/events{/privacy}","received_events_url":"https://api.github.com/users/mergifyio-testing/received_events","type":"Organization","site_admin":false},"repository_selection":"selected","access_tokens_url":"https://api.github.com/app/installations/37100555/access_tokens","repositories_url":"https://api.github.com/installation/repositories","html_url":"https://github.com/organizations/mergifyio-testing/settings/installations/37100555","app_id":327815,"app_slug":"mergify-kontrolix","target_id":40527191,"target_type":"Organization","permissions":{"pages":"write","checks":"write","issues":"write","actions":"write","members":"read","contents":"write","metadata":"read","statuses":"write","workflows":"write","pull_requests":"write","administration":"read"},"events":["check_run","check_suite","issue_comment","member","membership","organization","pull_request","pull_request_review","pull_request_review_comment","pull_request_review_thread","push","repository","status","team","team_add","workflow_job","workflow_run"],"created_at":"2023-05-03T09:24:41.000Z","updated_at":"2023-08-29T15:41:34.000Z","single_file_name":null,"has_multiple_single_files":false,"single_file_paths":[],"suspended_by":null,"suspended_at":null}'
    headers:
      Content-Encoding:
      - gzip
      Content-Type:
      - application/json; charset=utf-8
      Transfer-Encoding:
      - chunked
      X-GitHub-Media-Type:
      - github.v3; param=machine-man-preview; format=json
      x-github-api-version-selected:
      - '2022-11-28'
    http_version: HTTP/1.1
    status_code: 200
- request:
    body: ''
    headers:
      accept:
      - application/vnd.github.machine-man-preview+json
      host:
      - api.github.com
    method: GET
    uri: https://api.github.com/user
  response:
    base64encoded: false
    content: '{"login":"mergify-test1","id":38494943,"node_id":"MDQ6VXNlcjM4NDk0OTQz","avatar_url":"https://avatars.githubusercontent.com/u/38494943?v=4","gravatar_id":"","url":"https://api.github.com/users/mergify-test1","html_url":"https://github.com/mergify-test1","followers_url":"https://api.github.com/users/mergify-test1/followers","following_url":"https://api.github.com/users/mergify-test1/following{/other_user}","gists_url":"https://api.github.com/users/mergify-test1/gists{/gist_id}","starred_url":"https://api.github.com/users/mergify-test1/starred{/owner}{/repo}","subscriptions_url":"https://api.github.com/users/mergify-test1/subscriptions","organizations_url":"https://api.github.com/users/mergify-test1/orgs","repos_url":"https://api.github.com/users/mergify-test1/repos","events_url":"https://api.github.com/users/mergify-test1/events{/privacy}","received_events_url":"https://api.github.com/users/mergify-test1/received_events","type":"User","site_admin":false,"name":"mergify-test-user-1","company":"@mergifyio","blog":"https://mergify.io","location":null,"email":null,"hireable":null,"bio":"This
      account is for testing purpose of the workflow of the GitHub App @mergifyio","twitter_username":"mergifyio","public_repos":1,"public_gists":0,"followers":0,"following":0,"created_at":"2018-04-18T10:42:59Z","updated_at":"2023-10-15T11:47:16Z","private_gists":0,"total_private_repos":0,"owned_private_repos":0,"disk_usage":0,"collaborators":0,"two_factor_authentication":false,"plan":{"name":"free","space":976562499,"collaborators":0,"private_repos":10000}}'
    headers:
      Content-Encoding:
      - gzip
      Content-Type:
      - application/json; charset=utf-8
      Transfer-Encoding:
      - chunked
      X-Accepted-OAuth-Scopes:
      - ''
      X-GitHub-Media-Type:
      - github.v3; param=machine-man-preview; format=json
      X-OAuth-Scopes:
      - admin:org, delete_repo, read:public_key, repo, user, workflow
      x-github-api-version-selected:
      - '2022-11-28'
    http_version: HTTP/1.1
    status_code: 200
- request:
    body: ''
    headers:
      accept:
      - application/vnd.github.machine-man-preview+json
      host:
      - api.github.com
    method: GET
    uri: https://api.github.com/user
  response:
    base64encoded: false
    content: '{"login":"mergify-test2","id":38495008,"node_id":"MDQ6VXNlcjM4NDk1MDA4","avatar_url":"https://avatars.githubusercontent.com/u/38495008?v=4","gravatar_id":"","url":"https://api.github.com/users/mergify-test2","html_url":"https://github.com/mergify-test2","followers_url":"https://api.github.com/users/mergify-test2/followers","following_url":"https://api.github.com/users/mergify-test2/following{/other_user}","gists_url":"https://api.github.com/users/mergify-test2/gists{/gist_id}","starred_url":"https://api.github.com/users/mergify-test2/starred{/owner}{/repo}","subscriptions_url":"https://api.github.com/users/mergify-test2/subscriptions","organizations_url":"https://api.github.com/users/mergify-test2/orgs","repos_url":"https://api.github.com/users/mergify-test2/repos","events_url":"https://api.github.com/users/mergify-test2/events{/privacy}","received_events_url":"https://api.github.com/users/mergify-test2/received_events","type":"User","site_admin":false,"name":"mergify-test-user-2","company":"@mergifyio","blog":"https://mergify.com","location":null,"email":null,"hireable":null,"bio":"This
      account is for integration testing purpose of the workflow of the GitHub App
      @mergifyio","twitter_username":"mergifyio","public_repos":15,"public_gists":0,"followers":0,"following":0,"created_at":"2018-04-18T10:45:18Z","updated_at":"2023-10-15T11:47:16Z","private_gists":0,"total_private_repos":0,"owned_private_repos":0,"disk_usage":1355,"collaborators":0,"two_factor_authentication":false,"plan":{"name":"free","space":976562499,"collaborators":0,"private_repos":10000}}'
    headers:
      Content-Encoding:
      - gzip
      Content-Type:
      - application/json; charset=utf-8
      Transfer-Encoding:
      - chunked
      X-Accepted-OAuth-Scopes:
      - ''
      X-GitHub-Media-Type:
      - github.v3; param=machine-man-preview; format=json
      X-OAuth-Scopes:
      - delete_repo, read:org, read:user, repo, user:email, workflow
      x-github-api-version-selected:
      - '2022-11-28'
    http_version: HTTP/1.1
    status_code: 200
- request:
    body: ''
    headers:
      Authorization:
      - <TOKEN>
      accept:
      - application/vnd.github.machine-man-preview+json
      host:
      - api.github.com
    method: GET
    uri: https://api.github.com/repositories/635704693
  response:
    base64encoded: false
    content: '{"id":635704693,"node_id":"R_kgDOJeQVdQ","name":"functional-testing-repo-Kontrolix","full_name":"mergifyio-testing/functional-testing-repo-Kontrolix","private":false,"owner":{"login":"mergifyio-testing","id":40527191,"node_id":"MDEyOk9yZ2FuaXphdGlvbjQwNTI3MTkx","avatar_url":"https://avatars.githubusercontent.com/u/40527191?v=4","gravatar_id":"","url":"https://api.github.com/users/mergifyio-testing","html_url":"https://github.com/mergifyio-testing","followers_url":"https://api.github.com/users/mergifyio-testing/followers","following_url":"https://api.github.com/users/mergifyio-testing/following{/other_user}","gists_url":"https://api.github.com/users/mergifyio-testing/gists{/gist_id}","starred_url":"https://api.github.com/users/mergifyio-testing/starred{/owner}{/repo}","subscriptions_url":"https://api.github.com/users/mergifyio-testing/subscriptions","organizations_url":"https://api.github.com/users/mergifyio-testing/orgs","repos_url":"https://api.github.com/users/mergifyio-testing/repos","events_url":"https://api.github.com/users/mergifyio-testing/events{/privacy}","received_events_url":"https://api.github.com/users/mergifyio-testing/received_events","type":"Organization","site_admin":false},"html_url":"https://github.com/mergifyio-testing/functional-testing-repo-Kontrolix","description":null,"fork":false,"url":"https://api.github.com/repos/mergifyio-testing/functional-testing-repo-Kontrolix","forks_url":"https://api.github.com/repos/mergifyio-testing/functional-testing-repo-Kontrolix/forks","keys_url":"https://api.github.com/repos/mergifyio-testing/functional-testing-repo-Kontrolix/keys{/key_id}","collaborators_url":"https://api.github.com/repos/mergifyio-testing/functional-testing-repo-Kontrolix/collaborators{/collaborator}","teams_url":"https://api.github.com/repos/mergifyio-testing/functional-testing-repo-Kontrolix/teams","hooks_url":"https://api.github.com/repos/mergifyio-testing/functional-testing-repo-Kontrolix/hooks","issue_events_url":"https://api.github.com/repos/mergifyio-testing/functional-testing-repo-Kontrolix/issues/events{/number}","events_url":"https://api.github.com/repos/mergifyio-testing/functional-testing-repo-Kontrolix/events","assignees_url":"https://api.github.com/repos/mergifyio-testing/functional-testing-repo-Kontrolix/assignees{/user}","branches_url":"https://api.github.com/repos/mergifyio-testing/functional-testing-repo-Kontrolix/branches{/branch}","tags_url":"https://api.github.com/repos/mergifyio-testing/functional-testing-repo-Kontrolix/tags","blobs_url":"https://api.github.com/repos/mergifyio-testing/functional-testing-repo-Kontrolix/git/blobs{/sha}","git_tags_url":"https://api.github.com/repos/mergifyio-testing/functional-testing-repo-Kontrolix/git/tags{/sha}","git_refs_url":"https://api.github.com/repos/mergifyio-testing/functional-testing-repo-Kontrolix/git/refs{/sha}","trees_url":"https://api.github.com/repos/mergifyio-testing/functional-testing-repo-Kontrolix/git/trees{/sha}","statuses_url":"https://api.github.com/repos/mergifyio-testing/functional-testing-repo-Kontrolix/statuses/{sha}","languages_url":"https://api.github.com/repos/mergifyio-testing/functional-testing-repo-Kontrolix/languages","stargazers_url":"https://api.github.com/repos/mergifyio-testing/functional-testing-repo-Kontrolix/stargazers","contributors_url":"https://api.github.com/repos/mergifyio-testing/functional-testing-repo-Kontrolix/contributors","subscribers_url":"https://api.github.com/repos/mergifyio-testing/functional-testing-repo-Kontrolix/subscribers","subscription_url":"https://api.github.com/repos/mergifyio-testing/functional-testing-repo-Kontrolix/subscription","commits_url":"https://api.github.com/repos/mergifyio-testing/functional-testing-repo-Kontrolix/commits{/sha}","git_commits_url":"https://api.github.com/repos/mergifyio-testing/functional-testing-repo-Kontrolix/git/commits{/sha}","comments_url":"https://api.github.com/repos/mergifyio-testing/functional-testing-repo-Kontrolix/comments{/number}","issue_comment_url":"https://api.github.com/repos/mergifyio-testing/functional-testing-repo-Kontrolix/issues/comments{/number}","contents_url":"https://api.github.com/repos/mergifyio-testing/functional-testing-repo-Kontrolix/contents/{+path}","compare_url":"https://api.github.com/repos/mergifyio-testing/functional-testing-repo-Kontrolix/compare/{base}...{head}","merges_url":"https://api.github.com/repos/mergifyio-testing/functional-testing-repo-Kontrolix/merges","archive_url":"https://api.github.com/repos/mergifyio-testing/functional-testing-repo-Kontrolix/{archive_format}{/ref}","downloads_url":"https://api.github.com/repos/mergifyio-testing/functional-testing-repo-Kontrolix/downloads","issues_url":"https://api.github.com/repos/mergifyio-testing/functional-testing-repo-Kontrolix/issues{/number}","pulls_url":"https://api.github.com/repos/mergifyio-testing/functional-testing-repo-Kontrolix/pulls{/number}","milestones_url":"https://api.github.com/repos/mergifyio-testing/functional-testing-repo-Kontrolix/milestones{/number}","notifications_url":"https://api.github.com/repos/mergifyio-testing/functional-testing-repo-Kontrolix/notifications{?since,all,participating}","labels_url":"https://api.github.com/repos/mergifyio-testing/functional-testing-repo-Kontrolix/labels{/name}","releases_url":"https://api.github.com/repos/mergifyio-testing/functional-testing-repo-Kontrolix/releases{/id}","deployments_url":"https://api.github.com/repos/mergifyio-testing/functional-testing-repo-Kontrolix/deployments","created_at":"2023-05-03T09:24:21Z","updated_at":"2023-05-03T09:24:22Z","pushed_at":"2023-10-16T15:58:14Z","git_url":"git://github.com/mergifyio-testing/functional-testing-repo-Kontrolix.git","ssh_url":"git@github.com:mergifyio-testing/functional-testing-repo-Kontrolix.git","clone_url":"https://github.com/mergifyio-testing/functional-testing-repo-Kontrolix.git","svn_url":"https://github.com/mergifyio-testing/functional-testing-repo-Kontrolix","homepage":null,"size":154,"stargazers_count":0,"watchers_count":0,"language":null,"has_issues":true,"has_projects":true,"has_downloads":true,"has_wiki":true,"has_pages":false,"has_discussions":false,"forks_count":2,"mirror_url":null,"archived":false,"disabled":false,"open_issues_count":8,"license":null,"allow_forking":true,"is_template":false,"web_commit_signoff_required":false,"topics":[],"visibility":"public","forks":2,"open_issues":8,"watchers":0,"default_branch":"main","permissions":{"admin":false,"maintain":false,"push":false,"triage":false,"pull":false},"temp_clone_token":"","allow_squash_merge":true,"allow_merge_commit":true,"allow_rebase_merge":true,"allow_auto_merge":false,"delete_branch_on_merge":true,"allow_update_branch":false,"use_squash_pr_title_as_default":false,"squash_merge_commit_message":"COMMIT_MESSAGES","squash_merge_commit_title":"COMMIT_OR_PR_TITLE","merge_commit_message":"PR_TITLE","merge_commit_title":"MERGE_MESSAGE","organization":{"login":"mergifyio-testing","id":40527191,"node_id":"MDEyOk9yZ2FuaXphdGlvbjQwNTI3MTkx","avatar_url":"https://avatars.githubusercontent.com/u/40527191?v=4","gravatar_id":"","url":"https://api.github.com/users/mergifyio-testing","html_url":"https://github.com/mergifyio-testing","followers_url":"https://api.github.com/users/mergifyio-testing/followers","following_url":"https://api.github.com/users/mergifyio-testing/following{/other_user}","gists_url":"https://api.github.com/users/mergifyio-testing/gists{/gist_id}","starred_url":"https://api.github.com/users/mergifyio-testing/starred{/owner}{/repo}","subscriptions_url":"https://api.github.com/users/mergifyio-testing/subscriptions","organizations_url":"https://api.github.com/users/mergifyio-testing/orgs","repos_url":"https://api.github.com/users/mergifyio-testing/repos","events_url":"https://api.github.com/users/mergifyio-testing/events{/privacy}","received_events_url":"https://api.github.com/users/mergifyio-testing/received_events","type":"Organization","site_admin":false},"security_and_analysis":{"secret_scanning":{"status":"disabled"},"secret_scanning_push_protection":{"status":"disabled"},"dependabot_security_updates":{"status":"disabled"}},"network_count":2,"subscribers_count":0}'
    headers:
      Content-Encoding:
      - gzip
      Content-Type:
      - application/json; charset=utf-8
      Transfer-Encoding:
      - chunked
      X-GitHub-Media-Type:
      - github.v3; param=machine-man-preview; format=json
      x-accepted-github-permissions:
      - metadata=read
      x-github-api-version-selected:
      - '2022-11-28'
    http_version: HTTP/1.1
    status_code: 200
- request:
    body: whatdataisthat
    headers:
      X-Hub-Signature:
      - <SIGNATURE>
      accept:
      - '*/*'
      content-length:
      - '14'
      host:
      - test-forwarder.mergify.com
    method: DELETE
    uri: https://test-forwarder.mergify.com/events/github.com/327815/635704693/20231016155812-test_repo_name_short_wrong
  response:
    base64encoded: false
    content: Event queued
    headers:
      Connection:
      - keep-alive
      Content-Length:
      - '12'
    http_version: HTTP/1.1
    status_code: 202
- request:
    body: whatdataisthat
    headers:
      X-Hub-Signature:
      - <SIGNATURE>
      accept:
      - '*/*'
      content-length:
      - '14'
      host:
      - test-forwarder.mergify.com
    method: GET
    uri: https://test-forwarder.mergify.com/events/github.com/327815/635704693/20231016155812-test_repo_name_short_wrong?counter=1
  response:
    base64encoded: false
    content: '[]'
    headers:
      Connection:
      - keep-alive
      Content-Length:
      - '2'
      Content-Type:
      - application/json
    http_version: HTTP/1.1
    status_code: 200
- request:
    body: whatdataisthat
    headers:
      X-Hub-Signature:
      - <SIGNATURE>
      accept:
      - '*/*'
      content-length:
      - '14'
      host:
      - test-forwarder.mergify.com
    method: GET
    uri: https://test-forwarder.mergify.com/events/github.com/327815/635704693/20231016155812-test_repo_name_short_wrong?counter=2
  response:
    base64encoded: false
    content: '[]'
    headers:
      Connection:
      - keep-alive
      Content-Length:
      - '2'
      Content-Type:
      - application/json
      Nel:
      - '{"report_to":"heroku-nel","max_age":3600,"success_fraction":0.005,"failure_fraction":0.05,"response_headers":["Via"]}'
      Reporting-Endpoints:
      - heroku-nel=https://nel.heroku.com/reports?ts=1697471897&sid=929419e7-33ea-4e2f-85f0-7d8b7cd5cbd6&s=0mdz%2FYT9DI520qytT3mdE9OsIFTJxRlXG5O0AvxgQgU%3D
    http_version: HTTP/1.1
    status_code: 200
- request:
    body: whatdataisthat
    headers:
      X-Hub-Signature:
      - <SIGNATURE>
      accept:
      - '*/*'
      content-length:
      - '14'
      host:
      - test-forwarder.mergify.com
    method: GET
    uri: https://test-forwarder.mergify.com/events/github.com/327815/635704693/20231016155812-test_repo_name_short_wrong?counter=3
  response:
    base64encoded: false
    content: '[]'
    headers:
      Connection:
      - keep-alive
      Content-Length:
      - '2'
      Content-Type:
      - application/json
    http_version: HTTP/1.1
    status_code: 200
- request:
    body: whatdataisthat
    headers:
      X-Hub-Signature:
      - <SIGNATURE>
      accept:
      - '*/*'
      content-length:
      - '14'
      host:
      - test-forwarder.mergify.com
    method: GET
    uri: https://test-forwarder.mergify.com/events/github.com/327815/635704693/20231016155812-test_repo_name_short_wrong?counter=4
  response:
    base64encoded: false
    content: '[{"id":"d1f1f53a-6c3c-11ee-8d4d-cf751b18151c","hook_id":"412739825","type":"push","payload":{"ref":"refs/heads/20231016155812/test_repo_name_short_wrong/main","before":"0000000000000000000000000000000000000000","after":"0d69efd6a71377e4bf2ef24bea73166347a2953f","repository":{"id":635704693,"node_id":"R_kgDOJeQVdQ","name":"functional-testing-repo-Kontrolix","full_name":"mergifyio-testing/functional-testing-repo-Kontrolix","private":false,"owner":{"name":"mergifyio-testing","email":null,"login":"mergifyio-testing","id":40527191,"node_id":"MDEyOk9yZ2FuaXphdGlvbjQwNTI3MTkx","avatar_url":"https://avatars.githubusercontent.com/u/40527191?v=4","gravatar_id":"","url":"https://api.github.com/users/mergifyio-testing","html_url":"https://github.com/mergifyio-testing","followers_url":"https://api.github.com/users/mergifyio-testing/followers","following_url":"https://api.github.com/users/mergifyio-testing/following{/other_user}","gists_url":"https://api.github.com/users/mergifyio-testing/gists{/gist_id}","starred_url":"https://api.github.com/users/mergifyio-testing/starred{/owner}{/repo}","subscriptions_url":"https://api.github.com/users/mergifyio-testing/subscriptions","organizations_url":"https://api.github.com/users/mergifyio-testing/orgs","repos_url":"https://api.github.com/users/mergifyio-testing/repos","events_url":"https://api.github.com/users/mergifyio-testing/events{/privacy}","received_events_url":"https://api.github.com/users/mergifyio-testing/received_events","type":"Organization","site_admin":false},"html_url":"https://github.com/mergifyio-testing/functional-testing-repo-Kontrolix","description":null,"fork":false,"url":"https://github.com/mergifyio-testing/functional-testing-repo-Kontrolix","forks_url":"https://api.github.com/repos/mergifyio-testing/functional-testing-repo-Kontrolix/forks","keys_url":"https://api.github.com/repos/mergifyio-testing/functional-testing-repo-Kontrolix/keys{/key_id}","collaborators_url":"https://api.github.com/repos/mergifyio-testing/functional-testing-repo-Kontrolix/collaborators{/collaborator}","teams_url":"https://api.github.com/repos/mergifyio-testing/functional-testing-repo-Kontrolix/teams","hooks_url":"https://api.github.com/repos/mergifyio-testing/functional-testing-repo-Kontrolix/hooks","issue_events_url":"https://api.github.com/repos/mergifyio-testing/functional-testing-repo-Kontrolix/issues/events{/number}","events_url":"https://api.github.com/repos/mergifyio-testing/functional-testing-repo-Kontrolix/events","assignees_url":"https://api.github.com/repos/mergifyio-testing/functional-testing-repo-Kontrolix/assignees{/user}","branches_url":"https://api.github.com/repos/mergifyio-testing/functional-testing-repo-Kontrolix/branches{/branch}","tags_url":"https://api.github.com/repos/mergifyio-testing/functional-testing-repo-Kontrolix/tags","blobs_url":"https://api.github.com/repos/mergifyio-testing/functional-testing-repo-Kontrolix/git/blobs{/sha}","git_tags_url":"https://api.github.com/repos/mergifyio-testing/functional-testing-repo-Kontrolix/git/tags{/sha}","git_refs_url":"https://api.github.com/repos/mergifyio-testing/functional-testing-repo-Kontrolix/git/refs{/sha}","trees_url":"https://api.github.com/repos/mergifyio-testing/functional-testing-repo-Kontrolix/git/trees{/sha}","statuses_url":"https://api.github.com/repos/mergifyio-testing/functional-testing-repo-Kontrolix/statuses/{sha}","languages_url":"https://api.github.com/repos/mergifyio-testing/functional-testing-repo-Kontrolix/languages","stargazers_url":"https://api.github.com/repos/mergifyio-testing/functional-testing-repo-Kontrolix/stargazers","contributors_url":"https://api.github.com/repos/mergifyio-testing/functional-testing-repo-Kontrolix/contributors","subscribers_url":"https://api.github.com/repos/mergifyio-testing/functional-testing-repo-Kontrolix/subscribers","subscription_url":"https://api.github.com/repos/mergifyio-testing/functional-testing-repo-Kontrolix/subscription","commits_url":"https://api.github.com/repos/mergifyio-testing/functional-testing-repo-Kontrolix/commits{/sha}","git_commits_url":"https://api.github.com/repos/mergifyio-testing/functional-testing-repo-Kontrolix/git/commits{/sha}","comments_url":"https://api.github.com/repos/mergifyio-testing/functional-testing-repo-Kontrolix/comments{/number}","issue_comment_url":"https://api.github.com/repos/mergifyio-testing/functional-testing-repo-Kontrolix/issues/comments{/number}","contents_url":"https://api.github.com/repos/mergifyio-testing/functional-testing-repo-Kontrolix/contents/{+path}","compare_url":"https://api.github.com/repos/mergifyio-testing/functional-testing-repo-Kontrolix/compare/{base}...{head}","merges_url":"https://api.github.com/repos/mergifyio-testing/functional-testing-repo-Kontrolix/merges","archive_url":"https://api.github.com/repos/mergifyio-testing/functional-testing-repo-Kontrolix/{archive_format}{/ref}","downloads_url":"https://api.github.com/repos/mergifyio-testing/functional-testing-repo-Kontrolix/downloads","issues_url":"https://api.github.com/repos/mergifyio-testing/functional-testing-repo-Kontrolix/issues{/number}","pulls_url":"https://api.github.com/repos/mergifyio-testing/functional-testing-repo-Kontrolix/pulls{/number}","milestones_url":"https://api.github.com/repos/mergifyio-testing/functional-testing-repo-Kontrolix/milestones{/number}","notifications_url":"https://api.github.com/repos/mergifyio-testing/functional-testing-repo-Kontrolix/notifications{?since,all,participating}","labels_url":"https://api.github.com/repos/mergifyio-testing/functional-testing-repo-Kontrolix/labels{/name}","releases_url":"https://api.github.com/repos/mergifyio-testing/functional-testing-repo-Kontrolix/releases{/id}","deployments_url":"https://api.github.com/repos/mergifyio-testing/functional-testing-repo-Kontrolix/deployments","created_at":1683105861,"updated_at":"2023-05-03T09:24:22Z","pushed_at":1697471896,"git_url":"git://github.com/mergifyio-testing/functional-testing-repo-Kontrolix.git","ssh_url":"git@github.com:mergifyio-testing/functional-testing-repo-Kontrolix.git","clone_url":"https://github.com/mergifyio-testing/functional-testing-repo-Kontrolix.git","svn_url":"https://github.com/mergifyio-testing/functional-testing-repo-Kontrolix","homepage":null,"size":154,"stargazers_count":0,"watchers_count":0,"language":null,"has_issues":true,"has_projects":true,"has_downloads":true,"has_wiki":true,"has_pages":false,"has_discussions":false,"forks_count":2,"mirror_url":null,"archived":false,"disabled":false,"open_issues_count":8,"license":null,"allow_forking":true,"is_template":false,"web_commit_signoff_required":false,"topics":[],"visibility":"public","forks":2,"open_issues":8,"watchers":0,"default_branch":"main","stargazers":0,"master_branch":"main","organization":"mergifyio-testing"},"pusher":{"name":"mergify-test1","email":"38494943+mergify-test1@users.noreply.github.com"},"organization":{"login":"mergifyio-testing","id":40527191,"node_id":"MDEyOk9yZ2FuaXphdGlvbjQwNTI3MTkx","url":"https://api.github.com/orgs/mergifyio-testing","repos_url":"https://api.github.com/orgs/mergifyio-testing/repos","events_url":"https://api.github.com/orgs/mergifyio-testing/events","hooks_url":"https://api.github.com/orgs/mergifyio-testing/hooks","issues_url":"https://api.github.com/orgs/mergifyio-testing/issues","members_url":"https://api.github.com/orgs/mergifyio-testing/members{/member}","public_members_url":"https://api.github.com/orgs/mergifyio-testing/public_members{/member}","avatar_url":"https://avatars.githubusercontent.com/u/40527191?v=4","description":"This
      account is for testing purpose of the workflow of the GitHub App @Mergifyio"},"sender":{"login":"mergify-test1","id":38494943,"node_id":"MDQ6VXNlcjM4NDk0OTQz","avatar_url":"https://avatars.githubusercontent.com/u/38494943?v=4","gravatar_id":"","url":"https://api.github.com/users/mergify-test1","html_url":"https://github.com/mergify-test1","followers_url":"https://api.github.com/users/mergify-test1/followers","following_url":"https://api.github.com/users/mergify-test1/following{/other_user}","gists_url":"https://api.github.com/users/mergify-test1/gists{/gist_id}","starred_url":"https://api.github.com/users/mergify-test1/starred{/owner}{/repo}","subscriptions_url":"https://api.github.com/users/mergify-test1/subscriptions","organizations_url":"https://api.github.com/users/mergify-test1/orgs","repos_url":"https://api.github.com/users/mergify-test1/repos","events_url":"https://api.github.com/users/mergify-test1/events{/privacy}","received_events_url":"https://api.github.com/users/mergify-test1/received_events","type":"User","site_admin":false},"installation":{"id":37100555,"node_id":"MDIzOkludGVncmF0aW9uSW5zdGFsbGF0aW9uMzcxMDA1NTU="},"created":true,"deleted":false,"forced":false,"base_ref":null,"compare":"https://github.com/mergifyio-testing/functional-testing-repo-Kontrolix/commit/0d69efd6a713","commits":[{"id":"0d69efd6a71377e4bf2ef24bea73166347a2953f","tree_id":"40548f62d59654c71c3c77e38a6598b42e66e749","distinct":true,"message":"initial
      commit","timestamp":"2023-10-16T17:58:15+02:00","url":"https://github.com/mergifyio-testing/functional-testing-repo-Kontrolix/commit/0d69efd6a71377e4bf2ef24bea73166347a2953f","author":{"name":"Mergify","email":"132445501+mergify-kontrolix[bot]@users.noreply.github.com","username":"mergify-kontrolix[bot]"},"committer":{"name":"Mergify","email":"132445501+mergify-kontrolix[bot]@users.noreply.github.com","username":"mergify-kontrolix[bot]"},"added":[".mergify.yml"],"removed":[],"modified":[]}],"head_commit":{"id":"0d69efd6a71377e4bf2ef24bea73166347a2953f","tree_id":"40548f62d59654c71c3c77e38a6598b42e66e749","distinct":true,"message":"initial
      commit","timestamp":"2023-10-16T17:58:15+02:00","url":"https://github.com/mergifyio-testing/functional-testing-repo-Kontrolix/commit/0d69efd6a71377e4bf2ef24bea73166347a2953f","author":{"name":"Mergify","email":"132445501+mergify-kontrolix[bot]@users.noreply.github.com","username":"mergify-kontrolix[bot]"},"committer":{"name":"Mergify","email":"132445501+mergify-kontrolix[bot]@users.noreply.github.com","username":"mergify-kontrolix[bot]"},"added":[".mergify.yml"],"removed":[],"modified":[]}}}]'
    headers:
      Connection:
      - keep-alive
      Content-Length:
      - '10165'
      Content-Type:
      - application/json
    http_version: HTTP/1.1
    status_code: 200
- request:
    body: '{"required_status_checks": {"strict": false, "contexts": ["continuous-integration/fake-ci"]},
      "required_pull_request_reviews": null, "restrictions": null, "enforce_admins":
      false}'
    headers:
      accept:
      - application/vnd.github.luke-cage-preview+json
      content-length:
      - '179'
      content-type:
      - application/json
      host:
      - api.github.com
    method: PUT
    uri: https://api.github.com/repos/mergifyio-testing/functional-testing-repo-Kontrolix/branches/20231016155812/test_repo_name_short_wrong/main/protection
  response:
    base64encoded: false
    content: '{"url":"https://api.github.com/repos/mergifyio-testing/functional-testing-repo-Kontrolix/branches/20231016155812/test_repo_name_short_wrong/main/protection","required_status_checks":{"url":"https://api.github.com/repos/mergifyio-testing/functional-testing-repo-Kontrolix/branches/20231016155812/test_repo_name_short_wrong/main/protection/required_status_checks","strict":false,"contexts":["continuous-integration/fake-ci"],"contexts_url":"https://api.github.com/repos/mergifyio-testing/functional-testing-repo-Kontrolix/branches/20231016155812/test_repo_name_short_wrong/main/protection/required_status_checks/contexts","checks":[{"context":"continuous-integration/fake-ci","app_id":327815}]},"required_signatures":{"url":"https://api.github.com/repos/mergifyio-testing/functional-testing-repo-Kontrolix/branches/20231016155812/test_repo_name_short_wrong/main/protection/required_signatures","enabled":false},"enforce_admins":{"url":"https://api.github.com/repos/mergifyio-testing/functional-testing-repo-Kontrolix/branches/20231016155812/test_repo_name_short_wrong/main/protection/enforce_admins","enabled":false},"required_linear_history":{"enabled":false},"allow_force_pushes":{"enabled":false},"allow_deletions":{"enabled":false},"block_creations":{"enabled":false},"required_conversation_resolution":{"enabled":false},"lock_branch":{"enabled":false},"allow_fork_syncing":{"enabled":false}}'
    headers:
      Content-Encoding:
      - gzip
      Content-Type:
      - application/json; charset=utf-8
      Transfer-Encoding:
      - chunked
      X-Accepted-OAuth-Scopes:
      - ''
      X-GitHub-Media-Type:
      - github.v3; param=luke-cage-preview; format=json
      X-OAuth-Scopes:
      - admin:org, delete_repo, read:public_key, repo, user, workflow
      x-github-api-version-selected:
      - '2022-11-28'
    http_version: HTTP/1.1
    status_code: 200
- request:
    body: whatdataisthat
    headers:
      X-Hub-Signature:
      - <SIGNATURE>
      accept:
      - '*/*'
      content-length:
      - '14'
      host:
      - test-forwarder.mergify.com
    method: GET
    uri: https://test-forwarder.mergify.com/events/github.com/327815/635704693/20231016155812-test_repo_name_short_wrong?counter=5
  response:
    base64encoded: false
    content: '[{"id":"d24d4160-6c3c-11ee-86a6-25377b795bd8","hook_id":"412739825","type":"check_suite","payload":{"action":"requested","check_suite":{"id":17282299497,"node_id":"CS_kwDOJeQVdc8AAAAEBhr2aQ","head_branch":"20231016155812/test_repo_name_short_wrong/main","head_sha":"0d69efd6a71377e4bf2ef24bea73166347a2953f","status":"queued","conclusion":null,"url":"https://api.github.com/repos/mergifyio-testing/functional-testing-repo-Kontrolix/check-suites/17282299497","before":"0000000000000000000000000000000000000000","after":"0d69efd6a71377e4bf2ef24bea73166347a2953f","pull_requests":[],"app":{"id":327815,"slug":"mergify-kontrolix","node_id":"A_kwHOAmplV84ABQCH","owner":{"login":"mergifyio-testing","id":40527191,"node_id":"MDEyOk9yZ2FuaXphdGlvbjQwNTI3MTkx","avatar_url":"https://avatars.githubusercontent.com/u/40527191?v=4","gravatar_id":"","url":"https://api.github.com/users/mergifyio-testing","html_url":"https://github.com/mergifyio-testing","followers_url":"https://api.github.com/users/mergifyio-testing/followers","following_url":"https://api.github.com/users/mergifyio-testing/following{/other_user}","gists_url":"https://api.github.com/users/mergifyio-testing/gists{/gist_id}","starred_url":"https://api.github.com/users/mergifyio-testing/starred{/owner}{/repo}","subscriptions_url":"https://api.github.com/users/mergifyio-testing/subscriptions","organizations_url":"https://api.github.com/users/mergifyio-testing/orgs","repos_url":"https://api.github.com/users/mergifyio-testing/repos","events_url":"https://api.github.com/users/mergifyio-testing/events{/privacy}","received_events_url":"https://api.github.com/users/mergifyio-testing/received_events","type":"Organization","site_admin":false},"name":"mergify-Kontrolix","description":"Mergify
      testing installation for Kontrolix","external_url":"https://mergify.com/","html_url":"https://github.com/apps/mergify-kontrolix","created_at":"2023-05-03T09:24:33Z","updated_at":"2023-08-29T15:41:14Z","permissions":{"actions":"write","administration":"read","checks":"write","contents":"write","emails":"read","issues":"write","members":"read","metadata":"read","pages":"write","pull_requests":"write","statuses":"write","workflows":"write"},"events":["check_run","check_suite","issue_comment","member","membership","organization","pull_request","pull_request_review","pull_request_review_comment","pull_request_review_thread","push","repository","status","team","team_add","workflow_job","workflow_run"]},"created_at":"2023-10-16T15:58:17Z","updated_at":"2023-10-16T15:58:17Z","rerequestable":true,"runs_rerequestable":true,"latest_check_runs_count":0,"check_runs_url":"https://api.github.com/repos/mergifyio-testing/functional-testing-repo-Kontrolix/check-suites/17282299497/check-runs","head_commit":{"id":"0d69efd6a71377e4bf2ef24bea73166347a2953f","tree_id":"40548f62d59654c71c3c77e38a6598b42e66e749","message":"initial
      commit","timestamp":"2023-10-16T15:58:15Z","author":{"name":"Mergify","email":"132445501+mergify-kontrolix[bot]@users.noreply.github.com"},"committer":{"name":"Mergify","email":"132445501+mergify-kontrolix[bot]@users.noreply.github.com"}}},"repository":{"id":635704693,"node_id":"R_kgDOJeQVdQ","name":"functional-testing-repo-Kontrolix","full_name":"mergifyio-testing/functional-testing-repo-Kontrolix","private":false,"owner":{"login":"mergifyio-testing","id":40527191,"node_id":"MDEyOk9yZ2FuaXphdGlvbjQwNTI3MTkx","avatar_url":"https://avatars.githubusercontent.com/u/40527191?v=4","gravatar_id":"","url":"https://api.github.com/users/mergifyio-testing","html_url":"https://github.com/mergifyio-testing","followers_url":"https://api.github.com/users/mergifyio-testing/followers","following_url":"https://api.github.com/users/mergifyio-testing/following{/other_user}","gists_url":"https://api.github.com/users/mergifyio-testing/gists{/gist_id}","starred_url":"https://api.github.com/users/mergifyio-testing/starred{/owner}{/repo}","subscriptions_url":"https://api.github.com/users/mergifyio-testing/subscriptions","organizations_url":"https://api.github.com/users/mergifyio-testing/orgs","repos_url":"https://api.github.com/users/mergifyio-testing/repos","events_url":"https://api.github.com/users/mergifyio-testing/events{/privacy}","received_events_url":"https://api.github.com/users/mergifyio-testing/received_events","type":"Organization","site_admin":false},"html_url":"https://github.com/mergifyio-testing/functional-testing-repo-Kontrolix","description":null,"fork":false,"url":"https://api.github.com/repos/mergifyio-testing/functional-testing-repo-Kontrolix","forks_url":"https://api.github.com/repos/mergifyio-testing/functional-testing-repo-Kontrolix/forks","keys_url":"https://api.github.com/repos/mergifyio-testing/functional-testing-repo-Kontrolix/keys{/key_id}","collaborators_url":"https://api.github.com/repos/mergifyio-testing/functional-testing-repo-Kontrolix/collaborators{/collaborator}","teams_url":"https://api.github.com/repos/mergifyio-testing/functional-testing-repo-Kontrolix/teams","hooks_url":"https://api.github.com/repos/mergifyio-testing/functional-testing-repo-Kontrolix/hooks","issue_events_url":"https://api.github.com/repos/mergifyio-testing/functional-testing-repo-Kontrolix/issues/events{/number}","events_url":"https://api.github.com/repos/mergifyio-testing/functional-testing-repo-Kontrolix/events","assignees_url":"https://api.github.com/repos/mergifyio-testing/functional-testing-repo-Kontrolix/assignees{/user}","branches_url":"https://api.github.com/repos/mergifyio-testing/functional-testing-repo-Kontrolix/branches{/branch}","tags_url":"https://api.github.com/repos/mergifyio-testing/functional-testing-repo-Kontrolix/tags","blobs_url":"https://api.github.com/repos/mergifyio-testing/functional-testing-repo-Kontrolix/git/blobs{/sha}","git_tags_url":"https://api.github.com/repos/mergifyio-testing/functional-testing-repo-Kontrolix/git/tags{/sha}","git_refs_url":"https://api.github.com/repos/mergifyio-testing/functional-testing-repo-Kontrolix/git/refs{/sha}","trees_url":"https://api.github.com/repos/mergifyio-testing/functional-testing-repo-Kontrolix/git/trees{/sha}","statuses_url":"https://api.github.com/repos/mergifyio-testing/functional-testing-repo-Kontrolix/statuses/{sha}","languages_url":"https://api.github.com/repos/mergifyio-testing/functional-testing-repo-Kontrolix/languages","stargazers_url":"https://api.github.com/repos/mergifyio-testing/functional-testing-repo-Kontrolix/stargazers","contributors_url":"https://api.github.com/repos/mergifyio-testing/functional-testing-repo-Kontrolix/contributors","subscribers_url":"https://api.github.com/repos/mergifyio-testing/functional-testing-repo-Kontrolix/subscribers","subscription_url":"https://api.github.com/repos/mergifyio-testing/functional-testing-repo-Kontrolix/subscription","commits_url":"https://api.github.com/repos/mergifyio-testing/functional-testing-repo-Kontrolix/commits{/sha}","git_commits_url":"https://api.github.com/repos/mergifyio-testing/functional-testing-repo-Kontrolix/git/commits{/sha}","comments_url":"https://api.github.com/repos/mergifyio-testing/functional-testing-repo-Kontrolix/comments{/number}","issue_comment_url":"https://api.github.com/repos/mergifyio-testing/functional-testing-repo-Kontrolix/issues/comments{/number}","contents_url":"https://api.github.com/repos/mergifyio-testing/functional-testing-repo-Kontrolix/contents/{+path}","compare_url":"https://api.github.com/repos/mergifyio-testing/functional-testing-repo-Kontrolix/compare/{base}...{head}","merges_url":"https://api.github.com/repos/mergifyio-testing/functional-testing-repo-Kontrolix/merges","archive_url":"https://api.github.com/repos/mergifyio-testing/functional-testing-repo-Kontrolix/{archive_format}{/ref}","downloads_url":"https://api.github.com/repos/mergifyio-testing/functional-testing-repo-Kontrolix/downloads","issues_url":"https://api.github.com/repos/mergifyio-testing/functional-testing-repo-Kontrolix/issues{/number}","pulls_url":"https://api.github.com/repos/mergifyio-testing/functional-testing-repo-Kontrolix/pulls{/number}","milestones_url":"https://api.github.com/repos/mergifyio-testing/functional-testing-repo-Kontrolix/milestones{/number}","notifications_url":"https://api.github.com/repos/mergifyio-testing/functional-testing-repo-Kontrolix/notifications{?since,all,participating}","labels_url":"https://api.github.com/repos/mergifyio-testing/functional-testing-repo-Kontrolix/labels{/name}","releases_url":"https://api.github.com/repos/mergifyio-testing/functional-testing-repo-Kontrolix/releases{/id}","deployments_url":"https://api.github.com/repos/mergifyio-testing/functional-testing-repo-Kontrolix/deployments","created_at":"2023-05-03T09:24:21Z","updated_at":"2023-05-03T09:24:22Z","pushed_at":"2023-10-16T15:58:17Z","git_url":"git://github.com/mergifyio-testing/functional-testing-repo-Kontrolix.git","ssh_url":"git@github.com:mergifyio-testing/functional-testing-repo-Kontrolix.git","clone_url":"https://github.com/mergifyio-testing/functional-testing-repo-Kontrolix.git","svn_url":"https://github.com/mergifyio-testing/functional-testing-repo-Kontrolix","homepage":null,"size":154,"stargazers_count":0,"watchers_count":0,"language":null,"has_issues":true,"has_projects":true,"has_downloads":true,"has_wiki":true,"has_pages":false,"has_discussions":false,"forks_count":2,"mirror_url":null,"archived":false,"disabled":false,"open_issues_count":8,"license":null,"allow_forking":true,"is_template":false,"web_commit_signoff_required":false,"topics":[],"visibility":"public","forks":2,"open_issues":8,"watchers":0,"default_branch":"main"},"organization":{"login":"mergifyio-testing","id":40527191,"node_id":"MDEyOk9yZ2FuaXphdGlvbjQwNTI3MTkx","url":"https://api.github.com/orgs/mergifyio-testing","repos_url":"https://api.github.com/orgs/mergifyio-testing/repos","events_url":"https://api.github.com/orgs/mergifyio-testing/events","hooks_url":"https://api.github.com/orgs/mergifyio-testing/hooks","issues_url":"https://api.github.com/orgs/mergifyio-testing/issues","members_url":"https://api.github.com/orgs/mergifyio-testing/members{/member}","public_members_url":"https://api.github.com/orgs/mergifyio-testing/public_members{/member}","avatar_url":"https://avatars.githubusercontent.com/u/40527191?v=4","description":"This
      account is for testing purpose of the workflow of the GitHub App @Mergifyio"},"sender":{"login":"mergify-test1","id":38494943,"node_id":"MDQ6VXNlcjM4NDk0OTQz","avatar_url":"https://avatars.githubusercontent.com/u/38494943?v=4","gravatar_id":"","url":"https://api.github.com/users/mergify-test1","html_url":"https://github.com/mergify-test1","followers_url":"https://api.github.com/users/mergify-test1/followers","following_url":"https://api.github.com/users/mergify-test1/following{/other_user}","gists_url":"https://api.github.com/users/mergify-test1/gists{/gist_id}","starred_url":"https://api.github.com/users/mergify-test1/starred{/owner}{/repo}","subscriptions_url":"https://api.github.com/users/mergify-test1/subscriptions","organizations_url":"https://api.github.com/users/mergify-test1/orgs","repos_url":"https://api.github.com/users/mergify-test1/repos","events_url":"https://api.github.com/users/mergify-test1/events{/privacy}","received_events_url":"https://api.github.com/users/mergify-test1/received_events","type":"User","site_admin":false},"installation":{"id":37100555,"node_id":"MDIzOkludGVncmF0aW9uSW5zdGFsbGF0aW9uMzcxMDA1NTU="}}}]'
    headers:
      Connection:
      - keep-alive
      Content-Length:
      - '11392'
      Content-Type:
      - application/json
      Nel:
      - '{"report_to":"heroku-nel","max_age":3600,"success_fraction":0.005,"failure_fraction":0.05,"response_headers":["Via"]}'
      Reporting-Endpoints:
      - heroku-nel=https://nel.heroku.com/reports?ts=1697471905&sid=929419e7-33ea-4e2f-85f0-7d8b7cd5cbd6&s=v8I4vx6SlA5dZ%2FAeLgdNFjXOpzTJDtYbyQpbnWvCp0k%3D
    http_version: HTTP/1.1
    status_code: 200
- request:
    body: whatdataisthat
    headers:
      X-Hub-Signature:
      - <SIGNATURE>
      accept:
      - '*/*'
      content-length:
      - '14'
      host:
      - test-forwarder.mergify.com
    method: GET
    uri: https://test-forwarder.mergify.com/events/github.com/327815/635704693/20231016155812-test_repo_name_short_wrong?counter=6
  response:
    base64encoded: false
    content: '[]'
    headers:
      Connection:
      - keep-alive
      Content-Length:
      - '2'
      Content-Type:
      - application/json
    http_version: HTTP/1.1
    status_code: 200
- request:
    body: whatdataisthat
    headers:
      X-Hub-Signature:
      - <SIGNATURE>
      accept:
      - '*/*'
      content-length:
      - '14'
      host:
      - test-forwarder.mergify.com
    method: GET
    uri: https://test-forwarder.mergify.com/events/github.com/327815/635704693/20231016155812-test_repo_name_short_wrong?counter=7
  response:
    base64encoded: false
    content: '[]'
    headers:
      Connection:
      - keep-alive
      Content-Length:
      - '2'
      Content-Type:
      - application/json
      Nel:
      - '{"report_to":"heroku-nel","max_age":3600,"success_fraction":0.005,"failure_fraction":0.05,"response_headers":["Via"]}'
      Reporting-Endpoints:
      - heroku-nel=https://nel.heroku.com/reports?ts=1697471905&sid=929419e7-33ea-4e2f-85f0-7d8b7cd5cbd6&s=v8I4vx6SlA5dZ%2FAeLgdNFjXOpzTJDtYbyQpbnWvCp0k%3D
    http_version: HTTP/1.1
    status_code: 200
- request:
    body: whatdataisthat
    headers:
      X-Hub-Signature:
      - <SIGNATURE>
      accept:
      - '*/*'
      content-length:
      - '14'
      host:
      - test-forwarder.mergify.com
    method: GET
    uri: https://test-forwarder.mergify.com/events/github.com/327815/635704693/20231016155812-test_repo_name_short_wrong?counter=8
  response:
    base64encoded: false
    content: '[{"id":"d6ae0208-6c3c-11ee-91ab-669fb87bd9d9","hook_id":"412739825","type":"push","payload":{"ref":"refs/heads/20231016155812/test_repo_name_short_wrong/integration/pr1","before":"0000000000000000000000000000000000000000","after":"0abf14e74e807478e84164c7fdafc0b8e1824b50","repository":{"id":635704693,"node_id":"R_kgDOJeQVdQ","name":"functional-testing-repo-Kontrolix","full_name":"mergifyio-testing/functional-testing-repo-Kontrolix","private":false,"owner":{"name":"mergifyio-testing","email":null,"login":"mergifyio-testing","id":40527191,"node_id":"MDEyOk9yZ2FuaXphdGlvbjQwNTI3MTkx","avatar_url":"https://avatars.githubusercontent.com/u/40527191?v=4","gravatar_id":"","url":"https://api.github.com/users/mergifyio-testing","html_url":"https://github.com/mergifyio-testing","followers_url":"https://api.github.com/users/mergifyio-testing/followers","following_url":"https://api.github.com/users/mergifyio-testing/following{/other_user}","gists_url":"https://api.github.com/users/mergifyio-testing/gists{/gist_id}","starred_url":"https://api.github.com/users/mergifyio-testing/starred{/owner}{/repo}","subscriptions_url":"https://api.github.com/users/mergifyio-testing/subscriptions","organizations_url":"https://api.github.com/users/mergifyio-testing/orgs","repos_url":"https://api.github.com/users/mergifyio-testing/repos","events_url":"https://api.github.com/users/mergifyio-testing/events{/privacy}","received_events_url":"https://api.github.com/users/mergifyio-testing/received_events","type":"Organization","site_admin":false},"html_url":"https://github.com/mergifyio-testing/functional-testing-repo-Kontrolix","description":null,"fork":false,"url":"https://github.com/mergifyio-testing/functional-testing-repo-Kontrolix","forks_url":"https://api.github.com/repos/mergifyio-testing/functional-testing-repo-Kontrolix/forks","keys_url":"https://api.github.com/repos/mergifyio-testing/functional-testing-repo-Kontrolix/keys{/key_id}","collaborators_url":"https://api.github.com/repos/mergifyio-testing/functional-testing-repo-Kontrolix/collaborators{/collaborator}","teams_url":"https://api.github.com/repos/mergifyio-testing/functional-testing-repo-Kontrolix/teams","hooks_url":"https://api.github.com/repos/mergifyio-testing/functional-testing-repo-Kontrolix/hooks","issue_events_url":"https://api.github.com/repos/mergifyio-testing/functional-testing-repo-Kontrolix/issues/events{/number}","events_url":"https://api.github.com/repos/mergifyio-testing/functional-testing-repo-Kontrolix/events","assignees_url":"https://api.github.com/repos/mergifyio-testing/functional-testing-repo-Kontrolix/assignees{/user}","branches_url":"https://api.github.com/repos/mergifyio-testing/functional-testing-repo-Kontrolix/branches{/branch}","tags_url":"https://api.github.com/repos/mergifyio-testing/functional-testing-repo-Kontrolix/tags","blobs_url":"https://api.github.com/repos/mergifyio-testing/functional-testing-repo-Kontrolix/git/blobs{/sha}","git_tags_url":"https://api.github.com/repos/mergifyio-testing/functional-testing-repo-Kontrolix/git/tags{/sha}","git_refs_url":"https://api.github.com/repos/mergifyio-testing/functional-testing-repo-Kontrolix/git/refs{/sha}","trees_url":"https://api.github.com/repos/mergifyio-testing/functional-testing-repo-Kontrolix/git/trees{/sha}","statuses_url":"https://api.github.com/repos/mergifyio-testing/functional-testing-repo-Kontrolix/statuses/{sha}","languages_url":"https://api.github.com/repos/mergifyio-testing/functional-testing-repo-Kontrolix/languages","stargazers_url":"https://api.github.com/repos/mergifyio-testing/functional-testing-repo-Kontrolix/stargazers","contributors_url":"https://api.github.com/repos/mergifyio-testing/functional-testing-repo-Kontrolix/contributors","subscribers_url":"https://api.github.com/repos/mergifyio-testing/functional-testing-repo-Kontrolix/subscribers","subscription_url":"https://api.github.com/repos/mergifyio-testing/functional-testing-repo-Kontrolix/subscription","commits_url":"https://api.github.com/repos/mergifyio-testing/functional-testing-repo-Kontrolix/commits{/sha}","git_commits_url":"https://api.github.com/repos/mergifyio-testing/functional-testing-repo-Kontrolix/git/commits{/sha}","comments_url":"https://api.github.com/repos/mergifyio-testing/functional-testing-repo-Kontrolix/comments{/number}","issue_comment_url":"https://api.github.com/repos/mergifyio-testing/functional-testing-repo-Kontrolix/issues/comments{/number}","contents_url":"https://api.github.com/repos/mergifyio-testing/functional-testing-repo-Kontrolix/contents/{+path}","compare_url":"https://api.github.com/repos/mergifyio-testing/functional-testing-repo-Kontrolix/compare/{base}...{head}","merges_url":"https://api.github.com/repos/mergifyio-testing/functional-testing-repo-Kontrolix/merges","archive_url":"https://api.github.com/repos/mergifyio-testing/functional-testing-repo-Kontrolix/{archive_format}{/ref}","downloads_url":"https://api.github.com/repos/mergifyio-testing/functional-testing-repo-Kontrolix/downloads","issues_url":"https://api.github.com/repos/mergifyio-testing/functional-testing-repo-Kontrolix/issues{/number}","pulls_url":"https://api.github.com/repos/mergifyio-testing/functional-testing-repo-Kontrolix/pulls{/number}","milestones_url":"https://api.github.com/repos/mergifyio-testing/functional-testing-repo-Kontrolix/milestones{/number}","notifications_url":"https://api.github.com/repos/mergifyio-testing/functional-testing-repo-Kontrolix/notifications{?since,all,participating}","labels_url":"https://api.github.com/repos/mergifyio-testing/functional-testing-repo-Kontrolix/labels{/name}","releases_url":"https://api.github.com/repos/mergifyio-testing/functional-testing-repo-Kontrolix/releases{/id}","deployments_url":"https://api.github.com/repos/mergifyio-testing/functional-testing-repo-Kontrolix/deployments","created_at":1683105861,"updated_at":"2023-05-03T09:24:22Z","pushed_at":1697471904,"git_url":"git://github.com/mergifyio-testing/functional-testing-repo-Kontrolix.git","ssh_url":"git@github.com:mergifyio-testing/functional-testing-repo-Kontrolix.git","clone_url":"https://github.com/mergifyio-testing/functional-testing-repo-Kontrolix.git","svn_url":"https://github.com/mergifyio-testing/functional-testing-repo-Kontrolix","homepage":null,"size":154,"stargazers_count":0,"watchers_count":0,"language":null,"has_issues":true,"has_projects":true,"has_downloads":true,"has_wiki":true,"has_pages":false,"has_discussions":false,"forks_count":2,"mirror_url":null,"archived":false,"disabled":false,"open_issues_count":8,"license":null,"allow_forking":true,"is_template":false,"web_commit_signoff_required":false,"topics":[],"visibility":"public","forks":2,"open_issues":8,"watchers":0,"default_branch":"main","stargazers":0,"master_branch":"main","organization":"mergifyio-testing"},"pusher":{"name":"mergify-test1","email":"38494943+mergify-test1@users.noreply.github.com"},"organization":{"login":"mergifyio-testing","id":40527191,"node_id":"MDEyOk9yZ2FuaXphdGlvbjQwNTI3MTkx","url":"https://api.github.com/orgs/mergifyio-testing","repos_url":"https://api.github.com/orgs/mergifyio-testing/repos","events_url":"https://api.github.com/orgs/mergifyio-testing/events","hooks_url":"https://api.github.com/orgs/mergifyio-testing/hooks","issues_url":"https://api.github.com/orgs/mergifyio-testing/issues","members_url":"https://api.github.com/orgs/mergifyio-testing/members{/member}","public_members_url":"https://api.github.com/orgs/mergifyio-testing/public_members{/member}","avatar_url":"https://avatars.githubusercontent.com/u/40527191?v=4","description":"This
      account is for testing purpose of the workflow of the GitHub App @Mergifyio"},"sender":{"login":"mergify-test1","id":38494943,"node_id":"MDQ6VXNlcjM4NDk0OTQz","avatar_url":"https://avatars.githubusercontent.com/u/38494943?v=4","gravatar_id":"","url":"https://api.github.com/users/mergify-test1","html_url":"https://github.com/mergify-test1","followers_url":"https://api.github.com/users/mergify-test1/followers","following_url":"https://api.github.com/users/mergify-test1/following{/other_user}","gists_url":"https://api.github.com/users/mergify-test1/gists{/gist_id}","starred_url":"https://api.github.com/users/mergify-test1/starred{/owner}{/repo}","subscriptions_url":"https://api.github.com/users/mergify-test1/subscriptions","organizations_url":"https://api.github.com/users/mergify-test1/orgs","repos_url":"https://api.github.com/users/mergify-test1/repos","events_url":"https://api.github.com/users/mergify-test1/events{/privacy}","received_events_url":"https://api.github.com/users/mergify-test1/received_events","type":"User","site_admin":false},"installation":{"id":37100555,"node_id":"MDIzOkludGVncmF0aW9uSW5zdGFsbGF0aW9uMzcxMDA1NTU="},"created":true,"deleted":false,"forced":false,"base_ref":null,"compare":"https://github.com/mergifyio-testing/functional-testing-repo-Kontrolix/commit/0abf14e74e80","commits":[{"id":"0abf14e74e807478e84164c7fdafc0b8e1824b50","tree_id":"34c99284d49ba35f8b4c4cbd6757fea87e4faf6f","distinct":true,"message":"test_repo_name_short_wrong:
      pull request n1 from integration","timestamp":"2023-10-16T17:58:23+02:00","url":"https://github.com/mergifyio-testing/functional-testing-repo-Kontrolix/commit/0abf14e74e807478e84164c7fdafc0b8e1824b50","author":{"name":"Mergify","email":"132445501+mergify-kontrolix[bot]@users.noreply.github.com","username":"mergify-kontrolix[bot]"},"committer":{"name":"Mergify","email":"132445501+mergify-kontrolix[bot]@users.noreply.github.com","username":"mergify-kontrolix[bot]"},"added":["test1"],"removed":[],"modified":[]}],"head_commit":{"id":"0abf14e74e807478e84164c7fdafc0b8e1824b50","tree_id":"34c99284d49ba35f8b4c4cbd6757fea87e4faf6f","distinct":true,"message":"test_repo_name_short_wrong:
      pull request n1 from integration","timestamp":"2023-10-16T17:58:23+02:00","url":"https://github.com/mergifyio-testing/functional-testing-repo-Kontrolix/commit/0abf14e74e807478e84164c7fdafc0b8e1824b50","author":{"name":"Mergify","email":"132445501+mergify-kontrolix[bot]@users.noreply.github.com","username":"mergify-kontrolix[bot]"},"committer":{"name":"Mergify","email":"132445501+mergify-kontrolix[bot]@users.noreply.github.com","username":"mergify-kontrolix[bot]"},"added":["test1"],"removed":[],"modified":[]}}}]'
    headers:
      Connection:
      - keep-alive
      Content-Length:
      - '10254'
      Content-Type:
      - application/json
    http_version: HTTP/1.1
    status_code: 200
- request:
    body: '{"base": "20231016155812/test_repo_name_short_wrong/main", "head": "mergifyio-testing:20231016155812/test_repo_name_short_wrong/integration/pr1",
      "title": "test_repo_name_short_wrong: pull request n1 from integration", "body":
      "test_repo_name_short_wrong: pull request n1 from integration", "draft": false}'
    headers:
      accept:
      - application/vnd.github.machine-man-preview+json
      content-length:
      - '306'
      content-type:
      - application/json
      host:
      - api.github.com
    method: POST
    uri: https://api.github.com/repos/mergifyio-testing/functional-testing-repo-Kontrolix/pulls
  response:
    base64encoded: false
    content: '{"url":"https://api.github.com/repos/mergifyio-testing/functional-testing-repo-Kontrolix/pulls/4062","id":1558939575,"node_id":"PR_kwDOJeQVdc5c64e3","html_url":"https://github.com/mergifyio-testing/functional-testing-repo-Kontrolix/pull/4062","diff_url":"https://github.com/mergifyio-testing/functional-testing-repo-Kontrolix/pull/4062.diff","patch_url":"https://github.com/mergifyio-testing/functional-testing-repo-Kontrolix/pull/4062.patch","issue_url":"https://api.github.com/repos/mergifyio-testing/functional-testing-repo-Kontrolix/issues/4062","number":4062,"state":"open","locked":false,"title":"test_repo_name_short_wrong:
      pull request n1 from integration","user":{"login":"mergify-kontrolix[bot]","id":132445501,"node_id":"BOT_kgDOB-T1PQ","avatar_url":"https://avatars.githubusercontent.com/u/40527191?v=4","gravatar_id":"","url":"https://api.github.com/users/mergify-kontrolix%5Bbot%5D","html_url":"https://github.com/apps/mergify-kontrolix","followers_url":"https://api.github.com/users/mergify-kontrolix%5Bbot%5D/followers","following_url":"https://api.github.com/users/mergify-kontrolix%5Bbot%5D/following{/other_user}","gists_url":"https://api.github.com/users/mergify-kontrolix%5Bbot%5D/gists{/gist_id}","starred_url":"https://api.github.com/users/mergify-kontrolix%5Bbot%5D/starred{/owner}{/repo}","subscriptions_url":"https://api.github.com/users/mergify-kontrolix%5Bbot%5D/subscriptions","organizations_url":"https://api.github.com/users/mergify-kontrolix%5Bbot%5D/orgs","repos_url":"https://api.github.com/users/mergify-kontrolix%5Bbot%5D/repos","events_url":"https://api.github.com/users/mergify-kontrolix%5Bbot%5D/events{/privacy}","received_events_url":"https://api.github.com/users/mergify-kontrolix%5Bbot%5D/received_events","type":"Bot","site_admin":false},"body":"test_repo_name_short_wrong:
      pull request n1 from integration","created_at":"2023-10-16T15:58:28Z","updated_at":"2023-10-16T15:58:28Z","closed_at":null,"merged_at":null,"merge_commit_sha":null,"assignee":null,"assignees":[],"requested_reviewers":[],"requested_teams":[],"labels":[],"milestone":null,"draft":false,"commits_url":"https://api.github.com/repos/mergifyio-testing/functional-testing-repo-Kontrolix/pulls/4062/commits","review_comments_url":"https://api.github.com/repos/mergifyio-testing/functional-testing-repo-Kontrolix/pulls/4062/comments","review_comment_url":"https://api.github.com/repos/mergifyio-testing/functional-testing-repo-Kontrolix/pulls/comments{/number}","comments_url":"https://api.github.com/repos/mergifyio-testing/functional-testing-repo-Kontrolix/issues/4062/comments","statuses_url":"https://api.github.com/repos/mergifyio-testing/functional-testing-repo-Kontrolix/statuses/0abf14e74e807478e84164c7fdafc0b8e1824b50","head":{"label":"mergifyio-testing:20231016155812/test_repo_name_short_wrong/integration/pr1","ref":"20231016155812/test_repo_name_short_wrong/integration/pr1","sha":"0abf14e74e807478e84164c7fdafc0b8e1824b50","user":{"login":"mergifyio-testing","id":40527191,"node_id":"MDEyOk9yZ2FuaXphdGlvbjQwNTI3MTkx","avatar_url":"https://avatars.githubusercontent.com/u/40527191?v=4","gravatar_id":"","url":"https://api.github.com/users/mergifyio-testing","html_url":"https://github.com/mergifyio-testing","followers_url":"https://api.github.com/users/mergifyio-testing/followers","following_url":"https://api.github.com/users/mergifyio-testing/following{/other_user}","gists_url":"https://api.github.com/users/mergifyio-testing/gists{/gist_id}","starred_url":"https://api.github.com/users/mergifyio-testing/starred{/owner}{/repo}","subscriptions_url":"https://api.github.com/users/mergifyio-testing/subscriptions","organizations_url":"https://api.github.com/users/mergifyio-testing/orgs","repos_url":"https://api.github.com/users/mergifyio-testing/repos","events_url":"https://api.github.com/users/mergifyio-testing/events{/privacy}","received_events_url":"https://api.github.com/users/mergifyio-testing/received_events","type":"Organization","site_admin":false},"repo":{"id":635704693,"node_id":"R_kgDOJeQVdQ","name":"functional-testing-repo-Kontrolix","full_name":"mergifyio-testing/functional-testing-repo-Kontrolix","private":false,"owner":{"login":"mergifyio-testing","id":40527191,"node_id":"MDEyOk9yZ2FuaXphdGlvbjQwNTI3MTkx","avatar_url":"https://avatars.githubusercontent.com/u/40527191?v=4","gravatar_id":"","url":"https://api.github.com/users/mergifyio-testing","html_url":"https://github.com/mergifyio-testing","followers_url":"https://api.github.com/users/mergifyio-testing/followers","following_url":"https://api.github.com/users/mergifyio-testing/following{/other_user}","gists_url":"https://api.github.com/users/mergifyio-testing/gists{/gist_id}","starred_url":"https://api.github.com/users/mergifyio-testing/starred{/owner}{/repo}","subscriptions_url":"https://api.github.com/users/mergifyio-testing/subscriptions","organizations_url":"https://api.github.com/users/mergifyio-testing/orgs","repos_url":"https://api.github.com/users/mergifyio-testing/repos","events_url":"https://api.github.com/users/mergifyio-testing/events{/privacy}","received_events_url":"https://api.github.com/users/mergifyio-testing/received_events","type":"Organization","site_admin":false},"html_url":"https://github.com/mergifyio-testing/functional-testing-repo-Kontrolix","description":null,"fork":false,"url":"https://api.github.com/repos/mergifyio-testing/functional-testing-repo-Kontrolix","forks_url":"https://api.github.com/repos/mergifyio-testing/functional-testing-repo-Kontrolix/forks","keys_url":"https://api.github.com/repos/mergifyio-testing/functional-testing-repo-Kontrolix/keys{/key_id}","collaborators_url":"https://api.github.com/repos/mergifyio-testing/functional-testing-repo-Kontrolix/collaborators{/collaborator}","teams_url":"https://api.github.com/repos/mergifyio-testing/functional-testing-repo-Kontrolix/teams","hooks_url":"https://api.github.com/repos/mergifyio-testing/functional-testing-repo-Kontrolix/hooks","issue_events_url":"https://api.github.com/repos/mergifyio-testing/functional-testing-repo-Kontrolix/issues/events{/number}","events_url":"https://api.github.com/repos/mergifyio-testing/functional-testing-repo-Kontrolix/events","assignees_url":"https://api.github.com/repos/mergifyio-testing/functional-testing-repo-Kontrolix/assignees{/user}","branches_url":"https://api.github.com/repos/mergifyio-testing/functional-testing-repo-Kontrolix/branches{/branch}","tags_url":"https://api.github.com/repos/mergifyio-testing/functional-testing-repo-Kontrolix/tags","blobs_url":"https://api.github.com/repos/mergifyio-testing/functional-testing-repo-Kontrolix/git/blobs{/sha}","git_tags_url":"https://api.github.com/repos/mergifyio-testing/functional-testing-repo-Kontrolix/git/tags{/sha}","git_refs_url":"https://api.github.com/repos/mergifyio-testing/functional-testing-repo-Kontrolix/git/refs{/sha}","trees_url":"https://api.github.com/repos/mergifyio-testing/functional-testing-repo-Kontrolix/git/trees{/sha}","statuses_url":"https://api.github.com/repos/mergifyio-testing/functional-testing-repo-Kontrolix/statuses/{sha}","languages_url":"https://api.github.com/repos/mergifyio-testing/functional-testing-repo-Kontrolix/languages","stargazers_url":"https://api.github.com/repos/mergifyio-testing/functional-testing-repo-Kontrolix/stargazers","contributors_url":"https://api.github.com/repos/mergifyio-testing/functional-testing-repo-Kontrolix/contributors","subscribers_url":"https://api.github.com/repos/mergifyio-testing/functional-testing-repo-Kontrolix/subscribers","subscription_url":"https://api.github.com/repos/mergifyio-testing/functional-testing-repo-Kontrolix/subscription","commits_url":"https://api.github.com/repos/mergifyio-testing/functional-testing-repo-Kontrolix/commits{/sha}","git_commits_url":"https://api.github.com/repos/mergifyio-testing/functional-testing-repo-Kontrolix/git/commits{/sha}","comments_url":"https://api.github.com/repos/mergifyio-testing/functional-testing-repo-Kontrolix/comments{/number}","issue_comment_url":"https://api.github.com/repos/mergifyio-testing/functional-testing-repo-Kontrolix/issues/comments{/number}","contents_url":"https://api.github.com/repos/mergifyio-testing/functional-testing-repo-Kontrolix/contents/{+path}","compare_url":"https://api.github.com/repos/mergifyio-testing/functional-testing-repo-Kontrolix/compare/{base}...{head}","merges_url":"https://api.github.com/repos/mergifyio-testing/functional-testing-repo-Kontrolix/merges","archive_url":"https://api.github.com/repos/mergifyio-testing/functional-testing-repo-Kontrolix/{archive_format}{/ref}","downloads_url":"https://api.github.com/repos/mergifyio-testing/functional-testing-repo-Kontrolix/downloads","issues_url":"https://api.github.com/repos/mergifyio-testing/functional-testing-repo-Kontrolix/issues{/number}","pulls_url":"https://api.github.com/repos/mergifyio-testing/functional-testing-repo-Kontrolix/pulls{/number}","milestones_url":"https://api.github.com/repos/mergifyio-testing/functional-testing-repo-Kontrolix/milestones{/number}","notifications_url":"https://api.github.com/repos/mergifyio-testing/functional-testing-repo-Kontrolix/notifications{?since,all,participating}","labels_url":"https://api.github.com/repos/mergifyio-testing/functional-testing-repo-Kontrolix/labels{/name}","releases_url":"https://api.github.com/repos/mergifyio-testing/functional-testing-repo-Kontrolix/releases{/id}","deployments_url":"https://api.github.com/repos/mergifyio-testing/functional-testing-repo-Kontrolix/deployments","created_at":"2023-05-03T09:24:21Z","updated_at":"2023-05-03T09:24:22Z","pushed_at":"2023-10-16T15:58:27Z","git_url":"git://github.com/mergifyio-testing/functional-testing-repo-Kontrolix.git","ssh_url":"git@github.com:mergifyio-testing/functional-testing-repo-Kontrolix.git","clone_url":"https://github.com/mergifyio-testing/functional-testing-repo-Kontrolix.git","svn_url":"https://github.com/mergifyio-testing/functional-testing-repo-Kontrolix","homepage":null,"size":154,"stargazers_count":0,"watchers_count":0,"language":null,"has_issues":true,"has_projects":true,"has_downloads":true,"has_wiki":true,"has_pages":false,"has_discussions":false,"forks_count":2,"mirror_url":null,"archived":false,"disabled":false,"open_issues_count":10,"license":null,"allow_forking":true,"is_template":false,"web_commit_signoff_required":false,"topics":[],"visibility":"public","forks":2,"open_issues":10,"watchers":0,"default_branch":"main"}},"base":{"label":"mergifyio-testing:20231016155812/test_repo_name_short_wrong/main","ref":"20231016155812/test_repo_name_short_wrong/main","sha":"0d69efd6a71377e4bf2ef24bea73166347a2953f","user":{"login":"mergifyio-testing","id":40527191,"node_id":"MDEyOk9yZ2FuaXphdGlvbjQwNTI3MTkx","avatar_url":"https://avatars.githubusercontent.com/u/40527191?v=4","gravatar_id":"","url":"https://api.github.com/users/mergifyio-testing","html_url":"https://github.com/mergifyio-testing","followers_url":"https://api.github.com/users/mergifyio-testing/followers","following_url":"https://api.github.com/users/mergifyio-testing/following{/other_user}","gists_url":"https://api.github.com/users/mergifyio-testing/gists{/gist_id}","starred_url":"https://api.github.com/users/mergifyio-testing/starred{/owner}{/repo}","subscriptions_url":"https://api.github.com/users/mergifyio-testing/subscriptions","organizations_url":"https://api.github.com/users/mergifyio-testing/orgs","repos_url":"https://api.github.com/users/mergifyio-testing/repos","events_url":"https://api.github.com/users/mergifyio-testing/events{/privacy}","received_events_url":"https://api.github.com/users/mergifyio-testing/received_events","type":"Organization","site_admin":false},"repo":{"id":635704693,"node_id":"R_kgDOJeQVdQ","name":"functional-testing-repo-Kontrolix","full_name":"mergifyio-testing/functional-testing-repo-Kontrolix","private":false,"owner":{"login":"mergifyio-testing","id":40527191,"node_id":"MDEyOk9yZ2FuaXphdGlvbjQwNTI3MTkx","avatar_url":"https://avatars.githubusercontent.com/u/40527191?v=4","gravatar_id":"","url":"https://api.github.com/users/mergifyio-testing","html_url":"https://github.com/mergifyio-testing","followers_url":"https://api.github.com/users/mergifyio-testing/followers","following_url":"https://api.github.com/users/mergifyio-testing/following{/other_user}","gists_url":"https://api.github.com/users/mergifyio-testing/gists{/gist_id}","starred_url":"https://api.github.com/users/mergifyio-testing/starred{/owner}{/repo}","subscriptions_url":"https://api.github.com/users/mergifyio-testing/subscriptions","organizations_url":"https://api.github.com/users/mergifyio-testing/orgs","repos_url":"https://api.github.com/users/mergifyio-testing/repos","events_url":"https://api.github.com/users/mergifyio-testing/events{/privacy}","received_events_url":"https://api.github.com/users/mergifyio-testing/received_events","type":"Organization","site_admin":false},"html_url":"https://github.com/mergifyio-testing/functional-testing-repo-Kontrolix","description":null,"fork":false,"url":"https://api.github.com/repos/mergifyio-testing/functional-testing-repo-Kontrolix","forks_url":"https://api.github.com/repos/mergifyio-testing/functional-testing-repo-Kontrolix/forks","keys_url":"https://api.github.com/repos/mergifyio-testing/functional-testing-repo-Kontrolix/keys{/key_id}","collaborators_url":"https://api.github.com/repos/mergifyio-testing/functional-testing-repo-Kontrolix/collaborators{/collaborator}","teams_url":"https://api.github.com/repos/mergifyio-testing/functional-testing-repo-Kontrolix/teams","hooks_url":"https://api.github.com/repos/mergifyio-testing/functional-testing-repo-Kontrolix/hooks","issue_events_url":"https://api.github.com/repos/mergifyio-testing/functional-testing-repo-Kontrolix/issues/events{/number}","events_url":"https://api.github.com/repos/mergifyio-testing/functional-testing-repo-Kontrolix/events","assignees_url":"https://api.github.com/repos/mergifyio-testing/functional-testing-repo-Kontrolix/assignees{/user}","branches_url":"https://api.github.com/repos/mergifyio-testing/functional-testing-repo-Kontrolix/branches{/branch}","tags_url":"https://api.github.com/repos/mergifyio-testing/functional-testing-repo-Kontrolix/tags","blobs_url":"https://api.github.com/repos/mergifyio-testing/functional-testing-repo-Kontrolix/git/blobs{/sha}","git_tags_url":"https://api.github.com/repos/mergifyio-testing/functional-testing-repo-Kontrolix/git/tags{/sha}","git_refs_url":"https://api.github.com/repos/mergifyio-testing/functional-testing-repo-Kontrolix/git/refs{/sha}","trees_url":"https://api.github.com/repos/mergifyio-testing/functional-testing-repo-Kontrolix/git/trees{/sha}","statuses_url":"https://api.github.com/repos/mergifyio-testing/functional-testing-repo-Kontrolix/statuses/{sha}","languages_url":"https://api.github.com/repos/mergifyio-testing/functional-testing-repo-Kontrolix/languages","stargazers_url":"https://api.github.com/repos/mergifyio-testing/functional-testing-repo-Kontrolix/stargazers","contributors_url":"https://api.github.com/repos/mergifyio-testing/functional-testing-repo-Kontrolix/contributors","subscribers_url":"https://api.github.com/repos/mergifyio-testing/functional-testing-repo-Kontrolix/subscribers","subscription_url":"https://api.github.com/repos/mergifyio-testing/functional-testing-repo-Kontrolix/subscription","commits_url":"https://api.github.com/repos/mergifyio-testing/functional-testing-repo-Kontrolix/commits{/sha}","git_commits_url":"https://api.github.com/repos/mergifyio-testing/functional-testing-repo-Kontrolix/git/commits{/sha}","comments_url":"https://api.github.com/repos/mergifyio-testing/functional-testing-repo-Kontrolix/comments{/number}","issue_comment_url":"https://api.github.com/repos/mergifyio-testing/functional-testing-repo-Kontrolix/issues/comments{/number}","contents_url":"https://api.github.com/repos/mergifyio-testing/functional-testing-repo-Kontrolix/contents/{+path}","compare_url":"https://api.github.com/repos/mergifyio-testing/functional-testing-repo-Kontrolix/compare/{base}...{head}","merges_url":"https://api.github.com/repos/mergifyio-testing/functional-testing-repo-Kontrolix/merges","archive_url":"https://api.github.com/repos/mergifyio-testing/functional-testing-repo-Kontrolix/{archive_format}{/ref}","downloads_url":"https://api.github.com/repos/mergifyio-testing/functional-testing-repo-Kontrolix/downloads","issues_url":"https://api.github.com/repos/mergifyio-testing/functional-testing-repo-Kontrolix/issues{/number}","pulls_url":"https://api.github.com/repos/mergifyio-testing/functional-testing-repo-Kontrolix/pulls{/number}","milestones_url":"https://api.github.com/repos/mergifyio-testing/functional-testing-repo-Kontrolix/milestones{/number}","notifications_url":"https://api.github.com/repos/mergifyio-testing/functional-testing-repo-Kontrolix/notifications{?since,all,participating}","labels_url":"https://api.github.com/repos/mergifyio-testing/functional-testing-repo-Kontrolix/labels{/name}","releases_url":"https://api.github.com/repos/mergifyio-testing/functional-testing-repo-Kontrolix/releases{/id}","deployments_url":"https://api.github.com/repos/mergifyio-testing/functional-testing-repo-Kontrolix/deployments","created_at":"2023-05-03T09:24:21Z","updated_at":"2023-05-03T09:24:22Z","pushed_at":"2023-10-16T15:58:27Z","git_url":"git://github.com/mergifyio-testing/functional-testing-repo-Kontrolix.git","ssh_url":"git@github.com:mergifyio-testing/functional-testing-repo-Kontrolix.git","clone_url":"https://github.com/mergifyio-testing/functional-testing-repo-Kontrolix.git","svn_url":"https://github.com/mergifyio-testing/functional-testing-repo-Kontrolix","homepage":null,"size":154,"stargazers_count":0,"watchers_count":0,"language":null,"has_issues":true,"has_projects":true,"has_downloads":true,"has_wiki":true,"has_pages":false,"has_discussions":false,"forks_count":2,"mirror_url":null,"archived":false,"disabled":false,"open_issues_count":10,"license":null,"allow_forking":true,"is_template":false,"web_commit_signoff_required":false,"topics":[],"visibility":"public","forks":2,"open_issues":10,"watchers":0,"default_branch":"main"}},"_links":{"self":{"href":"https://api.github.com/repos/mergifyio-testing/functional-testing-repo-Kontrolix/pulls/4062"},"html":{"href":"https://github.com/mergifyio-testing/functional-testing-repo-Kontrolix/pull/4062"},"issue":{"href":"https://api.github.com/repos/mergifyio-testing/functional-testing-repo-Kontrolix/issues/4062"},"comments":{"href":"https://api.github.com/repos/mergifyio-testing/functional-testing-repo-Kontrolix/issues/4062/comments"},"review_comments":{"href":"https://api.github.com/repos/mergifyio-testing/functional-testing-repo-Kontrolix/pulls/4062/comments"},"review_comment":{"href":"https://api.github.com/repos/mergifyio-testing/functional-testing-repo-Kontrolix/pulls/comments{/number}"},"commits":{"href":"https://api.github.com/repos/mergifyio-testing/functional-testing-repo-Kontrolix/pulls/4062/commits"},"statuses":{"href":"https://api.github.com/repos/mergifyio-testing/functional-testing-repo-Kontrolix/statuses/0abf14e74e807478e84164c7fdafc0b8e1824b50"}},"author_association":"CONTRIBUTOR","auto_merge":null,"active_lock_reason":null,"merged":false,"mergeable":null,"rebaseable":null,"mergeable_state":"unknown","merged_by":null,"comments":0,"review_comments":0,"maintainer_can_modify":false,"commits":1,"additions":0,"deletions":0,"changed_files":1}'
    headers:
      Content-Length:
      - '19388'
      Content-Type:
      - application/json; charset=utf-8
      Location:
      - https://api.github.com/repos/mergifyio-testing/functional-testing-repo-Kontrolix/pulls/4062
      X-GitHub-Media-Type:
      - github.v3; param=machine-man-preview; format=json
      x-accepted-github-permissions:
      - pull_requests=write
      x-github-api-version-selected:
      - '2022-11-28'
    http_version: HTTP/1.1
    status_code: 201
- request:
    body: whatdataisthat
    headers:
      X-Hub-Signature:
      - <SIGNATURE>
      accept:
      - '*/*'
      content-length:
      - '14'
      host:
      - test-forwarder.mergify.com
    method: GET
    uri: https://test-forwarder.mergify.com/events/github.com/327815/635704693/20231016155812-test_repo_name_short_wrong?counter=9
  response:
    base64encoded: false
    content: '[{"id":"d70f0f30-6c3c-11ee-9bb0-94069e51e6c7","hook_id":"412739825","type":"check_suite","payload":{"action":"requested","check_suite":{"id":17282304442,"node_id":"CS_kwDOJeQVdc8AAAAEBhsJug","head_branch":"20231016155812/test_repo_name_short_wrong/integration/pr1","head_sha":"0abf14e74e807478e84164c7fdafc0b8e1824b50","status":"queued","conclusion":null,"url":"https://api.github.com/repos/mergifyio-testing/functional-testing-repo-Kontrolix/check-suites/17282304442","before":"0000000000000000000000000000000000000000","after":"0abf14e74e807478e84164c7fdafc0b8e1824b50","pull_requests":[],"app":{"id":327815,"slug":"mergify-kontrolix","node_id":"A_kwHOAmplV84ABQCH","owner":{"login":"mergifyio-testing","id":40527191,"node_id":"MDEyOk9yZ2FuaXphdGlvbjQwNTI3MTkx","avatar_url":"https://avatars.githubusercontent.com/u/40527191?v=4","gravatar_id":"","url":"https://api.github.com/users/mergifyio-testing","html_url":"https://github.com/mergifyio-testing","followers_url":"https://api.github.com/users/mergifyio-testing/followers","following_url":"https://api.github.com/users/mergifyio-testing/following{/other_user}","gists_url":"https://api.github.com/users/mergifyio-testing/gists{/gist_id}","starred_url":"https://api.github.com/users/mergifyio-testing/starred{/owner}{/repo}","subscriptions_url":"https://api.github.com/users/mergifyio-testing/subscriptions","organizations_url":"https://api.github.com/users/mergifyio-testing/orgs","repos_url":"https://api.github.com/users/mergifyio-testing/repos","events_url":"https://api.github.com/users/mergifyio-testing/events{/privacy}","received_events_url":"https://api.github.com/users/mergifyio-testing/received_events","type":"Organization","site_admin":false},"name":"mergify-Kontrolix","description":"Mergify
      testing installation for Kontrolix","external_url":"https://mergify.com/","html_url":"https://github.com/apps/mergify-kontrolix","created_at":"2023-05-03T09:24:33Z","updated_at":"2023-08-29T15:41:14Z","permissions":{"actions":"write","administration":"read","checks":"write","contents":"write","emails":"read","issues":"write","members":"read","metadata":"read","pages":"write","pull_requests":"write","statuses":"write","workflows":"write"},"events":["check_run","check_suite","issue_comment","member","membership","organization","pull_request","pull_request_review","pull_request_review_comment","pull_request_review_thread","push","repository","status","team","team_add","workflow_job","workflow_run"]},"created_at":"2023-10-16T15:58:25Z","updated_at":"2023-10-16T15:58:25Z","rerequestable":true,"runs_rerequestable":true,"latest_check_runs_count":0,"check_runs_url":"https://api.github.com/repos/mergifyio-testing/functional-testing-repo-Kontrolix/check-suites/17282304442/check-runs","head_commit":{"id":"0abf14e74e807478e84164c7fdafc0b8e1824b50","tree_id":"34c99284d49ba35f8b4c4cbd6757fea87e4faf6f","message":"test_repo_name_short_wrong:
      pull request n1 from integration","timestamp":"2023-10-16T15:58:23Z","author":{"name":"Mergify","email":"132445501+mergify-kontrolix[bot]@users.noreply.github.com"},"committer":{"name":"Mergify","email":"132445501+mergify-kontrolix[bot]@users.noreply.github.com"}}},"repository":{"id":635704693,"node_id":"R_kgDOJeQVdQ","name":"functional-testing-repo-Kontrolix","full_name":"mergifyio-testing/functional-testing-repo-Kontrolix","private":false,"owner":{"login":"mergifyio-testing","id":40527191,"node_id":"MDEyOk9yZ2FuaXphdGlvbjQwNTI3MTkx","avatar_url":"https://avatars.githubusercontent.com/u/40527191?v=4","gravatar_id":"","url":"https://api.github.com/users/mergifyio-testing","html_url":"https://github.com/mergifyio-testing","followers_url":"https://api.github.com/users/mergifyio-testing/followers","following_url":"https://api.github.com/users/mergifyio-testing/following{/other_user}","gists_url":"https://api.github.com/users/mergifyio-testing/gists{/gist_id}","starred_url":"https://api.github.com/users/mergifyio-testing/starred{/owner}{/repo}","subscriptions_url":"https://api.github.com/users/mergifyio-testing/subscriptions","organizations_url":"https://api.github.com/users/mergifyio-testing/orgs","repos_url":"https://api.github.com/users/mergifyio-testing/repos","events_url":"https://api.github.com/users/mergifyio-testing/events{/privacy}","received_events_url":"https://api.github.com/users/mergifyio-testing/received_events","type":"Organization","site_admin":false},"html_url":"https://github.com/mergifyio-testing/functional-testing-repo-Kontrolix","description":null,"fork":false,"url":"https://api.github.com/repos/mergifyio-testing/functional-testing-repo-Kontrolix","forks_url":"https://api.github.com/repos/mergifyio-testing/functional-testing-repo-Kontrolix/forks","keys_url":"https://api.github.com/repos/mergifyio-testing/functional-testing-repo-Kontrolix/keys{/key_id}","collaborators_url":"https://api.github.com/repos/mergifyio-testing/functional-testing-repo-Kontrolix/collaborators{/collaborator}","teams_url":"https://api.github.com/repos/mergifyio-testing/functional-testing-repo-Kontrolix/teams","hooks_url":"https://api.github.com/repos/mergifyio-testing/functional-testing-repo-Kontrolix/hooks","issue_events_url":"https://api.github.com/repos/mergifyio-testing/functional-testing-repo-Kontrolix/issues/events{/number}","events_url":"https://api.github.com/repos/mergifyio-testing/functional-testing-repo-Kontrolix/events","assignees_url":"https://api.github.com/repos/mergifyio-testing/functional-testing-repo-Kontrolix/assignees{/user}","branches_url":"https://api.github.com/repos/mergifyio-testing/functional-testing-repo-Kontrolix/branches{/branch}","tags_url":"https://api.github.com/repos/mergifyio-testing/functional-testing-repo-Kontrolix/tags","blobs_url":"https://api.github.com/repos/mergifyio-testing/functional-testing-repo-Kontrolix/git/blobs{/sha}","git_tags_url":"https://api.github.com/repos/mergifyio-testing/functional-testing-repo-Kontrolix/git/tags{/sha}","git_refs_url":"https://api.github.com/repos/mergifyio-testing/functional-testing-repo-Kontrolix/git/refs{/sha}","trees_url":"https://api.github.com/repos/mergifyio-testing/functional-testing-repo-Kontrolix/git/trees{/sha}","statuses_url":"https://api.github.com/repos/mergifyio-testing/functional-testing-repo-Kontrolix/statuses/{sha}","languages_url":"https://api.github.com/repos/mergifyio-testing/functional-testing-repo-Kontrolix/languages","stargazers_url":"https://api.github.com/repos/mergifyio-testing/functional-testing-repo-Kontrolix/stargazers","contributors_url":"https://api.github.com/repos/mergifyio-testing/functional-testing-repo-Kontrolix/contributors","subscribers_url":"https://api.github.com/repos/mergifyio-testing/functional-testing-repo-Kontrolix/subscribers","subscription_url":"https://api.github.com/repos/mergifyio-testing/functional-testing-repo-Kontrolix/subscription","commits_url":"https://api.github.com/repos/mergifyio-testing/functional-testing-repo-Kontrolix/commits{/sha}","git_commits_url":"https://api.github.com/repos/mergifyio-testing/functional-testing-repo-Kontrolix/git/commits{/sha}","comments_url":"https://api.github.com/repos/mergifyio-testing/functional-testing-repo-Kontrolix/comments{/number}","issue_comment_url":"https://api.github.com/repos/mergifyio-testing/functional-testing-repo-Kontrolix/issues/comments{/number}","contents_url":"https://api.github.com/repos/mergifyio-testing/functional-testing-repo-Kontrolix/contents/{+path}","compare_url":"https://api.github.com/repos/mergifyio-testing/functional-testing-repo-Kontrolix/compare/{base}...{head}","merges_url":"https://api.github.com/repos/mergifyio-testing/functional-testing-repo-Kontrolix/merges","archive_url":"https://api.github.com/repos/mergifyio-testing/functional-testing-repo-Kontrolix/{archive_format}{/ref}","downloads_url":"https://api.github.com/repos/mergifyio-testing/functional-testing-repo-Kontrolix/downloads","issues_url":"https://api.github.com/repos/mergifyio-testing/functional-testing-repo-Kontrolix/issues{/number}","pulls_url":"https://api.github.com/repos/mergifyio-testing/functional-testing-repo-Kontrolix/pulls{/number}","milestones_url":"https://api.github.com/repos/mergifyio-testing/functional-testing-repo-Kontrolix/milestones{/number}","notifications_url":"https://api.github.com/repos/mergifyio-testing/functional-testing-repo-Kontrolix/notifications{?since,all,participating}","labels_url":"https://api.github.com/repos/mergifyio-testing/functional-testing-repo-Kontrolix/labels{/name}","releases_url":"https://api.github.com/repos/mergifyio-testing/functional-testing-repo-Kontrolix/releases{/id}","deployments_url":"https://api.github.com/repos/mergifyio-testing/functional-testing-repo-Kontrolix/deployments","created_at":"2023-05-03T09:24:21Z","updated_at":"2023-05-03T09:24:22Z","pushed_at":"2023-10-16T15:58:25Z","git_url":"git://github.com/mergifyio-testing/functional-testing-repo-Kontrolix.git","ssh_url":"git@github.com:mergifyio-testing/functional-testing-repo-Kontrolix.git","clone_url":"https://github.com/mergifyio-testing/functional-testing-repo-Kontrolix.git","svn_url":"https://github.com/mergifyio-testing/functional-testing-repo-Kontrolix","homepage":null,"size":154,"stargazers_count":0,"watchers_count":0,"language":null,"has_issues":true,"has_projects":true,"has_downloads":true,"has_wiki":true,"has_pages":false,"has_discussions":false,"forks_count":2,"mirror_url":null,"archived":false,"disabled":false,"open_issues_count":8,"license":null,"allow_forking":true,"is_template":false,"web_commit_signoff_required":false,"topics":[],"visibility":"public","forks":2,"open_issues":8,"watchers":0,"default_branch":"main"},"organization":{"login":"mergifyio-testing","id":40527191,"node_id":"MDEyOk9yZ2FuaXphdGlvbjQwNTI3MTkx","url":"https://api.github.com/orgs/mergifyio-testing","repos_url":"https://api.github.com/orgs/mergifyio-testing/repos","events_url":"https://api.github.com/orgs/mergifyio-testing/events","hooks_url":"https://api.github.com/orgs/mergifyio-testing/hooks","issues_url":"https://api.github.com/orgs/mergifyio-testing/issues","members_url":"https://api.github.com/orgs/mergifyio-testing/members{/member}","public_members_url":"https://api.github.com/orgs/mergifyio-testing/public_members{/member}","avatar_url":"https://avatars.githubusercontent.com/u/40527191?v=4","description":"This
      account is for testing purpose of the workflow of the GitHub App @Mergifyio"},"sender":{"login":"mergify-test1","id":38494943,"node_id":"MDQ6VXNlcjM4NDk0OTQz","avatar_url":"https://avatars.githubusercontent.com/u/38494943?v=4","gravatar_id":"","url":"https://api.github.com/users/mergify-test1","html_url":"https://github.com/mergify-test1","followers_url":"https://api.github.com/users/mergify-test1/followers","following_url":"https://api.github.com/users/mergify-test1/following{/other_user}","gists_url":"https://api.github.com/users/mergify-test1/gists{/gist_id}","starred_url":"https://api.github.com/users/mergify-test1/starred{/owner}{/repo}","subscriptions_url":"https://api.github.com/users/mergify-test1/subscriptions","organizations_url":"https://api.github.com/users/mergify-test1/orgs","repos_url":"https://api.github.com/users/mergify-test1/repos","events_url":"https://api.github.com/users/mergify-test1/events{/privacy}","received_events_url":"https://api.github.com/users/mergify-test1/received_events","type":"User","site_admin":false},"installation":{"id":37100555,"node_id":"MDIzOkludGVncmF0aW9uSW5zdGFsbGF0aW9uMzcxMDA1NTU="}}}]'
    headers:
      Connection:
      - keep-alive
      Content-Length:
      - '11449'
      Content-Type:
      - application/json
    http_version: HTTP/1.1
    status_code: 200
- request:
    body: whatdataisthat
    headers:
      X-Hub-Signature:
      - <SIGNATURE>
      accept:
      - '*/*'
      content-length:
      - '14'
      host:
      - test-forwarder.mergify.com
    method: GET
    uri: https://test-forwarder.mergify.com/events/github.com/327815/635704693/20231016155812-test_repo_name_short_wrong?counter=10
  response:
    base64encoded: false
    content: '[]'
    headers:
      Connection:
      - keep-alive
      Content-Length:
      - '2'
      Content-Type:
      - application/json
      Nel:
      - '{"report_to":"heroku-nel","max_age":3600,"success_fraction":0.005,"failure_fraction":0.05,"response_headers":["Via"]}'
      Reporting-Endpoints:
      - heroku-nel=https://nel.heroku.com/reports?ts=1697471909&sid=929419e7-33ea-4e2f-85f0-7d8b7cd5cbd6&s=neUfhSMqUv6aEDk9YnXYaDmgrL%2BEfptYj4BfXjUH2tw%3D
    http_version: HTTP/1.1
    status_code: 200
- request:
    body: whatdataisthat
    headers:
      X-Hub-Signature:
      - <SIGNATURE>
      accept:
      - '*/*'
      content-length:
      - '14'
      host:
      - test-forwarder.mergify.com
    method: GET
    uri: https://test-forwarder.mergify.com/events/github.com/327815/635704693/20231016155812-test_repo_name_short_wrong?counter=11
  response:
    base64encoded: false
    content: '[]'
    headers:
      Connection:
      - keep-alive
      Content-Length:
      - '2'
      Content-Type:
      - application/json
      Nel:
      - '{"report_to":"heroku-nel","max_age":3600,"success_fraction":0.005,"failure_fraction":0.05,"response_headers":["Via"]}'
      Reporting-Endpoints:
      - heroku-nel=https://nel.heroku.com/reports?ts=1697471910&sid=929419e7-33ea-4e2f-85f0-7d8b7cd5cbd6&s=FX2dqFGb3%2BoDVi9g9HVYDiGASLuvWSoCBquP7rtDE9I%3D
    http_version: HTTP/1.1
    status_code: 200
- request:
    body: whatdataisthat
    headers:
      X-Hub-Signature:
      - <SIGNATURE>
      accept:
      - '*/*'
      content-length:
      - '14'
      host:
      - test-forwarder.mergify.com
    method: GET
    uri: https://test-forwarder.mergify.com/events/github.com/327815/635704693/20231016155812-test_repo_name_short_wrong?counter=12
  response:
    base64encoded: false
    content: '[]'
    headers:
      Connection:
      - keep-alive
      Content-Length:
      - '2'
      Content-Type:
      - application/json
    http_version: HTTP/1.1
    status_code: 200
- request:
    body: whatdataisthat
    headers:
      X-Hub-Signature:
      - <SIGNATURE>
      accept:
      - '*/*'
      content-length:
      - '14'
      host:
      - test-forwarder.mergify.com
    method: GET
    uri: https://test-forwarder.mergify.com/events/github.com/327815/635704693/20231016155812-test_repo_name_short_wrong?counter=13
  response:
    base64encoded: false
    content: '[]'
    headers:
      Connection:
      - keep-alive
      Content-Length:
      - '2'
      Content-Type:
      - application/json
    http_version: HTTP/1.1
    status_code: 200
- request:
    body: whatdataisthat
    headers:
      X-Hub-Signature:
      - <SIGNATURE>
      accept:
      - '*/*'
      content-length:
      - '14'
      host:
      - test-forwarder.mergify.com
    method: GET
    uri: https://test-forwarder.mergify.com/events/github.com/327815/635704693/20231016155812-test_repo_name_short_wrong?counter=14
  response:
    base64encoded: false
    content: '[]'
    headers:
      Connection:
      - keep-alive
      Content-Length:
      - '2'
      Content-Type:
      - application/json
      Nel:
      - '{"report_to":"heroku-nel","max_age":3600,"success_fraction":0.005,"failure_fraction":0.05,"response_headers":["Via"]}'
      Reporting-Endpoints:
      - heroku-nel=https://nel.heroku.com/reports?ts=1697471910&sid=929419e7-33ea-4e2f-85f0-7d8b7cd5cbd6&s=FX2dqFGb3%2BoDVi9g9HVYDiGASLuvWSoCBquP7rtDE9I%3D
    http_version: HTTP/1.1
    status_code: 200
- request:
    body: whatdataisthat
    headers:
      X-Hub-Signature:
      - <SIGNATURE>
      accept:
      - '*/*'
      content-length:
      - '14'
      host:
      - test-forwarder.mergify.com
    method: GET
    uri: https://test-forwarder.mergify.com/events/github.com/327815/635704693/20231016155812-test_repo_name_short_wrong?counter=15
  response:
    base64encoded: false
    content: '[{"id":"d9a411f0-6c3c-11ee-8ea4-53a3e002cede","hook_id":"412739825","type":"pull_request","payload":{"action":"opened","number":4062,"pull_request":{"url":"https://api.github.com/repos/mergifyio-testing/functional-testing-repo-Kontrolix/pulls/4062","id":1558939575,"node_id":"PR_kwDOJeQVdc5c64e3","html_url":"https://github.com/mergifyio-testing/functional-testing-repo-Kontrolix/pull/4062","diff_url":"https://github.com/mergifyio-testing/functional-testing-repo-Kontrolix/pull/4062.diff","patch_url":"https://github.com/mergifyio-testing/functional-testing-repo-Kontrolix/pull/4062.patch","issue_url":"https://api.github.com/repos/mergifyio-testing/functional-testing-repo-Kontrolix/issues/4062","number":4062,"state":"open","locked":false,"title":"test_repo_name_short_wrong:
      pull request n1 from integration","user":{"login":"mergify-kontrolix[bot]","id":132445501,"node_id":"BOT_kgDOB-T1PQ","avatar_url":"https://avatars.githubusercontent.com/u/40527191?v=4","gravatar_id":"","url":"https://api.github.com/users/mergify-kontrolix%5Bbot%5D","html_url":"https://github.com/apps/mergify-kontrolix","followers_url":"https://api.github.com/users/mergify-kontrolix%5Bbot%5D/followers","following_url":"https://api.github.com/users/mergify-kontrolix%5Bbot%5D/following{/other_user}","gists_url":"https://api.github.com/users/mergify-kontrolix%5Bbot%5D/gists{/gist_id}","starred_url":"https://api.github.com/users/mergify-kontrolix%5Bbot%5D/starred{/owner}{/repo}","subscriptions_url":"https://api.github.com/users/mergify-kontrolix%5Bbot%5D/subscriptions","organizations_url":"https://api.github.com/users/mergify-kontrolix%5Bbot%5D/orgs","repos_url":"https://api.github.com/users/mergify-kontrolix%5Bbot%5D/repos","events_url":"https://api.github.com/users/mergify-kontrolix%5Bbot%5D/events{/privacy}","received_events_url":"https://api.github.com/users/mergify-kontrolix%5Bbot%5D/received_events","type":"Bot","site_admin":false},"body":"test_repo_name_short_wrong:
      pull request n1 from integration","created_at":"2023-10-16T15:58:28Z","updated_at":"2023-10-16T15:58:28Z","closed_at":null,"merged_at":null,"merge_commit_sha":"2821438c19b6011b5b1ee181d8831df449fc6006","assignee":null,"assignees":[],"requested_reviewers":[],"requested_teams":[],"labels":[],"milestone":null,"draft":false,"commits_url":"https://api.github.com/repos/mergifyio-testing/functional-testing-repo-Kontrolix/pulls/4062/commits","review_comments_url":"https://api.github.com/repos/mergifyio-testing/functional-testing-repo-Kontrolix/pulls/4062/comments","review_comment_url":"https://api.github.com/repos/mergifyio-testing/functional-testing-repo-Kontrolix/pulls/comments{/number}","comments_url":"https://api.github.com/repos/mergifyio-testing/functional-testing-repo-Kontrolix/issues/4062/comments","statuses_url":"https://api.github.com/repos/mergifyio-testing/functional-testing-repo-Kontrolix/statuses/0abf14e74e807478e84164c7fdafc0b8e1824b50","head":{"label":"mergifyio-testing:20231016155812/test_repo_name_short_wrong/integration/pr1","ref":"20231016155812/test_repo_name_short_wrong/integration/pr1","sha":"0abf14e74e807478e84164c7fdafc0b8e1824b50","user":{"login":"mergifyio-testing","id":40527191,"node_id":"MDEyOk9yZ2FuaXphdGlvbjQwNTI3MTkx","avatar_url":"https://avatars.githubusercontent.com/u/40527191?v=4","gravatar_id":"","url":"https://api.github.com/users/mergifyio-testing","html_url":"https://github.com/mergifyio-testing","followers_url":"https://api.github.com/users/mergifyio-testing/followers","following_url":"https://api.github.com/users/mergifyio-testing/following{/other_user}","gists_url":"https://api.github.com/users/mergifyio-testing/gists{/gist_id}","starred_url":"https://api.github.com/users/mergifyio-testing/starred{/owner}{/repo}","subscriptions_url":"https://api.github.com/users/mergifyio-testing/subscriptions","organizations_url":"https://api.github.com/users/mergifyio-testing/orgs","repos_url":"https://api.github.com/users/mergifyio-testing/repos","events_url":"https://api.github.com/users/mergifyio-testing/events{/privacy}","received_events_url":"https://api.github.com/users/mergifyio-testing/received_events","type":"Organization","site_admin":false},"repo":{"id":635704693,"node_id":"R_kgDOJeQVdQ","name":"functional-testing-repo-Kontrolix","full_name":"mergifyio-testing/functional-testing-repo-Kontrolix","private":false,"owner":{"login":"mergifyio-testing","id":40527191,"node_id":"MDEyOk9yZ2FuaXphdGlvbjQwNTI3MTkx","avatar_url":"https://avatars.githubusercontent.com/u/40527191?v=4","gravatar_id":"","url":"https://api.github.com/users/mergifyio-testing","html_url":"https://github.com/mergifyio-testing","followers_url":"https://api.github.com/users/mergifyio-testing/followers","following_url":"https://api.github.com/users/mergifyio-testing/following{/other_user}","gists_url":"https://api.github.com/users/mergifyio-testing/gists{/gist_id}","starred_url":"https://api.github.com/users/mergifyio-testing/starred{/owner}{/repo}","subscriptions_url":"https://api.github.com/users/mergifyio-testing/subscriptions","organizations_url":"https://api.github.com/users/mergifyio-testing/orgs","repos_url":"https://api.github.com/users/mergifyio-testing/repos","events_url":"https://api.github.com/users/mergifyio-testing/events{/privacy}","received_events_url":"https://api.github.com/users/mergifyio-testing/received_events","type":"Organization","site_admin":false},"html_url":"https://github.com/mergifyio-testing/functional-testing-repo-Kontrolix","description":null,"fork":false,"url":"https://api.github.com/repos/mergifyio-testing/functional-testing-repo-Kontrolix","forks_url":"https://api.github.com/repos/mergifyio-testing/functional-testing-repo-Kontrolix/forks","keys_url":"https://api.github.com/repos/mergifyio-testing/functional-testing-repo-Kontrolix/keys{/key_id}","collaborators_url":"https://api.github.com/repos/mergifyio-testing/functional-testing-repo-Kontrolix/collaborators{/collaborator}","teams_url":"https://api.github.com/repos/mergifyio-testing/functional-testing-repo-Kontrolix/teams","hooks_url":"https://api.github.com/repos/mergifyio-testing/functional-testing-repo-Kontrolix/hooks","issue_events_url":"https://api.github.com/repos/mergifyio-testing/functional-testing-repo-Kontrolix/issues/events{/number}","events_url":"https://api.github.com/repos/mergifyio-testing/functional-testing-repo-Kontrolix/events","assignees_url":"https://api.github.com/repos/mergifyio-testing/functional-testing-repo-Kontrolix/assignees{/user}","branches_url":"https://api.github.com/repos/mergifyio-testing/functional-testing-repo-Kontrolix/branches{/branch}","tags_url":"https://api.github.com/repos/mergifyio-testing/functional-testing-repo-Kontrolix/tags","blobs_url":"https://api.github.com/repos/mergifyio-testing/functional-testing-repo-Kontrolix/git/blobs{/sha}","git_tags_url":"https://api.github.com/repos/mergifyio-testing/functional-testing-repo-Kontrolix/git/tags{/sha}","git_refs_url":"https://api.github.com/repos/mergifyio-testing/functional-testing-repo-Kontrolix/git/refs{/sha}","trees_url":"https://api.github.com/repos/mergifyio-testing/functional-testing-repo-Kontrolix/git/trees{/sha}","statuses_url":"https://api.github.com/repos/mergifyio-testing/functional-testing-repo-Kontrolix/statuses/{sha}","languages_url":"https://api.github.com/repos/mergifyio-testing/functional-testing-repo-Kontrolix/languages","stargazers_url":"https://api.github.com/repos/mergifyio-testing/functional-testing-repo-Kontrolix/stargazers","contributors_url":"https://api.github.com/repos/mergifyio-testing/functional-testing-repo-Kontrolix/contributors","subscribers_url":"https://api.github.com/repos/mergifyio-testing/functional-testing-repo-Kontrolix/subscribers","subscription_url":"https://api.github.com/repos/mergifyio-testing/functional-testing-repo-Kontrolix/subscription","commits_url":"https://api.github.com/repos/mergifyio-testing/functional-testing-repo-Kontrolix/commits{/sha}","git_commits_url":"https://api.github.com/repos/mergifyio-testing/functional-testing-repo-Kontrolix/git/commits{/sha}","comments_url":"https://api.github.com/repos/mergifyio-testing/functional-testing-repo-Kontrolix/comments{/number}","issue_comment_url":"https://api.github.com/repos/mergifyio-testing/functional-testing-repo-Kontrolix/issues/comments{/number}","contents_url":"https://api.github.com/repos/mergifyio-testing/functional-testing-repo-Kontrolix/contents/{+path}","compare_url":"https://api.github.com/repos/mergifyio-testing/functional-testing-repo-Kontrolix/compare/{base}...{head}","merges_url":"https://api.github.com/repos/mergifyio-testing/functional-testing-repo-Kontrolix/merges","archive_url":"https://api.github.com/repos/mergifyio-testing/functional-testing-repo-Kontrolix/{archive_format}{/ref}","downloads_url":"https://api.github.com/repos/mergifyio-testing/functional-testing-repo-Kontrolix/downloads","issues_url":"https://api.github.com/repos/mergifyio-testing/functional-testing-repo-Kontrolix/issues{/number}","pulls_url":"https://api.github.com/repos/mergifyio-testing/functional-testing-repo-Kontrolix/pulls{/number}","milestones_url":"https://api.github.com/repos/mergifyio-testing/functional-testing-repo-Kontrolix/milestones{/number}","notifications_url":"https://api.github.com/repos/mergifyio-testing/functional-testing-repo-Kontrolix/notifications{?since,all,participating}","labels_url":"https://api.github.com/repos/mergifyio-testing/functional-testing-repo-Kontrolix/labels{/name}","releases_url":"https://api.github.com/repos/mergifyio-testing/functional-testing-repo-Kontrolix/releases{/id}","deployments_url":"https://api.github.com/repos/mergifyio-testing/functional-testing-repo-Kontrolix/deployments","created_at":"2023-05-03T09:24:21Z","updated_at":"2023-05-03T09:24:22Z","pushed_at":"2023-10-16T15:58:29Z","git_url":"git://github.com/mergifyio-testing/functional-testing-repo-Kontrolix.git","ssh_url":"git@github.com:mergifyio-testing/functional-testing-repo-Kontrolix.git","clone_url":"https://github.com/mergifyio-testing/functional-testing-repo-Kontrolix.git","svn_url":"https://github.com/mergifyio-testing/functional-testing-repo-Kontrolix","homepage":null,"size":154,"stargazers_count":0,"watchers_count":0,"language":null,"has_issues":true,"has_projects":true,"has_downloads":true,"has_wiki":true,"has_pages":false,"has_discussions":false,"forks_count":2,"mirror_url":null,"archived":false,"disabled":false,"open_issues_count":10,"license":null,"allow_forking":true,"is_template":false,"web_commit_signoff_required":false,"topics":[],"visibility":"public","forks":2,"open_issues":10,"watchers":0,"default_branch":"main","allow_squash_merge":true,"allow_merge_commit":true,"allow_rebase_merge":true,"allow_auto_merge":false,"delete_branch_on_merge":true,"allow_update_branch":false,"use_squash_pr_title_as_default":false,"squash_merge_commit_message":"COMMIT_MESSAGES","squash_merge_commit_title":"COMMIT_OR_PR_TITLE","merge_commit_message":"PR_TITLE","merge_commit_title":"MERGE_MESSAGE"}},"base":{"label":"mergifyio-testing:20231016155812/test_repo_name_short_wrong/main","ref":"20231016155812/test_repo_name_short_wrong/main","sha":"0d69efd6a71377e4bf2ef24bea73166347a2953f","user":{"login":"mergifyio-testing","id":40527191,"node_id":"MDEyOk9yZ2FuaXphdGlvbjQwNTI3MTkx","avatar_url":"https://avatars.githubusercontent.com/u/40527191?v=4","gravatar_id":"","url":"https://api.github.com/users/mergifyio-testing","html_url":"https://github.com/mergifyio-testing","followers_url":"https://api.github.com/users/mergifyio-testing/followers","following_url":"https://api.github.com/users/mergifyio-testing/following{/other_user}","gists_url":"https://api.github.com/users/mergifyio-testing/gists{/gist_id}","starred_url":"https://api.github.com/users/mergifyio-testing/starred{/owner}{/repo}","subscriptions_url":"https://api.github.com/users/mergifyio-testing/subscriptions","organizations_url":"https://api.github.com/users/mergifyio-testing/orgs","repos_url":"https://api.github.com/users/mergifyio-testing/repos","events_url":"https://api.github.com/users/mergifyio-testing/events{/privacy}","received_events_url":"https://api.github.com/users/mergifyio-testing/received_events","type":"Organization","site_admin":false},"repo":{"id":635704693,"node_id":"R_kgDOJeQVdQ","name":"functional-testing-repo-Kontrolix","full_name":"mergifyio-testing/functional-testing-repo-Kontrolix","private":false,"owner":{"login":"mergifyio-testing","id":40527191,"node_id":"MDEyOk9yZ2FuaXphdGlvbjQwNTI3MTkx","avatar_url":"https://avatars.githubusercontent.com/u/40527191?v=4","gravatar_id":"","url":"https://api.github.com/users/mergifyio-testing","html_url":"https://github.com/mergifyio-testing","followers_url":"https://api.github.com/users/mergifyio-testing/followers","following_url":"https://api.github.com/users/mergifyio-testing/following{/other_user}","gists_url":"https://api.github.com/users/mergifyio-testing/gists{/gist_id}","starred_url":"https://api.github.com/users/mergifyio-testing/starred{/owner}{/repo}","subscriptions_url":"https://api.github.com/users/mergifyio-testing/subscriptions","organizations_url":"https://api.github.com/users/mergifyio-testing/orgs","repos_url":"https://api.github.com/users/mergifyio-testing/repos","events_url":"https://api.github.com/users/mergifyio-testing/events{/privacy}","received_events_url":"https://api.github.com/users/mergifyio-testing/received_events","type":"Organization","site_admin":false},"html_url":"https://github.com/mergifyio-testing/functional-testing-repo-Kontrolix","description":null,"fork":false,"url":"https://api.github.com/repos/mergifyio-testing/functional-testing-repo-Kontrolix","forks_url":"https://api.github.com/repos/mergifyio-testing/functional-testing-repo-Kontrolix/forks","keys_url":"https://api.github.com/repos/mergifyio-testing/functional-testing-repo-Kontrolix/keys{/key_id}","collaborators_url":"https://api.github.com/repos/mergifyio-testing/functional-testing-repo-Kontrolix/collaborators{/collaborator}","teams_url":"https://api.github.com/repos/mergifyio-testing/functional-testing-repo-Kontrolix/teams","hooks_url":"https://api.github.com/repos/mergifyio-testing/functional-testing-repo-Kontrolix/hooks","issue_events_url":"https://api.github.com/repos/mergifyio-testing/functional-testing-repo-Kontrolix/issues/events{/number}","events_url":"https://api.github.com/repos/mergifyio-testing/functional-testing-repo-Kontrolix/events","assignees_url":"https://api.github.com/repos/mergifyio-testing/functional-testing-repo-Kontrolix/assignees{/user}","branches_url":"https://api.github.com/repos/mergifyio-testing/functional-testing-repo-Kontrolix/branches{/branch}","tags_url":"https://api.github.com/repos/mergifyio-testing/functional-testing-repo-Kontrolix/tags","blobs_url":"https://api.github.com/repos/mergifyio-testing/functional-testing-repo-Kontrolix/git/blobs{/sha}","git_tags_url":"https://api.github.com/repos/mergifyio-testing/functional-testing-repo-Kontrolix/git/tags{/sha}","git_refs_url":"https://api.github.com/repos/mergifyio-testing/functional-testing-repo-Kontrolix/git/refs{/sha}","trees_url":"https://api.github.com/repos/mergifyio-testing/functional-testing-repo-Kontrolix/git/trees{/sha}","statuses_url":"https://api.github.com/repos/mergifyio-testing/functional-testing-repo-Kontrolix/statuses/{sha}","languages_url":"https://api.github.com/repos/mergifyio-testing/functional-testing-repo-Kontrolix/languages","stargazers_url":"https://api.github.com/repos/mergifyio-testing/functional-testing-repo-Kontrolix/stargazers","contributors_url":"https://api.github.com/repos/mergifyio-testing/functional-testing-repo-Kontrolix/contributors","subscribers_url":"https://api.github.com/repos/mergifyio-testing/functional-testing-repo-Kontrolix/subscribers","subscription_url":"https://api.github.com/repos/mergifyio-testing/functional-testing-repo-Kontrolix/subscription","commits_url":"https://api.github.com/repos/mergifyio-testing/functional-testing-repo-Kontrolix/commits{/sha}","git_commits_url":"https://api.github.com/repos/mergifyio-testing/functional-testing-repo-Kontrolix/git/commits{/sha}","comments_url":"https://api.github.com/repos/mergifyio-testing/functional-testing-repo-Kontrolix/comments{/number}","issue_comment_url":"https://api.github.com/repos/mergifyio-testing/functional-testing-repo-Kontrolix/issues/comments{/number}","contents_url":"https://api.github.com/repos/mergifyio-testing/functional-testing-repo-Kontrolix/contents/{+path}","compare_url":"https://api.github.com/repos/mergifyio-testing/functional-testing-repo-Kontrolix/compare/{base}...{head}","merges_url":"https://api.github.com/repos/mergifyio-testing/functional-testing-repo-Kontrolix/merges","archive_url":"https://api.github.com/repos/mergifyio-testing/functional-testing-repo-Kontrolix/{archive_format}{/ref}","downloads_url":"https://api.github.com/repos/mergifyio-testing/functional-testing-repo-Kontrolix/downloads","issues_url":"https://api.github.com/repos/mergifyio-testing/functional-testing-repo-Kontrolix/issues{/number}","pulls_url":"https://api.github.com/repos/mergifyio-testing/functional-testing-repo-Kontrolix/pulls{/number}","milestones_url":"https://api.github.com/repos/mergifyio-testing/functional-testing-repo-Kontrolix/milestones{/number}","notifications_url":"https://api.github.com/repos/mergifyio-testing/functional-testing-repo-Kontrolix/notifications{?since,all,participating}","labels_url":"https://api.github.com/repos/mergifyio-testing/functional-testing-repo-Kontrolix/labels{/name}","releases_url":"https://api.github.com/repos/mergifyio-testing/functional-testing-repo-Kontrolix/releases{/id}","deployments_url":"https://api.github.com/repos/mergifyio-testing/functional-testing-repo-Kontrolix/deployments","created_at":"2023-05-03T09:24:21Z","updated_at":"2023-05-03T09:24:22Z","pushed_at":"2023-10-16T15:58:29Z","git_url":"git://github.com/mergifyio-testing/functional-testing-repo-Kontrolix.git","ssh_url":"git@github.com:mergifyio-testing/functional-testing-repo-Kontrolix.git","clone_url":"https://github.com/mergifyio-testing/functional-testing-repo-Kontrolix.git","svn_url":"https://github.com/mergifyio-testing/functional-testing-repo-Kontrolix","homepage":null,"size":154,"stargazers_count":0,"watchers_count":0,"language":null,"has_issues":true,"has_projects":true,"has_downloads":true,"has_wiki":true,"has_pages":false,"has_discussions":false,"forks_count":2,"mirror_url":null,"archived":false,"disabled":false,"open_issues_count":10,"license":null,"allow_forking":true,"is_template":false,"web_commit_signoff_required":false,"topics":[],"visibility":"public","forks":2,"open_issues":10,"watchers":0,"default_branch":"main","allow_squash_merge":true,"allow_merge_commit":true,"allow_rebase_merge":true,"allow_auto_merge":false,"delete_branch_on_merge":true,"allow_update_branch":false,"use_squash_pr_title_as_default":false,"squash_merge_commit_message":"COMMIT_MESSAGES","squash_merge_commit_title":"COMMIT_OR_PR_TITLE","merge_commit_message":"PR_TITLE","merge_commit_title":"MERGE_MESSAGE"}},"_links":{"self":{"href":"https://api.github.com/repos/mergifyio-testing/functional-testing-repo-Kontrolix/pulls/4062"},"html":{"href":"https://github.com/mergifyio-testing/functional-testing-repo-Kontrolix/pull/4062"},"issue":{"href":"https://api.github.com/repos/mergifyio-testing/functional-testing-repo-Kontrolix/issues/4062"},"comments":{"href":"https://api.github.com/repos/mergifyio-testing/functional-testing-repo-Kontrolix/issues/4062/comments"},"review_comments":{"href":"https://api.github.com/repos/mergifyio-testing/functional-testing-repo-Kontrolix/pulls/4062/comments"},"review_comment":{"href":"https://api.github.com/repos/mergifyio-testing/functional-testing-repo-Kontrolix/pulls/comments{/number}"},"commits":{"href":"https://api.github.com/repos/mergifyio-testing/functional-testing-repo-Kontrolix/pulls/4062/commits"},"statuses":{"href":"https://api.github.com/repos/mergifyio-testing/functional-testing-repo-Kontrolix/statuses/0abf14e74e807478e84164c7fdafc0b8e1824b50"}},"author_association":"CONTRIBUTOR","auto_merge":null,"active_lock_reason":null,"merged":false,"mergeable":true,"rebaseable":true,"mergeable_state":"unstable","merged_by":null,"comments":0,"review_comments":0,"maintainer_can_modify":false,"commits":1,"additions":0,"deletions":0,"changed_files":1},"repository":{"id":635704693,"node_id":"R_kgDOJeQVdQ","name":"functional-testing-repo-Kontrolix","full_name":"mergifyio-testing/functional-testing-repo-Kontrolix","private":false,"owner":{"login":"mergifyio-testing","id":40527191,"node_id":"MDEyOk9yZ2FuaXphdGlvbjQwNTI3MTkx","avatar_url":"https://avatars.githubusercontent.com/u/40527191?v=4","gravatar_id":"","url":"https://api.github.com/users/mergifyio-testing","html_url":"https://github.com/mergifyio-testing","followers_url":"https://api.github.com/users/mergifyio-testing/followers","following_url":"https://api.github.com/users/mergifyio-testing/following{/other_user}","gists_url":"https://api.github.com/users/mergifyio-testing/gists{/gist_id}","starred_url":"https://api.github.com/users/mergifyio-testing/starred{/owner}{/repo}","subscriptions_url":"https://api.github.com/users/mergifyio-testing/subscriptions","organizations_url":"https://api.github.com/users/mergifyio-testing/orgs","repos_url":"https://api.github.com/users/mergifyio-testing/repos","events_url":"https://api.github.com/users/mergifyio-testing/events{/privacy}","received_events_url":"https://api.github.com/users/mergifyio-testing/received_events","type":"Organization","site_admin":false},"html_url":"https://github.com/mergifyio-testing/functional-testing-repo-Kontrolix","description":null,"fork":false,"url":"https://api.github.com/repos/mergifyio-testing/functional-testing-repo-Kontrolix","forks_url":"https://api.github.com/repos/mergifyio-testing/functional-testing-repo-Kontrolix/forks","keys_url":"https://api.github.com/repos/mergifyio-testing/functional-testing-repo-Kontrolix/keys{/key_id}","collaborators_url":"https://api.github.com/repos/mergifyio-testing/functional-testing-repo-Kontrolix/collaborators{/collaborator}","teams_url":"https://api.github.com/repos/mergifyio-testing/functional-testing-repo-Kontrolix/teams","hooks_url":"https://api.github.com/repos/mergifyio-testing/functional-testing-repo-Kontrolix/hooks","issue_events_url":"https://api.github.com/repos/mergifyio-testing/functional-testing-repo-Kontrolix/issues/events{/number}","events_url":"https://api.github.com/repos/mergifyio-testing/functional-testing-repo-Kontrolix/events","assignees_url":"https://api.github.com/repos/mergifyio-testing/functional-testing-repo-Kontrolix/assignees{/user}","branches_url":"https://api.github.com/repos/mergifyio-testing/functional-testing-repo-Kontrolix/branches{/branch}","tags_url":"https://api.github.com/repos/mergifyio-testing/functional-testing-repo-Kontrolix/tags","blobs_url":"https://api.github.com/repos/mergifyio-testing/functional-testing-repo-Kontrolix/git/blobs{/sha}","git_tags_url":"https://api.github.com/repos/mergifyio-testing/functional-testing-repo-Kontrolix/git/tags{/sha}","git_refs_url":"https://api.github.com/repos/mergifyio-testing/functional-testing-repo-Kontrolix/git/refs{/sha}","trees_url":"https://api.github.com/repos/mergifyio-testing/functional-testing-repo-Kontrolix/git/trees{/sha}","statuses_url":"https://api.github.com/repos/mergifyio-testing/functional-testing-repo-Kontrolix/statuses/{sha}","languages_url":"https://api.github.com/repos/mergifyio-testing/functional-testing-repo-Kontrolix/languages","stargazers_url":"https://api.github.com/repos/mergifyio-testing/functional-testing-repo-Kontrolix/stargazers","contributors_url":"https://api.github.com/repos/mergifyio-testing/functional-testing-repo-Kontrolix/contributors","subscribers_url":"https://api.github.com/repos/mergifyio-testing/functional-testing-repo-Kontrolix/subscribers","subscription_url":"https://api.github.com/repos/mergifyio-testing/functional-testing-repo-Kontrolix/subscription","commits_url":"https://api.github.com/repos/mergifyio-testing/functional-testing-repo-Kontrolix/commits{/sha}","git_commits_url":"https://api.github.com/repos/mergifyio-testing/functional-testing-repo-Kontrolix/git/commits{/sha}","comments_url":"https://api.github.com/repos/mergifyio-testing/functional-testing-repo-Kontrolix/comments{/number}","issue_comment_url":"https://api.github.com/repos/mergifyio-testing/functional-testing-repo-Kontrolix/issues/comments{/number}","contents_url":"https://api.github.com/repos/mergifyio-testing/functional-testing-repo-Kontrolix/contents/{+path}","compare_url":"https://api.github.com/repos/mergifyio-testing/functional-testing-repo-Kontrolix/compare/{base}...{head}","merges_url":"https://api.github.com/repos/mergifyio-testing/functional-testing-repo-Kontrolix/merges","archive_url":"https://api.github.com/repos/mergifyio-testing/functional-testing-repo-Kontrolix/{archive_format}{/ref}","downloads_url":"https://api.github.com/repos/mergifyio-testing/functional-testing-repo-Kontrolix/downloads","issues_url":"https://api.github.com/repos/mergifyio-testing/functional-testing-repo-Kontrolix/issues{/number}","pulls_url":"https://api.github.com/repos/mergifyio-testing/functional-testing-repo-Kontrolix/pulls{/number}","milestones_url":"https://api.github.com/repos/mergifyio-testing/functional-testing-repo-Kontrolix/milestones{/number}","notifications_url":"https://api.github.com/repos/mergifyio-testing/functional-testing-repo-Kontrolix/notifications{?since,all,participating}","labels_url":"https://api.github.com/repos/mergifyio-testing/functional-testing-repo-Kontrolix/labels{/name}","releases_url":"https://api.github.com/repos/mergifyio-testing/functional-testing-repo-Kontrolix/releases{/id}","deployments_url":"https://api.github.com/repos/mergifyio-testing/functional-testing-repo-Kontrolix/deployments","created_at":"2023-05-03T09:24:21Z","updated_at":"2023-05-03T09:24:22Z","pushed_at":"2023-10-16T15:58:29Z","git_url":"git://github.com/mergifyio-testing/functional-testing-repo-Kontrolix.git","ssh_url":"git@github.com:mergifyio-testing/functional-testing-repo-Kontrolix.git","clone_url":"https://github.com/mergifyio-testing/functional-testing-repo-Kontrolix.git","svn_url":"https://github.com/mergifyio-testing/functional-testing-repo-Kontrolix","homepage":null,"size":154,"stargazers_count":0,"watchers_count":0,"language":null,"has_issues":true,"has_projects":true,"has_downloads":true,"has_wiki":true,"has_pages":false,"has_discussions":false,"forks_count":2,"mirror_url":null,"archived":false,"disabled":false,"open_issues_count":10,"license":null,"allow_forking":true,"is_template":false,"web_commit_signoff_required":false,"topics":[],"visibility":"public","forks":2,"open_issues":10,"watchers":0,"default_branch":"main"},"organization":{"login":"mergifyio-testing","id":40527191,"node_id":"MDEyOk9yZ2FuaXphdGlvbjQwNTI3MTkx","url":"https://api.github.com/orgs/mergifyio-testing","repos_url":"https://api.github.com/orgs/mergifyio-testing/repos","events_url":"https://api.github.com/orgs/mergifyio-testing/events","hooks_url":"https://api.github.com/orgs/mergifyio-testing/hooks","issues_url":"https://api.github.com/orgs/mergifyio-testing/issues","members_url":"https://api.github.com/orgs/mergifyio-testing/members{/member}","public_members_url":"https://api.github.com/orgs/mergifyio-testing/public_members{/member}","avatar_url":"https://avatars.githubusercontent.com/u/40527191?v=4","description":"This
      account is for testing purpose of the workflow of the GitHub App @Mergifyio"},"sender":{"login":"mergify-kontrolix[bot]","id":132445501,"node_id":"BOT_kgDOB-T1PQ","avatar_url":"https://avatars.githubusercontent.com/u/40527191?v=4","gravatar_id":"","url":"https://api.github.com/users/mergify-kontrolix%5Bbot%5D","html_url":"https://github.com/apps/mergify-kontrolix","followers_url":"https://api.github.com/users/mergify-kontrolix%5Bbot%5D/followers","following_url":"https://api.github.com/users/mergify-kontrolix%5Bbot%5D/following{/other_user}","gists_url":"https://api.github.com/users/mergify-kontrolix%5Bbot%5D/gists{/gist_id}","starred_url":"https://api.github.com/users/mergify-kontrolix%5Bbot%5D/starred{/owner}{/repo}","subscriptions_url":"https://api.github.com/users/mergify-kontrolix%5Bbot%5D/subscriptions","organizations_url":"https://api.github.com/users/mergify-kontrolix%5Bbot%5D/orgs","repos_url":"https://api.github.com/users/mergify-kontrolix%5Bbot%5D/repos","events_url":"https://api.github.com/users/mergify-kontrolix%5Bbot%5D/events{/privacy}","received_events_url":"https://api.github.com/users/mergify-kontrolix%5Bbot%5D/received_events","type":"Bot","site_admin":false},"installation":{"id":37100555,"node_id":"MDIzOkludGVncmF0aW9uSW5zdGFsbGF0aW9uMzcxMDA1NTU="}}}]'
    headers:
      Connection:
      - keep-alive
      Content-Length:
      - '28733'
      Content-Type:
      - application/json
    http_version: HTTP/1.1
    status_code: 200
- request:
    body: ''
    headers:
      accept:
      - application/vnd.github.machine-man-preview+json
      host:
      - api.github.com
    method: GET
    uri: https://api.github.com/user/40527191/installation
  response:
    base64encoded: false
    content: '{"id":37100555,"account":{"login":"mergifyio-testing","id":40527191,"node_id":"MDEyOk9yZ2FuaXphdGlvbjQwNTI3MTkx","avatar_url":"https://avatars.githubusercontent.com/u/40527191?v=4","gravatar_id":"","url":"https://api.github.com/users/mergifyio-testing","html_url":"https://github.com/mergifyio-testing","followers_url":"https://api.github.com/users/mergifyio-testing/followers","following_url":"https://api.github.com/users/mergifyio-testing/following{/other_user}","gists_url":"https://api.github.com/users/mergifyio-testing/gists{/gist_id}","starred_url":"https://api.github.com/users/mergifyio-testing/starred{/owner}{/repo}","subscriptions_url":"https://api.github.com/users/mergifyio-testing/subscriptions","organizations_url":"https://api.github.com/users/mergifyio-testing/orgs","repos_url":"https://api.github.com/users/mergifyio-testing/repos","events_url":"https://api.github.com/users/mergifyio-testing/events{/privacy}","received_events_url":"https://api.github.com/users/mergifyio-testing/received_events","type":"Organization","site_admin":false},"repository_selection":"selected","access_tokens_url":"https://api.github.com/app/installations/37100555/access_tokens","repositories_url":"https://api.github.com/installation/repositories","html_url":"https://github.com/organizations/mergifyio-testing/settings/installations/37100555","app_id":327815,"app_slug":"mergify-kontrolix","target_id":40527191,"target_type":"Organization","permissions":{"pages":"write","checks":"write","issues":"write","actions":"write","members":"read","contents":"write","metadata":"read","statuses":"write","workflows":"write","pull_requests":"write","administration":"read"},"events":["check_run","check_suite","issue_comment","member","membership","organization","pull_request","pull_request_review","pull_request_review_comment","pull_request_review_thread","push","repository","status","team","team_add","workflow_job","workflow_run"],"created_at":"2023-05-03T09:24:41.000Z","updated_at":"2023-08-29T15:41:34.000Z","single_file_name":null,"has_multiple_single_files":false,"single_file_paths":[],"suspended_by":null,"suspended_at":null}'
    headers:
      Content-Encoding:
      - gzip
      Content-Type:
      - application/json; charset=utf-8
      Transfer-Encoding:
      - chunked
      X-GitHub-Media-Type:
      - github.v3; param=machine-man-preview; format=json
      x-github-api-version-selected:
      - '2022-11-28'
    http_version: HTTP/1.1
    status_code: 200
- request:
    body: ''
    headers:
      accept:
      - application/vnd.github.machine-man-preview+json
      host:
      - api.github.com
    method: GET
    uri: https://api.github.com/repositories/635704693/pulls/4062
  response:
    base64encoded: false
    content: '{"url":"https://api.github.com/repos/mergifyio-testing/functional-testing-repo-Kontrolix/pulls/4062","id":1558939575,"node_id":"PR_kwDOJeQVdc5c64e3","html_url":"https://github.com/mergifyio-testing/functional-testing-repo-Kontrolix/pull/4062","diff_url":"https://github.com/mergifyio-testing/functional-testing-repo-Kontrolix/pull/4062.diff","patch_url":"https://github.com/mergifyio-testing/functional-testing-repo-Kontrolix/pull/4062.patch","issue_url":"https://api.github.com/repos/mergifyio-testing/functional-testing-repo-Kontrolix/issues/4062","number":4062,"state":"open","locked":false,"title":"test_repo_name_short_wrong:
      pull request n1 from integration","user":{"login":"mergify-kontrolix[bot]","id":132445501,"node_id":"BOT_kgDOB-T1PQ","avatar_url":"https://avatars.githubusercontent.com/u/40527191?v=4","gravatar_id":"","url":"https://api.github.com/users/mergify-kontrolix%5Bbot%5D","html_url":"https://github.com/apps/mergify-kontrolix","followers_url":"https://api.github.com/users/mergify-kontrolix%5Bbot%5D/followers","following_url":"https://api.github.com/users/mergify-kontrolix%5Bbot%5D/following{/other_user}","gists_url":"https://api.github.com/users/mergify-kontrolix%5Bbot%5D/gists{/gist_id}","starred_url":"https://api.github.com/users/mergify-kontrolix%5Bbot%5D/starred{/owner}{/repo}","subscriptions_url":"https://api.github.com/users/mergify-kontrolix%5Bbot%5D/subscriptions","organizations_url":"https://api.github.com/users/mergify-kontrolix%5Bbot%5D/orgs","repos_url":"https://api.github.com/users/mergify-kontrolix%5Bbot%5D/repos","events_url":"https://api.github.com/users/mergify-kontrolix%5Bbot%5D/events{/privacy}","received_events_url":"https://api.github.com/users/mergify-kontrolix%5Bbot%5D/received_events","type":"Bot","site_admin":false},"body":"test_repo_name_short_wrong:
      pull request n1 from integration","created_at":"2023-10-16T15:58:28Z","updated_at":"2023-10-16T15:58:28Z","closed_at":null,"merged_at":null,"merge_commit_sha":"2821438c19b6011b5b1ee181d8831df449fc6006","assignee":null,"assignees":[],"requested_reviewers":[],"requested_teams":[],"labels":[],"milestone":null,"draft":false,"commits_url":"https://api.github.com/repos/mergifyio-testing/functional-testing-repo-Kontrolix/pulls/4062/commits","review_comments_url":"https://api.github.com/repos/mergifyio-testing/functional-testing-repo-Kontrolix/pulls/4062/comments","review_comment_url":"https://api.github.com/repos/mergifyio-testing/functional-testing-repo-Kontrolix/pulls/comments{/number}","comments_url":"https://api.github.com/repos/mergifyio-testing/functional-testing-repo-Kontrolix/issues/4062/comments","statuses_url":"https://api.github.com/repos/mergifyio-testing/functional-testing-repo-Kontrolix/statuses/0abf14e74e807478e84164c7fdafc0b8e1824b50","head":{"label":"mergifyio-testing:20231016155812/test_repo_name_short_wrong/integration/pr1","ref":"20231016155812/test_repo_name_short_wrong/integration/pr1","sha":"0abf14e74e807478e84164c7fdafc0b8e1824b50","user":{"login":"mergifyio-testing","id":40527191,"node_id":"MDEyOk9yZ2FuaXphdGlvbjQwNTI3MTkx","avatar_url":"https://avatars.githubusercontent.com/u/40527191?v=4","gravatar_id":"","url":"https://api.github.com/users/mergifyio-testing","html_url":"https://github.com/mergifyio-testing","followers_url":"https://api.github.com/users/mergifyio-testing/followers","following_url":"https://api.github.com/users/mergifyio-testing/following{/other_user}","gists_url":"https://api.github.com/users/mergifyio-testing/gists{/gist_id}","starred_url":"https://api.github.com/users/mergifyio-testing/starred{/owner}{/repo}","subscriptions_url":"https://api.github.com/users/mergifyio-testing/subscriptions","organizations_url":"https://api.github.com/users/mergifyio-testing/orgs","repos_url":"https://api.github.com/users/mergifyio-testing/repos","events_url":"https://api.github.com/users/mergifyio-testing/events{/privacy}","received_events_url":"https://api.github.com/users/mergifyio-testing/received_events","type":"Organization","site_admin":false},"repo":{"id":635704693,"node_id":"R_kgDOJeQVdQ","name":"functional-testing-repo-Kontrolix","full_name":"mergifyio-testing/functional-testing-repo-Kontrolix","private":false,"owner":{"login":"mergifyio-testing","id":40527191,"node_id":"MDEyOk9yZ2FuaXphdGlvbjQwNTI3MTkx","avatar_url":"https://avatars.githubusercontent.com/u/40527191?v=4","gravatar_id":"","url":"https://api.github.com/users/mergifyio-testing","html_url":"https://github.com/mergifyio-testing","followers_url":"https://api.github.com/users/mergifyio-testing/followers","following_url":"https://api.github.com/users/mergifyio-testing/following{/other_user}","gists_url":"https://api.github.com/users/mergifyio-testing/gists{/gist_id}","starred_url":"https://api.github.com/users/mergifyio-testing/starred{/owner}{/repo}","subscriptions_url":"https://api.github.com/users/mergifyio-testing/subscriptions","organizations_url":"https://api.github.com/users/mergifyio-testing/orgs","repos_url":"https://api.github.com/users/mergifyio-testing/repos","events_url":"https://api.github.com/users/mergifyio-testing/events{/privacy}","received_events_url":"https://api.github.com/users/mergifyio-testing/received_events","type":"Organization","site_admin":false},"html_url":"https://github.com/mergifyio-testing/functional-testing-repo-Kontrolix","description":null,"fork":false,"url":"https://api.github.com/repos/mergifyio-testing/functional-testing-repo-Kontrolix","forks_url":"https://api.github.com/repos/mergifyio-testing/functional-testing-repo-Kontrolix/forks","keys_url":"https://api.github.com/repos/mergifyio-testing/functional-testing-repo-Kontrolix/keys{/key_id}","collaborators_url":"https://api.github.com/repos/mergifyio-testing/functional-testing-repo-Kontrolix/collaborators{/collaborator}","teams_url":"https://api.github.com/repos/mergifyio-testing/functional-testing-repo-Kontrolix/teams","hooks_url":"https://api.github.com/repos/mergifyio-testing/functional-testing-repo-Kontrolix/hooks","issue_events_url":"https://api.github.com/repos/mergifyio-testing/functional-testing-repo-Kontrolix/issues/events{/number}","events_url":"https://api.github.com/repos/mergifyio-testing/functional-testing-repo-Kontrolix/events","assignees_url":"https://api.github.com/repos/mergifyio-testing/functional-testing-repo-Kontrolix/assignees{/user}","branches_url":"https://api.github.com/repos/mergifyio-testing/functional-testing-repo-Kontrolix/branches{/branch}","tags_url":"https://api.github.com/repos/mergifyio-testing/functional-testing-repo-Kontrolix/tags","blobs_url":"https://api.github.com/repos/mergifyio-testing/functional-testing-repo-Kontrolix/git/blobs{/sha}","git_tags_url":"https://api.github.com/repos/mergifyio-testing/functional-testing-repo-Kontrolix/git/tags{/sha}","git_refs_url":"https://api.github.com/repos/mergifyio-testing/functional-testing-repo-Kontrolix/git/refs{/sha}","trees_url":"https://api.github.com/repos/mergifyio-testing/functional-testing-repo-Kontrolix/git/trees{/sha}","statuses_url":"https://api.github.com/repos/mergifyio-testing/functional-testing-repo-Kontrolix/statuses/{sha}","languages_url":"https://api.github.com/repos/mergifyio-testing/functional-testing-repo-Kontrolix/languages","stargazers_url":"https://api.github.com/repos/mergifyio-testing/functional-testing-repo-Kontrolix/stargazers","contributors_url":"https://api.github.com/repos/mergifyio-testing/functional-testing-repo-Kontrolix/contributors","subscribers_url":"https://api.github.com/repos/mergifyio-testing/functional-testing-repo-Kontrolix/subscribers","subscription_url":"https://api.github.com/repos/mergifyio-testing/functional-testing-repo-Kontrolix/subscription","commits_url":"https://api.github.com/repos/mergifyio-testing/functional-testing-repo-Kontrolix/commits{/sha}","git_commits_url":"https://api.github.com/repos/mergifyio-testing/functional-testing-repo-Kontrolix/git/commits{/sha}","comments_url":"https://api.github.com/repos/mergifyio-testing/functional-testing-repo-Kontrolix/comments{/number}","issue_comment_url":"https://api.github.com/repos/mergifyio-testing/functional-testing-repo-Kontrolix/issues/comments{/number}","contents_url":"https://api.github.com/repos/mergifyio-testing/functional-testing-repo-Kontrolix/contents/{+path}","compare_url":"https://api.github.com/repos/mergifyio-testing/functional-testing-repo-Kontrolix/compare/{base}...{head}","merges_url":"https://api.github.com/repos/mergifyio-testing/functional-testing-repo-Kontrolix/merges","archive_url":"https://api.github.com/repos/mergifyio-testing/functional-testing-repo-Kontrolix/{archive_format}{/ref}","downloads_url":"https://api.github.com/repos/mergifyio-testing/functional-testing-repo-Kontrolix/downloads","issues_url":"https://api.github.com/repos/mergifyio-testing/functional-testing-repo-Kontrolix/issues{/number}","pulls_url":"https://api.github.com/repos/mergifyio-testing/functional-testing-repo-Kontrolix/pulls{/number}","milestones_url":"https://api.github.com/repos/mergifyio-testing/functional-testing-repo-Kontrolix/milestones{/number}","notifications_url":"https://api.github.com/repos/mergifyio-testing/functional-testing-repo-Kontrolix/notifications{?since,all,participating}","labels_url":"https://api.github.com/repos/mergifyio-testing/functional-testing-repo-Kontrolix/labels{/name}","releases_url":"https://api.github.com/repos/mergifyio-testing/functional-testing-repo-Kontrolix/releases{/id}","deployments_url":"https://api.github.com/repos/mergifyio-testing/functional-testing-repo-Kontrolix/deployments","created_at":"2023-05-03T09:24:21Z","updated_at":"2023-05-03T09:24:22Z","pushed_at":"2023-10-16T15:58:29Z","git_url":"git://github.com/mergifyio-testing/functional-testing-repo-Kontrolix.git","ssh_url":"git@github.com:mergifyio-testing/functional-testing-repo-Kontrolix.git","clone_url":"https://github.com/mergifyio-testing/functional-testing-repo-Kontrolix.git","svn_url":"https://github.com/mergifyio-testing/functional-testing-repo-Kontrolix","homepage":null,"size":154,"stargazers_count":0,"watchers_count":0,"language":null,"has_issues":true,"has_projects":true,"has_downloads":true,"has_wiki":true,"has_pages":false,"has_discussions":false,"forks_count":2,"mirror_url":null,"archived":false,"disabled":false,"open_issues_count":10,"license":null,"allow_forking":true,"is_template":false,"web_commit_signoff_required":false,"topics":[],"visibility":"public","forks":2,"open_issues":10,"watchers":0,"default_branch":"main"}},"base":{"label":"mergifyio-testing:20231016155812/test_repo_name_short_wrong/main","ref":"20231016155812/test_repo_name_short_wrong/main","sha":"0d69efd6a71377e4bf2ef24bea73166347a2953f","user":{"login":"mergifyio-testing","id":40527191,"node_id":"MDEyOk9yZ2FuaXphdGlvbjQwNTI3MTkx","avatar_url":"https://avatars.githubusercontent.com/u/40527191?v=4","gravatar_id":"","url":"https://api.github.com/users/mergifyio-testing","html_url":"https://github.com/mergifyio-testing","followers_url":"https://api.github.com/users/mergifyio-testing/followers","following_url":"https://api.github.com/users/mergifyio-testing/following{/other_user}","gists_url":"https://api.github.com/users/mergifyio-testing/gists{/gist_id}","starred_url":"https://api.github.com/users/mergifyio-testing/starred{/owner}{/repo}","subscriptions_url":"https://api.github.com/users/mergifyio-testing/subscriptions","organizations_url":"https://api.github.com/users/mergifyio-testing/orgs","repos_url":"https://api.github.com/users/mergifyio-testing/repos","events_url":"https://api.github.com/users/mergifyio-testing/events{/privacy}","received_events_url":"https://api.github.com/users/mergifyio-testing/received_events","type":"Organization","site_admin":false},"repo":{"id":635704693,"node_id":"R_kgDOJeQVdQ","name":"functional-testing-repo-Kontrolix","full_name":"mergifyio-testing/functional-testing-repo-Kontrolix","private":false,"owner":{"login":"mergifyio-testing","id":40527191,"node_id":"MDEyOk9yZ2FuaXphdGlvbjQwNTI3MTkx","avatar_url":"https://avatars.githubusercontent.com/u/40527191?v=4","gravatar_id":"","url":"https://api.github.com/users/mergifyio-testing","html_url":"https://github.com/mergifyio-testing","followers_url":"https://api.github.com/users/mergifyio-testing/followers","following_url":"https://api.github.com/users/mergifyio-testing/following{/other_user}","gists_url":"https://api.github.com/users/mergifyio-testing/gists{/gist_id}","starred_url":"https://api.github.com/users/mergifyio-testing/starred{/owner}{/repo}","subscriptions_url":"https://api.github.com/users/mergifyio-testing/subscriptions","organizations_url":"https://api.github.com/users/mergifyio-testing/orgs","repos_url":"https://api.github.com/users/mergifyio-testing/repos","events_url":"https://api.github.com/users/mergifyio-testing/events{/privacy}","received_events_url":"https://api.github.com/users/mergifyio-testing/received_events","type":"Organization","site_admin":false},"html_url":"https://github.com/mergifyio-testing/functional-testing-repo-Kontrolix","description":null,"fork":false,"url":"https://api.github.com/repos/mergifyio-testing/functional-testing-repo-Kontrolix","forks_url":"https://api.github.com/repos/mergifyio-testing/functional-testing-repo-Kontrolix/forks","keys_url":"https://api.github.com/repos/mergifyio-testing/functional-testing-repo-Kontrolix/keys{/key_id}","collaborators_url":"https://api.github.com/repos/mergifyio-testing/functional-testing-repo-Kontrolix/collaborators{/collaborator}","teams_url":"https://api.github.com/repos/mergifyio-testing/functional-testing-repo-Kontrolix/teams","hooks_url":"https://api.github.com/repos/mergifyio-testing/functional-testing-repo-Kontrolix/hooks","issue_events_url":"https://api.github.com/repos/mergifyio-testing/functional-testing-repo-Kontrolix/issues/events{/number}","events_url":"https://api.github.com/repos/mergifyio-testing/functional-testing-repo-Kontrolix/events","assignees_url":"https://api.github.com/repos/mergifyio-testing/functional-testing-repo-Kontrolix/assignees{/user}","branches_url":"https://api.github.com/repos/mergifyio-testing/functional-testing-repo-Kontrolix/branches{/branch}","tags_url":"https://api.github.com/repos/mergifyio-testing/functional-testing-repo-Kontrolix/tags","blobs_url":"https://api.github.com/repos/mergifyio-testing/functional-testing-repo-Kontrolix/git/blobs{/sha}","git_tags_url":"https://api.github.com/repos/mergifyio-testing/functional-testing-repo-Kontrolix/git/tags{/sha}","git_refs_url":"https://api.github.com/repos/mergifyio-testing/functional-testing-repo-Kontrolix/git/refs{/sha}","trees_url":"https://api.github.com/repos/mergifyio-testing/functional-testing-repo-Kontrolix/git/trees{/sha}","statuses_url":"https://api.github.com/repos/mergifyio-testing/functional-testing-repo-Kontrolix/statuses/{sha}","languages_url":"https://api.github.com/repos/mergifyio-testing/functional-testing-repo-Kontrolix/languages","stargazers_url":"https://api.github.com/repos/mergifyio-testing/functional-testing-repo-Kontrolix/stargazers","contributors_url":"https://api.github.com/repos/mergifyio-testing/functional-testing-repo-Kontrolix/contributors","subscribers_url":"https://api.github.com/repos/mergifyio-testing/functional-testing-repo-Kontrolix/subscribers","subscription_url":"https://api.github.com/repos/mergifyio-testing/functional-testing-repo-Kontrolix/subscription","commits_url":"https://api.github.com/repos/mergifyio-testing/functional-testing-repo-Kontrolix/commits{/sha}","git_commits_url":"https://api.github.com/repos/mergifyio-testing/functional-testing-repo-Kontrolix/git/commits{/sha}","comments_url":"https://api.github.com/repos/mergifyio-testing/functional-testing-repo-Kontrolix/comments{/number}","issue_comment_url":"https://api.github.com/repos/mergifyio-testing/functional-testing-repo-Kontrolix/issues/comments{/number}","contents_url":"https://api.github.com/repos/mergifyio-testing/functional-testing-repo-Kontrolix/contents/{+path}","compare_url":"https://api.github.com/repos/mergifyio-testing/functional-testing-repo-Kontrolix/compare/{base}...{head}","merges_url":"https://api.github.com/repos/mergifyio-testing/functional-testing-repo-Kontrolix/merges","archive_url":"https://api.github.com/repos/mergifyio-testing/functional-testing-repo-Kontrolix/{archive_format}{/ref}","downloads_url":"https://api.github.com/repos/mergifyio-testing/functional-testing-repo-Kontrolix/downloads","issues_url":"https://api.github.com/repos/mergifyio-testing/functional-testing-repo-Kontrolix/issues{/number}","pulls_url":"https://api.github.com/repos/mergifyio-testing/functional-testing-repo-Kontrolix/pulls{/number}","milestones_url":"https://api.github.com/repos/mergifyio-testing/functional-testing-repo-Kontrolix/milestones{/number}","notifications_url":"https://api.github.com/repos/mergifyio-testing/functional-testing-repo-Kontrolix/notifications{?since,all,participating}","labels_url":"https://api.github.com/repos/mergifyio-testing/functional-testing-repo-Kontrolix/labels{/name}","releases_url":"https://api.github.com/repos/mergifyio-testing/functional-testing-repo-Kontrolix/releases{/id}","deployments_url":"https://api.github.com/repos/mergifyio-testing/functional-testing-repo-Kontrolix/deployments","created_at":"2023-05-03T09:24:21Z","updated_at":"2023-05-03T09:24:22Z","pushed_at":"2023-10-16T15:58:29Z","git_url":"git://github.com/mergifyio-testing/functional-testing-repo-Kontrolix.git","ssh_url":"git@github.com:mergifyio-testing/functional-testing-repo-Kontrolix.git","clone_url":"https://github.com/mergifyio-testing/functional-testing-repo-Kontrolix.git","svn_url":"https://github.com/mergifyio-testing/functional-testing-repo-Kontrolix","homepage":null,"size":154,"stargazers_count":0,"watchers_count":0,"language":null,"has_issues":true,"has_projects":true,"has_downloads":true,"has_wiki":true,"has_pages":false,"has_discussions":false,"forks_count":2,"mirror_url":null,"archived":false,"disabled":false,"open_issues_count":10,"license":null,"allow_forking":true,"is_template":false,"web_commit_signoff_required":false,"topics":[],"visibility":"public","forks":2,"open_issues":10,"watchers":0,"default_branch":"main"}},"_links":{"self":{"href":"https://api.github.com/repos/mergifyio-testing/functional-testing-repo-Kontrolix/pulls/4062"},"html":{"href":"https://github.com/mergifyio-testing/functional-testing-repo-Kontrolix/pull/4062"},"issue":{"href":"https://api.github.com/repos/mergifyio-testing/functional-testing-repo-Kontrolix/issues/4062"},"comments":{"href":"https://api.github.com/repos/mergifyio-testing/functional-testing-repo-Kontrolix/issues/4062/comments"},"review_comments":{"href":"https://api.github.com/repos/mergifyio-testing/functional-testing-repo-Kontrolix/pulls/4062/comments"},"review_comment":{"href":"https://api.github.com/repos/mergifyio-testing/functional-testing-repo-Kontrolix/pulls/comments{/number}"},"commits":{"href":"https://api.github.com/repos/mergifyio-testing/functional-testing-repo-Kontrolix/pulls/4062/commits"},"statuses":{"href":"https://api.github.com/repos/mergifyio-testing/functional-testing-repo-Kontrolix/statuses/0abf14e74e807478e84164c7fdafc0b8e1824b50"}},"author_association":"CONTRIBUTOR","auto_merge":null,"active_lock_reason":null,"merged":false,"mergeable":true,"rebaseable":true,"mergeable_state":"blocked","merged_by":null,"comments":0,"review_comments":0,"maintainer_can_modify":false,"commits":1,"additions":0,"deletions":0,"changed_files":1}'
    headers:
      Content-Encoding:
      - gzip
      Content-Type:
      - application/json; charset=utf-8
      Transfer-Encoding:
      - chunked
      X-GitHub-Media-Type:
      - github.v3; param=machine-man-preview; format=json
      x-accepted-github-permissions:
      - pull_requests=read; contents=read
      x-github-api-version-selected:
      - '2022-11-28'
    http_version: HTTP/1.1
    status_code: 200
- request:
    body: ''
    headers:
      accept:
      - application/vnd.github.machine-man-preview+json
      host:
      - api.github.com
    method: GET
    uri: https://api.github.com/repos/mergifyio-testing/functional-testing-repo-Kontrolix/contents/.mergify.yml?ref=20231016155812%2Ftest_repo_name_short_wrong%2Fmain
  response:
    base64encoded: false
    content: '{"name":".mergify.yml","path":".mergify.yml","sha":"5f5d1fbe309f68500cc647c7f8994b86d15c21ef","size":193,"url":"https://api.github.com/repos/mergifyio-testing/functional-testing-repo-Kontrolix/contents/.mergify.yml?ref=20231016155812/test_repo_name_short_wrong/main","html_url":"https://github.com/mergifyio-testing/functional-testing-repo-Kontrolix/blob/20231016155812/test_repo_name_short_wrong/main/.mergify.yml","git_url":"https://api.github.com/repos/mergifyio-testing/functional-testing-repo-Kontrolix/git/blobs/5f5d1fbe309f68500cc647c7f8994b86d15c21ef","download_url":"https://raw.githubusercontent.com/mergifyio-testing/functional-testing-repo-Kontrolix/20231016155812/test_repo_name_short_wrong/main/.mergify.yml","type":"file","content":"cHVsbF9yZXF1ZXN0X3J1bGVzOgotIGFjdGlvbnM6CiAgICBjb21tZW50Ogog\nICAgICBtZXNzYWdlOiByZXBvc2l0b3J5IG5hbWUgc2hvcnQgKHdyb25nKQog\nIGNvbmRpdGlvbnM6CiAgLSByZXBvc2l0b3J5LW5hbWUhPW1lcmdpZnlpby10\nZXN0aW5nL2Z1bmN0aW9uYWwtdGVzdGluZy1yZXBvLUtvbnRyb2xpeAogIG5h\nbWU6IG5vLWRyYWZ0Cg==\n","encoding":"base64","_links":{"self":"https://api.github.com/repos/mergifyio-testing/functional-testing-repo-Kontrolix/contents/.mergify.yml?ref=20231016155812/test_repo_name_short_wrong/main","git":"https://api.github.com/repos/mergifyio-testing/functional-testing-repo-Kontrolix/git/blobs/5f5d1fbe309f68500cc647c7f8994b86d15c21ef","html":"https://github.com/mergifyio-testing/functional-testing-repo-Kontrolix/blob/20231016155812/test_repo_name_short_wrong/main/.mergify.yml"}}'
    headers:
      Content-Encoding:
      - gzip
      Content-Type:
      - application/json; charset=utf-8
      Transfer-Encoding:
      - chunked
      X-GitHub-Media-Type:
      - github.v3; param=machine-man-preview; format=json
      x-accepted-github-permissions:
      - contents=read
      x-github-api-version-selected:
      - '2022-11-28'
    http_version: HTTP/1.1
    status_code: 200
- request:
    body: ''
    headers:
      accept:
      - application/vnd.github.antiope-preview+json
      host:
      - api.github.com
    method: GET
    uri: https://api.github.com/repos/mergifyio-testing/functional-testing-repo-Kontrolix/commits/0abf14e74e807478e84164c7fdafc0b8e1824b50/check-runs?per_page=100
  response:
    base64encoded: false
    content: '{"total_count":0,"check_runs":[]}'
    headers:
      Content-Encoding:
      - gzip
      Content-Type:
      - application/json; charset=utf-8
      Transfer-Encoding:
      - chunked
      X-GitHub-Media-Type:
      - github.v3; param=antiope-preview; format=json
      x-accepted-github-permissions:
      - checks=read
      x-github-api-version-selected:
      - '2022-11-28'
    http_version: HTTP/1.1
    status_code: 200
- request:
    body: ''
    headers:
      accept:
      - application/vnd.github.machine-man-preview+json
      host:
      - api.github.com
    method: GET
    uri: https://api.github.com/repos/mergifyio-testing/functional-testing-repo-Kontrolix/pulls/4062/files?per_page=100
  response:
    base64encoded: false
    content: '[{"sha":"e69de29bb2d1d6434b8b29ae775ad8c2e48c5391","filename":"test1","status":"added","additions":0,"deletions":0,"changes":0,"blob_url":"https://github.com/mergifyio-testing/functional-testing-repo-Kontrolix/blob/0abf14e74e807478e84164c7fdafc0b8e1824b50/test1","raw_url":"https://github.com/mergifyio-testing/functional-testing-repo-Kontrolix/raw/0abf14e74e807478e84164c7fdafc0b8e1824b50/test1","contents_url":"https://api.github.com/repos/mergifyio-testing/functional-testing-repo-Kontrolix/contents/test1?ref=0abf14e74e807478e84164c7fdafc0b8e1824b50"}]'
    headers:
      Content-Encoding:
      - gzip
      Content-Type:
      - application/json; charset=utf-8
      Transfer-Encoding:
      - chunked
      X-GitHub-Media-Type:
      - github.v3; param=machine-man-preview; format=json
      x-accepted-github-permissions:
      - pull_requests=read
      x-github-api-version-selected:
      - '2022-11-28'
    http_version: HTTP/1.1
    status_code: 200
- request:
    body: ''
    headers:
      accept:
      - application/vnd.github.machine-man-preview+json
      host:
      - api.github.com
    method: GET
    uri: https://api.github.com/repos/mergifyio-testing/functional-testing-repo-Kontrolix/issues/4062/comments?per_page=100
  response:
    base64encoded: false
    content: '[]'
    headers:
      Content-Length:
      - '2'
      Content-Type:
      - application/json; charset=utf-8
      X-GitHub-Media-Type:
      - github.v3; param=machine-man-preview; format=json
      x-accepted-github-permissions:
      - issues=read; pull_requests=read
      x-github-api-version-selected:
      - '2022-11-28'
    http_version: HTTP/1.1
    status_code: 200
- request:
    body: '{"body": "repository name short (wrong)"}'
    headers:
      accept:
      - application/vnd.github.machine-man-preview+json
      content-length:
      - '41'
      content-type:
      - application/json
      host:
      - api.github.com
    method: POST
    uri: https://api.github.com/repos/mergifyio-testing/functional-testing-repo-Kontrolix/issues/4062/comments
  response:
    base64encoded: false
    content: '{"url":"https://api.github.com/repos/mergifyio-testing/functional-testing-repo-Kontrolix/issues/comments/1764798481","html_url":"https://github.com/mergifyio-testing/functional-testing-repo-Kontrolix/pull/4062#issuecomment-1764798481","issue_url":"https://api.github.com/repos/mergifyio-testing/functional-testing-repo-Kontrolix/issues/4062","id":1764798481,"node_id":"IC_kwDOJeQVdc5pMLAR","user":{"login":"mergify-kontrolix[bot]","id":132445501,"node_id":"BOT_kgDOB-T1PQ","avatar_url":"https://avatars.githubusercontent.com/u/40527191?v=4","gravatar_id":"","url":"https://api.github.com/users/mergify-kontrolix%5Bbot%5D","html_url":"https://github.com/apps/mergify-kontrolix","followers_url":"https://api.github.com/users/mergify-kontrolix%5Bbot%5D/followers","following_url":"https://api.github.com/users/mergify-kontrolix%5Bbot%5D/following{/other_user}","gists_url":"https://api.github.com/users/mergify-kontrolix%5Bbot%5D/gists{/gist_id}","starred_url":"https://api.github.com/users/mergify-kontrolix%5Bbot%5D/starred{/owner}{/repo}","subscriptions_url":"https://api.github.com/users/mergify-kontrolix%5Bbot%5D/subscriptions","organizations_url":"https://api.github.com/users/mergify-kontrolix%5Bbot%5D/orgs","repos_url":"https://api.github.com/users/mergify-kontrolix%5Bbot%5D/repos","events_url":"https://api.github.com/users/mergify-kontrolix%5Bbot%5D/events{/privacy}","received_events_url":"https://api.github.com/users/mergify-kontrolix%5Bbot%5D/received_events","type":"Bot","site_admin":false},"created_at":"2023-10-16T15:58:48Z","updated_at":"2023-10-16T15:58:48Z","author_association":"CONTRIBUTOR","body":"repository
      name short (wrong)","reactions":{"url":"https://api.github.com/repos/mergifyio-testing/functional-testing-repo-Kontrolix/issues/comments/1764798481/reactions","total_count":0,"+1":0,"-1":0,"laugh":0,"hooray":0,"confused":0,"heart":0,"rocket":0,"eyes":0},"performed_via_github_app":null}'
    headers:
      Content-Length:
      - '1919'
      Content-Type:
      - application/json; charset=utf-8
      Location:
      - https://api.github.com/repos/mergifyio-testing/functional-testing-repo-Kontrolix/issues/comments/1764798481
      X-GitHub-Media-Type:
      - github.v3; param=machine-man-preview; format=json
      x-accepted-github-permissions:
      - issues=write; pull_requests=write
      x-github-api-version-selected:
      - '2022-11-28'
    http_version: HTTP/1.1
    status_code: 201
- request:
    body: '{"name": "Summary", "head_sha": "0abf14e74e807478e84164c7fdafc0b8e1824b50",
      "status": "completed", "started_at": "2023-10-16T15:58:31.863009+00:00", "details_url":
      "http://localhost:3000/github/mergifyio-testing/repo/functional-testing-repo-Kontrolix/event-logs?pullRequestNumber=4062",
      "output": {"title": "1 rule matches", "summary": "<!-- eydSdWxlOiBuby1kcmFmdCAoY29tbWVudCknOiBzdWNjZXNzfQo=
      -->\n### Rule: no-draft (comment)\n- [X] `repository-name!=mergifyio-testing/functional-testing-repo-Kontrolix`\n\n<hr
      />\n\n<details>\n<summary>Mergify commands and options</summary>\n\n<br />\n\nMore
      conditions and actions can be found in the [documentation](https://docs.mergify.com/).\n\nYou
      can also trigger Mergify actions by commenting on this pull request:\n\n- `@Mergifyio
      refresh` will re-evaluate the rules\n- `@Mergifyio rebase` will rebase this
      PR on its base branch\n- `@Mergifyio update` will merge the base branch into
      this PR\n- `@Mergifyio backport <destination>` will backport this PR on `<destination>`
      branch\n\nAdditionally, on Mergify [dashboard](http://localhost:3000) you can:\n\n-
      look at your merge queues\n- generate the Mergify configuration with the config
      editor.\n\nFinally, you can contact us on https://mergify.com\n</details>\n"},
      "external_id": "4062", "conclusion": "success", "completed_at": "2023-10-16T15:58:49.666694+00:00"}'
    headers:
      accept:
      - application/vnd.github.antiope-preview+json
      content-length:
      - '1360'
      content-type:
      - application/json
      host:
      - api.github.com
    method: POST
    uri: https://api.github.com/repos/mergifyio-testing/functional-testing-repo-Kontrolix/check-runs
  response:
    base64encoded: false
    content: '{"id":17747270502,"name":"Summary","node_id":"CR_kwDOJeQVdc8AAAAEIdHbZg","head_sha":"0abf14e74e807478e84164c7fdafc0b8e1824b50","external_id":"4062","url":"https://api.github.com/repos/mergifyio-testing/functional-testing-repo-Kontrolix/check-runs/17747270502","html_url":"https://github.com/mergifyio-testing/functional-testing-repo-Kontrolix/runs/17747270502","details_url":"http://localhost:3000/github/mergifyio-testing/repo/functional-testing-repo-Kontrolix/event-logs?pullRequestNumber=4062","status":"completed","conclusion":"success","started_at":"2023-10-16T15:58:31Z","completed_at":"2023-10-16T15:58:49Z","output":{"title":"1
      rule matches","summary":"<!-- eydSdWxlOiBuby1kcmFmdCAoY29tbWVudCknOiBzdWNjZXNzfQo=
      -->\n### Rule: no-draft (comment)\n- [X] `repository-name!=mergifyio-testing/functional-testing-repo-Kontrolix`\n\n<hr
      />\n\n<details>\n<summary>Mergify commands and options</summary>\n\n<br />\n\nMore
      conditions and actions can be found in the [documentation](https://docs.mergify.com/).\n\nYou
      can also trigger Mergify actions by commenting on this pull request:\n\n- `@Mergifyio
      refresh` will re-evaluate the rules\n- `@Mergifyio rebase` will rebase this
      PR on its base branch\n- `@Mergifyio update` will merge the base branch into
      this PR\n- `@Mergifyio backport <destination>` will backport this PR on `<destination>`
      branch\n\nAdditionally, on Mergify [dashboard](http://localhost:3000) you can:\n\n-
      look at your merge queues\n- generate the Mergify configuration with the config
      editor.\n\nFinally, you can contact us on https://mergify.com\n</details>\n","text":null,"annotations_count":0,"annotations_url":"https://api.github.com/repos/mergifyio-testing/functional-testing-repo-Kontrolix/check-runs/17747270502/annotations"},"check_suite":{"id":17282304442},"app":{"id":327815,"slug":"mergify-kontrolix","node_id":"A_kwHOAmplV84ABQCH","owner":{"login":"mergifyio-testing","id":40527191,"node_id":"MDEyOk9yZ2FuaXphdGlvbjQwNTI3MTkx","avatar_url":"https://avatars.githubusercontent.com/u/40527191?v=4","gravatar_id":"","url":"https://api.github.com/users/mergifyio-testing","html_url":"https://github.com/mergifyio-testing","followers_url":"https://api.github.com/users/mergifyio-testing/followers","following_url":"https://api.github.com/users/mergifyio-testing/following{/other_user}","gists_url":"https://api.github.com/users/mergifyio-testing/gists{/gist_id}","starred_url":"https://api.github.com/users/mergifyio-testing/starred{/owner}{/repo}","subscriptions_url":"https://api.github.com/users/mergifyio-testing/subscriptions","organizations_url":"https://api.github.com/users/mergifyio-testing/orgs","repos_url":"https://api.github.com/users/mergifyio-testing/repos","events_url":"https://api.github.com/users/mergifyio-testing/events{/privacy}","received_events_url":"https://api.github.com/users/mergifyio-testing/received_events","type":"Organization","site_admin":false},"name":"mergify-Kontrolix","description":"Mergify
      testing installation for Kontrolix","external_url":"https://mergify.com/","html_url":"https://github.com/apps/mergify-kontrolix","created_at":"2023-05-03T09:24:33Z","updated_at":"2023-08-29T15:41:14Z","permissions":{"actions":"write","administration":"read","checks":"write","contents":"write","emails":"read","issues":"write","members":"read","metadata":"read","pages":"write","pull_requests":"write","statuses":"write","workflows":"write"},"events":["check_run","check_suite","issue_comment","member","membership","organization","pull_request","pull_request_review","pull_request_review_comment","pull_request_review_thread","push","repository","status","team","team_add","workflow_job","workflow_run"]},"pull_requests":[{"url":"https://api.github.com/repos/mergifyio-testing/functional-testing-repo-Kontrolix/pulls/4062","id":1558939575,"number":4062,"head":{"ref":"20231016155812/test_repo_name_short_wrong/integration/pr1","sha":"0abf14e74e807478e84164c7fdafc0b8e1824b50","repo":{"id":635704693,"url":"https://api.github.com/repos/mergifyio-testing/functional-testing-repo-Kontrolix","name":"functional-testing-repo-Kontrolix"}},"base":{"ref":"20231016155812/test_repo_name_short_wrong/main","sha":"0d69efd6a71377e4bf2ef24bea73166347a2953f","repo":{"id":635704693,"url":"https://api.github.com/repos/mergifyio-testing/functional-testing-repo-Kontrolix","name":"functional-testing-repo-Kontrolix"}}}]}'
    headers:
      Content-Length:
      - '4363'
      Content-Type:
      - application/json; charset=utf-8
      Location:
      - https://api.github.com/repos/mergifyio-testing/functional-testing-repo-Kontrolix/check-runs/17747270502
      X-GitHub-Media-Type:
      - github.v3; param=antiope-preview; format=json
      x-accepted-github-permissions:
      - checks=write
      x-github-api-version-selected:
      - '2022-11-28'
    http_version: HTTP/1.1
    status_code: 201
- request:
    body: whatdataisthat
    headers:
      X-Hub-Signature:
      - <SIGNATURE>
      accept:
      - '*/*'
      content-length:
      - '14'
      host:
      - test-forwarder.mergify.com
    method: GET
    uri: https://test-forwarder.mergify.com/events/github.com/327815/635704693/4062?counter=16
  response:
    base64encoded: false
    content: '[{"id":"e50965e0-6c3c-11ee-8f91-4a79b2539d08","hook_id":"412739825","type":"issue_comment","payload":{"action":"created","issue":{"url":"https://api.github.com/repos/mergifyio-testing/functional-testing-repo-Kontrolix/issues/4062","repository_url":"https://api.github.com/repos/mergifyio-testing/functional-testing-repo-Kontrolix","labels_url":"https://api.github.com/repos/mergifyio-testing/functional-testing-repo-Kontrolix/issues/4062/labels{/name}","comments_url":"https://api.github.com/repos/mergifyio-testing/functional-testing-repo-Kontrolix/issues/4062/comments","events_url":"https://api.github.com/repos/mergifyio-testing/functional-testing-repo-Kontrolix/issues/4062/events","html_url":"https://github.com/mergifyio-testing/functional-testing-repo-Kontrolix/pull/4062","id":1945587756,"node_id":"PR_kwDOJeQVdc5c64e3","number":4062,"title":"test_repo_name_short_wrong:
      pull request n1 from integration","user":{"login":"mergify-kontrolix[bot]","id":132445501,"node_id":"BOT_kgDOB-T1PQ","avatar_url":"https://avatars.githubusercontent.com/u/40527191?v=4","gravatar_id":"","url":"https://api.github.com/users/mergify-kontrolix%5Bbot%5D","html_url":"https://github.com/apps/mergify-kontrolix","followers_url":"https://api.github.com/users/mergify-kontrolix%5Bbot%5D/followers","following_url":"https://api.github.com/users/mergify-kontrolix%5Bbot%5D/following{/other_user}","gists_url":"https://api.github.com/users/mergify-kontrolix%5Bbot%5D/gists{/gist_id}","starred_url":"https://api.github.com/users/mergify-kontrolix%5Bbot%5D/starred{/owner}{/repo}","subscriptions_url":"https://api.github.com/users/mergify-kontrolix%5Bbot%5D/subscriptions","organizations_url":"https://api.github.com/users/mergify-kontrolix%5Bbot%5D/orgs","repos_url":"https://api.github.com/users/mergify-kontrolix%5Bbot%5D/repos","events_url":"https://api.github.com/users/mergify-kontrolix%5Bbot%5D/events{/privacy}","received_events_url":"https://api.github.com/users/mergify-kontrolix%5Bbot%5D/received_events","type":"Bot","site_admin":false},"labels":[],"state":"open","locked":false,"assignee":null,"assignees":[],"milestone":null,"comments":1,"created_at":"2023-10-16T15:58:28Z","updated_at":"2023-10-16T15:58:49Z","closed_at":null,"author_association":"CONTRIBUTOR","active_lock_reason":null,"draft":false,"pull_request":{"url":"https://api.github.com/repos/mergifyio-testing/functional-testing-repo-Kontrolix/pulls/4062","html_url":"https://github.com/mergifyio-testing/functional-testing-repo-Kontrolix/pull/4062","diff_url":"https://github.com/mergifyio-testing/functional-testing-repo-Kontrolix/pull/4062.diff","patch_url":"https://github.com/mergifyio-testing/functional-testing-repo-Kontrolix/pull/4062.patch","merged_at":null},"body":"test_repo_name_short_wrong:
      pull request n1 from integration","reactions":{"url":"https://api.github.com/repos/mergifyio-testing/functional-testing-repo-Kontrolix/issues/4062/reactions","total_count":0,"+1":0,"-1":0,"laugh":0,"hooray":0,"confused":0,"heart":0,"rocket":0,"eyes":0},"timeline_url":"https://api.github.com/repos/mergifyio-testing/functional-testing-repo-Kontrolix/issues/4062/timeline","performed_via_github_app":null,"state_reason":null},"comment":{"url":"https://api.github.com/repos/mergifyio-testing/functional-testing-repo-Kontrolix/issues/comments/1764798481","html_url":"https://github.com/mergifyio-testing/functional-testing-repo-Kontrolix/pull/4062#issuecomment-1764798481","issue_url":"https://api.github.com/repos/mergifyio-testing/functional-testing-repo-Kontrolix/issues/4062","id":1764798481,"node_id":"IC_kwDOJeQVdc5pMLAR","user":{"login":"mergify-kontrolix[bot]","id":132445501,"node_id":"BOT_kgDOB-T1PQ","avatar_url":"https://avatars.githubusercontent.com/u/40527191?v=4","gravatar_id":"","url":"https://api.github.com/users/mergify-kontrolix%5Bbot%5D","html_url":"https://github.com/apps/mergify-kontrolix","followers_url":"https://api.github.com/users/mergify-kontrolix%5Bbot%5D/followers","following_url":"https://api.github.com/users/mergify-kontrolix%5Bbot%5D/following{/other_user}","gists_url":"https://api.github.com/users/mergify-kontrolix%5Bbot%5D/gists{/gist_id}","starred_url":"https://api.github.com/users/mergify-kontrolix%5Bbot%5D/starred{/owner}{/repo}","subscriptions_url":"https://api.github.com/users/mergify-kontrolix%5Bbot%5D/subscriptions","organizations_url":"https://api.github.com/users/mergify-kontrolix%5Bbot%5D/orgs","repos_url":"https://api.github.com/users/mergify-kontrolix%5Bbot%5D/repos","events_url":"https://api.github.com/users/mergify-kontrolix%5Bbot%5D/events{/privacy}","received_events_url":"https://api.github.com/users/mergify-kontrolix%5Bbot%5D/received_events","type":"Bot","site_admin":false},"created_at":"2023-10-16T15:58:48Z","updated_at":"2023-10-16T15:58:48Z","author_association":"CONTRIBUTOR","body":"repository
      name short (wrong)","reactions":{"url":"https://api.github.com/repos/mergifyio-testing/functional-testing-repo-Kontrolix/issues/comments/1764798481/reactions","total_count":0,"+1":0,"-1":0,"laugh":0,"hooray":0,"confused":0,"heart":0,"rocket":0,"eyes":0},"performed_via_github_app":null},"repository":{"id":635704693,"node_id":"R_kgDOJeQVdQ","name":"functional-testing-repo-Kontrolix","full_name":"mergifyio-testing/functional-testing-repo-Kontrolix","private":false,"owner":{"login":"mergifyio-testing","id":40527191,"node_id":"MDEyOk9yZ2FuaXphdGlvbjQwNTI3MTkx","avatar_url":"https://avatars.githubusercontent.com/u/40527191?v=4","gravatar_id":"","url":"https://api.github.com/users/mergifyio-testing","html_url":"https://github.com/mergifyio-testing","followers_url":"https://api.github.com/users/mergifyio-testing/followers","following_url":"https://api.github.com/users/mergifyio-testing/following{/other_user}","gists_url":"https://api.github.com/users/mergifyio-testing/gists{/gist_id}","starred_url":"https://api.github.com/users/mergifyio-testing/starred{/owner}{/repo}","subscriptions_url":"https://api.github.com/users/mergifyio-testing/subscriptions","organizations_url":"https://api.github.com/users/mergifyio-testing/orgs","repos_url":"https://api.github.com/users/mergifyio-testing/repos","events_url":"https://api.github.com/users/mergifyio-testing/events{/privacy}","received_events_url":"https://api.github.com/users/mergifyio-testing/received_events","type":"Organization","site_admin":false},"html_url":"https://github.com/mergifyio-testing/functional-testing-repo-Kontrolix","description":null,"fork":false,"url":"https://api.github.com/repos/mergifyio-testing/functional-testing-repo-Kontrolix","forks_url":"https://api.github.com/repos/mergifyio-testing/functional-testing-repo-Kontrolix/forks","keys_url":"https://api.github.com/repos/mergifyio-testing/functional-testing-repo-Kontrolix/keys{/key_id}","collaborators_url":"https://api.github.com/repos/mergifyio-testing/functional-testing-repo-Kontrolix/collaborators{/collaborator}","teams_url":"https://api.github.com/repos/mergifyio-testing/functional-testing-repo-Kontrolix/teams","hooks_url":"https://api.github.com/repos/mergifyio-testing/functional-testing-repo-Kontrolix/hooks","issue_events_url":"https://api.github.com/repos/mergifyio-testing/functional-testing-repo-Kontrolix/issues/events{/number}","events_url":"https://api.github.com/repos/mergifyio-testing/functional-testing-repo-Kontrolix/events","assignees_url":"https://api.github.com/repos/mergifyio-testing/functional-testing-repo-Kontrolix/assignees{/user}","branches_url":"https://api.github.com/repos/mergifyio-testing/functional-testing-repo-Kontrolix/branches{/branch}","tags_url":"https://api.github.com/repos/mergifyio-testing/functional-testing-repo-Kontrolix/tags","blobs_url":"https://api.github.com/repos/mergifyio-testing/functional-testing-repo-Kontrolix/git/blobs{/sha}","git_tags_url":"https://api.github.com/repos/mergifyio-testing/functional-testing-repo-Kontrolix/git/tags{/sha}","git_refs_url":"https://api.github.com/repos/mergifyio-testing/functional-testing-repo-Kontrolix/git/refs{/sha}","trees_url":"https://api.github.com/repos/mergifyio-testing/functional-testing-repo-Kontrolix/git/trees{/sha}","statuses_url":"https://api.github.com/repos/mergifyio-testing/functional-testing-repo-Kontrolix/statuses/{sha}","languages_url":"https://api.github.com/repos/mergifyio-testing/functional-testing-repo-Kontrolix/languages","stargazers_url":"https://api.github.com/repos/mergifyio-testing/functional-testing-repo-Kontrolix/stargazers","contributors_url":"https://api.github.com/repos/mergifyio-testing/functional-testing-repo-Kontrolix/contributors","subscribers_url":"https://api.github.com/repos/mergifyio-testing/functional-testing-repo-Kontrolix/subscribers","subscription_url":"https://api.github.com/repos/mergifyio-testing/functional-testing-repo-Kontrolix/subscription","commits_url":"https://api.github.com/repos/mergifyio-testing/functional-testing-repo-Kontrolix/commits{/sha}","git_commits_url":"https://api.github.com/repos/mergifyio-testing/functional-testing-repo-Kontrolix/git/commits{/sha}","comments_url":"https://api.github.com/repos/mergifyio-testing/functional-testing-repo-Kontrolix/comments{/number}","issue_comment_url":"https://api.github.com/repos/mergifyio-testing/functional-testing-repo-Kontrolix/issues/comments{/number}","contents_url":"https://api.github.com/repos/mergifyio-testing/functional-testing-repo-Kontrolix/contents/{+path}","compare_url":"https://api.github.com/repos/mergifyio-testing/functional-testing-repo-Kontrolix/compare/{base}...{head}","merges_url":"https://api.github.com/repos/mergifyio-testing/functional-testing-repo-Kontrolix/merges","archive_url":"https://api.github.com/repos/mergifyio-testing/functional-testing-repo-Kontrolix/{archive_format}{/ref}","downloads_url":"https://api.github.com/repos/mergifyio-testing/functional-testing-repo-Kontrolix/downloads","issues_url":"https://api.github.com/repos/mergifyio-testing/functional-testing-repo-Kontrolix/issues{/number}","pulls_url":"https://api.github.com/repos/mergifyio-testing/functional-testing-repo-Kontrolix/pulls{/number}","milestones_url":"https://api.github.com/repos/mergifyio-testing/functional-testing-repo-Kontrolix/milestones{/number}","notifications_url":"https://api.github.com/repos/mergifyio-testing/functional-testing-repo-Kontrolix/notifications{?since,all,participating}","labels_url":"https://api.github.com/repos/mergifyio-testing/functional-testing-repo-Kontrolix/labels{/name}","releases_url":"https://api.github.com/repos/mergifyio-testing/functional-testing-repo-Kontrolix/releases{/id}","deployments_url":"https://api.github.com/repos/mergifyio-testing/functional-testing-repo-Kontrolix/deployments","created_at":"2023-05-03T09:24:21Z","updated_at":"2023-05-03T09:24:22Z","pushed_at":"2023-10-16T15:58:47Z","git_url":"git://github.com/mergifyio-testing/functional-testing-repo-Kontrolix.git","ssh_url":"git@github.com:mergifyio-testing/functional-testing-repo-Kontrolix.git","clone_url":"https://github.com/mergifyio-testing/functional-testing-repo-Kontrolix.git","svn_url":"https://github.com/mergifyio-testing/functional-testing-repo-Kontrolix","homepage":null,"size":154,"stargazers_count":0,"watchers_count":0,"language":null,"has_issues":true,"has_projects":true,"has_downloads":true,"has_wiki":true,"has_pages":false,"has_discussions":false,"forks_count":2,"mirror_url":null,"archived":false,"disabled":false,"open_issues_count":12,"license":null,"allow_forking":true,"is_template":false,"web_commit_signoff_required":false,"topics":[],"visibility":"public","forks":2,"open_issues":12,"watchers":0,"default_branch":"main"},"organization":{"login":"mergifyio-testing","id":40527191,"node_id":"MDEyOk9yZ2FuaXphdGlvbjQwNTI3MTkx","url":"https://api.github.com/orgs/mergifyio-testing","repos_url":"https://api.github.com/orgs/mergifyio-testing/repos","events_url":"https://api.github.com/orgs/mergifyio-testing/events","hooks_url":"https://api.github.com/orgs/mergifyio-testing/hooks","issues_url":"https://api.github.com/orgs/mergifyio-testing/issues","members_url":"https://api.github.com/orgs/mergifyio-testing/members{/member}","public_members_url":"https://api.github.com/orgs/mergifyio-testing/public_members{/member}","avatar_url":"https://avatars.githubusercontent.com/u/40527191?v=4","description":"This
      account is for testing purpose of the workflow of the GitHub App @Mergifyio"},"sender":{"login":"mergify-kontrolix[bot]","id":132445501,"node_id":"BOT_kgDOB-T1PQ","avatar_url":"https://avatars.githubusercontent.com/u/40527191?v=4","gravatar_id":"","url":"https://api.github.com/users/mergify-kontrolix%5Bbot%5D","html_url":"https://github.com/apps/mergify-kontrolix","followers_url":"https://api.github.com/users/mergify-kontrolix%5Bbot%5D/followers","following_url":"https://api.github.com/users/mergify-kontrolix%5Bbot%5D/following{/other_user}","gists_url":"https://api.github.com/users/mergify-kontrolix%5Bbot%5D/gists{/gist_id}","starred_url":"https://api.github.com/users/mergify-kontrolix%5Bbot%5D/starred{/owner}{/repo}","subscriptions_url":"https://api.github.com/users/mergify-kontrolix%5Bbot%5D/subscriptions","organizations_url":"https://api.github.com/users/mergify-kontrolix%5Bbot%5D/orgs","repos_url":"https://api.github.com/users/mergify-kontrolix%5Bbot%5D/repos","events_url":"https://api.github.com/users/mergify-kontrolix%5Bbot%5D/events{/privacy}","received_events_url":"https://api.github.com/users/mergify-kontrolix%5Bbot%5D/received_events","type":"Bot","site_admin":false},"installation":{"id":37100555,"node_id":"MDIzOkludGVncmF0aW9uSW5zdGFsbGF0aW9uMzcxMDA1NTU="}}}]'
    headers:
      Connection:
      - keep-alive
      Content-Length:
      - '13538'
      Content-Type:
      - application/json
    http_version: HTTP/1.1
    status_code: 200
- request:
    body: ''
    headers:
      accept:
      - application/vnd.github.machine-man-preview+json
      host:
      - api.github.com
    method: GET
    uri: https://api.github.com/repos/mergifyio-testing/functional-testing-repo-Kontrolix/git/matching-refs/heads/20231016155812/test_repo_name_short_wrong/main?per_page=100
  response:
    base64encoded: false
    content: '[{"ref":"refs/heads/20231016155812/test_repo_name_short_wrong/main","node_id":"REF_kwDOJeQVddoAOXJlZnMvaGVhZHMvMjAyMzEwMTYxNTU4MTIvdGVzdF9yZXBvX25hbWVfc2hvcnRfd3JvbmcvbWFpbg","url":"https://api.github.com/repos/mergifyio-testing/functional-testing-repo-Kontrolix/git/refs/heads/20231016155812/test_repo_name_short_wrong/main","object":{"sha":"0d69efd6a71377e4bf2ef24bea73166347a2953f","type":"commit","url":"https://api.github.com/repos/mergifyio-testing/functional-testing-repo-Kontrolix/git/commits/0d69efd6a71377e4bf2ef24bea73166347a2953f"}}]'
    headers:
      Content-Encoding:
      - gzip
      Content-Type:
      - application/json; charset=utf-8
      Transfer-Encoding:
      - chunked
      X-GitHub-Media-Type:
      - github.v3; param=machine-man-preview; format=json
      X-Poll-Interval:
      - '300'
      x-accepted-github-permissions:
      - contents=read
      x-github-api-version-selected:
      - '2022-11-28'
    http_version: HTTP/1.1
    status_code: 200
- request:
    body: ''
    headers:
      accept:
      - application/vnd.github.machine-man-preview+json
      host:
      - api.github.com
    method: GET
    uri: https://api.github.com/repos/mergifyio-testing/functional-testing-repo-Kontrolix/git/matching-refs/heads/test_repo_name_short_wrong/mq/?per_page=100
  response:
    base64encoded: false
    content: '[]'
    headers:
      Content-Length:
      - '2'
      Content-Type:
      - application/json; charset=utf-8
      X-GitHub-Media-Type:
      - github.v3; param=machine-man-preview; format=json
      X-Poll-Interval:
      - '300'
      x-accepted-github-permissions:
      - contents=read
      x-github-api-version-selected:
      - '2022-11-28'
    http_version: HTTP/1.1
    status_code: 200
- request:
    body: ''
    headers:
      accept:
      - application/vnd.github.machine-man-preview+json
      host:
      - api.github.com
    method: GET
    uri: https://api.github.com/repos/mergifyio-testing/functional-testing-repo-Kontrolix/git/matching-refs/heads/mergify/bp/d2cefbd3-ce53-5d3b-9516-448a28407a54?per_page=100
  response:
    base64encoded: false
    content: '[]'
    headers:
      Content-Length:
      - '2'
      Content-Type:
      - application/json; charset=utf-8
      X-GitHub-Media-Type:
      - github.v3; param=machine-man-preview; format=json
      X-Poll-Interval:
      - '300'
      x-accepted-github-permissions:
      - contents=read
      x-github-api-version-selected:
      - '2022-11-28'
    http_version: HTTP/1.1
    status_code: 200
- request:
    body: ''
    headers:
      accept:
      - application/vnd.github.machine-man-preview+json
      host:
      - api.github.com
    method: GET
    uri: https://api.github.com/repos/mergifyio-testing/functional-testing-repo-Kontrolix/git/matching-refs/heads/mergify/copy/d2cefbd3-ce53-5d3b-9516-448a28407a54?per_page=100
  response:
    base64encoded: false
    content: '[]'
    headers:
      Content-Length:
      - '2'
      Content-Type:
      - application/json; charset=utf-8
      X-GitHub-Media-Type:
      - github.v3; param=machine-man-preview; format=json
      X-Poll-Interval:
      - '300'
      x-accepted-github-permissions:
      - contents=read
      x-github-api-version-selected:
      - '2022-11-28'
    http_version: HTTP/1.1
    status_code: 200
- request:
    body: ''
    headers:
      accept:
      - application/vnd.github.machine-man-preview+json
      host:
      - api.github.com
    method: GET
    uri: https://api.github.com/repos/mergifyio-testing/functional-testing-repo-Kontrolix/branches/20231016155812%2Ftest_repo_name_short_wrong%2Fintegration%2Fpr1
  response:
    base64encoded: false
    content: '{"name":"20231016155812/test_repo_name_short_wrong/integration/pr1","commit":{"sha":"0abf14e74e807478e84164c7fdafc0b8e1824b50","node_id":"C_kwDOJeQVddoAKDBhYmYxNGU3NGU4MDc0NzhlODQxNjRjN2ZkYWZjMGI4ZTE4MjRiNTA","commit":{"author":{"name":"Mergify","email":"132445501+mergify-kontrolix[bot]@users.noreply.github.com","date":"2023-10-16T15:58:23Z"},"committer":{"name":"Mergify","email":"132445501+mergify-kontrolix[bot]@users.noreply.github.com","date":"2023-10-16T15:58:23Z"},"message":"test_repo_name_short_wrong:
      pull request n1 from integration","tree":{"sha":"34c99284d49ba35f8b4c4cbd6757fea87e4faf6f","url":"https://api.github.com/repos/mergifyio-testing/functional-testing-repo-Kontrolix/git/trees/34c99284d49ba35f8b4c4cbd6757fea87e4faf6f"},"url":"https://api.github.com/repos/mergifyio-testing/functional-testing-repo-Kontrolix/git/commits/0abf14e74e807478e84164c7fdafc0b8e1824b50","comment_count":0,"verification":{"verified":false,"reason":"unsigned","signature":null,"payload":null}},"url":"https://api.github.com/repos/mergifyio-testing/functional-testing-repo-Kontrolix/commits/0abf14e74e807478e84164c7fdafc0b8e1824b50","html_url":"https://github.com/mergifyio-testing/functional-testing-repo-Kontrolix/commit/0abf14e74e807478e84164c7fdafc0b8e1824b50","comments_url":"https://api.github.com/repos/mergifyio-testing/functional-testing-repo-Kontrolix/commits/0abf14e74e807478e84164c7fdafc0b8e1824b50/comments","author":{"login":"mergify-kontrolix[bot]","id":132445501,"node_id":"BOT_kgDOB-T1PQ","avatar_url":"https://avatars.githubusercontent.com/u/40527191?v=4","gravatar_id":"","url":"https://api.github.com/users/mergify-kontrolix%5Bbot%5D","html_url":"https://github.com/apps/mergify-kontrolix","followers_url":"https://api.github.com/users/mergify-kontrolix%5Bbot%5D/followers","following_url":"https://api.github.com/users/mergify-kontrolix%5Bbot%5D/following{/other_user}","gists_url":"https://api.github.com/users/mergify-kontrolix%5Bbot%5D/gists{/gist_id}","starred_url":"https://api.github.com/users/mergify-kontrolix%5Bbot%5D/starred{/owner}{/repo}","subscriptions_url":"https://api.github.com/users/mergify-kontrolix%5Bbot%5D/subscriptions","organizations_url":"https://api.github.com/users/mergify-kontrolix%5Bbot%5D/orgs","repos_url":"https://api.github.com/users/mergify-kontrolix%5Bbot%5D/repos","events_url":"https://api.github.com/users/mergify-kontrolix%5Bbot%5D/events{/privacy}","received_events_url":"https://api.github.com/users/mergify-kontrolix%5Bbot%5D/received_events","type":"Bot","site_admin":false},"committer":{"login":"mergify-kontrolix[bot]","id":132445501,"node_id":"BOT_kgDOB-T1PQ","avatar_url":"https://avatars.githubusercontent.com/u/40527191?v=4","gravatar_id":"","url":"https://api.github.com/users/mergify-kontrolix%5Bbot%5D","html_url":"https://github.com/apps/mergify-kontrolix","followers_url":"https://api.github.com/users/mergify-kontrolix%5Bbot%5D/followers","following_url":"https://api.github.com/users/mergify-kontrolix%5Bbot%5D/following{/other_user}","gists_url":"https://api.github.com/users/mergify-kontrolix%5Bbot%5D/gists{/gist_id}","starred_url":"https://api.github.com/users/mergify-kontrolix%5Bbot%5D/starred{/owner}{/repo}","subscriptions_url":"https://api.github.com/users/mergify-kontrolix%5Bbot%5D/subscriptions","organizations_url":"https://api.github.com/users/mergify-kontrolix%5Bbot%5D/orgs","repos_url":"https://api.github.com/users/mergify-kontrolix%5Bbot%5D/repos","events_url":"https://api.github.com/users/mergify-kontrolix%5Bbot%5D/events{/privacy}","received_events_url":"https://api.github.com/users/mergify-kontrolix%5Bbot%5D/received_events","type":"Bot","site_admin":false},"parents":[{"sha":"0d69efd6a71377e4bf2ef24bea73166347a2953f","url":"https://api.github.com/repos/mergifyio-testing/functional-testing-repo-Kontrolix/commits/0d69efd6a71377e4bf2ef24bea73166347a2953f","html_url":"https://github.com/mergifyio-testing/functional-testing-repo-Kontrolix/commit/0d69efd6a71377e4bf2ef24bea73166347a2953f"}]},"_links":{"self":"https://api.github.com/repos/mergifyio-testing/functional-testing-repo-Kontrolix/branches/20231016155812/test_repo_name_short_wrong/integration/pr1","html":"https://github.com/mergifyio-testing/functional-testing-repo-Kontrolix/tree/20231016155812/test_repo_name_short_wrong/integration/pr1"},"protected":false,"protection":{"enabled":false,"required_status_checks":{"enforcement_level":"off","contexts":[],"checks":[]}},"protection_url":"https://api.github.com/repos/mergifyio-testing/functional-testing-repo-Kontrolix/branches/20231016155812/test_repo_name_short_wrong/integration/pr1/protection"}'
    headers:
      Content-Encoding:
      - gzip
      Content-Type:
      - application/json; charset=utf-8
      Transfer-Encoding:
      - chunked
      X-GitHub-Media-Type:
      - github.v3; param=machine-man-preview; format=json
      x-accepted-github-permissions:
      - contents=read
      x-github-api-version-selected:
      - '2022-11-28'
    http_version: HTTP/1.1
    status_code: 200
- request:
    body: ''
    headers:
      accept:
      - application/vnd.github.machine-man-preview+json
      host:
      - api.github.com
    method: DELETE
    uri: https://api.github.com/repos/mergifyio-testing/functional-testing-repo-Kontrolix/git/refs/heads/20231016155812/test_repo_name_short_wrong/integration/pr1
  response:
    base64encoded: false
    content: ''
    headers:
      X-GitHub-Media-Type:
      - github.v3; param=machine-man-preview; format=json
      x-accepted-github-permissions:
      - contents=write
      x-github-api-version-selected:
      - '2022-11-28'
    http_version: HTTP/1.1
    status_code: 204
- request:
    body: ''
    headers:
      accept:
      - application/vnd.github.machine-man-preview+json
      host:
      - api.github.com
    method: GET
    uri: https://api.github.com/repos/mergifyio-testing/functional-testing-repo-Kontrolix/branches/20231016155812%2Ftest_repo_name_short_wrong%2Fmain
  response:
    base64encoded: false
    content: '{"name":"20231016155812/test_repo_name_short_wrong/main","commit":{"sha":"0d69efd6a71377e4bf2ef24bea73166347a2953f","node_id":"C_kwDOJeQVddoAKDBkNjllZmQ2YTcxMzc3ZTRiZjJlZjI0YmVhNzMxNjYzNDdhMjk1M2Y","commit":{"author":{"name":"Mergify","email":"132445501+mergify-kontrolix[bot]@users.noreply.github.com","date":"2023-10-16T15:58:15Z"},"committer":{"name":"Mergify","email":"132445501+mergify-kontrolix[bot]@users.noreply.github.com","date":"2023-10-16T15:58:15Z"},"message":"initial
      commit","tree":{"sha":"40548f62d59654c71c3c77e38a6598b42e66e749","url":"https://api.github.com/repos/mergifyio-testing/functional-testing-repo-Kontrolix/git/trees/40548f62d59654c71c3c77e38a6598b42e66e749"},"url":"https://api.github.com/repos/mergifyio-testing/functional-testing-repo-Kontrolix/git/commits/0d69efd6a71377e4bf2ef24bea73166347a2953f","comment_count":0,"verification":{"verified":false,"reason":"unsigned","signature":null,"payload":null}},"url":"https://api.github.com/repos/mergifyio-testing/functional-testing-repo-Kontrolix/commits/0d69efd6a71377e4bf2ef24bea73166347a2953f","html_url":"https://github.com/mergifyio-testing/functional-testing-repo-Kontrolix/commit/0d69efd6a71377e4bf2ef24bea73166347a2953f","comments_url":"https://api.github.com/repos/mergifyio-testing/functional-testing-repo-Kontrolix/commits/0d69efd6a71377e4bf2ef24bea73166347a2953f/comments","author":{"login":"mergify-kontrolix[bot]","id":132445501,"node_id":"BOT_kgDOB-T1PQ","avatar_url":"https://avatars.githubusercontent.com/u/40527191?v=4","gravatar_id":"","url":"https://api.github.com/users/mergify-kontrolix%5Bbot%5D","html_url":"https://github.com/apps/mergify-kontrolix","followers_url":"https://api.github.com/users/mergify-kontrolix%5Bbot%5D/followers","following_url":"https://api.github.com/users/mergify-kontrolix%5Bbot%5D/following{/other_user}","gists_url":"https://api.github.com/users/mergify-kontrolix%5Bbot%5D/gists{/gist_id}","starred_url":"https://api.github.com/users/mergify-kontrolix%5Bbot%5D/starred{/owner}{/repo}","subscriptions_url":"https://api.github.com/users/mergify-kontrolix%5Bbot%5D/subscriptions","organizations_url":"https://api.github.com/users/mergify-kontrolix%5Bbot%5D/orgs","repos_url":"https://api.github.com/users/mergify-kontrolix%5Bbot%5D/repos","events_url":"https://api.github.com/users/mergify-kontrolix%5Bbot%5D/events{/privacy}","received_events_url":"https://api.github.com/users/mergify-kontrolix%5Bbot%5D/received_events","type":"Bot","site_admin":false},"committer":{"login":"mergify-kontrolix[bot]","id":132445501,"node_id":"BOT_kgDOB-T1PQ","avatar_url":"https://avatars.githubusercontent.com/u/40527191?v=4","gravatar_id":"","url":"https://api.github.com/users/mergify-kontrolix%5Bbot%5D","html_url":"https://github.com/apps/mergify-kontrolix","followers_url":"https://api.github.com/users/mergify-kontrolix%5Bbot%5D/followers","following_url":"https://api.github.com/users/mergify-kontrolix%5Bbot%5D/following{/other_user}","gists_url":"https://api.github.com/users/mergify-kontrolix%5Bbot%5D/gists{/gist_id}","starred_url":"https://api.github.com/users/mergify-kontrolix%5Bbot%5D/starred{/owner}{/repo}","subscriptions_url":"https://api.github.com/users/mergify-kontrolix%5Bbot%5D/subscriptions","organizations_url":"https://api.github.com/users/mergify-kontrolix%5Bbot%5D/orgs","repos_url":"https://api.github.com/users/mergify-kontrolix%5Bbot%5D/repos","events_url":"https://api.github.com/users/mergify-kontrolix%5Bbot%5D/events{/privacy}","received_events_url":"https://api.github.com/users/mergify-kontrolix%5Bbot%5D/received_events","type":"Bot","site_admin":false},"parents":[]},"_links":{"self":"https://api.github.com/repos/mergifyio-testing/functional-testing-repo-Kontrolix/branches/20231016155812/test_repo_name_short_wrong/main","html":"https://github.com/mergifyio-testing/functional-testing-repo-Kontrolix/tree/20231016155812/test_repo_name_short_wrong/main"},"protected":true,"protection":{"enabled":true,"required_status_checks":{"enforcement_level":"non_admins","contexts":["continuous-integration/fake-ci"],"checks":[{"context":"continuous-integration/fake-ci","app_id":327815}]}},"protection_url":"https://api.github.com/repos/mergifyio-testing/functional-testing-repo-Kontrolix/branches/20231016155812/test_repo_name_short_wrong/main/protection"}'
    headers:
      Content-Encoding:
      - gzip
      Content-Type:
      - application/json; charset=utf-8
      Transfer-Encoding:
      - chunked
      X-GitHub-Media-Type:
      - github.v3; param=machine-man-preview; format=json
      x-accepted-github-permissions:
      - contents=read
      x-github-api-version-selected:
      - '2022-11-28'
    http_version: HTTP/1.1
    status_code: 200
- request:
    body: ''
    headers:
      accept:
      - application/vnd.github.luke-cage-preview+json
      host:
      - api.github.com
    method: DELETE
    uri: https://api.github.com/repos/mergifyio-testing/functional-testing-repo-Kontrolix/branches/20231016155812/test_repo_name_short_wrong/main/protection
  response:
    base64encoded: false
    content: ''
    headers:
      X-Accepted-OAuth-Scopes:
      - ''
      X-GitHub-Media-Type:
      - github.v3; param=luke-cage-preview; format=json
      X-OAuth-Scopes:
      - admin:org, delete_repo, read:public_key, repo, user, workflow
      x-github-api-version-selected:
      - '2022-11-28'
    http_version: HTTP/1.1
    status_code: 204
- request:
    body: ''
    headers:
      accept:
      - application/vnd.github.machine-man-preview+json
      host:
      - api.github.com
    method: DELETE
    uri: https://api.github.com/repos/mergifyio-testing/functional-testing-repo-Kontrolix/git/refs/heads/20231016155812/test_repo_name_short_wrong/main
  response:
    base64encoded: false
    content: ''
    headers:
      X-GitHub-Media-Type:
      - github.v3; param=machine-man-preview; format=json
      x-accepted-github-permissions:
      - contents=write
      x-github-api-version-selected:
      - '2022-11-28'
    http_version: HTTP/1.1
    status_code: 204
- request:
    body: whatdataisthat
    headers:
      X-Hub-Signature:
      - <SIGNATURE>
      accept:
      - '*/*'
      content-length:
      - '14'
      host:
      - test-forwarder.mergify.com
    method: DELETE
    uri: https://test-forwarder.mergify.com/events/github.com/327815/635704693/20231016155812-test_repo_name_short_wrong
  response:
    base64encoded: false
    content: Event queued
    headers:
      Connection:
      - keep-alive
      Content-Length:
      - '12'
      Nel:
      - '{"report_to":"heroku-nel","max_age":3600,"success_fraction":0.005,"failure_fraction":0.05,"response_headers":["Via"]}'
      Reporting-Endpoints:
      - heroku-nel=https://nel.heroku.com/reports?ts=1697471968&sid=929419e7-33ea-4e2f-85f0-7d8b7cd5cbd6&s=0d%2Fzu0mT420oX8WTshGlOQCB7yS9XzOzqxJAD9VnnoQ%3D
    http_version: HTTP/1.1
    status_code: 202
version: 1
