interactions:
- request:
    body: ''
    headers:
      accept:
      - application/vnd.github.machine-man-preview+json
      host:
      - api.github.com
    method: GET
    uri: https://api.github.com/user/40527191/installation
  response:
    content: '{"id":26895237,"account":{"login":"mergifyio-testing","id":40527191,"node_id":"MDEyOk9yZ2FuaXphdGlvbjQwNTI3MTkx","avatar_url":"https://avatars.githubusercontent.com/u/40527191?v=4","gravatar_id":"","url":"https://api.github.com/users/mergifyio-testing","html_url":"https://github.com/mergifyio-testing","followers_url":"https://api.github.com/users/mergifyio-testing/followers","following_url":"https://api.github.com/users/mergifyio-testing/following{/other_user}","gists_url":"https://api.github.com/users/mergifyio-testing/gists{/gist_id}","starred_url":"https://api.github.com/users/mergifyio-testing/starred{/owner}{/repo}","subscriptions_url":"https://api.github.com/users/mergifyio-testing/subscriptions","organizations_url":"https://api.github.com/users/mergifyio-testing/orgs","repos_url":"https://api.github.com/users/mergifyio-testing/repos","events_url":"https://api.github.com/users/mergifyio-testing/events{/privacy}","received_events_url":"https://api.github.com/users/mergifyio-testing/received_events","type":"Organization","site_admin":false},"repository_selection":"selected","access_tokens_url":"https://api.github.com/app/installations/26895237/access_tokens","repositories_url":"https://api.github.com/installation/repositories","html_url":"https://github.com/organizations/mergifyio-testing/settings/installations/26895237","app_id":214874,"app_slug":"mergify-syffe","target_id":40527191,"target_type":"Organization","permissions":{"pages":"write","checks":"write","issues":"write","members":"read","contents":"write","metadata":"read","statuses":"write","workflows":"write","pull_requests":"write","administration":"read"},"events":["check_run","check_suite","issue_comment","member","membership","organization","pull_request","pull_request_review","pull_request_review_comment","pull_request_review_thread","push","repository","status","team","team_add"],"created_at":"2022-06-27T12:48:22.000Z","updated_at":"2022-07-20T10:19:13.000Z","single_file_name":null,"has_multiple_single_files":false,"single_file_paths":[],"suspended_by":null,"suspended_at":null}'
    headers:
      Content-Encoding:
      - gzip
      Content-Type:
      - application/json; charset=utf-8
      Transfer-Encoding:
      - chunked
      X-GitHub-Media-Type:
      - github.v3; param=machine-man-preview; format=json
      x-github-api-version-selected:
      - '2022-11-28'
    http_version: HTTP/1.1
    status_code: 200
- request:
    body: ''
    headers:
      accept:
      - application/vnd.github.machine-man-preview+json
      host:
      - api.github.com
    method: GET
    uri: https://api.github.com/user
  response:
    content: '{"login":"mergify-test1","id":38494943,"node_id":"MDQ6VXNlcjM4NDk0OTQz","avatar_url":"https://avatars.githubusercontent.com/u/38494943?v=4","gravatar_id":"","url":"https://api.github.com/users/mergify-test1","html_url":"https://github.com/mergify-test1","followers_url":"https://api.github.com/users/mergify-test1/followers","following_url":"https://api.github.com/users/mergify-test1/following{/other_user}","gists_url":"https://api.github.com/users/mergify-test1/gists{/gist_id}","starred_url":"https://api.github.com/users/mergify-test1/starred{/owner}{/repo}","subscriptions_url":"https://api.github.com/users/mergify-test1/subscriptions","organizations_url":"https://api.github.com/users/mergify-test1/orgs","repos_url":"https://api.github.com/users/mergify-test1/repos","events_url":"https://api.github.com/users/mergify-test1/events{/privacy}","received_events_url":"https://api.github.com/users/mergify-test1/received_events","type":"User","site_admin":false,"name":"mergify-test-user-1","company":"@mergifyio","blog":"https://mergify.io","location":null,"email":null,"hireable":null,"bio":"This
      account is for testing purpose of the workflow of the GitHub App @mergifyio","twitter_username":"mergifyio","public_repos":1,"public_gists":0,"followers":0,"following":0,"created_at":"2018-04-18T10:42:59Z","updated_at":"2022-12-15T12:48:12Z","private_gists":0,"total_private_repos":0,"owned_private_repos":0,"disk_usage":0,"collaborators":0,"two_factor_authentication":false,"plan":{"name":"free","space":976562499,"collaborators":0,"private_repos":10000}}'
    headers:
      Content-Encoding:
      - gzip
      Content-Type:
      - application/json; charset=utf-8
      Transfer-Encoding:
      - chunked
      X-Accepted-OAuth-Scopes:
      - ''
      X-GitHub-Media-Type:
      - github.v3; param=machine-man-preview; format=json
      X-OAuth-Scopes:
      - admin:org, delete_repo, read:public_key, repo, user, workflow
      x-github-api-version-selected:
      - '2022-11-28'
    http_version: HTTP/1.1
    status_code: 200
- request:
    body: ''
    headers:
      accept:
      - application/vnd.github.machine-man-preview+json
      host:
      - api.github.com
    method: GET
    uri: https://api.github.com/user
  response:
    content: '{"login":"mergify-test2","id":38495008,"node_id":"MDQ6VXNlcjM4NDk1MDA4","avatar_url":"https://avatars.githubusercontent.com/u/38495008?v=4","gravatar_id":"","url":"https://api.github.com/users/mergify-test2","html_url":"https://github.com/mergify-test2","followers_url":"https://api.github.com/users/mergify-test2/followers","following_url":"https://api.github.com/users/mergify-test2/following{/other_user}","gists_url":"https://api.github.com/users/mergify-test2/gists{/gist_id}","starred_url":"https://api.github.com/users/mergify-test2/starred{/owner}{/repo}","subscriptions_url":"https://api.github.com/users/mergify-test2/subscriptions","organizations_url":"https://api.github.com/users/mergify-test2/orgs","repos_url":"https://api.github.com/users/mergify-test2/repos","events_url":"https://api.github.com/users/mergify-test2/events{/privacy}","received_events_url":"https://api.github.com/users/mergify-test2/received_events","type":"User","site_admin":false,"name":"mergify-test-user-2","company":"@mergifyio","blog":"https://mergify.com","location":null,"email":null,"hireable":null,"bio":"This
      account is for integration testing purpose of the workflow of the GitHub App
      @mergifyio","twitter_username":"mergifyio","public_repos":11,"public_gists":0,"followers":0,"following":0,"created_at":"2018-04-18T10:45:18Z","updated_at":"2022-12-15T12:48:12Z","private_gists":0,"total_private_repos":0,"owned_private_repos":0,"disk_usage":421,"collaborators":0,"two_factor_authentication":false,"plan":{"name":"free","space":976562499,"collaborators":0,"private_repos":10000}}'
    headers:
      Content-Encoding:
      - gzip
      Content-Type:
      - application/json; charset=utf-8
      Transfer-Encoding:
      - chunked
      X-Accepted-OAuth-Scopes:
      - ''
      X-GitHub-Media-Type:
      - github.v3; param=machine-man-preview; format=json
      X-OAuth-Scopes:
      - delete_repo, read:org, read:user, repo, user:email, workflow
      x-github-api-version-selected:
      - '2022-11-28'
    http_version: HTTP/1.1
    status_code: 200
- request:
    body: ''
    headers:
      Authorization:
      - <TOKEN>
      accept:
      - application/vnd.github.machine-man-preview+json
      host:
      - api.github.com
    method: GET
    uri: https://api.github.com/repositories/453968595
  response:
    content: '{"id":453968595,"node_id":"R_kgDOGw8C0w","name":"functional-testing-repo-Syffe","full_name":"mergifyio-testing/functional-testing-repo-Syffe","private":false,"owner":{"login":"mergifyio-testing","id":40527191,"node_id":"MDEyOk9yZ2FuaXphdGlvbjQwNTI3MTkx","avatar_url":"https://avatars.githubusercontent.com/u/40527191?v=4","gravatar_id":"","url":"https://api.github.com/users/mergifyio-testing","html_url":"https://github.com/mergifyio-testing","followers_url":"https://api.github.com/users/mergifyio-testing/followers","following_url":"https://api.github.com/users/mergifyio-testing/following{/other_user}","gists_url":"https://api.github.com/users/mergifyio-testing/gists{/gist_id}","starred_url":"https://api.github.com/users/mergifyio-testing/starred{/owner}{/repo}","subscriptions_url":"https://api.github.com/users/mergifyio-testing/subscriptions","organizations_url":"https://api.github.com/users/mergifyio-testing/orgs","repos_url":"https://api.github.com/users/mergifyio-testing/repos","events_url":"https://api.github.com/users/mergifyio-testing/events{/privacy}","received_events_url":"https://api.github.com/users/mergifyio-testing/received_events","type":"Organization","site_admin":false},"html_url":"https://github.com/mergifyio-testing/functional-testing-repo-Syffe","description":null,"fork":false,"url":"https://api.github.com/repos/mergifyio-testing/functional-testing-repo-Syffe","forks_url":"https://api.github.com/repos/mergifyio-testing/functional-testing-repo-Syffe/forks","keys_url":"https://api.github.com/repos/mergifyio-testing/functional-testing-repo-Syffe/keys{/key_id}","collaborators_url":"https://api.github.com/repos/mergifyio-testing/functional-testing-repo-Syffe/collaborators{/collaborator}","teams_url":"https://api.github.com/repos/mergifyio-testing/functional-testing-repo-Syffe/teams","hooks_url":"https://api.github.com/repos/mergifyio-testing/functional-testing-repo-Syffe/hooks","issue_events_url":"https://api.github.com/repos/mergifyio-testing/functional-testing-repo-Syffe/issues/events{/number}","events_url":"https://api.github.com/repos/mergifyio-testing/functional-testing-repo-Syffe/events","assignees_url":"https://api.github.com/repos/mergifyio-testing/functional-testing-repo-Syffe/assignees{/user}","branches_url":"https://api.github.com/repos/mergifyio-testing/functional-testing-repo-Syffe/branches{/branch}","tags_url":"https://api.github.com/repos/mergifyio-testing/functional-testing-repo-Syffe/tags","blobs_url":"https://api.github.com/repos/mergifyio-testing/functional-testing-repo-Syffe/git/blobs{/sha}","git_tags_url":"https://api.github.com/repos/mergifyio-testing/functional-testing-repo-Syffe/git/tags{/sha}","git_refs_url":"https://api.github.com/repos/mergifyio-testing/functional-testing-repo-Syffe/git/refs{/sha}","trees_url":"https://api.github.com/repos/mergifyio-testing/functional-testing-repo-Syffe/git/trees{/sha}","statuses_url":"https://api.github.com/repos/mergifyio-testing/functional-testing-repo-Syffe/statuses/{sha}","languages_url":"https://api.github.com/repos/mergifyio-testing/functional-testing-repo-Syffe/languages","stargazers_url":"https://api.github.com/repos/mergifyio-testing/functional-testing-repo-Syffe/stargazers","contributors_url":"https://api.github.com/repos/mergifyio-testing/functional-testing-repo-Syffe/contributors","subscribers_url":"https://api.github.com/repos/mergifyio-testing/functional-testing-repo-Syffe/subscribers","subscription_url":"https://api.github.com/repos/mergifyio-testing/functional-testing-repo-Syffe/subscription","commits_url":"https://api.github.com/repos/mergifyio-testing/functional-testing-repo-Syffe/commits{/sha}","git_commits_url":"https://api.github.com/repos/mergifyio-testing/functional-testing-repo-Syffe/git/commits{/sha}","comments_url":"https://api.github.com/repos/mergifyio-testing/functional-testing-repo-Syffe/comments{/number}","issue_comment_url":"https://api.github.com/repos/mergifyio-testing/functional-testing-repo-Syffe/issues/comments{/number}","contents_url":"https://api.github.com/repos/mergifyio-testing/functional-testing-repo-Syffe/contents/{+path}","compare_url":"https://api.github.com/repos/mergifyio-testing/functional-testing-repo-Syffe/compare/{base}...{head}","merges_url":"https://api.github.com/repos/mergifyio-testing/functional-testing-repo-Syffe/merges","archive_url":"https://api.github.com/repos/mergifyio-testing/functional-testing-repo-Syffe/{archive_format}{/ref}","downloads_url":"https://api.github.com/repos/mergifyio-testing/functional-testing-repo-Syffe/downloads","issues_url":"https://api.github.com/repos/mergifyio-testing/functional-testing-repo-Syffe/issues{/number}","pulls_url":"https://api.github.com/repos/mergifyio-testing/functional-testing-repo-Syffe/pulls{/number}","milestones_url":"https://api.github.com/repos/mergifyio-testing/functional-testing-repo-Syffe/milestones{/number}","notifications_url":"https://api.github.com/repos/mergifyio-testing/functional-testing-repo-Syffe/notifications{?since,all,participating}","labels_url":"https://api.github.com/repos/mergifyio-testing/functional-testing-repo-Syffe/labels{/name}","releases_url":"https://api.github.com/repos/mergifyio-testing/functional-testing-repo-Syffe/releases{/id}","deployments_url":"https://api.github.com/repos/mergifyio-testing/functional-testing-repo-Syffe/deployments","created_at":"2022-01-31T10:50:25Z","updated_at":"2022-12-15T00:04:32Z","pushed_at":"2023-01-04T18:23:41Z","git_url":"git://github.com/mergifyio-testing/functional-testing-repo-Syffe.git","ssh_url":"git@github.com:mergifyio-testing/functional-testing-repo-Syffe.git","clone_url":"https://github.com/mergifyio-testing/functional-testing-repo-Syffe.git","svn_url":"https://github.com/mergifyio-testing/functional-testing-repo-Syffe","homepage":null,"size":102,"stargazers_count":1,"watchers_count":1,"language":null,"has_issues":true,"has_projects":true,"has_downloads":true,"has_wiki":true,"has_pages":false,"has_discussions":false,"forks_count":4,"mirror_url":null,"archived":false,"disabled":false,"open_issues_count":1,"license":null,"allow_forking":true,"is_template":false,"web_commit_signoff_required":false,"topics":[],"visibility":"public","forks":4,"open_issues":1,"watchers":1,"default_branch":"main","permissions":{"admin":false,"maintain":false,"push":false,"triage":false,"pull":false},"temp_clone_token":"","allow_squash_merge":true,"allow_merge_commit":true,"allow_rebase_merge":true,"allow_auto_merge":false,"delete_branch_on_merge":false,"allow_update_branch":false,"use_squash_pr_title_as_default":false,"squash_merge_commit_message":"COMMIT_MESSAGES","squash_merge_commit_title":"COMMIT_OR_PR_TITLE","merge_commit_message":"PR_TITLE","merge_commit_title":"MERGE_MESSAGE","organization":{"login":"mergifyio-testing","id":40527191,"node_id":"MDEyOk9yZ2FuaXphdGlvbjQwNTI3MTkx","avatar_url":"https://avatars.githubusercontent.com/u/40527191?v=4","gravatar_id":"","url":"https://api.github.com/users/mergifyio-testing","html_url":"https://github.com/mergifyio-testing","followers_url":"https://api.github.com/users/mergifyio-testing/followers","following_url":"https://api.github.com/users/mergifyio-testing/following{/other_user}","gists_url":"https://api.github.com/users/mergifyio-testing/gists{/gist_id}","starred_url":"https://api.github.com/users/mergifyio-testing/starred{/owner}{/repo}","subscriptions_url":"https://api.github.com/users/mergifyio-testing/subscriptions","organizations_url":"https://api.github.com/users/mergifyio-testing/orgs","repos_url":"https://api.github.com/users/mergifyio-testing/repos","events_url":"https://api.github.com/users/mergifyio-testing/events{/privacy}","received_events_url":"https://api.github.com/users/mergifyio-testing/received_events","type":"Organization","site_admin":false},"network_count":4,"subscribers_count":0}'
    headers:
      Content-Encoding:
      - gzip
      Content-Type:
      - application/json; charset=utf-8
      Transfer-Encoding:
      - chunked
      X-GitHub-Media-Type:
      - github.v3; param=machine-man-preview; format=json
      x-github-api-version-selected:
      - '2022-11-28'
    http_version: HTTP/1.1
    status_code: 200
- request:
    body: whatdataisthat
    headers:
      X-Hub-Signature:
      - <SIGNATURE>
      accept:
      - '*/*'
      content-length:
      - '14'
      host:
      - test-forwarder.mergify.io
    method: DELETE
    uri: https://test-forwarder.mergify.io/events/github.com/214874/453968595/20230104182342-test_request_error_delete_queue_freeze
  response:
    content: Event queued
    headers:
      Connection:
      - keep-alive
      Content-Length:
      - '12'
    http_version: HTTP/1.1
    status_code: 202
- request:
    body: whatdataisthat
    headers:
      X-Hub-Signature:
      - <SIGNATURE>
      accept:
      - '*/*'
      content-length:
      - '14'
      host:
      - test-forwarder.mergify.io
    method: GET
    uri: https://test-forwarder.mergify.io/events/github.com/214874/453968595/20230104182342-test_request_error_delete_queue_freeze?counter=1
  response:
    content: '[]'
    headers:
      Connection:
      - keep-alive
      Content-Length:
      - '2'
      Content-Type:
      - application/json
    http_version: HTTP/1.1
    status_code: 200
- request:
    body: whatdataisthat
    headers:
      X-Hub-Signature:
      - <SIGNATURE>
      accept:
      - '*/*'
      content-length:
      - '14'
      host:
      - test-forwarder.mergify.io
    method: GET
    uri: https://test-forwarder.mergify.io/events/github.com/214874/453968595/20230104182342-test_request_error_delete_queue_freeze?counter=2
  response:
    content: '[]'
    headers:
      Connection:
      - keep-alive
      Content-Length:
      - '2'
      Content-Type:
      - application/json
    http_version: HTTP/1.1
    status_code: 200
- request:
    body: whatdataisthat
    headers:
      X-Hub-Signature:
      - <SIGNATURE>
      accept:
      - '*/*'
      content-length:
      - '14'
      host:
      - test-forwarder.mergify.io
    method: GET
    uri: https://test-forwarder.mergify.io/events/github.com/214874/453968595/20230104182342-test_request_error_delete_queue_freeze?counter=3
  response:
    content: '[{"id":"ecf5e050-8c5c-11ed-8158-709b8c9e23be","type":"check_suite","payload":{"action":"requested","check_suite":{"id":10184338985,"node_id":"CS_kwDOGw8C088AAAACXwiuKQ","head_branch":"20230104182342/test_request_error_delete_queue_freeze/main","head_sha":"17441635839edfdc6f84c0ef0694abdcaf436049","status":"queued","conclusion":null,"url":"https://api.github.com/repos/mergifyio-testing/functional-testing-repo-Syffe/check-suites/10184338985","before":"0000000000000000000000000000000000000000","after":"17441635839edfdc6f84c0ef0694abdcaf436049","pull_requests":[],"app":{"id":214874,"slug":"mergify-syffe","node_id":"A_kwHOAmplV84AA0da","owner":{"login":"mergifyio-testing","id":40527191,"node_id":"MDEyOk9yZ2FuaXphdGlvbjQwNTI3MTkx","avatar_url":"https://avatars.githubusercontent.com/u/40527191?v=4","gravatar_id":"","url":"https://api.github.com/users/mergifyio-testing","html_url":"https://github.com/mergifyio-testing","followers_url":"https://api.github.com/users/mergifyio-testing/followers","following_url":"https://api.github.com/users/mergifyio-testing/following{/other_user}","gists_url":"https://api.github.com/users/mergifyio-testing/gists{/gist_id}","starred_url":"https://api.github.com/users/mergifyio-testing/starred{/owner}{/repo}","subscriptions_url":"https://api.github.com/users/mergifyio-testing/subscriptions","organizations_url":"https://api.github.com/users/mergifyio-testing/orgs","repos_url":"https://api.github.com/users/mergifyio-testing/repos","events_url":"https://api.github.com/users/mergifyio-testing/events{/privacy}","received_events_url":"https://api.github.com/users/mergifyio-testing/received_events","type":"Organization","site_admin":false},"name":"mergify-Syffe","description":"Mergify
      testing installation for Syffe","external_url":"https://mergify.com/","html_url":"https://github.com/apps/mergify-syffe","created_at":"2022-06-27T12:48:14Z","updated_at":"2022-06-27T12:48:14Z","permissions":{"administration":"read","checks":"write","contents":"write","emails":"read","issues":"write","members":"read","metadata":"read","pages":"write","pull_requests":"write","statuses":"write","workflows":"write"},"events":["check_run","check_suite","issue_comment","member","membership","organization","pull_request","pull_request_review","pull_request_review_comment","pull_request_review_thread","push","repository","status","team","team_add"]},"created_at":"2023-01-04T18:23:45Z","updated_at":"2023-01-04T18:23:45Z","rerequestable":true,"runs_rerequestable":true,"latest_check_runs_count":0,"check_runs_url":"https://api.github.com/repos/mergifyio-testing/functional-testing-repo-Syffe/check-suites/10184338985/check-runs","head_commit":{"id":"17441635839edfdc6f84c0ef0694abdcaf436049","tree_id":"a8b023dd371d0d49ffcf5ce5a5c4210ae2fe3c73","message":"initial
      commit","timestamp":"2023-01-04T18:23:44Z","author":{"name":"Mergify","email":"108278383+mergify-syffe[bot]@users.noreply.github.com"},"committer":{"name":"Mergify","email":"108278383+mergify-syffe[bot]@users.noreply.github.com"}}},"repository":{"id":453968595,"node_id":"R_kgDOGw8C0w","name":"functional-testing-repo-Syffe","full_name":"mergifyio-testing/functional-testing-repo-Syffe","private":false,"owner":{"login":"mergifyio-testing","id":40527191,"node_id":"MDEyOk9yZ2FuaXphdGlvbjQwNTI3MTkx","avatar_url":"https://avatars.githubusercontent.com/u/40527191?v=4","gravatar_id":"","url":"https://api.github.com/users/mergifyio-testing","html_url":"https://github.com/mergifyio-testing","followers_url":"https://api.github.com/users/mergifyio-testing/followers","following_url":"https://api.github.com/users/mergifyio-testing/following{/other_user}","gists_url":"https://api.github.com/users/mergifyio-testing/gists{/gist_id}","starred_url":"https://api.github.com/users/mergifyio-testing/starred{/owner}{/repo}","subscriptions_url":"https://api.github.com/users/mergifyio-testing/subscriptions","organizations_url":"https://api.github.com/users/mergifyio-testing/orgs","repos_url":"https://api.github.com/users/mergifyio-testing/repos","events_url":"https://api.github.com/users/mergifyio-testing/events{/privacy}","received_events_url":"https://api.github.com/users/mergifyio-testing/received_events","type":"Organization","site_admin":false},"html_url":"https://github.com/mergifyio-testing/functional-testing-repo-Syffe","description":null,"fork":false,"url":"https://api.github.com/repos/mergifyio-testing/functional-testing-repo-Syffe","forks_url":"https://api.github.com/repos/mergifyio-testing/functional-testing-repo-Syffe/forks","keys_url":"https://api.github.com/repos/mergifyio-testing/functional-testing-repo-Syffe/keys{/key_id}","collaborators_url":"https://api.github.com/repos/mergifyio-testing/functional-testing-repo-Syffe/collaborators{/collaborator}","teams_url":"https://api.github.com/repos/mergifyio-testing/functional-testing-repo-Syffe/teams","hooks_url":"https://api.github.com/repos/mergifyio-testing/functional-testing-repo-Syffe/hooks","issue_events_url":"https://api.github.com/repos/mergifyio-testing/functional-testing-repo-Syffe/issues/events{/number}","events_url":"https://api.github.com/repos/mergifyio-testing/functional-testing-repo-Syffe/events","assignees_url":"https://api.github.com/repos/mergifyio-testing/functional-testing-repo-Syffe/assignees{/user}","branches_url":"https://api.github.com/repos/mergifyio-testing/functional-testing-repo-Syffe/branches{/branch}","tags_url":"https://api.github.com/repos/mergifyio-testing/functional-testing-repo-Syffe/tags","blobs_url":"https://api.github.com/repos/mergifyio-testing/functional-testing-repo-Syffe/git/blobs{/sha}","git_tags_url":"https://api.github.com/repos/mergifyio-testing/functional-testing-repo-Syffe/git/tags{/sha}","git_refs_url":"https://api.github.com/repos/mergifyio-testing/functional-testing-repo-Syffe/git/refs{/sha}","trees_url":"https://api.github.com/repos/mergifyio-testing/functional-testing-repo-Syffe/git/trees{/sha}","statuses_url":"https://api.github.com/repos/mergifyio-testing/functional-testing-repo-Syffe/statuses/{sha}","languages_url":"https://api.github.com/repos/mergifyio-testing/functional-testing-repo-Syffe/languages","stargazers_url":"https://api.github.com/repos/mergifyio-testing/functional-testing-repo-Syffe/stargazers","contributors_url":"https://api.github.com/repos/mergifyio-testing/functional-testing-repo-Syffe/contributors","subscribers_url":"https://api.github.com/repos/mergifyio-testing/functional-testing-repo-Syffe/subscribers","subscription_url":"https://api.github.com/repos/mergifyio-testing/functional-testing-repo-Syffe/subscription","commits_url":"https://api.github.com/repos/mergifyio-testing/functional-testing-repo-Syffe/commits{/sha}","git_commits_url":"https://api.github.com/repos/mergifyio-testing/functional-testing-repo-Syffe/git/commits{/sha}","comments_url":"https://api.github.com/repos/mergifyio-testing/functional-testing-repo-Syffe/comments{/number}","issue_comment_url":"https://api.github.com/repos/mergifyio-testing/functional-testing-repo-Syffe/issues/comments{/number}","contents_url":"https://api.github.com/repos/mergifyio-testing/functional-testing-repo-Syffe/contents/{+path}","compare_url":"https://api.github.com/repos/mergifyio-testing/functional-testing-repo-Syffe/compare/{base}...{head}","merges_url":"https://api.github.com/repos/mergifyio-testing/functional-testing-repo-Syffe/merges","archive_url":"https://api.github.com/repos/mergifyio-testing/functional-testing-repo-Syffe/{archive_format}{/ref}","downloads_url":"https://api.github.com/repos/mergifyio-testing/functional-testing-repo-Syffe/downloads","issues_url":"https://api.github.com/repos/mergifyio-testing/functional-testing-repo-Syffe/issues{/number}","pulls_url":"https://api.github.com/repos/mergifyio-testing/functional-testing-repo-Syffe/pulls{/number}","milestones_url":"https://api.github.com/repos/mergifyio-testing/functional-testing-repo-Syffe/milestones{/number}","notifications_url":"https://api.github.com/repos/mergifyio-testing/functional-testing-repo-Syffe/notifications{?since,all,participating}","labels_url":"https://api.github.com/repos/mergifyio-testing/functional-testing-repo-Syffe/labels{/name}","releases_url":"https://api.github.com/repos/mergifyio-testing/functional-testing-repo-Syffe/releases{/id}","deployments_url":"https://api.github.com/repos/mergifyio-testing/functional-testing-repo-Syffe/deployments","created_at":"2022-01-31T10:50:25Z","updated_at":"2022-12-15T00:04:32Z","pushed_at":"2023-01-04T18:23:45Z","git_url":"git://github.com/mergifyio-testing/functional-testing-repo-Syffe.git","ssh_url":"git@github.com:mergifyio-testing/functional-testing-repo-Syffe.git","clone_url":"https://github.com/mergifyio-testing/functional-testing-repo-Syffe.git","svn_url":"https://github.com/mergifyio-testing/functional-testing-repo-Syffe","homepage":null,"size":102,"stargazers_count":1,"watchers_count":1,"language":null,"has_issues":true,"has_projects":true,"has_downloads":true,"has_wiki":true,"has_pages":false,"has_discussions":false,"forks_count":4,"mirror_url":null,"archived":false,"disabled":false,"open_issues_count":1,"license":null,"allow_forking":true,"is_template":false,"web_commit_signoff_required":false,"topics":[],"visibility":"public","forks":4,"open_issues":1,"watchers":1,"default_branch":"main"},"organization":{"login":"mergifyio-testing","id":40527191,"node_id":"MDEyOk9yZ2FuaXphdGlvbjQwNTI3MTkx","url":"https://api.github.com/orgs/mergifyio-testing","repos_url":"https://api.github.com/orgs/mergifyio-testing/repos","events_url":"https://api.github.com/orgs/mergifyio-testing/events","hooks_url":"https://api.github.com/orgs/mergifyio-testing/hooks","issues_url":"https://api.github.com/orgs/mergifyio-testing/issues","members_url":"https://api.github.com/orgs/mergifyio-testing/members{/member}","public_members_url":"https://api.github.com/orgs/mergifyio-testing/public_members{/member}","avatar_url":"https://avatars.githubusercontent.com/u/40527191?v=4","description":"This
      account is for testing purpose of the workflow of the GitHub App @Mergifyio"},"sender":{"login":"mergify-test1","id":38494943,"node_id":"MDQ6VXNlcjM4NDk0OTQz","avatar_url":"https://avatars.githubusercontent.com/u/38494943?v=4","gravatar_id":"","url":"https://api.github.com/users/mergify-test1","html_url":"https://github.com/mergify-test1","followers_url":"https://api.github.com/users/mergify-test1/followers","following_url":"https://api.github.com/users/mergify-test1/following{/other_user}","gists_url":"https://api.github.com/users/mergify-test1/gists{/gist_id}","starred_url":"https://api.github.com/users/mergify-test1/starred{/owner}{/repo}","subscriptions_url":"https://api.github.com/users/mergify-test1/subscriptions","organizations_url":"https://api.github.com/users/mergify-test1/orgs","repos_url":"https://api.github.com/users/mergify-test1/repos","events_url":"https://api.github.com/users/mergify-test1/events{/privacy}","received_events_url":"https://api.github.com/users/mergify-test1/received_events","type":"User","site_admin":false},"installation":{"id":26895237,"node_id":"MDIzOkludGVncmF0aW9uSW5zdGFsbGF0aW9uMjY4OTUyMzc="}}}]'
    headers:
      Connection:
      - keep-alive
      Content-Length:
      - '11126'
      Content-Type:
      - application/json
    http_version: HTTP/1.1
    status_code: 200
- request:
    body: whatdataisthat
    headers:
      X-Hub-Signature:
      - <SIGNATURE>
      accept:
      - '*/*'
      content-length:
      - '14'
      host:
      - test-forwarder.mergify.io
    method: GET
    uri: https://test-forwarder.mergify.io/events/github.com/214874/453968595/20230104182342-test_request_error_delete_queue_freeze?counter=4
  response:
    content: '[{"id":"ecd1d4b2-8c5c-11ed-8320-3add6b170863","type":"push","payload":{"ref":"refs/heads/20230104182342/test_request_error_delete_queue_freeze/main","before":"0000000000000000000000000000000000000000","after":"17441635839edfdc6f84c0ef0694abdcaf436049","repository":{"id":453968595,"node_id":"R_kgDOGw8C0w","name":"functional-testing-repo-Syffe","full_name":"mergifyio-testing/functional-testing-repo-Syffe","private":false,"owner":{"name":"mergifyio-testing","email":null,"login":"mergifyio-testing","id":40527191,"node_id":"MDEyOk9yZ2FuaXphdGlvbjQwNTI3MTkx","avatar_url":"https://avatars.githubusercontent.com/u/40527191?v=4","gravatar_id":"","url":"https://api.github.com/users/mergifyio-testing","html_url":"https://github.com/mergifyio-testing","followers_url":"https://api.github.com/users/mergifyio-testing/followers","following_url":"https://api.github.com/users/mergifyio-testing/following{/other_user}","gists_url":"https://api.github.com/users/mergifyio-testing/gists{/gist_id}","starred_url":"https://api.github.com/users/mergifyio-testing/starred{/owner}{/repo}","subscriptions_url":"https://api.github.com/users/mergifyio-testing/subscriptions","organizations_url":"https://api.github.com/users/mergifyio-testing/orgs","repos_url":"https://api.github.com/users/mergifyio-testing/repos","events_url":"https://api.github.com/users/mergifyio-testing/events{/privacy}","received_events_url":"https://api.github.com/users/mergifyio-testing/received_events","type":"Organization","site_admin":false},"html_url":"https://github.com/mergifyio-testing/functional-testing-repo-Syffe","description":null,"fork":false,"url":"https://github.com/mergifyio-testing/functional-testing-repo-Syffe","forks_url":"https://api.github.com/repos/mergifyio-testing/functional-testing-repo-Syffe/forks","keys_url":"https://api.github.com/repos/mergifyio-testing/functional-testing-repo-Syffe/keys{/key_id}","collaborators_url":"https://api.github.com/repos/mergifyio-testing/functional-testing-repo-Syffe/collaborators{/collaborator}","teams_url":"https://api.github.com/repos/mergifyio-testing/functional-testing-repo-Syffe/teams","hooks_url":"https://api.github.com/repos/mergifyio-testing/functional-testing-repo-Syffe/hooks","issue_events_url":"https://api.github.com/repos/mergifyio-testing/functional-testing-repo-Syffe/issues/events{/number}","events_url":"https://api.github.com/repos/mergifyio-testing/functional-testing-repo-Syffe/events","assignees_url":"https://api.github.com/repos/mergifyio-testing/functional-testing-repo-Syffe/assignees{/user}","branches_url":"https://api.github.com/repos/mergifyio-testing/functional-testing-repo-Syffe/branches{/branch}","tags_url":"https://api.github.com/repos/mergifyio-testing/functional-testing-repo-Syffe/tags","blobs_url":"https://api.github.com/repos/mergifyio-testing/functional-testing-repo-Syffe/git/blobs{/sha}","git_tags_url":"https://api.github.com/repos/mergifyio-testing/functional-testing-repo-Syffe/git/tags{/sha}","git_refs_url":"https://api.github.com/repos/mergifyio-testing/functional-testing-repo-Syffe/git/refs{/sha}","trees_url":"https://api.github.com/repos/mergifyio-testing/functional-testing-repo-Syffe/git/trees{/sha}","statuses_url":"https://api.github.com/repos/mergifyio-testing/functional-testing-repo-Syffe/statuses/{sha}","languages_url":"https://api.github.com/repos/mergifyio-testing/functional-testing-repo-Syffe/languages","stargazers_url":"https://api.github.com/repos/mergifyio-testing/functional-testing-repo-Syffe/stargazers","contributors_url":"https://api.github.com/repos/mergifyio-testing/functional-testing-repo-Syffe/contributors","subscribers_url":"https://api.github.com/repos/mergifyio-testing/functional-testing-repo-Syffe/subscribers","subscription_url":"https://api.github.com/repos/mergifyio-testing/functional-testing-repo-Syffe/subscription","commits_url":"https://api.github.com/repos/mergifyio-testing/functional-testing-repo-Syffe/commits{/sha}","git_commits_url":"https://api.github.com/repos/mergifyio-testing/functional-testing-repo-Syffe/git/commits{/sha}","comments_url":"https://api.github.com/repos/mergifyio-testing/functional-testing-repo-Syffe/comments{/number}","issue_comment_url":"https://api.github.com/repos/mergifyio-testing/functional-testing-repo-Syffe/issues/comments{/number}","contents_url":"https://api.github.com/repos/mergifyio-testing/functional-testing-repo-Syffe/contents/{+path}","compare_url":"https://api.github.com/repos/mergifyio-testing/functional-testing-repo-Syffe/compare/{base}...{head}","merges_url":"https://api.github.com/repos/mergifyio-testing/functional-testing-repo-Syffe/merges","archive_url":"https://api.github.com/repos/mergifyio-testing/functional-testing-repo-Syffe/{archive_format}{/ref}","downloads_url":"https://api.github.com/repos/mergifyio-testing/functional-testing-repo-Syffe/downloads","issues_url":"https://api.github.com/repos/mergifyio-testing/functional-testing-repo-Syffe/issues{/number}","pulls_url":"https://api.github.com/repos/mergifyio-testing/functional-testing-repo-Syffe/pulls{/number}","milestones_url":"https://api.github.com/repos/mergifyio-testing/functional-testing-repo-Syffe/milestones{/number}","notifications_url":"https://api.github.com/repos/mergifyio-testing/functional-testing-repo-Syffe/notifications{?since,all,participating}","labels_url":"https://api.github.com/repos/mergifyio-testing/functional-testing-repo-Syffe/labels{/name}","releases_url":"https://api.github.com/repos/mergifyio-testing/functional-testing-repo-Syffe/releases{/id}","deployments_url":"https://api.github.com/repos/mergifyio-testing/functional-testing-repo-Syffe/deployments","created_at":1643626225,"updated_at":"2022-12-15T00:04:32Z","pushed_at":1672856625,"git_url":"git://github.com/mergifyio-testing/functional-testing-repo-Syffe.git","ssh_url":"git@github.com:mergifyio-testing/functional-testing-repo-Syffe.git","clone_url":"https://github.com/mergifyio-testing/functional-testing-repo-Syffe.git","svn_url":"https://github.com/mergifyio-testing/functional-testing-repo-Syffe","homepage":null,"size":102,"stargazers_count":1,"watchers_count":1,"language":null,"has_issues":true,"has_projects":true,"has_downloads":true,"has_wiki":true,"has_pages":false,"has_discussions":false,"forks_count":4,"mirror_url":null,"archived":false,"disabled":false,"open_issues_count":1,"license":null,"allow_forking":true,"is_template":false,"web_commit_signoff_required":false,"topics":[],"visibility":"public","forks":4,"open_issues":1,"watchers":1,"default_branch":"main","stargazers":1,"master_branch":"main","organization":"mergifyio-testing"},"pusher":{"name":"mergify-test1","email":"38494943+mergify-test1@users.noreply.github.com"},"organization":{"login":"mergifyio-testing","id":40527191,"node_id":"MDEyOk9yZ2FuaXphdGlvbjQwNTI3MTkx","url":"https://api.github.com/orgs/mergifyio-testing","repos_url":"https://api.github.com/orgs/mergifyio-testing/repos","events_url":"https://api.github.com/orgs/mergifyio-testing/events","hooks_url":"https://api.github.com/orgs/mergifyio-testing/hooks","issues_url":"https://api.github.com/orgs/mergifyio-testing/issues","members_url":"https://api.github.com/orgs/mergifyio-testing/members{/member}","public_members_url":"https://api.github.com/orgs/mergifyio-testing/public_members{/member}","avatar_url":"https://avatars.githubusercontent.com/u/40527191?v=4","description":"This
      account is for testing purpose of the workflow of the GitHub App @Mergifyio"},"sender":{"login":"mergify-test1","id":38494943,"node_id":"MDQ6VXNlcjM4NDk0OTQz","avatar_url":"https://avatars.githubusercontent.com/u/38494943?v=4","gravatar_id":"","url":"https://api.github.com/users/mergify-test1","html_url":"https://github.com/mergify-test1","followers_url":"https://api.github.com/users/mergify-test1/followers","following_url":"https://api.github.com/users/mergify-test1/following{/other_user}","gists_url":"https://api.github.com/users/mergify-test1/gists{/gist_id}","starred_url":"https://api.github.com/users/mergify-test1/starred{/owner}{/repo}","subscriptions_url":"https://api.github.com/users/mergify-test1/subscriptions","organizations_url":"https://api.github.com/users/mergify-test1/orgs","repos_url":"https://api.github.com/users/mergify-test1/repos","events_url":"https://api.github.com/users/mergify-test1/events{/privacy}","received_events_url":"https://api.github.com/users/mergify-test1/received_events","type":"User","site_admin":false},"installation":{"id":26895237,"node_id":"MDIzOkludGVncmF0aW9uSW5zdGFsbGF0aW9uMjY4OTUyMzc="},"created":true,"deleted":false,"forced":false,"base_ref":null,"compare":"https://github.com/mergifyio-testing/functional-testing-repo-Syffe/commit/17441635839e","commits":[{"id":"17441635839edfdc6f84c0ef0694abdcaf436049","tree_id":"a8b023dd371d0d49ffcf5ce5a5c4210ae2fe3c73","distinct":true,"message":"initial
      commit","timestamp":"2023-01-04T19:23:44+01:00","url":"https://github.com/mergifyio-testing/functional-testing-repo-Syffe/commit/17441635839edfdc6f84c0ef0694abdcaf436049","author":{"name":"Mergify","email":"108278383+mergify-syffe[bot]@users.noreply.github.com","username":"mergify-syffe[bot]"},"committer":{"name":"Mergify","email":"108278383+mergify-syffe[bot]@users.noreply.github.com","username":"mergify-syffe[bot]"},"added":[".mergify.yml"],"removed":[],"modified":[]}],"head_commit":{"id":"17441635839edfdc6f84c0ef0694abdcaf436049","tree_id":"a8b023dd371d0d49ffcf5ce5a5c4210ae2fe3c73","distinct":true,"message":"initial
      commit","timestamp":"2023-01-04T19:23:44+01:00","url":"https://github.com/mergifyio-testing/functional-testing-repo-Syffe/commit/17441635839edfdc6f84c0ef0694abdcaf436049","author":{"name":"Mergify","email":"108278383+mergify-syffe[bot]@users.noreply.github.com","username":"mergify-syffe[bot]"},"committer":{"name":"Mergify","email":"108278383+mergify-syffe[bot]@users.noreply.github.com","username":"mergify-syffe[bot]"},"added":[".mergify.yml"],"removed":[],"modified":[]}}}]'
    headers:
      Connection:
      - keep-alive
      Content-Length:
      - '9935'
      Content-Type:
      - application/json
    http_version: HTTP/1.1
    status_code: 200
- request:
    body: ''
    headers:
      accept:
      - application/vnd.github.machine-man-preview+json
      host:
      - api.github.com
    method: GET
    uri: https://api.github.com/users/mergifyio-testing/installation
  response:
    content: '{"id":26895237,"account":{"login":"mergifyio-testing","id":40527191,"node_id":"MDEyOk9yZ2FuaXphdGlvbjQwNTI3MTkx","avatar_url":"https://avatars.githubusercontent.com/u/40527191?v=4","gravatar_id":"","url":"https://api.github.com/users/mergifyio-testing","html_url":"https://github.com/mergifyio-testing","followers_url":"https://api.github.com/users/mergifyio-testing/followers","following_url":"https://api.github.com/users/mergifyio-testing/following{/other_user}","gists_url":"https://api.github.com/users/mergifyio-testing/gists{/gist_id}","starred_url":"https://api.github.com/users/mergifyio-testing/starred{/owner}{/repo}","subscriptions_url":"https://api.github.com/users/mergifyio-testing/subscriptions","organizations_url":"https://api.github.com/users/mergifyio-testing/orgs","repos_url":"https://api.github.com/users/mergifyio-testing/repos","events_url":"https://api.github.com/users/mergifyio-testing/events{/privacy}","received_events_url":"https://api.github.com/users/mergifyio-testing/received_events","type":"Organization","site_admin":false},"repository_selection":"selected","access_tokens_url":"https://api.github.com/app/installations/26895237/access_tokens","repositories_url":"https://api.github.com/installation/repositories","html_url":"https://github.com/organizations/mergifyio-testing/settings/installations/26895237","app_id":214874,"app_slug":"mergify-syffe","target_id":40527191,"target_type":"Organization","permissions":{"pages":"write","checks":"write","issues":"write","members":"read","contents":"write","metadata":"read","statuses":"write","workflows":"write","pull_requests":"write","administration":"read"},"events":["check_run","check_suite","issue_comment","member","membership","organization","pull_request","pull_request_review","pull_request_review_comment","pull_request_review_thread","push","repository","status","team","team_add"],"created_at":"2022-06-27T12:48:22.000Z","updated_at":"2022-07-20T10:19:13.000Z","single_file_name":null,"has_multiple_single_files":false,"single_file_paths":[],"suspended_by":null,"suspended_at":null}'
    headers:
      Content-Encoding:
      - gzip
      Content-Type:
      - application/json; charset=utf-8
      Transfer-Encoding:
      - chunked
      X-GitHub-Media-Type:
      - github.v3; param=machine-man-preview; format=json
      x-github-api-version-selected:
      - '2022-11-28'
    http_version: HTTP/1.1
    status_code: 200
- request:
    body: ''
    headers:
      accept:
      - application/vnd.github.machine-man-preview+json
      host:
      - api.github.com
    method: GET
    uri: https://api.github.com/repos/mergifyio-testing/functional-testing-repo-Syffe
  response:
    content: '{"id":453968595,"node_id":"R_kgDOGw8C0w","name":"functional-testing-repo-Syffe","full_name":"mergifyio-testing/functional-testing-repo-Syffe","private":false,"owner":{"login":"mergifyio-testing","id":40527191,"node_id":"MDEyOk9yZ2FuaXphdGlvbjQwNTI3MTkx","avatar_url":"https://avatars.githubusercontent.com/u/40527191?v=4","gravatar_id":"","url":"https://api.github.com/users/mergifyio-testing","html_url":"https://github.com/mergifyio-testing","followers_url":"https://api.github.com/users/mergifyio-testing/followers","following_url":"https://api.github.com/users/mergifyio-testing/following{/other_user}","gists_url":"https://api.github.com/users/mergifyio-testing/gists{/gist_id}","starred_url":"https://api.github.com/users/mergifyio-testing/starred{/owner}{/repo}","subscriptions_url":"https://api.github.com/users/mergifyio-testing/subscriptions","organizations_url":"https://api.github.com/users/mergifyio-testing/orgs","repos_url":"https://api.github.com/users/mergifyio-testing/repos","events_url":"https://api.github.com/users/mergifyio-testing/events{/privacy}","received_events_url":"https://api.github.com/users/mergifyio-testing/received_events","type":"Organization","site_admin":false},"html_url":"https://github.com/mergifyio-testing/functional-testing-repo-Syffe","description":null,"fork":false,"url":"https://api.github.com/repos/mergifyio-testing/functional-testing-repo-Syffe","forks_url":"https://api.github.com/repos/mergifyio-testing/functional-testing-repo-Syffe/forks","keys_url":"https://api.github.com/repos/mergifyio-testing/functional-testing-repo-Syffe/keys{/key_id}","collaborators_url":"https://api.github.com/repos/mergifyio-testing/functional-testing-repo-Syffe/collaborators{/collaborator}","teams_url":"https://api.github.com/repos/mergifyio-testing/functional-testing-repo-Syffe/teams","hooks_url":"https://api.github.com/repos/mergifyio-testing/functional-testing-repo-Syffe/hooks","issue_events_url":"https://api.github.com/repos/mergifyio-testing/functional-testing-repo-Syffe/issues/events{/number}","events_url":"https://api.github.com/repos/mergifyio-testing/functional-testing-repo-Syffe/events","assignees_url":"https://api.github.com/repos/mergifyio-testing/functional-testing-repo-Syffe/assignees{/user}","branches_url":"https://api.github.com/repos/mergifyio-testing/functional-testing-repo-Syffe/branches{/branch}","tags_url":"https://api.github.com/repos/mergifyio-testing/functional-testing-repo-Syffe/tags","blobs_url":"https://api.github.com/repos/mergifyio-testing/functional-testing-repo-Syffe/git/blobs{/sha}","git_tags_url":"https://api.github.com/repos/mergifyio-testing/functional-testing-repo-Syffe/git/tags{/sha}","git_refs_url":"https://api.github.com/repos/mergifyio-testing/functional-testing-repo-Syffe/git/refs{/sha}","trees_url":"https://api.github.com/repos/mergifyio-testing/functional-testing-repo-Syffe/git/trees{/sha}","statuses_url":"https://api.github.com/repos/mergifyio-testing/functional-testing-repo-Syffe/statuses/{sha}","languages_url":"https://api.github.com/repos/mergifyio-testing/functional-testing-repo-Syffe/languages","stargazers_url":"https://api.github.com/repos/mergifyio-testing/functional-testing-repo-Syffe/stargazers","contributors_url":"https://api.github.com/repos/mergifyio-testing/functional-testing-repo-Syffe/contributors","subscribers_url":"https://api.github.com/repos/mergifyio-testing/functional-testing-repo-Syffe/subscribers","subscription_url":"https://api.github.com/repos/mergifyio-testing/functional-testing-repo-Syffe/subscription","commits_url":"https://api.github.com/repos/mergifyio-testing/functional-testing-repo-Syffe/commits{/sha}","git_commits_url":"https://api.github.com/repos/mergifyio-testing/functional-testing-repo-Syffe/git/commits{/sha}","comments_url":"https://api.github.com/repos/mergifyio-testing/functional-testing-repo-Syffe/comments{/number}","issue_comment_url":"https://api.github.com/repos/mergifyio-testing/functional-testing-repo-Syffe/issues/comments{/number}","contents_url":"https://api.github.com/repos/mergifyio-testing/functional-testing-repo-Syffe/contents/{+path}","compare_url":"https://api.github.com/repos/mergifyio-testing/functional-testing-repo-Syffe/compare/{base}...{head}","merges_url":"https://api.github.com/repos/mergifyio-testing/functional-testing-repo-Syffe/merges","archive_url":"https://api.github.com/repos/mergifyio-testing/functional-testing-repo-Syffe/{archive_format}{/ref}","downloads_url":"https://api.github.com/repos/mergifyio-testing/functional-testing-repo-Syffe/downloads","issues_url":"https://api.github.com/repos/mergifyio-testing/functional-testing-repo-Syffe/issues{/number}","pulls_url":"https://api.github.com/repos/mergifyio-testing/functional-testing-repo-Syffe/pulls{/number}","milestones_url":"https://api.github.com/repos/mergifyio-testing/functional-testing-repo-Syffe/milestones{/number}","notifications_url":"https://api.github.com/repos/mergifyio-testing/functional-testing-repo-Syffe/notifications{?since,all,participating}","labels_url":"https://api.github.com/repos/mergifyio-testing/functional-testing-repo-Syffe/labels{/name}","releases_url":"https://api.github.com/repos/mergifyio-testing/functional-testing-repo-Syffe/releases{/id}","deployments_url":"https://api.github.com/repos/mergifyio-testing/functional-testing-repo-Syffe/deployments","created_at":"2022-01-31T10:50:25Z","updated_at":"2022-12-15T00:04:32Z","pushed_at":"2023-01-04T18:23:45Z","git_url":"git://github.com/mergifyio-testing/functional-testing-repo-Syffe.git","ssh_url":"git@github.com:mergifyio-testing/functional-testing-repo-Syffe.git","clone_url":"https://github.com/mergifyio-testing/functional-testing-repo-Syffe.git","svn_url":"https://github.com/mergifyio-testing/functional-testing-repo-Syffe","homepage":null,"size":102,"stargazers_count":1,"watchers_count":1,"language":null,"has_issues":true,"has_projects":true,"has_downloads":true,"has_wiki":true,"has_pages":false,"has_discussions":false,"forks_count":4,"mirror_url":null,"archived":false,"disabled":false,"open_issues_count":1,"license":null,"allow_forking":true,"is_template":false,"web_commit_signoff_required":false,"topics":[],"visibility":"public","forks":4,"open_issues":1,"watchers":1,"default_branch":"main","permissions":{"admin":false,"maintain":false,"push":false,"triage":false,"pull":false},"temp_clone_token":"","allow_squash_merge":true,"allow_merge_commit":true,"allow_rebase_merge":true,"allow_auto_merge":false,"delete_branch_on_merge":false,"allow_update_branch":false,"use_squash_pr_title_as_default":false,"squash_merge_commit_message":"COMMIT_MESSAGES","squash_merge_commit_title":"COMMIT_OR_PR_TITLE","merge_commit_message":"PR_TITLE","merge_commit_title":"MERGE_MESSAGE","organization":{"login":"mergifyio-testing","id":40527191,"node_id":"MDEyOk9yZ2FuaXphdGlvbjQwNTI3MTkx","avatar_url":"https://avatars.githubusercontent.com/u/40527191?v=4","gravatar_id":"","url":"https://api.github.com/users/mergifyio-testing","html_url":"https://github.com/mergifyio-testing","followers_url":"https://api.github.com/users/mergifyio-testing/followers","following_url":"https://api.github.com/users/mergifyio-testing/following{/other_user}","gists_url":"https://api.github.com/users/mergifyio-testing/gists{/gist_id}","starred_url":"https://api.github.com/users/mergifyio-testing/starred{/owner}{/repo}","subscriptions_url":"https://api.github.com/users/mergifyio-testing/subscriptions","organizations_url":"https://api.github.com/users/mergifyio-testing/orgs","repos_url":"https://api.github.com/users/mergifyio-testing/repos","events_url":"https://api.github.com/users/mergifyio-testing/events{/privacy}","received_events_url":"https://api.github.com/users/mergifyio-testing/received_events","type":"Organization","site_admin":false},"network_count":4,"subscribers_count":0}'
    headers:
      Content-Encoding:
      - gzip
      Content-Type:
      - application/json; charset=utf-8
      Transfer-Encoding:
      - chunked
      X-GitHub-Media-Type:
      - github.v3; param=machine-man-preview; format=json
      x-github-api-version-selected:
      - '2022-11-28'
    http_version: HTTP/1.1
    status_code: 200
- request:
    body: ''
    headers:
      accept:
      - application/vnd.github.machine-man-preview+json
      host:
      - api.github.com
    method: GET
    uri: https://api.github.com/users/mergifyio-testing/installation
  response:
    content: '{"id":26895237,"account":{"login":"mergifyio-testing","id":40527191,"node_id":"MDEyOk9yZ2FuaXphdGlvbjQwNTI3MTkx","avatar_url":"https://avatars.githubusercontent.com/u/40527191?v=4","gravatar_id":"","url":"https://api.github.com/users/mergifyio-testing","html_url":"https://github.com/mergifyio-testing","followers_url":"https://api.github.com/users/mergifyio-testing/followers","following_url":"https://api.github.com/users/mergifyio-testing/following{/other_user}","gists_url":"https://api.github.com/users/mergifyio-testing/gists{/gist_id}","starred_url":"https://api.github.com/users/mergifyio-testing/starred{/owner}{/repo}","subscriptions_url":"https://api.github.com/users/mergifyio-testing/subscriptions","organizations_url":"https://api.github.com/users/mergifyio-testing/orgs","repos_url":"https://api.github.com/users/mergifyio-testing/repos","events_url":"https://api.github.com/users/mergifyio-testing/events{/privacy}","received_events_url":"https://api.github.com/users/mergifyio-testing/received_events","type":"Organization","site_admin":false},"repository_selection":"selected","access_tokens_url":"https://api.github.com/app/installations/26895237/access_tokens","repositories_url":"https://api.github.com/installation/repositories","html_url":"https://github.com/organizations/mergifyio-testing/settings/installations/26895237","app_id":214874,"app_slug":"mergify-syffe","target_id":40527191,"target_type":"Organization","permissions":{"pages":"write","checks":"write","issues":"write","members":"read","contents":"write","metadata":"read","statuses":"write","workflows":"write","pull_requests":"write","administration":"read"},"events":["check_run","check_suite","issue_comment","member","membership","organization","pull_request","pull_request_review","pull_request_review_comment","pull_request_review_thread","push","repository","status","team","team_add"],"created_at":"2022-06-27T12:48:22.000Z","updated_at":"2022-07-20T10:19:13.000Z","single_file_name":null,"has_multiple_single_files":false,"single_file_paths":[],"suspended_by":null,"suspended_at":null}'
    headers:
      Content-Encoding:
      - gzip
      Content-Type:
      - application/json; charset=utf-8
      Transfer-Encoding:
      - chunked
      X-GitHub-Media-Type:
      - github.v3; param=machine-man-preview; format=json
      x-github-api-version-selected:
      - '2022-11-28'
    http_version: HTTP/1.1
    status_code: 200
- request:
    body: ''
    headers:
      accept:
      - application/vnd.github.machine-man-preview+json
      host:
      - api.github.com
    method: GET
    uri: https://api.github.com/repos/mergifyio-testing/functional-testing-repo-Syffe
  response:
    content: '{"id":453968595,"node_id":"R_kgDOGw8C0w","name":"functional-testing-repo-Syffe","full_name":"mergifyio-testing/functional-testing-repo-Syffe","private":false,"owner":{"login":"mergifyio-testing","id":40527191,"node_id":"MDEyOk9yZ2FuaXphdGlvbjQwNTI3MTkx","avatar_url":"https://avatars.githubusercontent.com/u/40527191?v=4","gravatar_id":"","url":"https://api.github.com/users/mergifyio-testing","html_url":"https://github.com/mergifyio-testing","followers_url":"https://api.github.com/users/mergifyio-testing/followers","following_url":"https://api.github.com/users/mergifyio-testing/following{/other_user}","gists_url":"https://api.github.com/users/mergifyio-testing/gists{/gist_id}","starred_url":"https://api.github.com/users/mergifyio-testing/starred{/owner}{/repo}","subscriptions_url":"https://api.github.com/users/mergifyio-testing/subscriptions","organizations_url":"https://api.github.com/users/mergifyio-testing/orgs","repos_url":"https://api.github.com/users/mergifyio-testing/repos","events_url":"https://api.github.com/users/mergifyio-testing/events{/privacy}","received_events_url":"https://api.github.com/users/mergifyio-testing/received_events","type":"Organization","site_admin":false},"html_url":"https://github.com/mergifyio-testing/functional-testing-repo-Syffe","description":null,"fork":false,"url":"https://api.github.com/repos/mergifyio-testing/functional-testing-repo-Syffe","forks_url":"https://api.github.com/repos/mergifyio-testing/functional-testing-repo-Syffe/forks","keys_url":"https://api.github.com/repos/mergifyio-testing/functional-testing-repo-Syffe/keys{/key_id}","collaborators_url":"https://api.github.com/repos/mergifyio-testing/functional-testing-repo-Syffe/collaborators{/collaborator}","teams_url":"https://api.github.com/repos/mergifyio-testing/functional-testing-repo-Syffe/teams","hooks_url":"https://api.github.com/repos/mergifyio-testing/functional-testing-repo-Syffe/hooks","issue_events_url":"https://api.github.com/repos/mergifyio-testing/functional-testing-repo-Syffe/issues/events{/number}","events_url":"https://api.github.com/repos/mergifyio-testing/functional-testing-repo-Syffe/events","assignees_url":"https://api.github.com/repos/mergifyio-testing/functional-testing-repo-Syffe/assignees{/user}","branches_url":"https://api.github.com/repos/mergifyio-testing/functional-testing-repo-Syffe/branches{/branch}","tags_url":"https://api.github.com/repos/mergifyio-testing/functional-testing-repo-Syffe/tags","blobs_url":"https://api.github.com/repos/mergifyio-testing/functional-testing-repo-Syffe/git/blobs{/sha}","git_tags_url":"https://api.github.com/repos/mergifyio-testing/functional-testing-repo-Syffe/git/tags{/sha}","git_refs_url":"https://api.github.com/repos/mergifyio-testing/functional-testing-repo-Syffe/git/refs{/sha}","trees_url":"https://api.github.com/repos/mergifyio-testing/functional-testing-repo-Syffe/git/trees{/sha}","statuses_url":"https://api.github.com/repos/mergifyio-testing/functional-testing-repo-Syffe/statuses/{sha}","languages_url":"https://api.github.com/repos/mergifyio-testing/functional-testing-repo-Syffe/languages","stargazers_url":"https://api.github.com/repos/mergifyio-testing/functional-testing-repo-Syffe/stargazers","contributors_url":"https://api.github.com/repos/mergifyio-testing/functional-testing-repo-Syffe/contributors","subscribers_url":"https://api.github.com/repos/mergifyio-testing/functional-testing-repo-Syffe/subscribers","subscription_url":"https://api.github.com/repos/mergifyio-testing/functional-testing-repo-Syffe/subscription","commits_url":"https://api.github.com/repos/mergifyio-testing/functional-testing-repo-Syffe/commits{/sha}","git_commits_url":"https://api.github.com/repos/mergifyio-testing/functional-testing-repo-Syffe/git/commits{/sha}","comments_url":"https://api.github.com/repos/mergifyio-testing/functional-testing-repo-Syffe/comments{/number}","issue_comment_url":"https://api.github.com/repos/mergifyio-testing/functional-testing-repo-Syffe/issues/comments{/number}","contents_url":"https://api.github.com/repos/mergifyio-testing/functional-testing-repo-Syffe/contents/{+path}","compare_url":"https://api.github.com/repos/mergifyio-testing/functional-testing-repo-Syffe/compare/{base}...{head}","merges_url":"https://api.github.com/repos/mergifyio-testing/functional-testing-repo-Syffe/merges","archive_url":"https://api.github.com/repos/mergifyio-testing/functional-testing-repo-Syffe/{archive_format}{/ref}","downloads_url":"https://api.github.com/repos/mergifyio-testing/functional-testing-repo-Syffe/downloads","issues_url":"https://api.github.com/repos/mergifyio-testing/functional-testing-repo-Syffe/issues{/number}","pulls_url":"https://api.github.com/repos/mergifyio-testing/functional-testing-repo-Syffe/pulls{/number}","milestones_url":"https://api.github.com/repos/mergifyio-testing/functional-testing-repo-Syffe/milestones{/number}","notifications_url":"https://api.github.com/repos/mergifyio-testing/functional-testing-repo-Syffe/notifications{?since,all,participating}","labels_url":"https://api.github.com/repos/mergifyio-testing/functional-testing-repo-Syffe/labels{/name}","releases_url":"https://api.github.com/repos/mergifyio-testing/functional-testing-repo-Syffe/releases{/id}","deployments_url":"https://api.github.com/repos/mergifyio-testing/functional-testing-repo-Syffe/deployments","created_at":"2022-01-31T10:50:25Z","updated_at":"2022-12-15T00:04:32Z","pushed_at":"2023-01-04T18:23:45Z","git_url":"git://github.com/mergifyio-testing/functional-testing-repo-Syffe.git","ssh_url":"git@github.com:mergifyio-testing/functional-testing-repo-Syffe.git","clone_url":"https://github.com/mergifyio-testing/functional-testing-repo-Syffe.git","svn_url":"https://github.com/mergifyio-testing/functional-testing-repo-Syffe","homepage":null,"size":102,"stargazers_count":1,"watchers_count":1,"language":null,"has_issues":true,"has_projects":true,"has_downloads":true,"has_wiki":true,"has_pages":false,"has_discussions":false,"forks_count":4,"mirror_url":null,"archived":false,"disabled":false,"open_issues_count":1,"license":null,"allow_forking":true,"is_template":false,"web_commit_signoff_required":false,"topics":[],"visibility":"public","forks":4,"open_issues":1,"watchers":1,"default_branch":"main","permissions":{"admin":false,"maintain":false,"push":false,"triage":false,"pull":false},"temp_clone_token":"","allow_squash_merge":true,"allow_merge_commit":true,"allow_rebase_merge":true,"allow_auto_merge":false,"delete_branch_on_merge":false,"allow_update_branch":false,"use_squash_pr_title_as_default":false,"squash_merge_commit_message":"COMMIT_MESSAGES","squash_merge_commit_title":"COMMIT_OR_PR_TITLE","merge_commit_message":"PR_TITLE","merge_commit_title":"MERGE_MESSAGE","organization":{"login":"mergifyio-testing","id":40527191,"node_id":"MDEyOk9yZ2FuaXphdGlvbjQwNTI3MTkx","avatar_url":"https://avatars.githubusercontent.com/u/40527191?v=4","gravatar_id":"","url":"https://api.github.com/users/mergifyio-testing","html_url":"https://github.com/mergifyio-testing","followers_url":"https://api.github.com/users/mergifyio-testing/followers","following_url":"https://api.github.com/users/mergifyio-testing/following{/other_user}","gists_url":"https://api.github.com/users/mergifyio-testing/gists{/gist_id}","starred_url":"https://api.github.com/users/mergifyio-testing/starred{/owner}{/repo}","subscriptions_url":"https://api.github.com/users/mergifyio-testing/subscriptions","organizations_url":"https://api.github.com/users/mergifyio-testing/orgs","repos_url":"https://api.github.com/users/mergifyio-testing/repos","events_url":"https://api.github.com/users/mergifyio-testing/events{/privacy}","received_events_url":"https://api.github.com/users/mergifyio-testing/received_events","type":"Organization","site_admin":false},"network_count":4,"subscribers_count":0}'
    headers:
      Content-Encoding:
      - gzip
      Content-Type:
      - application/json; charset=utf-8
      Transfer-Encoding:
      - chunked
      X-GitHub-Media-Type:
      - github.v3; param=machine-man-preview; format=json
      x-github-api-version-selected:
      - '2022-11-28'
    http_version: HTTP/1.1
    status_code: 200
- request:
    body: ''
    headers:
      accept:
      - application/vnd.github.machine-man-preview+json
      host:
      - api.github.com
    method: GET
    uri: https://api.github.com/repos/mergifyio-testing/functional-testing-repo-Syffe/git/matching-refs/heads/20230104182342/test_request_error_delete_queue_freeze/main?per_page=100
  response:
    content: '[{"ref":"refs/heads/20230104182342/test_request_error_delete_queue_freeze/main","node_id":"REF_kwDOGw8C09oARXJlZnMvaGVhZHMvMjAyMzAxMDQxODIzNDIvdGVzdF9yZXF1ZXN0X2Vycm9yX2RlbGV0ZV9xdWV1ZV9mcmVlemUvbWFpbg","url":"https://api.github.com/repos/mergifyio-testing/functional-testing-repo-Syffe/git/refs/heads/20230104182342/test_request_error_delete_queue_freeze/main","object":{"sha":"17441635839edfdc6f84c0ef0694abdcaf436049","type":"commit","url":"https://api.github.com/repos/mergifyio-testing/functional-testing-repo-Syffe/git/commits/17441635839edfdc6f84c0ef0694abdcaf436049"}}]'
    headers:
      Content-Encoding:
      - gzip
      Content-Type:
      - application/json; charset=utf-8
      Transfer-Encoding:
      - chunked
      X-GitHub-Media-Type:
      - github.v3; param=machine-man-preview; format=json
      X-Poll-Interval:
      - '300'
      x-github-api-version-selected:
      - '2022-11-28'
    http_version: HTTP/1.1
    status_code: 200
- request:
    body: ''
    headers:
      accept:
      - application/vnd.github.machine-man-preview+json
      host:
      - api.github.com
    method: GET
    uri: https://api.github.com/repos/mergifyio-testing/functional-testing-repo-Syffe/branches/20230104182342%2Ftest_request_error_delete_queue_freeze%2Fmain
  response:
    content: '{"name":"20230104182342/test_request_error_delete_queue_freeze/main","commit":{"sha":"17441635839edfdc6f84c0ef0694abdcaf436049","node_id":"C_kwDOGw8C09oAKDE3NDQxNjM1ODM5ZWRmZGM2Zjg0YzBlZjA2OTRhYmRjYWY0MzYwNDk","commit":{"author":{"name":"Mergify","email":"108278383+mergify-syffe[bot]@users.noreply.github.com","date":"2023-01-04T18:23:44Z"},"committer":{"name":"Mergify","email":"108278383+mergify-syffe[bot]@users.noreply.github.com","date":"2023-01-04T18:23:44Z"},"message":"initial
      commit","tree":{"sha":"a8b023dd371d0d49ffcf5ce5a5c4210ae2fe3c73","url":"https://api.github.com/repos/mergifyio-testing/functional-testing-repo-Syffe/git/trees/a8b023dd371d0d49ffcf5ce5a5c4210ae2fe3c73"},"url":"https://api.github.com/repos/mergifyio-testing/functional-testing-repo-Syffe/git/commits/17441635839edfdc6f84c0ef0694abdcaf436049","comment_count":0,"verification":{"verified":false,"reason":"unsigned","signature":null,"payload":null}},"url":"https://api.github.com/repos/mergifyio-testing/functional-testing-repo-Syffe/commits/17441635839edfdc6f84c0ef0694abdcaf436049","html_url":"https://github.com/mergifyio-testing/functional-testing-repo-Syffe/commit/17441635839edfdc6f84c0ef0694abdcaf436049","comments_url":"https://api.github.com/repos/mergifyio-testing/functional-testing-repo-Syffe/commits/17441635839edfdc6f84c0ef0694abdcaf436049/comments","author":{"login":"mergify-syffe[bot]","id":108278383,"node_id":"BOT_kgDOBnQybw","avatar_url":"https://avatars.githubusercontent.com/u/40527191?v=4","gravatar_id":"","url":"https://api.github.com/users/mergify-syffe%5Bbot%5D","html_url":"https://github.com/apps/mergify-syffe","followers_url":"https://api.github.com/users/mergify-syffe%5Bbot%5D/followers","following_url":"https://api.github.com/users/mergify-syffe%5Bbot%5D/following{/other_user}","gists_url":"https://api.github.com/users/mergify-syffe%5Bbot%5D/gists{/gist_id}","starred_url":"https://api.github.com/users/mergify-syffe%5Bbot%5D/starred{/owner}{/repo}","subscriptions_url":"https://api.github.com/users/mergify-syffe%5Bbot%5D/subscriptions","organizations_url":"https://api.github.com/users/mergify-syffe%5Bbot%5D/orgs","repos_url":"https://api.github.com/users/mergify-syffe%5Bbot%5D/repos","events_url":"https://api.github.com/users/mergify-syffe%5Bbot%5D/events{/privacy}","received_events_url":"https://api.github.com/users/mergify-syffe%5Bbot%5D/received_events","type":"Bot","site_admin":false},"committer":{"login":"mergify-syffe[bot]","id":108278383,"node_id":"BOT_kgDOBnQybw","avatar_url":"https://avatars.githubusercontent.com/u/40527191?v=4","gravatar_id":"","url":"https://api.github.com/users/mergify-syffe%5Bbot%5D","html_url":"https://github.com/apps/mergify-syffe","followers_url":"https://api.github.com/users/mergify-syffe%5Bbot%5D/followers","following_url":"https://api.github.com/users/mergify-syffe%5Bbot%5D/following{/other_user}","gists_url":"https://api.github.com/users/mergify-syffe%5Bbot%5D/gists{/gist_id}","starred_url":"https://api.github.com/users/mergify-syffe%5Bbot%5D/starred{/owner}{/repo}","subscriptions_url":"https://api.github.com/users/mergify-syffe%5Bbot%5D/subscriptions","organizations_url":"https://api.github.com/users/mergify-syffe%5Bbot%5D/orgs","repos_url":"https://api.github.com/users/mergify-syffe%5Bbot%5D/repos","events_url":"https://api.github.com/users/mergify-syffe%5Bbot%5D/events{/privacy}","received_events_url":"https://api.github.com/users/mergify-syffe%5Bbot%5D/received_events","type":"Bot","site_admin":false},"parents":[]},"_links":{"self":"https://api.github.com/repos/mergifyio-testing/functional-testing-repo-Syffe/branches/20230104182342/test_request_error_delete_queue_freeze/main","html":"https://github.com/mergifyio-testing/functional-testing-repo-Syffe/tree/20230104182342/test_request_error_delete_queue_freeze/main"},"protected":false,"protection":{"enabled":false,"required_status_checks":{"enforcement_level":"off","contexts":[],"checks":[]}},"protection_url":"https://api.github.com/repos/mergifyio-testing/functional-testing-repo-Syffe/branches/20230104182342/test_request_error_delete_queue_freeze/main/protection"}'
    headers:
      Content-Encoding:
      - gzip
      Content-Type:
      - application/json; charset=utf-8
      Transfer-Encoding:
      - chunked
      X-GitHub-Media-Type:
      - github.v3; param=machine-man-preview; format=json
      x-github-api-version-selected:
      - '2022-11-28'
    http_version: HTTP/1.1
    status_code: 200
- request:
    body: ''
    headers:
      accept:
      - application/vnd.github.machine-man-preview+json
      host:
      - api.github.com
    method: DELETE
    uri: https://api.github.com/repos/mergifyio-testing/functional-testing-repo-Syffe/git/refs/heads/20230104182342/test_request_error_delete_queue_freeze/main
  response:
    content: ''
    headers:
      X-GitHub-Media-Type:
      - github.v3; param=machine-man-preview; format=json
      x-github-api-version-selected:
      - '2022-11-28'
    http_version: HTTP/1.1
    status_code: 204
- request:
    body: whatdataisthat
    headers:
      X-Hub-Signature:
      - <SIGNATURE>
      accept:
      - '*/*'
      content-length:
      - '14'
      host:
      - test-forwarder.mergify.io
    method: DELETE
    uri: https://test-forwarder.mergify.io/events/github.com/214874/453968595/20230104182342-test_request_error_delete_queue_freeze
  response:
    content: Event queued
    headers:
      Connection:
      - keep-alive
      Content-Length:
      - '12'
    http_version: HTTP/1.1
    status_code: 202
version: 1
