interactions:
- request:
    body: ''
    headers:
      accept:
      - application/vnd.github.machine-man-preview+json
      host:
      - api.github.com
    method: GET
    uri: https://api.github.com/user/40527191/installation
  response:
    base64encoded: false
    content: '{"id":26894537,"account":{"login":"mergifyio-testing","id":40527191,"node_id":"MDEyOk9yZ2FuaXphdGlvbjQwNTI3MTkx","avatar_url":"https://avatars.githubusercontent.com/u/40527191?v=4","gravatar_id":"","url":"https://api.github.com/users/mergifyio-testing","html_url":"https://github.com/mergifyio-testing","followers_url":"https://api.github.com/users/mergifyio-testing/followers","following_url":"https://api.github.com/users/mergifyio-testing/following{/other_user}","gists_url":"https://api.github.com/users/mergifyio-testing/gists{/gist_id}","starred_url":"https://api.github.com/users/mergifyio-testing/starred{/owner}{/repo}","subscriptions_url":"https://api.github.com/users/mergifyio-testing/subscriptions","organizations_url":"https://api.github.com/users/mergifyio-testing/orgs","repos_url":"https://api.github.com/users/mergifyio-testing/repos","events_url":"https://api.github.com/users/mergifyio-testing/events{/privacy}","received_events_url":"https://api.github.com/users/mergifyio-testing/received_events","type":"Organization","site_admin":false},"repository_selection":"selected","access_tokens_url":"https://api.github.com/app/installations/26894537/access_tokens","repositories_url":"https://api.github.com/installation/repositories","html_url":"https://github.com/organizations/mergifyio-testing/settings/installations/26894537","app_id":214863,"app_slug":"mergify-sileht","target_id":40527191,"target_type":"Organization","permissions":{"pages":"write","checks":"write","issues":"write","actions":"write","members":"read","contents":"write","metadata":"read","statuses":"write","workflows":"write","pull_requests":"write","administration":"read"},"events":["check_run","check_suite","issue_comment","member","membership","organization","pull_request","pull_request_review","pull_request_review_comment","pull_request_review_thread","push","repository","status","team","team_add","workflow_job","workflow_run"],"created_at":"2022-06-27T12:22:13.000Z","updated_at":"2023-08-29T15:43:16.000Z","single_file_name":null,"has_multiple_single_files":false,"single_file_paths":[],"suspended_by":null,"suspended_at":null}'
    headers:
      Content-Encoding:
      - gzip
      Content-Type:
      - application/json; charset=utf-8
      Transfer-Encoding:
      - chunked
      X-GitHub-Media-Type:
      - github.v3; param=machine-man-preview; format=json
      x-github-api-version-selected:
      - '2022-11-28'
    http_version: HTTP/1.1
    status_code: 200
- request:
    body: ''
    headers:
      accept:
      - application/vnd.github.machine-man-preview+json
      host:
      - api.github.com
    method: GET
    uri: https://api.github.com/user
  response:
    base64encoded: false
    content: '{"login":"mergify-test1","id":38494943,"node_id":"MDQ6VXNlcjM4NDk0OTQz","avatar_url":"https://avatars.githubusercontent.com/u/38494943?v=4","gravatar_id":"","url":"https://api.github.com/users/mergify-test1","html_url":"https://github.com/mergify-test1","followers_url":"https://api.github.com/users/mergify-test1/followers","following_url":"https://api.github.com/users/mergify-test1/following{/other_user}","gists_url":"https://api.github.com/users/mergify-test1/gists{/gist_id}","starred_url":"https://api.github.com/users/mergify-test1/starred{/owner}{/repo}","subscriptions_url":"https://api.github.com/users/mergify-test1/subscriptions","organizations_url":"https://api.github.com/users/mergify-test1/orgs","repos_url":"https://api.github.com/users/mergify-test1/repos","events_url":"https://api.github.com/users/mergify-test1/events{/privacy}","received_events_url":"https://api.github.com/users/mergify-test1/received_events","type":"User","site_admin":false,"name":"mergify-test-user-1","company":"@mergifyio","blog":"https://mergify.io","location":null,"email":null,"hireable":null,"bio":"This
      account is for testing purpose of the workflow of the GitHub App @mergifyio","twitter_username":"mergifyio","public_repos":1,"public_gists":0,"followers":0,"following":0,"created_at":"2018-04-18T10:42:59Z","updated_at":"2023-10-15T11:47:16Z","private_gists":0,"total_private_repos":0,"owned_private_repos":0,"disk_usage":0,"collaborators":0,"two_factor_authentication":false,"plan":{"name":"free","space":976562499,"collaborators":0,"private_repos":10000}}'
    headers:
      Content-Encoding:
      - gzip
      Content-Type:
      - application/json; charset=utf-8
      Transfer-Encoding:
      - chunked
      X-Accepted-OAuth-Scopes:
      - ''
      X-GitHub-Media-Type:
      - github.v3; param=machine-man-preview; format=json
      X-OAuth-Scopes:
      - admin:org, delete_repo, read:public_key, repo, user, workflow
      x-github-api-version-selected:
      - '2022-11-28'
    http_version: HTTP/1.1
    status_code: 200
- request:
    body: ''
    headers:
      accept:
      - application/vnd.github.machine-man-preview+json
      host:
      - api.github.com
    method: GET
    uri: https://api.github.com/user
  response:
    base64encoded: false
    content: '{"login":"mergify-test2","id":38495008,"node_id":"MDQ6VXNlcjM4NDk1MDA4","avatar_url":"https://avatars.githubusercontent.com/u/38495008?v=4","gravatar_id":"","url":"https://api.github.com/users/mergify-test2","html_url":"https://github.com/mergify-test2","followers_url":"https://api.github.com/users/mergify-test2/followers","following_url":"https://api.github.com/users/mergify-test2/following{/other_user}","gists_url":"https://api.github.com/users/mergify-test2/gists{/gist_id}","starred_url":"https://api.github.com/users/mergify-test2/starred{/owner}{/repo}","subscriptions_url":"https://api.github.com/users/mergify-test2/subscriptions","organizations_url":"https://api.github.com/users/mergify-test2/orgs","repos_url":"https://api.github.com/users/mergify-test2/repos","events_url":"https://api.github.com/users/mergify-test2/events{/privacy}","received_events_url":"https://api.github.com/users/mergify-test2/received_events","type":"User","site_admin":false,"name":"mergify-test-user-2","company":"@mergifyio","blog":"https://mergify.com","location":null,"email":null,"hireable":null,"bio":"This
      account is for integration testing purpose of the workflow of the GitHub App
      @mergifyio","twitter_username":"mergifyio","public_repos":15,"public_gists":0,"followers":0,"following":0,"created_at":"2018-04-18T10:45:18Z","updated_at":"2023-10-15T11:47:16Z","private_gists":0,"total_private_repos":0,"owned_private_repos":0,"disk_usage":1355,"collaborators":0,"two_factor_authentication":false,"plan":{"name":"free","space":976562499,"collaborators":0,"private_repos":10000}}'
    headers:
      Content-Encoding:
      - gzip
      Content-Type:
      - application/json; charset=utf-8
      Transfer-Encoding:
      - chunked
      X-Accepted-OAuth-Scopes:
      - ''
      X-GitHub-Media-Type:
      - github.v3; param=machine-man-preview; format=json
      X-OAuth-Scopes:
      - delete_repo, read:org, read:user, repo, user:email, workflow
      x-github-api-version-selected:
      - '2022-11-28'
    http_version: HTTP/1.1
    status_code: 200
- request:
    body: ''
    headers:
      Authorization:
      - <TOKEN>
      accept:
      - application/vnd.github.machine-man-preview+json
      host:
      - api.github.com
    method: GET
    uri: https://api.github.com/repositories/399426199
  response:
    base64encoded: false
    content: '{"id":399426199,"node_id":"MDEwOlJlcG9zaXRvcnkzOTk0MjYxOTk=","name":"functional-testing-repo-sileht","full_name":"mergifyio-testing/functional-testing-repo-sileht","private":false,"owner":{"login":"mergifyio-testing","id":40527191,"node_id":"MDEyOk9yZ2FuaXphdGlvbjQwNTI3MTkx","avatar_url":"https://avatars.githubusercontent.com/u/40527191?v=4","gravatar_id":"","url":"https://api.github.com/users/mergifyio-testing","html_url":"https://github.com/mergifyio-testing","followers_url":"https://api.github.com/users/mergifyio-testing/followers","following_url":"https://api.github.com/users/mergifyio-testing/following{/other_user}","gists_url":"https://api.github.com/users/mergifyio-testing/gists{/gist_id}","starred_url":"https://api.github.com/users/mergifyio-testing/starred{/owner}{/repo}","subscriptions_url":"https://api.github.com/users/mergifyio-testing/subscriptions","organizations_url":"https://api.github.com/users/mergifyio-testing/orgs","repos_url":"https://api.github.com/users/mergifyio-testing/repos","events_url":"https://api.github.com/users/mergifyio-testing/events{/privacy}","received_events_url":"https://api.github.com/users/mergifyio-testing/received_events","type":"Organization","site_admin":false},"html_url":"https://github.com/mergifyio-testing/functional-testing-repo-sileht","description":null,"fork":false,"url":"https://api.github.com/repos/mergifyio-testing/functional-testing-repo-sileht","forks_url":"https://api.github.com/repos/mergifyio-testing/functional-testing-repo-sileht/forks","keys_url":"https://api.github.com/repos/mergifyio-testing/functional-testing-repo-sileht/keys{/key_id}","collaborators_url":"https://api.github.com/repos/mergifyio-testing/functional-testing-repo-sileht/collaborators{/collaborator}","teams_url":"https://api.github.com/repos/mergifyio-testing/functional-testing-repo-sileht/teams","hooks_url":"https://api.github.com/repos/mergifyio-testing/functional-testing-repo-sileht/hooks","issue_events_url":"https://api.github.com/repos/mergifyio-testing/functional-testing-repo-sileht/issues/events{/number}","events_url":"https://api.github.com/repos/mergifyio-testing/functional-testing-repo-sileht/events","assignees_url":"https://api.github.com/repos/mergifyio-testing/functional-testing-repo-sileht/assignees{/user}","branches_url":"https://api.github.com/repos/mergifyio-testing/functional-testing-repo-sileht/branches{/branch}","tags_url":"https://api.github.com/repos/mergifyio-testing/functional-testing-repo-sileht/tags","blobs_url":"https://api.github.com/repos/mergifyio-testing/functional-testing-repo-sileht/git/blobs{/sha}","git_tags_url":"https://api.github.com/repos/mergifyio-testing/functional-testing-repo-sileht/git/tags{/sha}","git_refs_url":"https://api.github.com/repos/mergifyio-testing/functional-testing-repo-sileht/git/refs{/sha}","trees_url":"https://api.github.com/repos/mergifyio-testing/functional-testing-repo-sileht/git/trees{/sha}","statuses_url":"https://api.github.com/repos/mergifyio-testing/functional-testing-repo-sileht/statuses/{sha}","languages_url":"https://api.github.com/repos/mergifyio-testing/functional-testing-repo-sileht/languages","stargazers_url":"https://api.github.com/repos/mergifyio-testing/functional-testing-repo-sileht/stargazers","contributors_url":"https://api.github.com/repos/mergifyio-testing/functional-testing-repo-sileht/contributors","subscribers_url":"https://api.github.com/repos/mergifyio-testing/functional-testing-repo-sileht/subscribers","subscription_url":"https://api.github.com/repos/mergifyio-testing/functional-testing-repo-sileht/subscription","commits_url":"https://api.github.com/repos/mergifyio-testing/functional-testing-repo-sileht/commits{/sha}","git_commits_url":"https://api.github.com/repos/mergifyio-testing/functional-testing-repo-sileht/git/commits{/sha}","comments_url":"https://api.github.com/repos/mergifyio-testing/functional-testing-repo-sileht/comments{/number}","issue_comment_url":"https://api.github.com/repos/mergifyio-testing/functional-testing-repo-sileht/issues/comments{/number}","contents_url":"https://api.github.com/repos/mergifyio-testing/functional-testing-repo-sileht/contents/{+path}","compare_url":"https://api.github.com/repos/mergifyio-testing/functional-testing-repo-sileht/compare/{base}...{head}","merges_url":"https://api.github.com/repos/mergifyio-testing/functional-testing-repo-sileht/merges","archive_url":"https://api.github.com/repos/mergifyio-testing/functional-testing-repo-sileht/{archive_format}{/ref}","downloads_url":"https://api.github.com/repos/mergifyio-testing/functional-testing-repo-sileht/downloads","issues_url":"https://api.github.com/repos/mergifyio-testing/functional-testing-repo-sileht/issues{/number}","pulls_url":"https://api.github.com/repos/mergifyio-testing/functional-testing-repo-sileht/pulls{/number}","milestones_url":"https://api.github.com/repos/mergifyio-testing/functional-testing-repo-sileht/milestones{/number}","notifications_url":"https://api.github.com/repos/mergifyio-testing/functional-testing-repo-sileht/notifications{?since,all,participating}","labels_url":"https://api.github.com/repos/mergifyio-testing/functional-testing-repo-sileht/labels{/name}","releases_url":"https://api.github.com/repos/mergifyio-testing/functional-testing-repo-sileht/releases{/id}","deployments_url":"https://api.github.com/repos/mergifyio-testing/functional-testing-repo-sileht/deployments","created_at":"2021-08-24T10:36:34Z","updated_at":"2023-01-31T19:06:12Z","pushed_at":"2023-10-18T12:32:42Z","git_url":"git://github.com/mergifyio-testing/functional-testing-repo-sileht.git","ssh_url":"git@github.com:mergifyio-testing/functional-testing-repo-sileht.git","clone_url":"https://github.com/mergifyio-testing/functional-testing-repo-sileht.git","svn_url":"https://github.com/mergifyio-testing/functional-testing-repo-sileht","homepage":null,"size":208,"stargazers_count":0,"watchers_count":0,"language":null,"has_issues":true,"has_projects":true,"has_downloads":true,"has_wiki":true,"has_pages":false,"has_discussions":false,"forks_count":2,"mirror_url":null,"archived":false,"disabled":false,"open_issues_count":0,"license":null,"allow_forking":true,"is_template":false,"web_commit_signoff_required":false,"topics":[],"visibility":"public","forks":2,"open_issues":0,"watchers":0,"default_branch":"main","permissions":{"admin":false,"maintain":false,"push":false,"triage":false,"pull":false},"temp_clone_token":"","allow_squash_merge":true,"allow_merge_commit":true,"allow_rebase_merge":true,"allow_auto_merge":false,"delete_branch_on_merge":false,"allow_update_branch":true,"use_squash_pr_title_as_default":false,"squash_merge_commit_message":"COMMIT_MESSAGES","squash_merge_commit_title":"COMMIT_OR_PR_TITLE","merge_commit_message":"PR_TITLE","merge_commit_title":"MERGE_MESSAGE","organization":{"login":"mergifyio-testing","id":40527191,"node_id":"MDEyOk9yZ2FuaXphdGlvbjQwNTI3MTkx","avatar_url":"https://avatars.githubusercontent.com/u/40527191?v=4","gravatar_id":"","url":"https://api.github.com/users/mergifyio-testing","html_url":"https://github.com/mergifyio-testing","followers_url":"https://api.github.com/users/mergifyio-testing/followers","following_url":"https://api.github.com/users/mergifyio-testing/following{/other_user}","gists_url":"https://api.github.com/users/mergifyio-testing/gists{/gist_id}","starred_url":"https://api.github.com/users/mergifyio-testing/starred{/owner}{/repo}","subscriptions_url":"https://api.github.com/users/mergifyio-testing/subscriptions","organizations_url":"https://api.github.com/users/mergifyio-testing/orgs","repos_url":"https://api.github.com/users/mergifyio-testing/repos","events_url":"https://api.github.com/users/mergifyio-testing/events{/privacy}","received_events_url":"https://api.github.com/users/mergifyio-testing/received_events","type":"Organization","site_admin":false},"security_and_analysis":{"secret_scanning":{"status":"disabled"},"secret_scanning_push_protection":{"status":"disabled"},"dependabot_security_updates":{"status":"disabled"}},"network_count":2,"subscribers_count":1}'
    headers:
      Content-Encoding:
      - gzip
      Content-Type:
      - application/json; charset=utf-8
      Transfer-Encoding:
      - chunked
      X-GitHub-Media-Type:
      - github.v3; param=machine-man-preview; format=json
      x-accepted-github-permissions:
      - metadata=read
      x-github-api-version-selected:
      - '2022-11-28'
    http_version: HTTP/1.1
    status_code: 200
- request:
    body: whatdataisthat
    headers:
      X-Hub-Signature:
      - <SIGNATURE>
      accept:
      - '*/*'
      content-length:
      - '14'
      host:
      - test-forwarder.mergify.com
    method: DELETE
    uri: https://test-forwarder.mergify.com/events/github.com/214863/399426199/20231018123243-test_get_queues_config_list
  response:
    base64encoded: false
    content: Event queued
    headers:
      Connection:
      - keep-alive
      Content-Length:
      - '12'
    http_version: HTTP/1.1
    status_code: 202
- request:
    body: ''
    headers:
      accept:
      - application/vnd.github.machine-man-preview+json
      host:
      - api.github.com
    method: GET
    uri: https://api.github.com/repos/mergifyio-testing/functional-testing-repo-sileht/installation
  response:
    base64encoded: false
    content: '{"id":26894537,"account":{"login":"mergifyio-testing","id":40527191,"node_id":"MDEyOk9yZ2FuaXphdGlvbjQwNTI3MTkx","avatar_url":"https://avatars.githubusercontent.com/u/40527191?v=4","gravatar_id":"","url":"https://api.github.com/users/mergifyio-testing","html_url":"https://github.com/mergifyio-testing","followers_url":"https://api.github.com/users/mergifyio-testing/followers","following_url":"https://api.github.com/users/mergifyio-testing/following{/other_user}","gists_url":"https://api.github.com/users/mergifyio-testing/gists{/gist_id}","starred_url":"https://api.github.com/users/mergifyio-testing/starred{/owner}{/repo}","subscriptions_url":"https://api.github.com/users/mergifyio-testing/subscriptions","organizations_url":"https://api.github.com/users/mergifyio-testing/orgs","repos_url":"https://api.github.com/users/mergifyio-testing/repos","events_url":"https://api.github.com/users/mergifyio-testing/events{/privacy}","received_events_url":"https://api.github.com/users/mergifyio-testing/received_events","type":"Organization","site_admin":false},"repository_selection":"selected","access_tokens_url":"https://api.github.com/app/installations/26894537/access_tokens","repositories_url":"https://api.github.com/installation/repositories","html_url":"https://github.com/organizations/mergifyio-testing/settings/installations/26894537","app_id":214863,"app_slug":"mergify-sileht","target_id":40527191,"target_type":"Organization","permissions":{"pages":"write","checks":"write","issues":"write","actions":"write","members":"read","contents":"write","metadata":"read","statuses":"write","workflows":"write","pull_requests":"write","administration":"read"},"events":["check_run","check_suite","issue_comment","member","membership","organization","pull_request","pull_request_review","pull_request_review_comment","pull_request_review_thread","push","repository","status","team","team_add","workflow_job","workflow_run"],"created_at":"2022-06-27T12:22:13.000Z","updated_at":"2023-08-29T15:43:16.000Z","single_file_name":null,"has_multiple_single_files":false,"single_file_paths":[],"suspended_by":null,"suspended_at":null}'
    headers:
      Content-Encoding:
      - gzip
      Content-Type:
      - application/json; charset=utf-8
      Transfer-Encoding:
      - chunked
      X-GitHub-Media-Type:
      - github.v3; param=machine-man-preview; format=json
      x-github-api-version-selected:
      - '2022-11-28'
    http_version: HTTP/1.1
    status_code: 200
- request:
    body: ''
    headers:
      accept:
      - application/vnd.github.machine-man-preview+json
      host:
      - api.github.com
    method: GET
    uri: https://api.github.com/repos/mergifyio-testing/functional-testing-repo-sileht
  response:
    base64encoded: false
    content: '{"id":399426199,"node_id":"MDEwOlJlcG9zaXRvcnkzOTk0MjYxOTk=","name":"functional-testing-repo-sileht","full_name":"mergifyio-testing/functional-testing-repo-sileht","private":false,"owner":{"login":"mergifyio-testing","id":40527191,"node_id":"MDEyOk9yZ2FuaXphdGlvbjQwNTI3MTkx","avatar_url":"https://avatars.githubusercontent.com/u/40527191?v=4","gravatar_id":"","url":"https://api.github.com/users/mergifyio-testing","html_url":"https://github.com/mergifyio-testing","followers_url":"https://api.github.com/users/mergifyio-testing/followers","following_url":"https://api.github.com/users/mergifyio-testing/following{/other_user}","gists_url":"https://api.github.com/users/mergifyio-testing/gists{/gist_id}","starred_url":"https://api.github.com/users/mergifyio-testing/starred{/owner}{/repo}","subscriptions_url":"https://api.github.com/users/mergifyio-testing/subscriptions","organizations_url":"https://api.github.com/users/mergifyio-testing/orgs","repos_url":"https://api.github.com/users/mergifyio-testing/repos","events_url":"https://api.github.com/users/mergifyio-testing/events{/privacy}","received_events_url":"https://api.github.com/users/mergifyio-testing/received_events","type":"Organization","site_admin":false},"html_url":"https://github.com/mergifyio-testing/functional-testing-repo-sileht","description":null,"fork":false,"url":"https://api.github.com/repos/mergifyio-testing/functional-testing-repo-sileht","forks_url":"https://api.github.com/repos/mergifyio-testing/functional-testing-repo-sileht/forks","keys_url":"https://api.github.com/repos/mergifyio-testing/functional-testing-repo-sileht/keys{/key_id}","collaborators_url":"https://api.github.com/repos/mergifyio-testing/functional-testing-repo-sileht/collaborators{/collaborator}","teams_url":"https://api.github.com/repos/mergifyio-testing/functional-testing-repo-sileht/teams","hooks_url":"https://api.github.com/repos/mergifyio-testing/functional-testing-repo-sileht/hooks","issue_events_url":"https://api.github.com/repos/mergifyio-testing/functional-testing-repo-sileht/issues/events{/number}","events_url":"https://api.github.com/repos/mergifyio-testing/functional-testing-repo-sileht/events","assignees_url":"https://api.github.com/repos/mergifyio-testing/functional-testing-repo-sileht/assignees{/user}","branches_url":"https://api.github.com/repos/mergifyio-testing/functional-testing-repo-sileht/branches{/branch}","tags_url":"https://api.github.com/repos/mergifyio-testing/functional-testing-repo-sileht/tags","blobs_url":"https://api.github.com/repos/mergifyio-testing/functional-testing-repo-sileht/git/blobs{/sha}","git_tags_url":"https://api.github.com/repos/mergifyio-testing/functional-testing-repo-sileht/git/tags{/sha}","git_refs_url":"https://api.github.com/repos/mergifyio-testing/functional-testing-repo-sileht/git/refs{/sha}","trees_url":"https://api.github.com/repos/mergifyio-testing/functional-testing-repo-sileht/git/trees{/sha}","statuses_url":"https://api.github.com/repos/mergifyio-testing/functional-testing-repo-sileht/statuses/{sha}","languages_url":"https://api.github.com/repos/mergifyio-testing/functional-testing-repo-sileht/languages","stargazers_url":"https://api.github.com/repos/mergifyio-testing/functional-testing-repo-sileht/stargazers","contributors_url":"https://api.github.com/repos/mergifyio-testing/functional-testing-repo-sileht/contributors","subscribers_url":"https://api.github.com/repos/mergifyio-testing/functional-testing-repo-sileht/subscribers","subscription_url":"https://api.github.com/repos/mergifyio-testing/functional-testing-repo-sileht/subscription","commits_url":"https://api.github.com/repos/mergifyio-testing/functional-testing-repo-sileht/commits{/sha}","git_commits_url":"https://api.github.com/repos/mergifyio-testing/functional-testing-repo-sileht/git/commits{/sha}","comments_url":"https://api.github.com/repos/mergifyio-testing/functional-testing-repo-sileht/comments{/number}","issue_comment_url":"https://api.github.com/repos/mergifyio-testing/functional-testing-repo-sileht/issues/comments{/number}","contents_url":"https://api.github.com/repos/mergifyio-testing/functional-testing-repo-sileht/contents/{+path}","compare_url":"https://api.github.com/repos/mergifyio-testing/functional-testing-repo-sileht/compare/{base}...{head}","merges_url":"https://api.github.com/repos/mergifyio-testing/functional-testing-repo-sileht/merges","archive_url":"https://api.github.com/repos/mergifyio-testing/functional-testing-repo-sileht/{archive_format}{/ref}","downloads_url":"https://api.github.com/repos/mergifyio-testing/functional-testing-repo-sileht/downloads","issues_url":"https://api.github.com/repos/mergifyio-testing/functional-testing-repo-sileht/issues{/number}","pulls_url":"https://api.github.com/repos/mergifyio-testing/functional-testing-repo-sileht/pulls{/number}","milestones_url":"https://api.github.com/repos/mergifyio-testing/functional-testing-repo-sileht/milestones{/number}","notifications_url":"https://api.github.com/repos/mergifyio-testing/functional-testing-repo-sileht/notifications{?since,all,participating}","labels_url":"https://api.github.com/repos/mergifyio-testing/functional-testing-repo-sileht/labels{/name}","releases_url":"https://api.github.com/repos/mergifyio-testing/functional-testing-repo-sileht/releases{/id}","deployments_url":"https://api.github.com/repos/mergifyio-testing/functional-testing-repo-sileht/deployments","created_at":"2021-08-24T10:36:34Z","updated_at":"2023-01-31T19:06:12Z","pushed_at":"2023-10-18T12:32:42Z","git_url":"git://github.com/mergifyio-testing/functional-testing-repo-sileht.git","ssh_url":"git@github.com:mergifyio-testing/functional-testing-repo-sileht.git","clone_url":"https://github.com/mergifyio-testing/functional-testing-repo-sileht.git","svn_url":"https://github.com/mergifyio-testing/functional-testing-repo-sileht","homepage":null,"size":208,"stargazers_count":0,"watchers_count":0,"language":null,"has_issues":true,"has_projects":true,"has_downloads":true,"has_wiki":true,"has_pages":false,"has_discussions":false,"forks_count":2,"mirror_url":null,"archived":false,"disabled":false,"open_issues_count":0,"license":null,"allow_forking":true,"is_template":false,"web_commit_signoff_required":false,"topics":[],"visibility":"public","forks":2,"open_issues":0,"watchers":0,"default_branch":"main","permissions":{"admin":false,"maintain":false,"push":false,"triage":false,"pull":false},"temp_clone_token":"","allow_squash_merge":true,"allow_merge_commit":true,"allow_rebase_merge":true,"allow_auto_merge":false,"delete_branch_on_merge":false,"allow_update_branch":true,"use_squash_pr_title_as_default":false,"squash_merge_commit_message":"COMMIT_MESSAGES","squash_merge_commit_title":"COMMIT_OR_PR_TITLE","merge_commit_message":"PR_TITLE","merge_commit_title":"MERGE_MESSAGE","organization":{"login":"mergifyio-testing","id":40527191,"node_id":"MDEyOk9yZ2FuaXphdGlvbjQwNTI3MTkx","avatar_url":"https://avatars.githubusercontent.com/u/40527191?v=4","gravatar_id":"","url":"https://api.github.com/users/mergifyio-testing","html_url":"https://github.com/mergifyio-testing","followers_url":"https://api.github.com/users/mergifyio-testing/followers","following_url":"https://api.github.com/users/mergifyio-testing/following{/other_user}","gists_url":"https://api.github.com/users/mergifyio-testing/gists{/gist_id}","starred_url":"https://api.github.com/users/mergifyio-testing/starred{/owner}{/repo}","subscriptions_url":"https://api.github.com/users/mergifyio-testing/subscriptions","organizations_url":"https://api.github.com/users/mergifyio-testing/orgs","repos_url":"https://api.github.com/users/mergifyio-testing/repos","events_url":"https://api.github.com/users/mergifyio-testing/events{/privacy}","received_events_url":"https://api.github.com/users/mergifyio-testing/received_events","type":"Organization","site_admin":false},"security_and_analysis":{"secret_scanning":{"status":"disabled"},"secret_scanning_push_protection":{"status":"disabled"},"dependabot_security_updates":{"status":"disabled"}},"network_count":2,"subscribers_count":1}'
    headers:
      Content-Encoding:
      - gzip
      Content-Type:
      - application/json; charset=utf-8
      Transfer-Encoding:
      - chunked
      X-GitHub-Media-Type:
      - github.v3; param=machine-man-preview; format=json
      x-accepted-github-permissions:
      - metadata=read
      x-github-api-version-selected:
      - '2022-11-28'
    http_version: HTTP/1.1
    status_code: 200
- request:
    body: whatdataisthat
    headers:
      X-Hub-Signature:
      - <SIGNATURE>
      accept:
      - '*/*'
      content-length:
      - '14'
      host:
      - test-forwarder.mergify.com
    method: GET
    uri: https://test-forwarder.mergify.com/events/github.com/214863/399426199/20231018123243-test_get_queues_config_list?counter=1
  response:
    base64encoded: false
    content: '[]'
    headers:
      Connection:
      - keep-alive
      Content-Length:
      - '2'
      Content-Type:
      - application/json
    http_version: HTTP/1.1
    status_code: 200
- request:
    body: whatdataisthat
    headers:
      X-Hub-Signature:
      - <SIGNATURE>
      accept:
      - '*/*'
      content-length:
      - '14'
      host:
      - test-forwarder.mergify.com
    method: GET
    uri: https://test-forwarder.mergify.com/events/github.com/214863/399426199/20231018123243-test_get_queues_config_list?counter=2
  response:
    base64encoded: false
    content: '[]'
    headers:
      Connection:
      - keep-alive
      Content-Length:
      - '2'
      Content-Type:
      - application/json
    http_version: HTTP/1.1
    status_code: 200
- request:
    body: whatdataisthat
    headers:
      X-Hub-Signature:
      - <SIGNATURE>
      accept:
      - '*/*'
      content-length:
      - '14'
      host:
      - test-forwarder.mergify.com
    method: GET
    uri: https://test-forwarder.mergify.com/events/github.com/214863/399426199/20231018123243-test_get_queues_config_list?counter=3
  response:
    base64encoded: false
    content: '[]'
    headers:
      Connection:
      - keep-alive
      Content-Length:
      - '2'
      Content-Type:
      - application/json
      Nel:
      - '{"report_to":"heroku-nel","max_age":3600,"success_fraction":0.005,"failure_fraction":0.05,"response_headers":["Via"]}'
      Reporting-Endpoints:
      - heroku-nel=https://nel.heroku.com/reports?ts=1697632369&sid=929419e7-33ea-4e2f-85f0-7d8b7cd5cbd6&s=x5rh23fFm72L0zUo2wLhmRAS55k8a3qBPsbYwo7EgwM%3D
    http_version: HTTP/1.1
    status_code: 200
- request:
    body: whatdataisthat
    headers:
      X-Hub-Signature:
      - <SIGNATURE>
      accept:
      - '*/*'
      content-length:
      - '14'
      host:
      - test-forwarder.mergify.com
    method: GET
    uri: https://test-forwarder.mergify.com/events/github.com/214863/399426199/20231018123243-test_get_queues_config_list?counter=4
  response:
    base64encoded: false
    content: '[]'
    headers:
      Connection:
      - keep-alive
      Content-Length:
      - '2'
      Content-Type:
      - application/json
      Nel:
      - '{"report_to":"heroku-nel","max_age":3600,"success_fraction":0.005,"failure_fraction":0.05,"response_headers":["Via"]}'
      Reporting-Endpoints:
      - heroku-nel=https://nel.heroku.com/reports?ts=1697632369&sid=929419e7-33ea-4e2f-85f0-7d8b7cd5cbd6&s=x5rh23fFm72L0zUo2wLhmRAS55k8a3qBPsbYwo7EgwM%3D
    http_version: HTTP/1.1
    status_code: 200
- request:
    body: whatdataisthat
    headers:
      X-Hub-Signature:
      - <SIGNATURE>
      accept:
      - '*/*'
      content-length:
      - '14'
      host:
      - test-forwarder.mergify.com
    method: GET
    uri: https://test-forwarder.mergify.com/events/github.com/214863/399426199/20231018123243-test_get_queues_config_list?counter=5
  response:
    base64encoded: false
    content: '[{"id":"726633ca-6db2-11ee-83cc-1923172626e0","hook_id":"365596432","type":"push","payload":{"ref":"refs/heads/20231018123243/test_get_queues_config_list/main","before":"0000000000000000000000000000000000000000","after":"2be08ba3492b2fd0473982247a4f406779eca6d0","repository":{"id":399426199,"node_id":"MDEwOlJlcG9zaXRvcnkzOTk0MjYxOTk=","name":"functional-testing-repo-sileht","full_name":"mergifyio-testing/functional-testing-repo-sileht","private":false,"owner":{"name":"mergifyio-testing","email":null,"login":"mergifyio-testing","id":40527191,"node_id":"MDEyOk9yZ2FuaXphdGlvbjQwNTI3MTkx","avatar_url":"https://avatars.githubusercontent.com/u/40527191?v=4","gravatar_id":"","url":"https://api.github.com/users/mergifyio-testing","html_url":"https://github.com/mergifyio-testing","followers_url":"https://api.github.com/users/mergifyio-testing/followers","following_url":"https://api.github.com/users/mergifyio-testing/following{/other_user}","gists_url":"https://api.github.com/users/mergifyio-testing/gists{/gist_id}","starred_url":"https://api.github.com/users/mergifyio-testing/starred{/owner}{/repo}","subscriptions_url":"https://api.github.com/users/mergifyio-testing/subscriptions","organizations_url":"https://api.github.com/users/mergifyio-testing/orgs","repos_url":"https://api.github.com/users/mergifyio-testing/repos","events_url":"https://api.github.com/users/mergifyio-testing/events{/privacy}","received_events_url":"https://api.github.com/users/mergifyio-testing/received_events","type":"Organization","site_admin":false},"html_url":"https://github.com/mergifyio-testing/functional-testing-repo-sileht","description":null,"fork":false,"url":"https://github.com/mergifyio-testing/functional-testing-repo-sileht","forks_url":"https://api.github.com/repos/mergifyio-testing/functional-testing-repo-sileht/forks","keys_url":"https://api.github.com/repos/mergifyio-testing/functional-testing-repo-sileht/keys{/key_id}","collaborators_url":"https://api.github.com/repos/mergifyio-testing/functional-testing-repo-sileht/collaborators{/collaborator}","teams_url":"https://api.github.com/repos/mergifyio-testing/functional-testing-repo-sileht/teams","hooks_url":"https://api.github.com/repos/mergifyio-testing/functional-testing-repo-sileht/hooks","issue_events_url":"https://api.github.com/repos/mergifyio-testing/functional-testing-repo-sileht/issues/events{/number}","events_url":"https://api.github.com/repos/mergifyio-testing/functional-testing-repo-sileht/events","assignees_url":"https://api.github.com/repos/mergifyio-testing/functional-testing-repo-sileht/assignees{/user}","branches_url":"https://api.github.com/repos/mergifyio-testing/functional-testing-repo-sileht/branches{/branch}","tags_url":"https://api.github.com/repos/mergifyio-testing/functional-testing-repo-sileht/tags","blobs_url":"https://api.github.com/repos/mergifyio-testing/functional-testing-repo-sileht/git/blobs{/sha}","git_tags_url":"https://api.github.com/repos/mergifyio-testing/functional-testing-repo-sileht/git/tags{/sha}","git_refs_url":"https://api.github.com/repos/mergifyio-testing/functional-testing-repo-sileht/git/refs{/sha}","trees_url":"https://api.github.com/repos/mergifyio-testing/functional-testing-repo-sileht/git/trees{/sha}","statuses_url":"https://api.github.com/repos/mergifyio-testing/functional-testing-repo-sileht/statuses/{sha}","languages_url":"https://api.github.com/repos/mergifyio-testing/functional-testing-repo-sileht/languages","stargazers_url":"https://api.github.com/repos/mergifyio-testing/functional-testing-repo-sileht/stargazers","contributors_url":"https://api.github.com/repos/mergifyio-testing/functional-testing-repo-sileht/contributors","subscribers_url":"https://api.github.com/repos/mergifyio-testing/functional-testing-repo-sileht/subscribers","subscription_url":"https://api.github.com/repos/mergifyio-testing/functional-testing-repo-sileht/subscription","commits_url":"https://api.github.com/repos/mergifyio-testing/functional-testing-repo-sileht/commits{/sha}","git_commits_url":"https://api.github.com/repos/mergifyio-testing/functional-testing-repo-sileht/git/commits{/sha}","comments_url":"https://api.github.com/repos/mergifyio-testing/functional-testing-repo-sileht/comments{/number}","issue_comment_url":"https://api.github.com/repos/mergifyio-testing/functional-testing-repo-sileht/issues/comments{/number}","contents_url":"https://api.github.com/repos/mergifyio-testing/functional-testing-repo-sileht/contents/{+path}","compare_url":"https://api.github.com/repos/mergifyio-testing/functional-testing-repo-sileht/compare/{base}...{head}","merges_url":"https://api.github.com/repos/mergifyio-testing/functional-testing-repo-sileht/merges","archive_url":"https://api.github.com/repos/mergifyio-testing/functional-testing-repo-sileht/{archive_format}{/ref}","downloads_url":"https://api.github.com/repos/mergifyio-testing/functional-testing-repo-sileht/downloads","issues_url":"https://api.github.com/repos/mergifyio-testing/functional-testing-repo-sileht/issues{/number}","pulls_url":"https://api.github.com/repos/mergifyio-testing/functional-testing-repo-sileht/pulls{/number}","milestones_url":"https://api.github.com/repos/mergifyio-testing/functional-testing-repo-sileht/milestones{/number}","notifications_url":"https://api.github.com/repos/mergifyio-testing/functional-testing-repo-sileht/notifications{?since,all,participating}","labels_url":"https://api.github.com/repos/mergifyio-testing/functional-testing-repo-sileht/labels{/name}","releases_url":"https://api.github.com/repos/mergifyio-testing/functional-testing-repo-sileht/releases{/id}","deployments_url":"https://api.github.com/repos/mergifyio-testing/functional-testing-repo-sileht/deployments","created_at":1629801394,"updated_at":"2023-01-31T19:06:12Z","pushed_at":1697632368,"git_url":"git://github.com/mergifyio-testing/functional-testing-repo-sileht.git","ssh_url":"git@github.com:mergifyio-testing/functional-testing-repo-sileht.git","clone_url":"https://github.com/mergifyio-testing/functional-testing-repo-sileht.git","svn_url":"https://github.com/mergifyio-testing/functional-testing-repo-sileht","homepage":null,"size":208,"stargazers_count":0,"watchers_count":0,"language":null,"has_issues":true,"has_projects":true,"has_downloads":true,"has_wiki":true,"has_pages":false,"has_discussions":false,"forks_count":2,"mirror_url":null,"archived":false,"disabled":false,"open_issues_count":0,"license":null,"allow_forking":true,"is_template":false,"web_commit_signoff_required":false,"topics":[],"visibility":"public","forks":2,"open_issues":0,"watchers":0,"default_branch":"main","stargazers":0,"master_branch":"main","organization":"mergifyio-testing"},"pusher":{"name":"mergify-test1","email":"38494943+mergify-test1@users.noreply.github.com"},"organization":{"login":"mergifyio-testing","id":40527191,"node_id":"MDEyOk9yZ2FuaXphdGlvbjQwNTI3MTkx","url":"https://api.github.com/orgs/mergifyio-testing","repos_url":"https://api.github.com/orgs/mergifyio-testing/repos","events_url":"https://api.github.com/orgs/mergifyio-testing/events","hooks_url":"https://api.github.com/orgs/mergifyio-testing/hooks","issues_url":"https://api.github.com/orgs/mergifyio-testing/issues","members_url":"https://api.github.com/orgs/mergifyio-testing/members{/member}","public_members_url":"https://api.github.com/orgs/mergifyio-testing/public_members{/member}","avatar_url":"https://avatars.githubusercontent.com/u/40527191?v=4","description":"This
      account is for testing purpose of the workflow of the GitHub App @Mergifyio"},"sender":{"login":"mergify-test1","id":38494943,"node_id":"MDQ6VXNlcjM4NDk0OTQz","avatar_url":"https://avatars.githubusercontent.com/u/38494943?v=4","gravatar_id":"","url":"https://api.github.com/users/mergify-test1","html_url":"https://github.com/mergify-test1","followers_url":"https://api.github.com/users/mergify-test1/followers","following_url":"https://api.github.com/users/mergify-test1/following{/other_user}","gists_url":"https://api.github.com/users/mergify-test1/gists{/gist_id}","starred_url":"https://api.github.com/users/mergify-test1/starred{/owner}{/repo}","subscriptions_url":"https://api.github.com/users/mergify-test1/subscriptions","organizations_url":"https://api.github.com/users/mergify-test1/orgs","repos_url":"https://api.github.com/users/mergify-test1/repos","events_url":"https://api.github.com/users/mergify-test1/events{/privacy}","received_events_url":"https://api.github.com/users/mergify-test1/received_events","type":"User","site_admin":false},"installation":{"id":26894537,"node_id":"MDIzOkludGVncmF0aW9uSW5zdGFsbGF0aW9uMjY4OTQ1Mzc="},"created":true,"deleted":false,"forced":false,"base_ref":null,"compare":"https://github.com/mergifyio-testing/functional-testing-repo-sileht/commit/2be08ba3492b","commits":[{"id":"2be08ba3492b2fd0473982247a4f406779eca6d0","tree_id":"fefb69f95736e9d045292338ff6ea5a25cec0f36","distinct":true,"message":"initial
      commit","timestamp":"2023-10-18T14:32:47+02:00","url":"https://github.com/mergifyio-testing/functional-testing-repo-sileht/commit/2be08ba3492b2fd0473982247a4f406779eca6d0","author":{"name":"Mergify","email":"108276933+mergify-sileht[bot]@users.noreply.github.com","username":"mergify-sileht[bot]"},"committer":{"name":"Mergify","email":"108276933+mergify-sileht[bot]@users.noreply.github.com","username":"mergify-sileht[bot]"},"added":[".mergify.yml"],"removed":[],"modified":[]}],"head_commit":{"id":"2be08ba3492b2fd0473982247a4f406779eca6d0","tree_id":"fefb69f95736e9d045292338ff6ea5a25cec0f36","distinct":true,"message":"initial
      commit","timestamp":"2023-10-18T14:32:47+02:00","url":"https://github.com/mergifyio-testing/functional-testing-repo-sileht/commit/2be08ba3492b2fd0473982247a4f406779eca6d0","author":{"name":"Mergify","email":"108276933+mergify-sileht[bot]@users.noreply.github.com","username":"mergify-sileht[bot]"},"committer":{"name":"Mergify","email":"108276933+mergify-sileht[bot]@users.noreply.github.com","username":"mergify-sileht[bot]"},"added":[".mergify.yml"],"removed":[],"modified":[]}}}]'
    headers:
      Connection:
      - keep-alive
      Content-Length:
      - '10021'
      Content-Type:
      - application/json
      Nel:
      - '{"report_to":"heroku-nel","max_age":3600,"success_fraction":0.005,"failure_fraction":0.05,"response_headers":["Via"]}'
      Reporting-Endpoints:
      - heroku-nel=https://nel.heroku.com/reports?ts=1697632369&sid=929419e7-33ea-4e2f-85f0-7d8b7cd5cbd6&s=x5rh23fFm72L0zUo2wLhmRAS55k8a3qBPsbYwo7EgwM%3D
    http_version: HTTP/1.1
    status_code: 200
- request:
    body: ''
    headers:
      accept:
      - application/vnd.github.machine-man-preview+json
      host:
      - api.github.com
    method: GET
    uri: https://api.github.com/repos/mergifyio-testing/functional-testing-repo-sileht/installation
  response:
    base64encoded: false
    content: '{"id":26894537,"account":{"login":"mergifyio-testing","id":40527191,"node_id":"MDEyOk9yZ2FuaXphdGlvbjQwNTI3MTkx","avatar_url":"https://avatars.githubusercontent.com/u/40527191?v=4","gravatar_id":"","url":"https://api.github.com/users/mergifyio-testing","html_url":"https://github.com/mergifyio-testing","followers_url":"https://api.github.com/users/mergifyio-testing/followers","following_url":"https://api.github.com/users/mergifyio-testing/following{/other_user}","gists_url":"https://api.github.com/users/mergifyio-testing/gists{/gist_id}","starred_url":"https://api.github.com/users/mergifyio-testing/starred{/owner}{/repo}","subscriptions_url":"https://api.github.com/users/mergifyio-testing/subscriptions","organizations_url":"https://api.github.com/users/mergifyio-testing/orgs","repos_url":"https://api.github.com/users/mergifyio-testing/repos","events_url":"https://api.github.com/users/mergifyio-testing/events{/privacy}","received_events_url":"https://api.github.com/users/mergifyio-testing/received_events","type":"Organization","site_admin":false},"repository_selection":"selected","access_tokens_url":"https://api.github.com/app/installations/26894537/access_tokens","repositories_url":"https://api.github.com/installation/repositories","html_url":"https://github.com/organizations/mergifyio-testing/settings/installations/26894537","app_id":214863,"app_slug":"mergify-sileht","target_id":40527191,"target_type":"Organization","permissions":{"pages":"write","checks":"write","issues":"write","actions":"write","members":"read","contents":"write","metadata":"read","statuses":"write","workflows":"write","pull_requests":"write","administration":"read"},"events":["check_run","check_suite","issue_comment","member","membership","organization","pull_request","pull_request_review","pull_request_review_comment","pull_request_review_thread","push","repository","status","team","team_add","workflow_job","workflow_run"],"created_at":"2022-06-27T12:22:13.000Z","updated_at":"2023-08-29T15:43:16.000Z","single_file_name":null,"has_multiple_single_files":false,"single_file_paths":[],"suspended_by":null,"suspended_at":null}'
    headers:
      Content-Encoding:
      - gzip
      Content-Type:
      - application/json; charset=utf-8
      Transfer-Encoding:
      - chunked
      X-GitHub-Media-Type:
      - github.v3; param=machine-man-preview; format=json
      x-github-api-version-selected:
      - '2022-11-28'
    http_version: HTTP/1.1
    status_code: 200
- request:
    body: ''
    headers:
      accept:
      - application/vnd.github.machine-man-preview+json
      host:
      - api.github.com
    method: GET
    uri: https://api.github.com/repos/mergifyio-testing/functional-testing-repo-sileht/contents/.mergify.yml?ref=20231018123243%2Ftest_get_queues_config_list%2Fmain
  response:
    base64encoded: false
    content: '{"name":".mergify.yml","path":".mergify.yml","sha":"1a73c738676a7c3f529812f7ef48da36933fffcd","size":1019,"url":"https://api.github.com/repos/mergifyio-testing/functional-testing-repo-sileht/contents/.mergify.yml?ref=20231018123243/test_get_queues_config_list/main","html_url":"https://github.com/mergifyio-testing/functional-testing-repo-sileht/blob/20231018123243/test_get_queues_config_list/main/.mergify.yml","git_url":"https://api.github.com/repos/mergifyio-testing/functional-testing-repo-sileht/git/blobs/1a73c738676a7c3f529812f7ef48da36933fffcd","download_url":"https://raw.githubusercontent.com/mergifyio-testing/functional-testing-repo-sileht/20231018123243/test_get_queues_config_list/main/.mergify.yml","type":"file","content":"cHVsbF9yZXF1ZXN0X3J1bGVzOgotIGFjdGlvbnM6CiAgICBxdWV1ZToKICAg\nICAgbmFtZTogdXJnZW50CiAgY29uZGl0aW9uczoKICAtIGJhc2U9MjAyMzEw\nMTgxMjMyNDMvdGVzdF9nZXRfcXVldWVzX2NvbmZpZ19saXN0L21haW4KICAt\nIGxhYmVsPXF1ZXVlLXVyZ2VudAogIG5hbWU6IE1lcmdlIHByaW9yaXR5IGhp\nZ2gKLSBhY3Rpb25zOgogICAgcXVldWU6CiAgICAgIG5hbWU6IGRlZmF1bHQK\nICBjb25kaXRpb25zOgogIC0gYmFzZT0yMDIzMTAxODEyMzI0My90ZXN0X2dl\ndF9xdWV1ZXNfY29uZmlnX2xpc3QvbWFpbgogIC0gbGFiZWw9cXVldWUKICBu\nYW1lOiBNZXJnZSBkZWZhdWx0Ci0gYWN0aW9uczoKICAgIHF1ZXVlOgogICAg\nICBuYW1lOiBsb3ctcHJpb3JpdHkKICBjb25kaXRpb25zOgogIC0gYmFzZT0y\nMDIzMTAxODEyMzI0My90ZXN0X2dldF9xdWV1ZXNfY29uZmlnX2xpc3QvbWFp\nbgogIC0gbGFiZWw9cXVldWUtbG93CiAgbmFtZTogTWVyZ2UgbG93CnF1ZXVl\nX3J1bGVzOgotIGJhdGNoX21heF93YWl0X3RpbWU6IDE1IHMKICBiYXRjaF9z\naXplOiAzCiAgbWVyZ2VfY29uZGl0aW9uczoKICAtIHN0YXR1cy1zdWNjZXNz\nPWNvbnRpbnVvdXMtaW50ZWdyYXRpb24vZmFzdC1jaQogIG5hbWU6IHVyZ2Vu\ndAogIHF1ZXVlX2JyYW5jaF9wcmVmaXg6IHVyZ2VudC0KICBzcGVjdWxhdGl2\nZV9jaGVja3M6IDEKLSBiYXRjaF9tYXhfd2FpdF90aW1lOiAwIHMKICBiYXRj\naF9zaXplOiAyCiAgbWVyZ2VfY29uZGl0aW9uczoKICAtIHN0YXR1cy1zdWNj\nZXNzPWNvbnRpbnVvdXMtaW50ZWdyYXRpb24vc2xvdy1jaQogIG5hbWU6IGRl\nZmF1bHQKICBzcGVjdWxhdGl2ZV9jaGVja3M6IDIKLSBhbGxvd19pbnBsYWNl\nX2NoZWNrczogZmFsc2UKICBjaGVja3NfdGltZW91dDogMTAgbQogIGRyYWZ0\nX2JvdF9hY2NvdW50OiBtZXJnaWZ5LXRlc3Q0CiAgbWVyZ2VfY29uZGl0aW9u\nczoKICAtIHN0YXR1cy1zdWNjZXNzPWNvbnRpbnVvdXMtaW50ZWdyYXRpb24v\nc2xvdy1jaQogIG5hbWU6IGxvdy1wcmlvcml0eQo=\n","encoding":"base64","_links":{"self":"https://api.github.com/repos/mergifyio-testing/functional-testing-repo-sileht/contents/.mergify.yml?ref=20231018123243/test_get_queues_config_list/main","git":"https://api.github.com/repos/mergifyio-testing/functional-testing-repo-sileht/git/blobs/1a73c738676a7c3f529812f7ef48da36933fffcd","html":"https://github.com/mergifyio-testing/functional-testing-repo-sileht/blob/20231018123243/test_get_queues_config_list/main/.mergify.yml"}}'
    headers:
      Content-Encoding:
      - gzip
      Content-Type:
      - application/json; charset=utf-8
      Transfer-Encoding:
      - chunked
      X-GitHub-Media-Type:
      - github.v3; param=machine-man-preview; format=json
      x-accepted-github-permissions:
      - contents=read
      x-github-api-version-selected:
      - '2022-11-28'
    http_version: HTTP/1.1
    status_code: 200
- request:
    body: ''
    headers:
      accept:
      - application/vnd.github.machine-man-preview+json
      host:
      - api.github.com
    method: GET
    uri: https://api.github.com/repos/mergifyio-testing/functional-testing-repo-sileht/git/matching-refs/heads/20231018123243/test_get_queues_config_list/main?per_page=100
  response:
    base64encoded: false
    content: '[{"ref":"refs/heads/20231018123243/test_get_queues_config_list/main","node_id":"MDM6UmVmMzk5NDI2MTk5OnJlZnMvaGVhZHMvMjAyMzEwMTgxMjMyNDMvdGVzdF9nZXRfcXVldWVzX2NvbmZpZ19saXN0L21haW4=","url":"https://api.github.com/repos/mergifyio-testing/functional-testing-repo-sileht/git/refs/heads/20231018123243/test_get_queues_config_list/main","object":{"sha":"2be08ba3492b2fd0473982247a4f406779eca6d0","type":"commit","url":"https://api.github.com/repos/mergifyio-testing/functional-testing-repo-sileht/git/commits/2be08ba3492b2fd0473982247a4f406779eca6d0"}}]'
    headers:
      Content-Encoding:
      - gzip
      Content-Type:
      - application/json; charset=utf-8
      Transfer-Encoding:
      - chunked
      X-GitHub-Media-Type:
      - github.v3; param=machine-man-preview; format=json
      X-Poll-Interval:
      - '300'
      x-accepted-github-permissions:
      - contents=read
      x-github-api-version-selected:
      - '2022-11-28'
    http_version: HTTP/1.1
    status_code: 200
- request:
    body: ''
    headers:
      accept:
      - application/vnd.github.machine-man-preview+json
      host:
      - api.github.com
    method: GET
    uri: https://api.github.com/repos/mergifyio-testing/functional-testing-repo-sileht/git/matching-refs/heads/test_get_queues_config_list/mq/?per_page=100
  response:
    base64encoded: false
    content: '[]'
    headers:
      Content-Length:
      - '2'
      Content-Type:
      - application/json; charset=utf-8
      X-GitHub-Media-Type:
      - github.v3; param=machine-man-preview; format=json
      X-Poll-Interval:
      - '300'
      x-accepted-github-permissions:
      - contents=read
      x-github-api-version-selected:
      - '2022-11-28'
    http_version: HTTP/1.1
    status_code: 200
- request:
    body: ''
    headers:
      accept:
      - application/vnd.github.machine-man-preview+json
      host:
      - api.github.com
    method: GET
    uri: https://api.github.com/repos/mergifyio-testing/functional-testing-repo-sileht/git/matching-refs/heads/mergify/bp/06c17fcb-dbf1-58a1-821c-e7c8ebb6e261?per_page=100
  response:
    base64encoded: false
    content: '[]'
    headers:
      Content-Length:
      - '2'
      Content-Type:
      - application/json; charset=utf-8
      X-GitHub-Media-Type:
      - github.v3; param=machine-man-preview; format=json
      X-Poll-Interval:
      - '300'
      x-accepted-github-permissions:
      - contents=read
      x-github-api-version-selected:
      - '2022-11-28'
    http_version: HTTP/1.1
    status_code: 200
- request:
    body: ''
    headers:
      accept:
      - application/vnd.github.machine-man-preview+json
      host:
      - api.github.com
    method: GET
    uri: https://api.github.com/repos/mergifyio-testing/functional-testing-repo-sileht/git/matching-refs/heads/mergify/copy/06c17fcb-dbf1-58a1-821c-e7c8ebb6e261?per_page=100
  response:
    base64encoded: false
    content: '[]'
    headers:
      Content-Length:
      - '2'
      Content-Type:
      - application/json; charset=utf-8
      X-GitHub-Media-Type:
      - github.v3; param=machine-man-preview; format=json
      X-Poll-Interval:
      - '300'
      x-accepted-github-permissions:
      - contents=read
      x-github-api-version-selected:
      - '2022-11-28'
    http_version: HTTP/1.1
    status_code: 200
- request:
    body: ''
    headers:
      accept:
      - application/vnd.github.machine-man-preview+json
      host:
      - api.github.com
    method: GET
    uri: https://api.github.com/repos/mergifyio-testing/functional-testing-repo-sileht/branches/20231018123243%2Ftest_get_queues_config_list%2Fmain
  response:
    base64encoded: false
    content: '{"name":"20231018123243/test_get_queues_config_list/main","commit":{"sha":"2be08ba3492b2fd0473982247a4f406779eca6d0","node_id":"C_kwDOF87Cl9oAKDJiZTA4YmEzNDkyYjJmZDA0NzM5ODIyNDdhNGY0MDY3NzllY2E2ZDA","commit":{"author":{"name":"Mergify","email":"108276933+mergify-sileht[bot]@users.noreply.github.com","date":"2023-10-18T12:32:47Z"},"committer":{"name":"Mergify","email":"108276933+mergify-sileht[bot]@users.noreply.github.com","date":"2023-10-18T12:32:47Z"},"message":"initial
      commit","tree":{"sha":"fefb69f95736e9d045292338ff6ea5a25cec0f36","url":"https://api.github.com/repos/mergifyio-testing/functional-testing-repo-sileht/git/trees/fefb69f95736e9d045292338ff6ea5a25cec0f36"},"url":"https://api.github.com/repos/mergifyio-testing/functional-testing-repo-sileht/git/commits/2be08ba3492b2fd0473982247a4f406779eca6d0","comment_count":0,"verification":{"verified":false,"reason":"unsigned","signature":null,"payload":null}},"url":"https://api.github.com/repos/mergifyio-testing/functional-testing-repo-sileht/commits/2be08ba3492b2fd0473982247a4f406779eca6d0","html_url":"https://github.com/mergifyio-testing/functional-testing-repo-sileht/commit/2be08ba3492b2fd0473982247a4f406779eca6d0","comments_url":"https://api.github.com/repos/mergifyio-testing/functional-testing-repo-sileht/commits/2be08ba3492b2fd0473982247a4f406779eca6d0/comments","author":{"login":"mergify-sileht[bot]","id":108276933,"node_id":"BOT_kgDOBnQsxQ","avatar_url":"https://avatars.githubusercontent.com/u/40527191?v=4","gravatar_id":"","url":"https://api.github.com/users/mergify-sileht%5Bbot%5D","html_url":"https://github.com/apps/mergify-sileht","followers_url":"https://api.github.com/users/mergify-sileht%5Bbot%5D/followers","following_url":"https://api.github.com/users/mergify-sileht%5Bbot%5D/following{/other_user}","gists_url":"https://api.github.com/users/mergify-sileht%5Bbot%5D/gists{/gist_id}","starred_url":"https://api.github.com/users/mergify-sileht%5Bbot%5D/starred{/owner}{/repo}","subscriptions_url":"https://api.github.com/users/mergify-sileht%5Bbot%5D/subscriptions","organizations_url":"https://api.github.com/users/mergify-sileht%5Bbot%5D/orgs","repos_url":"https://api.github.com/users/mergify-sileht%5Bbot%5D/repos","events_url":"https://api.github.com/users/mergify-sileht%5Bbot%5D/events{/privacy}","received_events_url":"https://api.github.com/users/mergify-sileht%5Bbot%5D/received_events","type":"Bot","site_admin":false},"committer":{"login":"mergify-sileht[bot]","id":108276933,"node_id":"BOT_kgDOBnQsxQ","avatar_url":"https://avatars.githubusercontent.com/u/40527191?v=4","gravatar_id":"","url":"https://api.github.com/users/mergify-sileht%5Bbot%5D","html_url":"https://github.com/apps/mergify-sileht","followers_url":"https://api.github.com/users/mergify-sileht%5Bbot%5D/followers","following_url":"https://api.github.com/users/mergify-sileht%5Bbot%5D/following{/other_user}","gists_url":"https://api.github.com/users/mergify-sileht%5Bbot%5D/gists{/gist_id}","starred_url":"https://api.github.com/users/mergify-sileht%5Bbot%5D/starred{/owner}{/repo}","subscriptions_url":"https://api.github.com/users/mergify-sileht%5Bbot%5D/subscriptions","organizations_url":"https://api.github.com/users/mergify-sileht%5Bbot%5D/orgs","repos_url":"https://api.github.com/users/mergify-sileht%5Bbot%5D/repos","events_url":"https://api.github.com/users/mergify-sileht%5Bbot%5D/events{/privacy}","received_events_url":"https://api.github.com/users/mergify-sileht%5Bbot%5D/received_events","type":"Bot","site_admin":false},"parents":[]},"_links":{"self":"https://api.github.com/repos/mergifyio-testing/functional-testing-repo-sileht/branches/20231018123243/test_get_queues_config_list/main","html":"https://github.com/mergifyio-testing/functional-testing-repo-sileht/tree/20231018123243/test_get_queues_config_list/main"},"protected":false,"protection":{"enabled":false,"required_status_checks":{"enforcement_level":"off","contexts":[],"checks":[]}},"protection_url":"https://api.github.com/repos/mergifyio-testing/functional-testing-repo-sileht/branches/20231018123243/test_get_queues_config_list/main/protection"}'
    headers:
      Content-Encoding:
      - gzip
      Content-Type:
      - application/json; charset=utf-8
      Transfer-Encoding:
      - chunked
      X-GitHub-Media-Type:
      - github.v3; param=machine-man-preview; format=json
      x-accepted-github-permissions:
      - contents=read
      x-github-api-version-selected:
      - '2022-11-28'
    http_version: HTTP/1.1
    status_code: 200
- request:
    body: ''
    headers:
      accept:
      - application/vnd.github.machine-man-preview+json
      host:
      - api.github.com
    method: DELETE
    uri: https://api.github.com/repos/mergifyio-testing/functional-testing-repo-sileht/git/refs/heads/20231018123243/test_get_queues_config_list/main
  response:
    base64encoded: false
    content: ''
    headers:
      X-GitHub-Media-Type:
      - github.v3; param=machine-man-preview; format=json
      x-accepted-github-permissions:
      - contents=write
      x-github-api-version-selected:
      - '2022-11-28'
    http_version: HTTP/1.1
    status_code: 204
- request:
    body: whatdataisthat
    headers:
      X-Hub-Signature:
      - <SIGNATURE>
      accept:
      - '*/*'
      content-length:
      - '14'
      host:
      - test-forwarder.mergify.com
    method: DELETE
    uri: https://test-forwarder.mergify.com/events/github.com/214863/399426199/20231018123243-test_get_queues_config_list
  response:
    base64encoded: false
    content: Event queued
    headers:
      Connection:
      - keep-alive
      Content-Length:
      - '12'
    http_version: HTTP/1.1
    status_code: 202
version: 1
