interactions:
- request:
    body: ''
    headers:
      accept:
      - application/vnd.github.machine-man-preview+json
      host:
      - api.github.com
    method: GET
    uri: https://api.github.com/user/40527191/installation
  response:
    base64encoded: false
    content: '{"id":37100555,"account":{"login":"mergifyio-testing","id":40527191,"node_id":"MDEyOk9yZ2FuaXphdGlvbjQwNTI3MTkx","avatar_url":"https://avatars.githubusercontent.com/u/40527191?v=4","gravatar_id":"","url":"https://api.github.com/users/mergifyio-testing","html_url":"https://github.com/mergifyio-testing","followers_url":"https://api.github.com/users/mergifyio-testing/followers","following_url":"https://api.github.com/users/mergifyio-testing/following{/other_user}","gists_url":"https://api.github.com/users/mergifyio-testing/gists{/gist_id}","starred_url":"https://api.github.com/users/mergifyio-testing/starred{/owner}{/repo}","subscriptions_url":"https://api.github.com/users/mergifyio-testing/subscriptions","organizations_url":"https://api.github.com/users/mergifyio-testing/orgs","repos_url":"https://api.github.com/users/mergifyio-testing/repos","events_url":"https://api.github.com/users/mergifyio-testing/events{/privacy}","received_events_url":"https://api.github.com/users/mergifyio-testing/received_events","type":"Organization","site_admin":false},"repository_selection":"selected","access_tokens_url":"https://api.github.com/app/installations/37100555/access_tokens","repositories_url":"https://api.github.com/installation/repositories","html_url":"https://github.com/organizations/mergifyio-testing/settings/installations/37100555","app_id":327815,"app_slug":"mergify-kontrolix","target_id":40527191,"target_type":"Organization","permissions":{"pages":"write","checks":"write","issues":"write","actions":"write","members":"read","contents":"write","metadata":"read","statuses":"write","workflows":"write","pull_requests":"write","administration":"read"},"events":["check_run","check_suite","issue_comment","member","membership","organization","pull_request","pull_request_review","pull_request_review_comment","pull_request_review_thread","push","repository","status","team","team_add","workflow_job","workflow_run"],"created_at":"2023-05-03T09:24:41.000Z","updated_at":"2023-08-29T15:41:34.000Z","single_file_name":null,"has_multiple_single_files":false,"single_file_paths":[],"suspended_by":null,"suspended_at":null}'
    headers:
      Content-Encoding:
      - gzip
      Content-Type:
      - application/json; charset=utf-8
      Transfer-Encoding:
      - chunked
      X-GitHub-Media-Type:
      - github.v3; param=machine-man-preview; format=json
      x-github-api-version-selected:
      - '2022-11-28'
    http_version: HTTP/1.1
    status_code: 200
- request:
    body: ''
    headers:
      accept:
      - application/vnd.github.machine-man-preview+json
      host:
      - api.github.com
    method: GET
    uri: https://api.github.com/user
  response:
    base64encoded: false
    content: '{"login":"mergify-test1","id":38494943,"node_id":"MDQ6VXNlcjM4NDk0OTQz","avatar_url":"https://avatars.githubusercontent.com/u/38494943?v=4","gravatar_id":"","url":"https://api.github.com/users/mergify-test1","html_url":"https://github.com/mergify-test1","followers_url":"https://api.github.com/users/mergify-test1/followers","following_url":"https://api.github.com/users/mergify-test1/following{/other_user}","gists_url":"https://api.github.com/users/mergify-test1/gists{/gist_id}","starred_url":"https://api.github.com/users/mergify-test1/starred{/owner}{/repo}","subscriptions_url":"https://api.github.com/users/mergify-test1/subscriptions","organizations_url":"https://api.github.com/users/mergify-test1/orgs","repos_url":"https://api.github.com/users/mergify-test1/repos","events_url":"https://api.github.com/users/mergify-test1/events{/privacy}","received_events_url":"https://api.github.com/users/mergify-test1/received_events","type":"User","site_admin":false,"name":"mergify-test-user-1","company":"@mergifyio","blog":"https://mergify.io","location":null,"email":null,"hireable":null,"bio":"This
      account is for testing purpose of the workflow of the GitHub App @mergifyio","twitter_username":"mergifyio","public_repos":1,"public_gists":0,"followers":0,"following":0,"created_at":"2018-04-18T10:42:59Z","updated_at":"2023-10-15T11:47:16Z","private_gists":0,"total_private_repos":0,"owned_private_repos":0,"disk_usage":0,"collaborators":0,"two_factor_authentication":false,"plan":{"name":"free","space":976562499,"collaborators":0,"private_repos":10000}}'
    headers:
      Content-Encoding:
      - gzip
      Content-Type:
      - application/json; charset=utf-8
      Transfer-Encoding:
      - chunked
      X-Accepted-OAuth-Scopes:
      - ''
      X-GitHub-Media-Type:
      - github.v3; param=machine-man-preview; format=json
      X-OAuth-Scopes:
      - admin:org, delete_repo, read:public_key, repo, user, workflow
      x-github-api-version-selected:
      - '2022-11-28'
    http_version: HTTP/1.1
    status_code: 200
- request:
    body: ''
    headers:
      accept:
      - application/vnd.github.machine-man-preview+json
      host:
      - api.github.com
    method: GET
    uri: https://api.github.com/user
  response:
    base64encoded: false
    content: '{"login":"mergify-test2","id":38495008,"node_id":"MDQ6VXNlcjM4NDk1MDA4","avatar_url":"https://avatars.githubusercontent.com/u/38495008?v=4","gravatar_id":"","url":"https://api.github.com/users/mergify-test2","html_url":"https://github.com/mergify-test2","followers_url":"https://api.github.com/users/mergify-test2/followers","following_url":"https://api.github.com/users/mergify-test2/following{/other_user}","gists_url":"https://api.github.com/users/mergify-test2/gists{/gist_id}","starred_url":"https://api.github.com/users/mergify-test2/starred{/owner}{/repo}","subscriptions_url":"https://api.github.com/users/mergify-test2/subscriptions","organizations_url":"https://api.github.com/users/mergify-test2/orgs","repos_url":"https://api.github.com/users/mergify-test2/repos","events_url":"https://api.github.com/users/mergify-test2/events{/privacy}","received_events_url":"https://api.github.com/users/mergify-test2/received_events","type":"User","site_admin":false,"name":"mergify-test-user-2","company":"@mergifyio","blog":"https://mergify.com","location":null,"email":null,"hireable":null,"bio":"This
      account is for integration testing purpose of the workflow of the GitHub App
      @mergifyio","twitter_username":"mergifyio","public_repos":15,"public_gists":0,"followers":0,"following":0,"created_at":"2018-04-18T10:45:18Z","updated_at":"2023-10-15T11:47:16Z","private_gists":0,"total_private_repos":0,"owned_private_repos":0,"disk_usage":1355,"collaborators":0,"two_factor_authentication":false,"plan":{"name":"free","space":976562499,"collaborators":0,"private_repos":10000}}'
    headers:
      Content-Encoding:
      - gzip
      Content-Type:
      - application/json; charset=utf-8
      Transfer-Encoding:
      - chunked
      X-Accepted-OAuth-Scopes:
      - ''
      X-GitHub-Media-Type:
      - github.v3; param=machine-man-preview; format=json
      X-OAuth-Scopes:
      - delete_repo, read:org, read:user, repo, user:email, workflow
      x-github-api-version-selected:
      - '2022-11-28'
    http_version: HTTP/1.1
    status_code: 200
- request:
    body: ''
    headers:
      Authorization:
      - <TOKEN>
      accept:
      - application/vnd.github.machine-man-preview+json
      host:
      - api.github.com
    method: GET
    uri: https://api.github.com/repositories/635704693
  response:
    base64encoded: false
    content: '{"id":635704693,"node_id":"R_kgDOJeQVdQ","name":"functional-testing-repo-Kontrolix","full_name":"mergifyio-testing/functional-testing-repo-Kontrolix","private":false,"owner":{"login":"mergifyio-testing","id":40527191,"node_id":"MDEyOk9yZ2FuaXphdGlvbjQwNTI3MTkx","avatar_url":"https://avatars.githubusercontent.com/u/40527191?v=4","gravatar_id":"","url":"https://api.github.com/users/mergifyio-testing","html_url":"https://github.com/mergifyio-testing","followers_url":"https://api.github.com/users/mergifyio-testing/followers","following_url":"https://api.github.com/users/mergifyio-testing/following{/other_user}","gists_url":"https://api.github.com/users/mergifyio-testing/gists{/gist_id}","starred_url":"https://api.github.com/users/mergifyio-testing/starred{/owner}{/repo}","subscriptions_url":"https://api.github.com/users/mergifyio-testing/subscriptions","organizations_url":"https://api.github.com/users/mergifyio-testing/orgs","repos_url":"https://api.github.com/users/mergifyio-testing/repos","events_url":"https://api.github.com/users/mergifyio-testing/events{/privacy}","received_events_url":"https://api.github.com/users/mergifyio-testing/received_events","type":"Organization","site_admin":false},"html_url":"https://github.com/mergifyio-testing/functional-testing-repo-Kontrolix","description":null,"fork":false,"url":"https://api.github.com/repos/mergifyio-testing/functional-testing-repo-Kontrolix","forks_url":"https://api.github.com/repos/mergifyio-testing/functional-testing-repo-Kontrolix/forks","keys_url":"https://api.github.com/repos/mergifyio-testing/functional-testing-repo-Kontrolix/keys{/key_id}","collaborators_url":"https://api.github.com/repos/mergifyio-testing/functional-testing-repo-Kontrolix/collaborators{/collaborator}","teams_url":"https://api.github.com/repos/mergifyio-testing/functional-testing-repo-Kontrolix/teams","hooks_url":"https://api.github.com/repos/mergifyio-testing/functional-testing-repo-Kontrolix/hooks","issue_events_url":"https://api.github.com/repos/mergifyio-testing/functional-testing-repo-Kontrolix/issues/events{/number}","events_url":"https://api.github.com/repos/mergifyio-testing/functional-testing-repo-Kontrolix/events","assignees_url":"https://api.github.com/repos/mergifyio-testing/functional-testing-repo-Kontrolix/assignees{/user}","branches_url":"https://api.github.com/repos/mergifyio-testing/functional-testing-repo-Kontrolix/branches{/branch}","tags_url":"https://api.github.com/repos/mergifyio-testing/functional-testing-repo-Kontrolix/tags","blobs_url":"https://api.github.com/repos/mergifyio-testing/functional-testing-repo-Kontrolix/git/blobs{/sha}","git_tags_url":"https://api.github.com/repos/mergifyio-testing/functional-testing-repo-Kontrolix/git/tags{/sha}","git_refs_url":"https://api.github.com/repos/mergifyio-testing/functional-testing-repo-Kontrolix/git/refs{/sha}","trees_url":"https://api.github.com/repos/mergifyio-testing/functional-testing-repo-Kontrolix/git/trees{/sha}","statuses_url":"https://api.github.com/repos/mergifyio-testing/functional-testing-repo-Kontrolix/statuses/{sha}","languages_url":"https://api.github.com/repos/mergifyio-testing/functional-testing-repo-Kontrolix/languages","stargazers_url":"https://api.github.com/repos/mergifyio-testing/functional-testing-repo-Kontrolix/stargazers","contributors_url":"https://api.github.com/repos/mergifyio-testing/functional-testing-repo-Kontrolix/contributors","subscribers_url":"https://api.github.com/repos/mergifyio-testing/functional-testing-repo-Kontrolix/subscribers","subscription_url":"https://api.github.com/repos/mergifyio-testing/functional-testing-repo-Kontrolix/subscription","commits_url":"https://api.github.com/repos/mergifyio-testing/functional-testing-repo-Kontrolix/commits{/sha}","git_commits_url":"https://api.github.com/repos/mergifyio-testing/functional-testing-repo-Kontrolix/git/commits{/sha}","comments_url":"https://api.github.com/repos/mergifyio-testing/functional-testing-repo-Kontrolix/comments{/number}","issue_comment_url":"https://api.github.com/repos/mergifyio-testing/functional-testing-repo-Kontrolix/issues/comments{/number}","contents_url":"https://api.github.com/repos/mergifyio-testing/functional-testing-repo-Kontrolix/contents/{+path}","compare_url":"https://api.github.com/repos/mergifyio-testing/functional-testing-repo-Kontrolix/compare/{base}...{head}","merges_url":"https://api.github.com/repos/mergifyio-testing/functional-testing-repo-Kontrolix/merges","archive_url":"https://api.github.com/repos/mergifyio-testing/functional-testing-repo-Kontrolix/{archive_format}{/ref}","downloads_url":"https://api.github.com/repos/mergifyio-testing/functional-testing-repo-Kontrolix/downloads","issues_url":"https://api.github.com/repos/mergifyio-testing/functional-testing-repo-Kontrolix/issues{/number}","pulls_url":"https://api.github.com/repos/mergifyio-testing/functional-testing-repo-Kontrolix/pulls{/number}","milestones_url":"https://api.github.com/repos/mergifyio-testing/functional-testing-repo-Kontrolix/milestones{/number}","notifications_url":"https://api.github.com/repos/mergifyio-testing/functional-testing-repo-Kontrolix/notifications{?since,all,participating}","labels_url":"https://api.github.com/repos/mergifyio-testing/functional-testing-repo-Kontrolix/labels{/name}","releases_url":"https://api.github.com/repos/mergifyio-testing/functional-testing-repo-Kontrolix/releases{/id}","deployments_url":"https://api.github.com/repos/mergifyio-testing/functional-testing-repo-Kontrolix/deployments","created_at":"2023-05-03T09:24:21Z","updated_at":"2023-05-03T09:24:22Z","pushed_at":"2023-10-16T19:55:52Z","git_url":"git://github.com/mergifyio-testing/functional-testing-repo-Kontrolix.git","ssh_url":"git@github.com:mergifyio-testing/functional-testing-repo-Kontrolix.git","clone_url":"https://github.com/mergifyio-testing/functional-testing-repo-Kontrolix.git","svn_url":"https://github.com/mergifyio-testing/functional-testing-repo-Kontrolix","homepage":null,"size":166,"stargazers_count":0,"watchers_count":0,"language":null,"has_issues":true,"has_projects":true,"has_downloads":true,"has_wiki":true,"has_pages":false,"has_discussions":false,"forks_count":2,"mirror_url":null,"archived":false,"disabled":false,"open_issues_count":11,"license":null,"allow_forking":true,"is_template":false,"web_commit_signoff_required":false,"topics":[],"visibility":"public","forks":2,"open_issues":11,"watchers":0,"default_branch":"main","permissions":{"admin":false,"maintain":false,"push":false,"triage":false,"pull":false},"temp_clone_token":"","allow_squash_merge":true,"allow_merge_commit":true,"allow_rebase_merge":true,"allow_auto_merge":false,"delete_branch_on_merge":false,"allow_update_branch":false,"use_squash_pr_title_as_default":false,"squash_merge_commit_message":"COMMIT_MESSAGES","squash_merge_commit_title":"COMMIT_OR_PR_TITLE","merge_commit_message":"PR_TITLE","merge_commit_title":"MERGE_MESSAGE","organization":{"login":"mergifyio-testing","id":40527191,"node_id":"MDEyOk9yZ2FuaXphdGlvbjQwNTI3MTkx","avatar_url":"https://avatars.githubusercontent.com/u/40527191?v=4","gravatar_id":"","url":"https://api.github.com/users/mergifyio-testing","html_url":"https://github.com/mergifyio-testing","followers_url":"https://api.github.com/users/mergifyio-testing/followers","following_url":"https://api.github.com/users/mergifyio-testing/following{/other_user}","gists_url":"https://api.github.com/users/mergifyio-testing/gists{/gist_id}","starred_url":"https://api.github.com/users/mergifyio-testing/starred{/owner}{/repo}","subscriptions_url":"https://api.github.com/users/mergifyio-testing/subscriptions","organizations_url":"https://api.github.com/users/mergifyio-testing/orgs","repos_url":"https://api.github.com/users/mergifyio-testing/repos","events_url":"https://api.github.com/users/mergifyio-testing/events{/privacy}","received_events_url":"https://api.github.com/users/mergifyio-testing/received_events","type":"Organization","site_admin":false},"security_and_analysis":{"secret_scanning":{"status":"disabled"},"secret_scanning_push_protection":{"status":"disabled"},"dependabot_security_updates":{"status":"disabled"}},"network_count":2,"subscribers_count":0}'
    headers:
      Content-Encoding:
      - gzip
      Content-Type:
      - application/json; charset=utf-8
      Transfer-Encoding:
      - chunked
      X-GitHub-Media-Type:
      - github.v3; param=machine-man-preview; format=json
      x-accepted-github-permissions:
      - metadata=read
      x-github-api-version-selected:
      - '2022-11-28'
    http_version: HTTP/1.1
    status_code: 200
- request:
    body: whatdataisthat
    headers:
      X-Hub-Signature:
      - <SIGNATURE>
      accept:
      - '*/*'
      content-length:
      - '14'
      host:
      - test-forwarder.mergify.com
    method: DELETE
    uri: https://test-forwarder.mergify.com/events/github.com/327815/635704693/20231016195551-test_get_queues_config_list
  response:
    base64encoded: false
    content: Event queued
    headers:
      Connection:
      - keep-alive
      Content-Length:
      - '12'
      Nel:
      - '{"report_to":"heroku-nel","max_age":3600,"success_fraction":0.005,"failure_fraction":0.05,"response_headers":["Via"]}'
      Reporting-Endpoints:
      - heroku-nel=https://nel.heroku.com/reports?ts=1697486153&sid=929419e7-33ea-4e2f-85f0-7d8b7cd5cbd6&s=WRczSSkDC8LchrWKlZhI%2Ff1WZVF87GLDV6fGRNVlxWA%3D
    http_version: HTTP/1.1
    status_code: 202
- request:
    body: ''
    headers:
      accept:
      - application/vnd.github.machine-man-preview+json
      host:
      - api.github.com
    method: GET
    uri: https://api.github.com/users/mergifyio-testing/installation
  response:
    base64encoded: false
    content: '{"id":37100555,"account":{"login":"mergifyio-testing","id":40527191,"node_id":"MDEyOk9yZ2FuaXphdGlvbjQwNTI3MTkx","avatar_url":"https://avatars.githubusercontent.com/u/40527191?v=4","gravatar_id":"","url":"https://api.github.com/users/mergifyio-testing","html_url":"https://github.com/mergifyio-testing","followers_url":"https://api.github.com/users/mergifyio-testing/followers","following_url":"https://api.github.com/users/mergifyio-testing/following{/other_user}","gists_url":"https://api.github.com/users/mergifyio-testing/gists{/gist_id}","starred_url":"https://api.github.com/users/mergifyio-testing/starred{/owner}{/repo}","subscriptions_url":"https://api.github.com/users/mergifyio-testing/subscriptions","organizations_url":"https://api.github.com/users/mergifyio-testing/orgs","repos_url":"https://api.github.com/users/mergifyio-testing/repos","events_url":"https://api.github.com/users/mergifyio-testing/events{/privacy}","received_events_url":"https://api.github.com/users/mergifyio-testing/received_events","type":"Organization","site_admin":false},"repository_selection":"selected","access_tokens_url":"https://api.github.com/app/installations/37100555/access_tokens","repositories_url":"https://api.github.com/installation/repositories","html_url":"https://github.com/organizations/mergifyio-testing/settings/installations/37100555","app_id":327815,"app_slug":"mergify-kontrolix","target_id":40527191,"target_type":"Organization","permissions":{"pages":"write","checks":"write","issues":"write","actions":"write","members":"read","contents":"write","metadata":"read","statuses":"write","workflows":"write","pull_requests":"write","administration":"read"},"events":["check_run","check_suite","issue_comment","member","membership","organization","pull_request","pull_request_review","pull_request_review_comment","pull_request_review_thread","push","repository","status","team","team_add","workflow_job","workflow_run"],"created_at":"2023-05-03T09:24:41.000Z","updated_at":"2023-08-29T15:41:34.000Z","single_file_name":null,"has_multiple_single_files":false,"single_file_paths":[],"suspended_by":null,"suspended_at":null}'
    headers:
      Content-Encoding:
      - gzip
      Content-Type:
      - application/json; charset=utf-8
      Transfer-Encoding:
      - chunked
      X-GitHub-Media-Type:
      - github.v3; param=machine-man-preview; format=json
      x-github-api-version-selected:
      - '2022-11-28'
    http_version: HTTP/1.1
    status_code: 200
- request:
    body: ''
    headers:
      accept:
      - application/vnd.github.machine-man-preview+json
      host:
      - api.github.com
    method: GET
    uri: https://api.github.com/repos/mergifyio-testing/functional-testing-repo-Kontrolix
  response:
    base64encoded: false
    content: '{"id":635704693,"node_id":"R_kgDOJeQVdQ","name":"functional-testing-repo-Kontrolix","full_name":"mergifyio-testing/functional-testing-repo-Kontrolix","private":false,"owner":{"login":"mergifyio-testing","id":40527191,"node_id":"MDEyOk9yZ2FuaXphdGlvbjQwNTI3MTkx","avatar_url":"https://avatars.githubusercontent.com/u/40527191?v=4","gravatar_id":"","url":"https://api.github.com/users/mergifyio-testing","html_url":"https://github.com/mergifyio-testing","followers_url":"https://api.github.com/users/mergifyio-testing/followers","following_url":"https://api.github.com/users/mergifyio-testing/following{/other_user}","gists_url":"https://api.github.com/users/mergifyio-testing/gists{/gist_id}","starred_url":"https://api.github.com/users/mergifyio-testing/starred{/owner}{/repo}","subscriptions_url":"https://api.github.com/users/mergifyio-testing/subscriptions","organizations_url":"https://api.github.com/users/mergifyio-testing/orgs","repos_url":"https://api.github.com/users/mergifyio-testing/repos","events_url":"https://api.github.com/users/mergifyio-testing/events{/privacy}","received_events_url":"https://api.github.com/users/mergifyio-testing/received_events","type":"Organization","site_admin":false},"html_url":"https://github.com/mergifyio-testing/functional-testing-repo-Kontrolix","description":null,"fork":false,"url":"https://api.github.com/repos/mergifyio-testing/functional-testing-repo-Kontrolix","forks_url":"https://api.github.com/repos/mergifyio-testing/functional-testing-repo-Kontrolix/forks","keys_url":"https://api.github.com/repos/mergifyio-testing/functional-testing-repo-Kontrolix/keys{/key_id}","collaborators_url":"https://api.github.com/repos/mergifyio-testing/functional-testing-repo-Kontrolix/collaborators{/collaborator}","teams_url":"https://api.github.com/repos/mergifyio-testing/functional-testing-repo-Kontrolix/teams","hooks_url":"https://api.github.com/repos/mergifyio-testing/functional-testing-repo-Kontrolix/hooks","issue_events_url":"https://api.github.com/repos/mergifyio-testing/functional-testing-repo-Kontrolix/issues/events{/number}","events_url":"https://api.github.com/repos/mergifyio-testing/functional-testing-repo-Kontrolix/events","assignees_url":"https://api.github.com/repos/mergifyio-testing/functional-testing-repo-Kontrolix/assignees{/user}","branches_url":"https://api.github.com/repos/mergifyio-testing/functional-testing-repo-Kontrolix/branches{/branch}","tags_url":"https://api.github.com/repos/mergifyio-testing/functional-testing-repo-Kontrolix/tags","blobs_url":"https://api.github.com/repos/mergifyio-testing/functional-testing-repo-Kontrolix/git/blobs{/sha}","git_tags_url":"https://api.github.com/repos/mergifyio-testing/functional-testing-repo-Kontrolix/git/tags{/sha}","git_refs_url":"https://api.github.com/repos/mergifyio-testing/functional-testing-repo-Kontrolix/git/refs{/sha}","trees_url":"https://api.github.com/repos/mergifyio-testing/functional-testing-repo-Kontrolix/git/trees{/sha}","statuses_url":"https://api.github.com/repos/mergifyio-testing/functional-testing-repo-Kontrolix/statuses/{sha}","languages_url":"https://api.github.com/repos/mergifyio-testing/functional-testing-repo-Kontrolix/languages","stargazers_url":"https://api.github.com/repos/mergifyio-testing/functional-testing-repo-Kontrolix/stargazers","contributors_url":"https://api.github.com/repos/mergifyio-testing/functional-testing-repo-Kontrolix/contributors","subscribers_url":"https://api.github.com/repos/mergifyio-testing/functional-testing-repo-Kontrolix/subscribers","subscription_url":"https://api.github.com/repos/mergifyio-testing/functional-testing-repo-Kontrolix/subscription","commits_url":"https://api.github.com/repos/mergifyio-testing/functional-testing-repo-Kontrolix/commits{/sha}","git_commits_url":"https://api.github.com/repos/mergifyio-testing/functional-testing-repo-Kontrolix/git/commits{/sha}","comments_url":"https://api.github.com/repos/mergifyio-testing/functional-testing-repo-Kontrolix/comments{/number}","issue_comment_url":"https://api.github.com/repos/mergifyio-testing/functional-testing-repo-Kontrolix/issues/comments{/number}","contents_url":"https://api.github.com/repos/mergifyio-testing/functional-testing-repo-Kontrolix/contents/{+path}","compare_url":"https://api.github.com/repos/mergifyio-testing/functional-testing-repo-Kontrolix/compare/{base}...{head}","merges_url":"https://api.github.com/repos/mergifyio-testing/functional-testing-repo-Kontrolix/merges","archive_url":"https://api.github.com/repos/mergifyio-testing/functional-testing-repo-Kontrolix/{archive_format}{/ref}","downloads_url":"https://api.github.com/repos/mergifyio-testing/functional-testing-repo-Kontrolix/downloads","issues_url":"https://api.github.com/repos/mergifyio-testing/functional-testing-repo-Kontrolix/issues{/number}","pulls_url":"https://api.github.com/repos/mergifyio-testing/functional-testing-repo-Kontrolix/pulls{/number}","milestones_url":"https://api.github.com/repos/mergifyio-testing/functional-testing-repo-Kontrolix/milestones{/number}","notifications_url":"https://api.github.com/repos/mergifyio-testing/functional-testing-repo-Kontrolix/notifications{?since,all,participating}","labels_url":"https://api.github.com/repos/mergifyio-testing/functional-testing-repo-Kontrolix/labels{/name}","releases_url":"https://api.github.com/repos/mergifyio-testing/functional-testing-repo-Kontrolix/releases{/id}","deployments_url":"https://api.github.com/repos/mergifyio-testing/functional-testing-repo-Kontrolix/deployments","created_at":"2023-05-03T09:24:21Z","updated_at":"2023-05-03T09:24:22Z","pushed_at":"2023-10-16T19:55:52Z","git_url":"git://github.com/mergifyio-testing/functional-testing-repo-Kontrolix.git","ssh_url":"git@github.com:mergifyio-testing/functional-testing-repo-Kontrolix.git","clone_url":"https://github.com/mergifyio-testing/functional-testing-repo-Kontrolix.git","svn_url":"https://github.com/mergifyio-testing/functional-testing-repo-Kontrolix","homepage":null,"size":166,"stargazers_count":0,"watchers_count":0,"language":null,"has_issues":true,"has_projects":true,"has_downloads":true,"has_wiki":true,"has_pages":false,"has_discussions":false,"forks_count":2,"mirror_url":null,"archived":false,"disabled":false,"open_issues_count":11,"license":null,"allow_forking":true,"is_template":false,"web_commit_signoff_required":false,"topics":[],"visibility":"public","forks":2,"open_issues":11,"watchers":0,"default_branch":"main","permissions":{"admin":false,"maintain":false,"push":false,"triage":false,"pull":false},"temp_clone_token":"","allow_squash_merge":true,"allow_merge_commit":true,"allow_rebase_merge":true,"allow_auto_merge":false,"delete_branch_on_merge":false,"allow_update_branch":false,"use_squash_pr_title_as_default":false,"squash_merge_commit_message":"COMMIT_MESSAGES","squash_merge_commit_title":"COMMIT_OR_PR_TITLE","merge_commit_message":"PR_TITLE","merge_commit_title":"MERGE_MESSAGE","organization":{"login":"mergifyio-testing","id":40527191,"node_id":"MDEyOk9yZ2FuaXphdGlvbjQwNTI3MTkx","avatar_url":"https://avatars.githubusercontent.com/u/40527191?v=4","gravatar_id":"","url":"https://api.github.com/users/mergifyio-testing","html_url":"https://github.com/mergifyio-testing","followers_url":"https://api.github.com/users/mergifyio-testing/followers","following_url":"https://api.github.com/users/mergifyio-testing/following{/other_user}","gists_url":"https://api.github.com/users/mergifyio-testing/gists{/gist_id}","starred_url":"https://api.github.com/users/mergifyio-testing/starred{/owner}{/repo}","subscriptions_url":"https://api.github.com/users/mergifyio-testing/subscriptions","organizations_url":"https://api.github.com/users/mergifyio-testing/orgs","repos_url":"https://api.github.com/users/mergifyio-testing/repos","events_url":"https://api.github.com/users/mergifyio-testing/events{/privacy}","received_events_url":"https://api.github.com/users/mergifyio-testing/received_events","type":"Organization","site_admin":false},"security_and_analysis":{"secret_scanning":{"status":"disabled"},"secret_scanning_push_protection":{"status":"disabled"},"dependabot_security_updates":{"status":"disabled"}},"network_count":2,"subscribers_count":0}'
    headers:
      Content-Encoding:
      - gzip
      Content-Type:
      - application/json; charset=utf-8
      Transfer-Encoding:
      - chunked
      X-GitHub-Media-Type:
      - github.v3; param=machine-man-preview; format=json
      x-accepted-github-permissions:
      - metadata=read
      x-github-api-version-selected:
      - '2022-11-28'
    http_version: HTTP/1.1
    status_code: 200
- request:
    body: whatdataisthat
    headers:
      X-Hub-Signature:
      - <SIGNATURE>
      accept:
      - '*/*'
      content-length:
      - '14'
      host:
      - test-forwarder.mergify.com
    method: GET
    uri: https://test-forwarder.mergify.com/events/github.com/327815/635704693/20231016195551-test_get_queues_config_list?counter=1
  response:
    base64encoded: false
    content: '[]'
    headers:
      Connection:
      - keep-alive
      Content-Length:
      - '2'
      Content-Type:
      - application/json
    http_version: HTTP/1.1
    status_code: 200
- request:
    body: whatdataisthat
    headers:
      X-Hub-Signature:
      - <SIGNATURE>
      accept:
      - '*/*'
      content-length:
      - '14'
      host:
      - test-forwarder.mergify.com
    method: GET
    uri: https://test-forwarder.mergify.com/events/github.com/327815/635704693/20231016195551-test_get_queues_config_list?counter=2
  response:
    base64encoded: false
    content: '[]'
    headers:
      Connection:
      - keep-alive
      Content-Length:
      - '2'
      Content-Type:
      - application/json
      Nel:
      - '{"report_to":"heroku-nel","max_age":3600,"success_fraction":0.005,"failure_fraction":0.05,"response_headers":["Via"]}'
      Reporting-Endpoints:
      - heroku-nel=https://nel.heroku.com/reports?ts=1697486155&sid=929419e7-33ea-4e2f-85f0-7d8b7cd5cbd6&s=AeJs7dBVp5RAB29M4vxezuDNldyfuyQi0ngpOXRsKCw%3D
    http_version: HTTP/1.1
    status_code: 200
- request:
    body: whatdataisthat
    headers:
      X-Hub-Signature:
      - <SIGNATURE>
      accept:
      - '*/*'
      content-length:
      - '14'
      host:
      - test-forwarder.mergify.com
    method: GET
    uri: https://test-forwarder.mergify.com/events/github.com/327815/635704693/20231016195551-test_get_queues_config_list?counter=3
  response:
    base64encoded: false
    content: '[]'
    headers:
      Connection:
      - keep-alive
      Content-Length:
      - '2'
      Content-Type:
      - application/json
    http_version: HTTP/1.1
    status_code: 200
- request:
    body: whatdataisthat
    headers:
      X-Hub-Signature:
      - <SIGNATURE>
      accept:
      - '*/*'
      content-length:
      - '14'
      host:
      - test-forwarder.mergify.com
    method: GET
    uri: https://test-forwarder.mergify.com/events/github.com/327815/635704693/20231016195551-test_get_queues_config_list?counter=4
  response:
    base64encoded: false
    content: '[]'
    headers:
      Connection:
      - keep-alive
      Content-Length:
      - '2'
      Content-Type:
      - application/json
      Nel:
      - '{"report_to":"heroku-nel","max_age":3600,"success_fraction":0.005,"failure_fraction":0.05,"response_headers":["Via"]}'
      Reporting-Endpoints:
      - heroku-nel=https://nel.heroku.com/reports?ts=1697486156&sid=929419e7-33ea-4e2f-85f0-7d8b7cd5cbd6&s=vaUiXivU3JzLlaij97zRmmriaypahj1QD7optrr4oQE%3D
    http_version: HTTP/1.1
    status_code: 200
- request:
    body: whatdataisthat
    headers:
      X-Hub-Signature:
      - <SIGNATURE>
      accept:
      - '*/*'
      content-length:
      - '14'
      host:
      - test-forwarder.mergify.com
    method: GET
    uri: https://test-forwarder.mergify.com/events/github.com/327815/635704693/20231016195551-test_get_queues_config_list?counter=5
  response:
    base64encoded: false
    content: '[]'
    headers:
      Connection:
      - keep-alive
      Content-Length:
      - '2'
      Content-Type:
      - application/json
    http_version: HTTP/1.1
    status_code: 200
- request:
    body: whatdataisthat
    headers:
      X-Hub-Signature:
      - <SIGNATURE>
      accept:
      - '*/*'
      content-length:
      - '14'
      host:
      - test-forwarder.mergify.com
    method: GET
    uri: https://test-forwarder.mergify.com/events/github.com/327815/635704693/20231016195551-test_get_queues_config_list?counter=6
  response:
    base64encoded: false
    content: '[{"id":"04f67214-6c5e-11ee-8950-38d14b292137","hook_id":"412739825","type":"push","payload":{"ref":"refs/heads/20231016195551/test_get_queues_config_list/main","before":"0000000000000000000000000000000000000000","after":"13dded2f8369c92f6d88663ac7dce8012b312f9c","repository":{"id":635704693,"node_id":"R_kgDOJeQVdQ","name":"functional-testing-repo-Kontrolix","full_name":"mergifyio-testing/functional-testing-repo-Kontrolix","private":false,"owner":{"name":"mergifyio-testing","email":null,"login":"mergifyio-testing","id":40527191,"node_id":"MDEyOk9yZ2FuaXphdGlvbjQwNTI3MTkx","avatar_url":"https://avatars.githubusercontent.com/u/40527191?v=4","gravatar_id":"","url":"https://api.github.com/users/mergifyio-testing","html_url":"https://github.com/mergifyio-testing","followers_url":"https://api.github.com/users/mergifyio-testing/followers","following_url":"https://api.github.com/users/mergifyio-testing/following{/other_user}","gists_url":"https://api.github.com/users/mergifyio-testing/gists{/gist_id}","starred_url":"https://api.github.com/users/mergifyio-testing/starred{/owner}{/repo}","subscriptions_url":"https://api.github.com/users/mergifyio-testing/subscriptions","organizations_url":"https://api.github.com/users/mergifyio-testing/orgs","repos_url":"https://api.github.com/users/mergifyio-testing/repos","events_url":"https://api.github.com/users/mergifyio-testing/events{/privacy}","received_events_url":"https://api.github.com/users/mergifyio-testing/received_events","type":"Organization","site_admin":false},"html_url":"https://github.com/mergifyio-testing/functional-testing-repo-Kontrolix","description":null,"fork":false,"url":"https://github.com/mergifyio-testing/functional-testing-repo-Kontrolix","forks_url":"https://api.github.com/repos/mergifyio-testing/functional-testing-repo-Kontrolix/forks","keys_url":"https://api.github.com/repos/mergifyio-testing/functional-testing-repo-Kontrolix/keys{/key_id}","collaborators_url":"https://api.github.com/repos/mergifyio-testing/functional-testing-repo-Kontrolix/collaborators{/collaborator}","teams_url":"https://api.github.com/repos/mergifyio-testing/functional-testing-repo-Kontrolix/teams","hooks_url":"https://api.github.com/repos/mergifyio-testing/functional-testing-repo-Kontrolix/hooks","issue_events_url":"https://api.github.com/repos/mergifyio-testing/functional-testing-repo-Kontrolix/issues/events{/number}","events_url":"https://api.github.com/repos/mergifyio-testing/functional-testing-repo-Kontrolix/events","assignees_url":"https://api.github.com/repos/mergifyio-testing/functional-testing-repo-Kontrolix/assignees{/user}","branches_url":"https://api.github.com/repos/mergifyio-testing/functional-testing-repo-Kontrolix/branches{/branch}","tags_url":"https://api.github.com/repos/mergifyio-testing/functional-testing-repo-Kontrolix/tags","blobs_url":"https://api.github.com/repos/mergifyio-testing/functional-testing-repo-Kontrolix/git/blobs{/sha}","git_tags_url":"https://api.github.com/repos/mergifyio-testing/functional-testing-repo-Kontrolix/git/tags{/sha}","git_refs_url":"https://api.github.com/repos/mergifyio-testing/functional-testing-repo-Kontrolix/git/refs{/sha}","trees_url":"https://api.github.com/repos/mergifyio-testing/functional-testing-repo-Kontrolix/git/trees{/sha}","statuses_url":"https://api.github.com/repos/mergifyio-testing/functional-testing-repo-Kontrolix/statuses/{sha}","languages_url":"https://api.github.com/repos/mergifyio-testing/functional-testing-repo-Kontrolix/languages","stargazers_url":"https://api.github.com/repos/mergifyio-testing/functional-testing-repo-Kontrolix/stargazers","contributors_url":"https://api.github.com/repos/mergifyio-testing/functional-testing-repo-Kontrolix/contributors","subscribers_url":"https://api.github.com/repos/mergifyio-testing/functional-testing-repo-Kontrolix/subscribers","subscription_url":"https://api.github.com/repos/mergifyio-testing/functional-testing-repo-Kontrolix/subscription","commits_url":"https://api.github.com/repos/mergifyio-testing/functional-testing-repo-Kontrolix/commits{/sha}","git_commits_url":"https://api.github.com/repos/mergifyio-testing/functional-testing-repo-Kontrolix/git/commits{/sha}","comments_url":"https://api.github.com/repos/mergifyio-testing/functional-testing-repo-Kontrolix/comments{/number}","issue_comment_url":"https://api.github.com/repos/mergifyio-testing/functional-testing-repo-Kontrolix/issues/comments{/number}","contents_url":"https://api.github.com/repos/mergifyio-testing/functional-testing-repo-Kontrolix/contents/{+path}","compare_url":"https://api.github.com/repos/mergifyio-testing/functional-testing-repo-Kontrolix/compare/{base}...{head}","merges_url":"https://api.github.com/repos/mergifyio-testing/functional-testing-repo-Kontrolix/merges","archive_url":"https://api.github.com/repos/mergifyio-testing/functional-testing-repo-Kontrolix/{archive_format}{/ref}","downloads_url":"https://api.github.com/repos/mergifyio-testing/functional-testing-repo-Kontrolix/downloads","issues_url":"https://api.github.com/repos/mergifyio-testing/functional-testing-repo-Kontrolix/issues{/number}","pulls_url":"https://api.github.com/repos/mergifyio-testing/functional-testing-repo-Kontrolix/pulls{/number}","milestones_url":"https://api.github.com/repos/mergifyio-testing/functional-testing-repo-Kontrolix/milestones{/number}","notifications_url":"https://api.github.com/repos/mergifyio-testing/functional-testing-repo-Kontrolix/notifications{?since,all,participating}","labels_url":"https://api.github.com/repos/mergifyio-testing/functional-testing-repo-Kontrolix/labels{/name}","releases_url":"https://api.github.com/repos/mergifyio-testing/functional-testing-repo-Kontrolix/releases{/id}","deployments_url":"https://api.github.com/repos/mergifyio-testing/functional-testing-repo-Kontrolix/deployments","created_at":1683105861,"updated_at":"2023-05-03T09:24:22Z","pushed_at":1697486155,"git_url":"git://github.com/mergifyio-testing/functional-testing-repo-Kontrolix.git","ssh_url":"git@github.com:mergifyio-testing/functional-testing-repo-Kontrolix.git","clone_url":"https://github.com/mergifyio-testing/functional-testing-repo-Kontrolix.git","svn_url":"https://github.com/mergifyio-testing/functional-testing-repo-Kontrolix","homepage":null,"size":166,"stargazers_count":0,"watchers_count":0,"language":null,"has_issues":true,"has_projects":true,"has_downloads":true,"has_wiki":true,"has_pages":false,"has_discussions":false,"forks_count":2,"mirror_url":null,"archived":false,"disabled":false,"open_issues_count":11,"license":null,"allow_forking":true,"is_template":false,"web_commit_signoff_required":false,"topics":[],"visibility":"public","forks":2,"open_issues":11,"watchers":0,"default_branch":"main","stargazers":0,"master_branch":"main","organization":"mergifyio-testing"},"pusher":{"name":"mergify-test1","email":"38494943+mergify-test1@users.noreply.github.com"},"organization":{"login":"mergifyio-testing","id":40527191,"node_id":"MDEyOk9yZ2FuaXphdGlvbjQwNTI3MTkx","url":"https://api.github.com/orgs/mergifyio-testing","repos_url":"https://api.github.com/orgs/mergifyio-testing/repos","events_url":"https://api.github.com/orgs/mergifyio-testing/events","hooks_url":"https://api.github.com/orgs/mergifyio-testing/hooks","issues_url":"https://api.github.com/orgs/mergifyio-testing/issues","members_url":"https://api.github.com/orgs/mergifyio-testing/members{/member}","public_members_url":"https://api.github.com/orgs/mergifyio-testing/public_members{/member}","avatar_url":"https://avatars.githubusercontent.com/u/40527191?v=4","description":"This
      account is for testing purpose of the workflow of the GitHub App @Mergifyio"},"sender":{"login":"mergify-test1","id":38494943,"node_id":"MDQ6VXNlcjM4NDk0OTQz","avatar_url":"https://avatars.githubusercontent.com/u/38494943?v=4","gravatar_id":"","url":"https://api.github.com/users/mergify-test1","html_url":"https://github.com/mergify-test1","followers_url":"https://api.github.com/users/mergify-test1/followers","following_url":"https://api.github.com/users/mergify-test1/following{/other_user}","gists_url":"https://api.github.com/users/mergify-test1/gists{/gist_id}","starred_url":"https://api.github.com/users/mergify-test1/starred{/owner}{/repo}","subscriptions_url":"https://api.github.com/users/mergify-test1/subscriptions","organizations_url":"https://api.github.com/users/mergify-test1/orgs","repos_url":"https://api.github.com/users/mergify-test1/repos","events_url":"https://api.github.com/users/mergify-test1/events{/privacy}","received_events_url":"https://api.github.com/users/mergify-test1/received_events","type":"User","site_admin":false},"installation":{"id":37100555,"node_id":"MDIzOkludGVncmF0aW9uSW5zdGFsbGF0aW9uMzcxMDA1NTU="},"created":true,"deleted":false,"forced":false,"base_ref":null,"compare":"https://github.com/mergifyio-testing/functional-testing-repo-Kontrolix/commit/13dded2f8369","commits":[{"id":"13dded2f8369c92f6d88663ac7dce8012b312f9c","tree_id":"60f966af9c6147455d3554173246ba1ede4737b7","distinct":true,"message":"initial
      commit","timestamp":"2023-10-16T21:55:54+02:00","url":"https://github.com/mergifyio-testing/functional-testing-repo-Kontrolix/commit/13dded2f8369c92f6d88663ac7dce8012b312f9c","author":{"name":"Mergify","email":"132445501+mergify-kontrolix[bot]@users.noreply.github.com","username":"mergify-kontrolix[bot]"},"committer":{"name":"Mergify","email":"132445501+mergify-kontrolix[bot]@users.noreply.github.com","username":"mergify-kontrolix[bot]"},"added":[".mergify.yml"],"removed":[],"modified":[]}],"head_commit":{"id":"13dded2f8369c92f6d88663ac7dce8012b312f9c","tree_id":"60f966af9c6147455d3554173246ba1ede4737b7","distinct":true,"message":"initial
      commit","timestamp":"2023-10-16T21:55:54+02:00","url":"https://github.com/mergifyio-testing/functional-testing-repo-Kontrolix/commit/13dded2f8369c92f6d88663ac7dce8012b312f9c","author":{"name":"Mergify","email":"132445501+mergify-kontrolix[bot]@users.noreply.github.com","username":"mergify-kontrolix[bot]"},"committer":{"name":"Mergify","email":"132445501+mergify-kontrolix[bot]@users.noreply.github.com","username":"mergify-kontrolix[bot]"},"added":[".mergify.yml"],"removed":[],"modified":[]}}}]'
    headers:
      Connection:
      - keep-alive
      Content-Length:
      - '10168'
      Content-Type:
      - application/json
    http_version: HTTP/1.1
    status_code: 200
- request:
    body: ''
    headers:
      accept:
      - application/vnd.github.machine-man-preview+json
      host:
      - api.github.com
    method: GET
    uri: https://api.github.com/users/mergifyio-testing/installation
  response:
    base64encoded: false
    content: '{"id":37100555,"account":{"login":"mergifyio-testing","id":40527191,"node_id":"MDEyOk9yZ2FuaXphdGlvbjQwNTI3MTkx","avatar_url":"https://avatars.githubusercontent.com/u/40527191?v=4","gravatar_id":"","url":"https://api.github.com/users/mergifyio-testing","html_url":"https://github.com/mergifyio-testing","followers_url":"https://api.github.com/users/mergifyio-testing/followers","following_url":"https://api.github.com/users/mergifyio-testing/following{/other_user}","gists_url":"https://api.github.com/users/mergifyio-testing/gists{/gist_id}","starred_url":"https://api.github.com/users/mergifyio-testing/starred{/owner}{/repo}","subscriptions_url":"https://api.github.com/users/mergifyio-testing/subscriptions","organizations_url":"https://api.github.com/users/mergifyio-testing/orgs","repos_url":"https://api.github.com/users/mergifyio-testing/repos","events_url":"https://api.github.com/users/mergifyio-testing/events{/privacy}","received_events_url":"https://api.github.com/users/mergifyio-testing/received_events","type":"Organization","site_admin":false},"repository_selection":"selected","access_tokens_url":"https://api.github.com/app/installations/37100555/access_tokens","repositories_url":"https://api.github.com/installation/repositories","html_url":"https://github.com/organizations/mergifyio-testing/settings/installations/37100555","app_id":327815,"app_slug":"mergify-kontrolix","target_id":40527191,"target_type":"Organization","permissions":{"pages":"write","checks":"write","issues":"write","actions":"write","members":"read","contents":"write","metadata":"read","statuses":"write","workflows":"write","pull_requests":"write","administration":"read"},"events":["check_run","check_suite","issue_comment","member","membership","organization","pull_request","pull_request_review","pull_request_review_comment","pull_request_review_thread","push","repository","status","team","team_add","workflow_job","workflow_run"],"created_at":"2023-05-03T09:24:41.000Z","updated_at":"2023-08-29T15:41:34.000Z","single_file_name":null,"has_multiple_single_files":false,"single_file_paths":[],"suspended_by":null,"suspended_at":null}'
    headers:
      Content-Encoding:
      - gzip
      Content-Type:
      - application/json; charset=utf-8
      Transfer-Encoding:
      - chunked
      X-GitHub-Media-Type:
      - github.v3; param=machine-man-preview; format=json
      x-github-api-version-selected:
      - '2022-11-28'
    http_version: HTTP/1.1
    status_code: 200
- request:
    body: ''
    headers:
      accept:
      - application/vnd.github.machine-man-preview+json
      host:
      - api.github.com
    method: GET
    uri: https://api.github.com/repos/mergifyio-testing/functional-testing-repo-Kontrolix/contents/.mergify.yml?ref=20231016195551%2Ftest_get_queues_config_list%2Fmain
  response:
    base64encoded: false
    content: '{"name":".mergify.yml","path":".mergify.yml","sha":"47e3306a5eaac20bebf542d6549624e0869f93ed","size":1019,"url":"https://api.github.com/repos/mergifyio-testing/functional-testing-repo-Kontrolix/contents/.mergify.yml?ref=20231016195551/test_get_queues_config_list/main","html_url":"https://github.com/mergifyio-testing/functional-testing-repo-Kontrolix/blob/20231016195551/test_get_queues_config_list/main/.mergify.yml","git_url":"https://api.github.com/repos/mergifyio-testing/functional-testing-repo-Kontrolix/git/blobs/47e3306a5eaac20bebf542d6549624e0869f93ed","download_url":"https://raw.githubusercontent.com/mergifyio-testing/functional-testing-repo-Kontrolix/20231016195551/test_get_queues_config_list/main/.mergify.yml","type":"file","content":"cHVsbF9yZXF1ZXN0X3J1bGVzOgotIGFjdGlvbnM6CiAgICBxdWV1ZToKICAg\nICAgbmFtZTogdXJnZW50CiAgY29uZGl0aW9uczoKICAtIGJhc2U9MjAyMzEw\nMTYxOTU1NTEvdGVzdF9nZXRfcXVldWVzX2NvbmZpZ19saXN0L21haW4KICAt\nIGxhYmVsPXF1ZXVlLXVyZ2VudAogIG5hbWU6IE1lcmdlIHByaW9yaXR5IGhp\nZ2gKLSBhY3Rpb25zOgogICAgcXVldWU6CiAgICAgIG5hbWU6IGRlZmF1bHQK\nICBjb25kaXRpb25zOgogIC0gYmFzZT0yMDIzMTAxNjE5NTU1MS90ZXN0X2dl\ndF9xdWV1ZXNfY29uZmlnX2xpc3QvbWFpbgogIC0gbGFiZWw9cXVldWUKICBu\nYW1lOiBNZXJnZSBkZWZhdWx0Ci0gYWN0aW9uczoKICAgIHF1ZXVlOgogICAg\nICBuYW1lOiBsb3ctcHJpb3JpdHkKICBjb25kaXRpb25zOgogIC0gYmFzZT0y\nMDIzMTAxNjE5NTU1MS90ZXN0X2dldF9xdWV1ZXNfY29uZmlnX2xpc3QvbWFp\nbgogIC0gbGFiZWw9cXVldWUtbG93CiAgbmFtZTogTWVyZ2UgbG93CnF1ZXVl\nX3J1bGVzOgotIGJhdGNoX21heF93YWl0X3RpbWU6IDE1IHMKICBiYXRjaF9z\naXplOiAzCiAgbWVyZ2VfY29uZGl0aW9uczoKICAtIHN0YXR1cy1zdWNjZXNz\nPWNvbnRpbnVvdXMtaW50ZWdyYXRpb24vZmFzdC1jaQogIG5hbWU6IHVyZ2Vu\ndAogIHF1ZXVlX2JyYW5jaF9wcmVmaXg6IHVyZ2VudC0KICBzcGVjdWxhdGl2\nZV9jaGVja3M6IDEKLSBiYXRjaF9tYXhfd2FpdF90aW1lOiAwIHMKICBiYXRj\naF9zaXplOiAyCiAgbWVyZ2VfY29uZGl0aW9uczoKICAtIHN0YXR1cy1zdWNj\nZXNzPWNvbnRpbnVvdXMtaW50ZWdyYXRpb24vc2xvdy1jaQogIG5hbWU6IGRl\nZmF1bHQKICBzcGVjdWxhdGl2ZV9jaGVja3M6IDIKLSBhbGxvd19pbnBsYWNl\nX2NoZWNrczogZmFsc2UKICBjaGVja3NfdGltZW91dDogMTAgbQogIGRyYWZ0\nX2JvdF9hY2NvdW50OiBtZXJnaWZ5LXRlc3Q0CiAgbWVyZ2VfY29uZGl0aW9u\nczoKICAtIHN0YXR1cy1zdWNjZXNzPWNvbnRpbnVvdXMtaW50ZWdyYXRpb24v\nc2xvdy1jaQogIG5hbWU6IGxvdy1wcmlvcml0eQo=\n","encoding":"base64","_links":{"self":"https://api.github.com/repos/mergifyio-testing/functional-testing-repo-Kontrolix/contents/.mergify.yml?ref=20231016195551/test_get_queues_config_list/main","git":"https://api.github.com/repos/mergifyio-testing/functional-testing-repo-Kontrolix/git/blobs/47e3306a5eaac20bebf542d6549624e0869f93ed","html":"https://github.com/mergifyio-testing/functional-testing-repo-Kontrolix/blob/20231016195551/test_get_queues_config_list/main/.mergify.yml"}}'
    headers:
      Content-Encoding:
      - gzip
      Content-Type:
      - application/json; charset=utf-8
      Transfer-Encoding:
      - chunked
      X-GitHub-Media-Type:
      - github.v3; param=machine-man-preview; format=json
      x-accepted-github-permissions:
      - contents=read
      x-github-api-version-selected:
      - '2022-11-28'
    http_version: HTTP/1.1
    status_code: 200
- request:
    body: ''
    headers:
      accept:
      - application/vnd.github.machine-man-preview+json
      host:
      - api.github.com
    method: GET
    uri: https://api.github.com/repos/mergifyio-testing/functional-testing-repo-Kontrolix/git/matching-refs/heads/20231016195551/test_get_queues_config_list/main?per_page=100
  response:
    base64encoded: false
    content: '[{"ref":"refs/heads/20231016195551/test_get_queues_config_list/main","node_id":"REF_kwDOJeQVddoAOnJlZnMvaGVhZHMvMjAyMzEwMTYxOTU1NTEvdGVzdF9nZXRfcXVldWVzX2NvbmZpZ19saXN0L21haW4","url":"https://api.github.com/repos/mergifyio-testing/functional-testing-repo-Kontrolix/git/refs/heads/20231016195551/test_get_queues_config_list/main","object":{"sha":"13dded2f8369c92f6d88663ac7dce8012b312f9c","type":"commit","url":"https://api.github.com/repos/mergifyio-testing/functional-testing-repo-Kontrolix/git/commits/13dded2f8369c92f6d88663ac7dce8012b312f9c"}}]'
    headers:
      Content-Encoding:
      - gzip
      Content-Type:
      - application/json; charset=utf-8
      Transfer-Encoding:
      - chunked
      X-GitHub-Media-Type:
      - github.v3; param=machine-man-preview; format=json
      X-Poll-Interval:
      - '300'
      x-accepted-github-permissions:
      - contents=read
      x-github-api-version-selected:
      - '2022-11-28'
    http_version: HTTP/1.1
    status_code: 200
- request:
    body: ''
    headers:
      accept:
      - application/vnd.github.machine-man-preview+json
      host:
      - api.github.com
    method: GET
    uri: https://api.github.com/repos/mergifyio-testing/functional-testing-repo-Kontrolix/git/matching-refs/heads/test_get_queues_config_list/mq/?per_page=100
  response:
    base64encoded: false
    content: '[]'
    headers:
      Content-Length:
      - '2'
      Content-Type:
      - application/json; charset=utf-8
      X-GitHub-Media-Type:
      - github.v3; param=machine-man-preview; format=json
      X-Poll-Interval:
      - '300'
      x-accepted-github-permissions:
      - contents=read
      x-github-api-version-selected:
      - '2022-11-28'
    http_version: HTTP/1.1
    status_code: 200
- request:
    body: ''
    headers:
      accept:
      - application/vnd.github.machine-man-preview+json
      host:
      - api.github.com
    method: GET
    uri: https://api.github.com/repos/mergifyio-testing/functional-testing-repo-Kontrolix/git/matching-refs/heads/mergify/bp/06c17fcb-dbf1-58a1-821c-e7c8ebb6e261?per_page=100
  response:
    base64encoded: false
    content: '[]'
    headers:
      Content-Length:
      - '2'
      Content-Type:
      - application/json; charset=utf-8
      X-GitHub-Media-Type:
      - github.v3; param=machine-man-preview; format=json
      X-Poll-Interval:
      - '300'
      x-accepted-github-permissions:
      - contents=read
      x-github-api-version-selected:
      - '2022-11-28'
    http_version: HTTP/1.1
    status_code: 200
- request:
    body: ''
    headers:
      accept:
      - application/vnd.github.machine-man-preview+json
      host:
      - api.github.com
    method: GET
    uri: https://api.github.com/repos/mergifyio-testing/functional-testing-repo-Kontrolix/git/matching-refs/heads/mergify/copy/06c17fcb-dbf1-58a1-821c-e7c8ebb6e261?per_page=100
  response:
    base64encoded: false
    content: '[]'
    headers:
      Content-Length:
      - '2'
      Content-Type:
      - application/json; charset=utf-8
      X-GitHub-Media-Type:
      - github.v3; param=machine-man-preview; format=json
      X-Poll-Interval:
      - '300'
      x-accepted-github-permissions:
      - contents=read
      x-github-api-version-selected:
      - '2022-11-28'
    http_version: HTTP/1.1
    status_code: 200
- request:
    body: ''
    headers:
      accept:
      - application/vnd.github.machine-man-preview+json
      host:
      - api.github.com
    method: GET
    uri: https://api.github.com/repos/mergifyio-testing/functional-testing-repo-Kontrolix/branches/20231016195551%2Ftest_get_queues_config_list%2Fmain
  response:
    base64encoded: false
    content: '{"name":"20231016195551/test_get_queues_config_list/main","commit":{"sha":"13dded2f8369c92f6d88663ac7dce8012b312f9c","node_id":"C_kwDOJeQVddoAKDEzZGRlZDJmODM2OWM5MmY2ZDg4NjYzYWM3ZGNlODAxMmIzMTJmOWM","commit":{"author":{"name":"Mergify","email":"132445501+mergify-kontrolix[bot]@users.noreply.github.com","date":"2023-10-16T19:55:54Z"},"committer":{"name":"Mergify","email":"132445501+mergify-kontrolix[bot]@users.noreply.github.com","date":"2023-10-16T19:55:54Z"},"message":"initial
      commit","tree":{"sha":"60f966af9c6147455d3554173246ba1ede4737b7","url":"https://api.github.com/repos/mergifyio-testing/functional-testing-repo-Kontrolix/git/trees/60f966af9c6147455d3554173246ba1ede4737b7"},"url":"https://api.github.com/repos/mergifyio-testing/functional-testing-repo-Kontrolix/git/commits/13dded2f8369c92f6d88663ac7dce8012b312f9c","comment_count":0,"verification":{"verified":false,"reason":"unsigned","signature":null,"payload":null}},"url":"https://api.github.com/repos/mergifyio-testing/functional-testing-repo-Kontrolix/commits/13dded2f8369c92f6d88663ac7dce8012b312f9c","html_url":"https://github.com/mergifyio-testing/functional-testing-repo-Kontrolix/commit/13dded2f8369c92f6d88663ac7dce8012b312f9c","comments_url":"https://api.github.com/repos/mergifyio-testing/functional-testing-repo-Kontrolix/commits/13dded2f8369c92f6d88663ac7dce8012b312f9c/comments","author":{"login":"mergify-kontrolix[bot]","id":132445501,"node_id":"BOT_kgDOB-T1PQ","avatar_url":"https://avatars.githubusercontent.com/u/40527191?v=4","gravatar_id":"","url":"https://api.github.com/users/mergify-kontrolix%5Bbot%5D","html_url":"https://github.com/apps/mergify-kontrolix","followers_url":"https://api.github.com/users/mergify-kontrolix%5Bbot%5D/followers","following_url":"https://api.github.com/users/mergify-kontrolix%5Bbot%5D/following{/other_user}","gists_url":"https://api.github.com/users/mergify-kontrolix%5Bbot%5D/gists{/gist_id}","starred_url":"https://api.github.com/users/mergify-kontrolix%5Bbot%5D/starred{/owner}{/repo}","subscriptions_url":"https://api.github.com/users/mergify-kontrolix%5Bbot%5D/subscriptions","organizations_url":"https://api.github.com/users/mergify-kontrolix%5Bbot%5D/orgs","repos_url":"https://api.github.com/users/mergify-kontrolix%5Bbot%5D/repos","events_url":"https://api.github.com/users/mergify-kontrolix%5Bbot%5D/events{/privacy}","received_events_url":"https://api.github.com/users/mergify-kontrolix%5Bbot%5D/received_events","type":"Bot","site_admin":false},"committer":{"login":"mergify-kontrolix[bot]","id":132445501,"node_id":"BOT_kgDOB-T1PQ","avatar_url":"https://avatars.githubusercontent.com/u/40527191?v=4","gravatar_id":"","url":"https://api.github.com/users/mergify-kontrolix%5Bbot%5D","html_url":"https://github.com/apps/mergify-kontrolix","followers_url":"https://api.github.com/users/mergify-kontrolix%5Bbot%5D/followers","following_url":"https://api.github.com/users/mergify-kontrolix%5Bbot%5D/following{/other_user}","gists_url":"https://api.github.com/users/mergify-kontrolix%5Bbot%5D/gists{/gist_id}","starred_url":"https://api.github.com/users/mergify-kontrolix%5Bbot%5D/starred{/owner}{/repo}","subscriptions_url":"https://api.github.com/users/mergify-kontrolix%5Bbot%5D/subscriptions","organizations_url":"https://api.github.com/users/mergify-kontrolix%5Bbot%5D/orgs","repos_url":"https://api.github.com/users/mergify-kontrolix%5Bbot%5D/repos","events_url":"https://api.github.com/users/mergify-kontrolix%5Bbot%5D/events{/privacy}","received_events_url":"https://api.github.com/users/mergify-kontrolix%5Bbot%5D/received_events","type":"Bot","site_admin":false},"parents":[]},"_links":{"self":"https://api.github.com/repos/mergifyio-testing/functional-testing-repo-Kontrolix/branches/20231016195551/test_get_queues_config_list/main","html":"https://github.com/mergifyio-testing/functional-testing-repo-Kontrolix/tree/20231016195551/test_get_queues_config_list/main"},"protected":false,"protection":{"enabled":false,"required_status_checks":{"enforcement_level":"off","contexts":[],"checks":[]}},"protection_url":"https://api.github.com/repos/mergifyio-testing/functional-testing-repo-Kontrolix/branches/20231016195551/test_get_queues_config_list/main/protection"}'
    headers:
      Content-Encoding:
      - gzip
      Content-Type:
      - application/json; charset=utf-8
      Transfer-Encoding:
      - chunked
      X-GitHub-Media-Type:
      - github.v3; param=machine-man-preview; format=json
      x-accepted-github-permissions:
      - contents=read
      x-github-api-version-selected:
      - '2022-11-28'
    http_version: HTTP/1.1
    status_code: 200
- request:
    body: ''
    headers:
      accept:
      - application/vnd.github.machine-man-preview+json
      host:
      - api.github.com
    method: DELETE
    uri: https://api.github.com/repos/mergifyio-testing/functional-testing-repo-Kontrolix/git/refs/heads/20231016195551/test_get_queues_config_list/main
  response:
    base64encoded: false
    content: ''
    headers:
      X-GitHub-Media-Type:
      - github.v3; param=machine-man-preview; format=json
      x-accepted-github-permissions:
      - contents=write
      x-github-api-version-selected:
      - '2022-11-28'
    http_version: HTTP/1.1
    status_code: 204
- request:
    body: whatdataisthat
    headers:
      X-Hub-Signature:
      - <SIGNATURE>
      accept:
      - '*/*'
      content-length:
      - '14'
      host:
      - test-forwarder.mergify.com
    method: DELETE
    uri: https://test-forwarder.mergify.com/events/github.com/327815/635704693/20231016195551-test_get_queues_config_list
  response:
    base64encoded: false
    content: Event queued
    headers:
      Connection:
      - keep-alive
      Content-Length:
      - '12'
    http_version: HTTP/1.1
    status_code: 202
version: 1
