interactions:
- request:
    body: ''
    headers:
      accept:
      - application/vnd.github.machine-man-preview+json
      host:
      - api.github.com
    method: GET
    uri: https://api.github.com/app
  response:
    base64encoded: false
    content: '{"id":214863,"slug":"mergify-sileht","node_id":"A_kwHOAmplV84AA0dP","owner":{"login":"mergifyio-testing","id":40527191,"node_id":"MDEyOk9yZ2FuaXphdGlvbjQwNTI3MTkx","avatar_url":"https://avatars.githubusercontent.com/u/40527191?v=4","gravatar_id":"","url":"https://api.github.com/users/mergifyio-testing","html_url":"https://github.com/mergifyio-testing","followers_url":"https://api.github.com/users/mergifyio-testing/followers","following_url":"https://api.github.com/users/mergifyio-testing/following{/other_user}","gists_url":"https://api.github.com/users/mergifyio-testing/gists{/gist_id}","starred_url":"https://api.github.com/users/mergifyio-testing/starred{/owner}{/repo}","subscriptions_url":"https://api.github.com/users/mergifyio-testing/subscriptions","organizations_url":"https://api.github.com/users/mergifyio-testing/orgs","repos_url":"https://api.github.com/users/mergifyio-testing/repos","events_url":"https://api.github.com/users/mergifyio-testing/events{/privacy}","received_events_url":"https://api.github.com/users/mergifyio-testing/received_events","type":"Organization","site_admin":false},"name":"mergify-sileht","description":"Mergify
      testing installation for sileht","external_url":"https://mergify.com/","html_url":"https://github.com/apps/mergify-sileht","created_at":"2022-06-27T12:22:05Z","updated_at":"2023-10-30T18:04:44Z","permissions":{"actions":"write","administration":"read","checks":"write","contents":"write","emails":"read","issues":"write","members":"read","metadata":"read","pages":"write","pull_requests":"write","statuses":"write","workflows":"write"},"events":["check_run","check_suite","issue_comment","member","membership","organization","pull_request","pull_request_review","pull_request_review_comment","pull_request_review_thread","push","repository","status","team","team_add","workflow_job","workflow_run"],"installations_count":3}'
    headers:
      Content-Encoding:
      - gzip
      Content-Type:
      - application/json; charset=utf-8
      Transfer-Encoding:
      - chunked
      X-GitHub-Media-Type:
      - github.v3; param=machine-man-preview; format=json
      x-github-api-version-selected:
      - '2022-11-28'
    http_version: HTTP/1.1
    status_code: 200
- request:
    body: ''
    headers:
      accept:
      - application/vnd.github.machine-man-preview+json
      host:
      - api.github.com
    method: GET
    uri: https://api.github.com/app/installations?per_page=100
  response:
    base64encoded: false
    content: '[{"id":43485454,"account":{"login":"sileht","id":200878,"node_id":"MDQ6VXNlcjIwMDg3OA==","avatar_url":"https://avatars.githubusercontent.com/u/200878?v=4","gravatar_id":"","url":"https://api.github.com/users/sileht","html_url":"https://github.com/sileht","followers_url":"https://api.github.com/users/sileht/followers","following_url":"https://api.github.com/users/sileht/following{/other_user}","gists_url":"https://api.github.com/users/sileht/gists{/gist_id}","starred_url":"https://api.github.com/users/sileht/starred{/owner}{/repo}","subscriptions_url":"https://api.github.com/users/sileht/subscriptions","organizations_url":"https://api.github.com/users/sileht/orgs","repos_url":"https://api.github.com/users/sileht/repos","events_url":"https://api.github.com/users/sileht/events{/privacy}","received_events_url":"https://api.github.com/users/sileht/received_events","type":"User","site_admin":false},"repository_selection":"selected","access_tokens_url":"https://api.github.com/app/installations/43485454/access_tokens","repositories_url":"https://api.github.com/installation/repositories","html_url":"https://github.com/settings/installations/43485454","app_id":214863,"app_slug":"mergify-sileht","target_id":200878,"target_type":"User","permissions":{"pages":"write","checks":"write","issues":"write","actions":"write","contents":"write","metadata":"read","statuses":"write","workflows":"write","pull_requests":"write","administration":"read"},"events":["check_run","check_suite","issue_comment","member","membership","organization","pull_request","pull_request_review","pull_request_review_comment","pull_request_review_thread","push","repository","status","team","team_add","workflow_job","workflow_run"],"created_at":"2023-10-30T21:30:34.000Z","updated_at":"2023-10-30T21:30:34.000Z","single_file_name":null,"has_multiple_single_files":false,"single_file_paths":[],"suspended_by":null,"suspended_at":null},{"id":29212934,"account":{"login":"mergify-test1","id":38494943,"node_id":"MDQ6VXNlcjM4NDk0OTQz","avatar_url":"https://avatars.githubusercontent.com/u/38494943?v=4","gravatar_id":"","url":"https://api.github.com/users/mergify-test1","html_url":"https://github.com/mergify-test1","followers_url":"https://api.github.com/users/mergify-test1/followers","following_url":"https://api.github.com/users/mergify-test1/following{/other_user}","gists_url":"https://api.github.com/users/mergify-test1/gists{/gist_id}","starred_url":"https://api.github.com/users/mergify-test1/starred{/owner}{/repo}","subscriptions_url":"https://api.github.com/users/mergify-test1/subscriptions","organizations_url":"https://api.github.com/users/mergify-test1/orgs","repos_url":"https://api.github.com/users/mergify-test1/repos","events_url":"https://api.github.com/users/mergify-test1/events{/privacy}","received_events_url":"https://api.github.com/users/mergify-test1/received_events","type":"User","site_admin":false},"repository_selection":"selected","access_tokens_url":"https://api.github.com/app/installations/29212934/access_tokens","repositories_url":"https://api.github.com/installation/repositories","html_url":"https://github.com/settings/installations/29212934","app_id":214863,"app_slug":"mergify-sileht","target_id":38494943,"target_type":"User","permissions":{"pages":"write","checks":"write","issues":"write","contents":"write","metadata":"read","statuses":"write","workflows":"write","merge_queues":"write","pull_requests":"write","administration":"read"},"events":["check_run","check_suite","issue_comment","member","membership","organization","pull_request","pull_request_review","pull_request_review_comment","pull_request_review_thread","push","repository","status","team","team_add","workflow_job","workflow_run"],"created_at":"2022-09-14T10:00:06.000Z","updated_at":"2023-06-06T11:39:11.000Z","single_file_name":null,"has_multiple_single_files":false,"single_file_paths":[],"suspended_by":null,"suspended_at":null},{"id":26894537,"account":{"login":"mergifyio-testing","id":40527191,"node_id":"MDEyOk9yZ2FuaXphdGlvbjQwNTI3MTkx","avatar_url":"https://avatars.githubusercontent.com/u/40527191?v=4","gravatar_id":"","url":"https://api.github.com/users/mergifyio-testing","html_url":"https://github.com/mergifyio-testing","followers_url":"https://api.github.com/users/mergifyio-testing/followers","following_url":"https://api.github.com/users/mergifyio-testing/following{/other_user}","gists_url":"https://api.github.com/users/mergifyio-testing/gists{/gist_id}","starred_url":"https://api.github.com/users/mergifyio-testing/starred{/owner}{/repo}","subscriptions_url":"https://api.github.com/users/mergifyio-testing/subscriptions","organizations_url":"https://api.github.com/users/mergifyio-testing/orgs","repos_url":"https://api.github.com/users/mergifyio-testing/repos","events_url":"https://api.github.com/users/mergifyio-testing/events{/privacy}","received_events_url":"https://api.github.com/users/mergifyio-testing/received_events","type":"Organization","site_admin":false},"repository_selection":"selected","access_tokens_url":"https://api.github.com/app/installations/26894537/access_tokens","repositories_url":"https://api.github.com/installation/repositories","html_url":"https://github.com/organizations/mergifyio-testing/settings/installations/26894537","app_id":214863,"app_slug":"mergify-sileht","target_id":40527191,"target_type":"Organization","permissions":{"pages":"write","checks":"write","issues":"write","actions":"write","members":"read","contents":"write","metadata":"read","statuses":"write","workflows":"write","pull_requests":"write","administration":"read"},"events":["check_run","check_suite","issue_comment","member","membership","organization","pull_request","pull_request_review","pull_request_review_comment","pull_request_review_thread","push","repository","status","team","team_add","workflow_job","workflow_run"],"created_at":"2022-06-27T12:22:13.000Z","updated_at":"2023-08-29T15:43:16.000Z","single_file_name":null,"has_multiple_single_files":false,"single_file_paths":[],"suspended_by":null,"suspended_at":null}]'
    headers:
      Content-Encoding:
      - gzip
      Content-Type:
      - application/json; charset=utf-8
      Transfer-Encoding:
      - chunked
      X-GitHub-Media-Type:
      - github.v3; param=machine-man-preview; format=json
      x-github-api-version-selected:
      - '2022-11-28'
    http_version: HTTP/1.1
    status_code: 200
- request:
    body: ''
    headers:
      Authorization:
      - <TOKEN>
      accept:
      - application/vnd.github.machine-man-preview+json
      host:
      - api.github.com
    method: GET
    uri: https://api.github.com/users/mergify-sileht[bot]
  response:
    base64encoded: false
    content: '{"login":"mergify-sileht[bot]","id":108276933,"node_id":"BOT_kgDOBnQsxQ","avatar_url":"https://avatars.githubusercontent.com/u/40527191?v=4","gravatar_id":"","url":"https://api.github.com/users/mergify-sileht%5Bbot%5D","html_url":"https://github.com/apps/mergify-sileht","followers_url":"https://api.github.com/users/mergify-sileht%5Bbot%5D/followers","following_url":"https://api.github.com/users/mergify-sileht%5Bbot%5D/following{/other_user}","gists_url":"https://api.github.com/users/mergify-sileht%5Bbot%5D/gists{/gist_id}","starred_url":"https://api.github.com/users/mergify-sileht%5Bbot%5D/starred{/owner}{/repo}","subscriptions_url":"https://api.github.com/users/mergify-sileht%5Bbot%5D/subscriptions","organizations_url":"https://api.github.com/users/mergify-sileht%5Bbot%5D/orgs","repos_url":"https://api.github.com/users/mergify-sileht%5Bbot%5D/repos","events_url":"https://api.github.com/users/mergify-sileht%5Bbot%5D/events{/privacy}","received_events_url":"https://api.github.com/users/mergify-sileht%5Bbot%5D/received_events","type":"Bot","site_admin":false,"name":null,"company":null,"blog":"","location":null,"email":null,"hireable":null,"bio":null,"twitter_username":null,"public_repos":0,"public_gists":0,"followers":0,"following":0,"created_at":"2022-06-27T12:22:04Z","updated_at":"2022-06-27T12:22:05Z"}'
    headers:
      Content-Encoding:
      - gzip
      Content-Type:
      - application/json; charset=utf-8
      Transfer-Encoding:
      - chunked
      X-GitHub-Media-Type:
      - github.v3; param=machine-man-preview; format=json
      x-github-api-version-selected:
      - '2022-11-28'
    http_version: HTTP/1.1
    status_code: 200
- request:
    body: ''
    headers:
      accept:
      - application/vnd.github.machine-man-preview+json
      host:
      - api.github.com
    method: GET
    uri: https://api.github.com/user/40527191/installation
  response:
    base64encoded: false
    content: '{"id":26894537,"account":{"login":"mergifyio-testing","id":40527191,"node_id":"MDEyOk9yZ2FuaXphdGlvbjQwNTI3MTkx","avatar_url":"https://avatars.githubusercontent.com/u/40527191?v=4","gravatar_id":"","url":"https://api.github.com/users/mergifyio-testing","html_url":"https://github.com/mergifyio-testing","followers_url":"https://api.github.com/users/mergifyio-testing/followers","following_url":"https://api.github.com/users/mergifyio-testing/following{/other_user}","gists_url":"https://api.github.com/users/mergifyio-testing/gists{/gist_id}","starred_url":"https://api.github.com/users/mergifyio-testing/starred{/owner}{/repo}","subscriptions_url":"https://api.github.com/users/mergifyio-testing/subscriptions","organizations_url":"https://api.github.com/users/mergifyio-testing/orgs","repos_url":"https://api.github.com/users/mergifyio-testing/repos","events_url":"https://api.github.com/users/mergifyio-testing/events{/privacy}","received_events_url":"https://api.github.com/users/mergifyio-testing/received_events","type":"Organization","site_admin":false},"repository_selection":"selected","access_tokens_url":"https://api.github.com/app/installations/26894537/access_tokens","repositories_url":"https://api.github.com/installation/repositories","html_url":"https://github.com/organizations/mergifyio-testing/settings/installations/26894537","app_id":214863,"app_slug":"mergify-sileht","target_id":40527191,"target_type":"Organization","permissions":{"pages":"write","checks":"write","issues":"write","actions":"write","members":"read","contents":"write","metadata":"read","statuses":"write","workflows":"write","pull_requests":"write","administration":"read"},"events":["check_run","check_suite","issue_comment","member","membership","organization","pull_request","pull_request_review","pull_request_review_comment","pull_request_review_thread","push","repository","status","team","team_add","workflow_job","workflow_run"],"created_at":"2022-06-27T12:22:13.000Z","updated_at":"2023-08-29T15:43:16.000Z","single_file_name":null,"has_multiple_single_files":false,"single_file_paths":[],"suspended_by":null,"suspended_at":null}'
    headers:
      Content-Encoding:
      - gzip
      Content-Type:
      - application/json; charset=utf-8
      Transfer-Encoding:
      - chunked
      X-GitHub-Media-Type:
      - github.v3; param=machine-man-preview; format=json
      x-github-api-version-selected:
      - '2022-11-28'
    http_version: HTTP/1.1
    status_code: 200
- request:
    body: ''
    headers:
      accept:
      - application/vnd.github.machine-man-preview+json
      host:
      - api.github.com
    method: GET
    uri: https://api.github.com/user
  response:
    base64encoded: false
    content: '{"login":"mergify-test1","id":38494943,"node_id":"MDQ6VXNlcjM4NDk0OTQz","avatar_url":"https://avatars.githubusercontent.com/u/38494943?v=4","gravatar_id":"","url":"https://api.github.com/users/mergify-test1","html_url":"https://github.com/mergify-test1","followers_url":"https://api.github.com/users/mergify-test1/followers","following_url":"https://api.github.com/users/mergify-test1/following{/other_user}","gists_url":"https://api.github.com/users/mergify-test1/gists{/gist_id}","starred_url":"https://api.github.com/users/mergify-test1/starred{/owner}{/repo}","subscriptions_url":"https://api.github.com/users/mergify-test1/subscriptions","organizations_url":"https://api.github.com/users/mergify-test1/orgs","repos_url":"https://api.github.com/users/mergify-test1/repos","events_url":"https://api.github.com/users/mergify-test1/events{/privacy}","received_events_url":"https://api.github.com/users/mergify-test1/received_events","type":"User","site_admin":false,"name":"mergify-test-user-1","company":"@mergifyio","blog":"https://mergify.io","location":null,"email":null,"hireable":null,"bio":"This
      account is for testing purpose of the workflow of the GitHub App @mergifyio","twitter_username":"mergifyio","public_repos":1,"public_gists":0,"followers":0,"following":0,"created_at":"2018-04-18T10:42:59Z","updated_at":"2023-11-15T12:32:36Z","private_gists":0,"total_private_repos":0,"owned_private_repos":0,"disk_usage":0,"collaborators":0,"two_factor_authentication":false,"plan":{"name":"free","space":976562499,"collaborators":0,"private_repos":10000}}'
    headers:
      Content-Encoding:
      - gzip
      Content-Type:
      - application/json; charset=utf-8
      Transfer-Encoding:
      - chunked
      X-Accepted-OAuth-Scopes:
      - ''
      X-GitHub-Media-Type:
      - github.v3; param=machine-man-preview; format=json
      X-OAuth-Scopes:
      - admin:org, delete_repo, read:public_key, repo, user, workflow
      x-github-api-version-selected:
      - '2022-11-28'
    http_version: HTTP/1.1
    status_code: 200
- request:
    body: ''
    headers:
      accept:
      - application/vnd.github.machine-man-preview+json
      host:
      - api.github.com
    method: GET
    uri: https://api.github.com/user
  response:
    base64encoded: false
    content: '{"login":"mergify-test2","id":38495008,"node_id":"MDQ6VXNlcjM4NDk1MDA4","avatar_url":"https://avatars.githubusercontent.com/u/38495008?v=4","gravatar_id":"","url":"https://api.github.com/users/mergify-test2","html_url":"https://github.com/mergify-test2","followers_url":"https://api.github.com/users/mergify-test2/followers","following_url":"https://api.github.com/users/mergify-test2/following{/other_user}","gists_url":"https://api.github.com/users/mergify-test2/gists{/gist_id}","starred_url":"https://api.github.com/users/mergify-test2/starred{/owner}{/repo}","subscriptions_url":"https://api.github.com/users/mergify-test2/subscriptions","organizations_url":"https://api.github.com/users/mergify-test2/orgs","repos_url":"https://api.github.com/users/mergify-test2/repos","events_url":"https://api.github.com/users/mergify-test2/events{/privacy}","received_events_url":"https://api.github.com/users/mergify-test2/received_events","type":"User","site_admin":false,"name":"mergify-test-user-2","company":"@mergifyio","blog":"https://mergify.com","location":null,"email":null,"hireable":null,"bio":"This
      account is for integration testing purpose of the workflow of the GitHub App
      @mergifyio","twitter_username":"mergifyio","public_repos":15,"public_gists":0,"followers":0,"following":0,"created_at":"2018-04-18T10:45:18Z","updated_at":"2023-11-15T12:32:36Z","private_gists":0,"total_private_repos":0,"owned_private_repos":0,"disk_usage":1355,"collaborators":0,"two_factor_authentication":false,"plan":{"name":"free","space":976562499,"collaborators":0,"private_repos":10000}}'
    headers:
      Content-Encoding:
      - gzip
      Content-Type:
      - application/json; charset=utf-8
      Transfer-Encoding:
      - chunked
      X-Accepted-OAuth-Scopes:
      - ''
      X-GitHub-Media-Type:
      - github.v3; param=machine-man-preview; format=json
      X-OAuth-Scopes:
      - delete_repo, read:org, read:user, repo, user:email, workflow
      x-github-api-version-selected:
      - '2022-11-28'
    http_version: HTTP/1.1
    status_code: 200
- request:
    body: ''
    headers:
      Authorization:
      - <TOKEN>
      accept:
      - application/vnd.github.machine-man-preview+json
      host:
      - api.github.com
    method: GET
    uri: https://api.github.com/repositories/399426199
  response:
    base64encoded: false
    content: '{"id":399426199,"node_id":"MDEwOlJlcG9zaXRvcnkzOTk0MjYxOTk=","name":"functional-testing-repo-sileht","full_name":"mergifyio-testing/functional-testing-repo-sileht","private":false,"owner":{"login":"mergifyio-testing","id":40527191,"node_id":"MDEyOk9yZ2FuaXphdGlvbjQwNTI3MTkx","avatar_url":"https://avatars.githubusercontent.com/u/40527191?v=4","gravatar_id":"","url":"https://api.github.com/users/mergifyio-testing","html_url":"https://github.com/mergifyio-testing","followers_url":"https://api.github.com/users/mergifyio-testing/followers","following_url":"https://api.github.com/users/mergifyio-testing/following{/other_user}","gists_url":"https://api.github.com/users/mergifyio-testing/gists{/gist_id}","starred_url":"https://api.github.com/users/mergifyio-testing/starred{/owner}{/repo}","subscriptions_url":"https://api.github.com/users/mergifyio-testing/subscriptions","organizations_url":"https://api.github.com/users/mergifyio-testing/orgs","repos_url":"https://api.github.com/users/mergifyio-testing/repos","events_url":"https://api.github.com/users/mergifyio-testing/events{/privacy}","received_events_url":"https://api.github.com/users/mergifyio-testing/received_events","type":"Organization","site_admin":false},"html_url":"https://github.com/mergifyio-testing/functional-testing-repo-sileht","description":null,"fork":false,"url":"https://api.github.com/repos/mergifyio-testing/functional-testing-repo-sileht","forks_url":"https://api.github.com/repos/mergifyio-testing/functional-testing-repo-sileht/forks","keys_url":"https://api.github.com/repos/mergifyio-testing/functional-testing-repo-sileht/keys{/key_id}","collaborators_url":"https://api.github.com/repos/mergifyio-testing/functional-testing-repo-sileht/collaborators{/collaborator}","teams_url":"https://api.github.com/repos/mergifyio-testing/functional-testing-repo-sileht/teams","hooks_url":"https://api.github.com/repos/mergifyio-testing/functional-testing-repo-sileht/hooks","issue_events_url":"https://api.github.com/repos/mergifyio-testing/functional-testing-repo-sileht/issues/events{/number}","events_url":"https://api.github.com/repos/mergifyio-testing/functional-testing-repo-sileht/events","assignees_url":"https://api.github.com/repos/mergifyio-testing/functional-testing-repo-sileht/assignees{/user}","branches_url":"https://api.github.com/repos/mergifyio-testing/functional-testing-repo-sileht/branches{/branch}","tags_url":"https://api.github.com/repos/mergifyio-testing/functional-testing-repo-sileht/tags","blobs_url":"https://api.github.com/repos/mergifyio-testing/functional-testing-repo-sileht/git/blobs{/sha}","git_tags_url":"https://api.github.com/repos/mergifyio-testing/functional-testing-repo-sileht/git/tags{/sha}","git_refs_url":"https://api.github.com/repos/mergifyio-testing/functional-testing-repo-sileht/git/refs{/sha}","trees_url":"https://api.github.com/repos/mergifyio-testing/functional-testing-repo-sileht/git/trees{/sha}","statuses_url":"https://api.github.com/repos/mergifyio-testing/functional-testing-repo-sileht/statuses/{sha}","languages_url":"https://api.github.com/repos/mergifyio-testing/functional-testing-repo-sileht/languages","stargazers_url":"https://api.github.com/repos/mergifyio-testing/functional-testing-repo-sileht/stargazers","contributors_url":"https://api.github.com/repos/mergifyio-testing/functional-testing-repo-sileht/contributors","subscribers_url":"https://api.github.com/repos/mergifyio-testing/functional-testing-repo-sileht/subscribers","subscription_url":"https://api.github.com/repos/mergifyio-testing/functional-testing-repo-sileht/subscription","commits_url":"https://api.github.com/repos/mergifyio-testing/functional-testing-repo-sileht/commits{/sha}","git_commits_url":"https://api.github.com/repos/mergifyio-testing/functional-testing-repo-sileht/git/commits{/sha}","comments_url":"https://api.github.com/repos/mergifyio-testing/functional-testing-repo-sileht/comments{/number}","issue_comment_url":"https://api.github.com/repos/mergifyio-testing/functional-testing-repo-sileht/issues/comments{/number}","contents_url":"https://api.github.com/repos/mergifyio-testing/functional-testing-repo-sileht/contents/{+path}","compare_url":"https://api.github.com/repos/mergifyio-testing/functional-testing-repo-sileht/compare/{base}...{head}","merges_url":"https://api.github.com/repos/mergifyio-testing/functional-testing-repo-sileht/merges","archive_url":"https://api.github.com/repos/mergifyio-testing/functional-testing-repo-sileht/{archive_format}{/ref}","downloads_url":"https://api.github.com/repos/mergifyio-testing/functional-testing-repo-sileht/downloads","issues_url":"https://api.github.com/repos/mergifyio-testing/functional-testing-repo-sileht/issues{/number}","pulls_url":"https://api.github.com/repos/mergifyio-testing/functional-testing-repo-sileht/pulls{/number}","milestones_url":"https://api.github.com/repos/mergifyio-testing/functional-testing-repo-sileht/milestones{/number}","notifications_url":"https://api.github.com/repos/mergifyio-testing/functional-testing-repo-sileht/notifications{?since,all,participating}","labels_url":"https://api.github.com/repos/mergifyio-testing/functional-testing-repo-sileht/labels{/name}","releases_url":"https://api.github.com/repos/mergifyio-testing/functional-testing-repo-sileht/releases{/id}","deployments_url":"https://api.github.com/repos/mergifyio-testing/functional-testing-repo-sileht/deployments","created_at":"2021-08-24T10:36:34Z","updated_at":"2023-01-31T19:06:12Z","pushed_at":"2023-11-21T19:16:39Z","git_url":"git://github.com/mergifyio-testing/functional-testing-repo-sileht.git","ssh_url":"git@github.com:mergifyio-testing/functional-testing-repo-sileht.git","clone_url":"https://github.com/mergifyio-testing/functional-testing-repo-sileht.git","svn_url":"https://github.com/mergifyio-testing/functional-testing-repo-sileht","homepage":null,"size":110,"stargazers_count":0,"watchers_count":0,"language":null,"has_issues":true,"has_projects":true,"has_downloads":true,"has_wiki":true,"has_pages":false,"has_discussions":false,"forks_count":2,"mirror_url":null,"archived":false,"disabled":false,"open_issues_count":48,"license":null,"allow_forking":true,"is_template":false,"web_commit_signoff_required":false,"topics":[],"visibility":"public","forks":2,"open_issues":48,"watchers":0,"default_branch":"main","permissions":{"admin":false,"maintain":false,"push":false,"triage":false,"pull":false},"temp_clone_token":"","allow_squash_merge":true,"allow_merge_commit":true,"allow_rebase_merge":true,"allow_auto_merge":false,"delete_branch_on_merge":false,"allow_update_branch":true,"use_squash_pr_title_as_default":false,"squash_merge_commit_message":"COMMIT_MESSAGES","squash_merge_commit_title":"COMMIT_OR_PR_TITLE","merge_commit_message":"PR_TITLE","merge_commit_title":"MERGE_MESSAGE","organization":{"login":"mergifyio-testing","id":40527191,"node_id":"MDEyOk9yZ2FuaXphdGlvbjQwNTI3MTkx","avatar_url":"https://avatars.githubusercontent.com/u/40527191?v=4","gravatar_id":"","url":"https://api.github.com/users/mergifyio-testing","html_url":"https://github.com/mergifyio-testing","followers_url":"https://api.github.com/users/mergifyio-testing/followers","following_url":"https://api.github.com/users/mergifyio-testing/following{/other_user}","gists_url":"https://api.github.com/users/mergifyio-testing/gists{/gist_id}","starred_url":"https://api.github.com/users/mergifyio-testing/starred{/owner}{/repo}","subscriptions_url":"https://api.github.com/users/mergifyio-testing/subscriptions","organizations_url":"https://api.github.com/users/mergifyio-testing/orgs","repos_url":"https://api.github.com/users/mergifyio-testing/repos","events_url":"https://api.github.com/users/mergifyio-testing/events{/privacy}","received_events_url":"https://api.github.com/users/mergifyio-testing/received_events","type":"Organization","site_admin":false},"security_and_analysis":{"secret_scanning":{"status":"disabled"},"secret_scanning_push_protection":{"status":"disabled"},"dependabot_security_updates":{"status":"disabled"},"secret_scanning_validity_checks":{"status":"disabled"}},"network_count":2,"subscribers_count":1}'
    headers:
      Content-Encoding:
      - gzip
      Content-Type:
      - application/json; charset=utf-8
      Transfer-Encoding:
      - chunked
      X-GitHub-Media-Type:
      - github.v3; param=machine-man-preview; format=json
      x-accepted-github-permissions:
      - metadata=read
      x-github-api-version-selected:
      - '2022-11-28'
    http_version: HTTP/1.1
    status_code: 200
- request:
    body: whatdataisthat
    headers:
      X-Hub-Signature:
      - <SIGNATURE>
      accept:
      - '*/*'
      content-length:
      - '14'
      host:
      - test-forwarder.mergify.com
    method: DELETE
    uri: https://test-forwarder.mergify.com/events/github.com/214863/399426199/20231121191820-test_invalid_rules_in_config
  response:
    base64encoded: false
    content: Event queued
    headers:
      Connection:
      - keep-alive
      Content-Length:
      - '12'
      Nel:
      - '{"report_to":"heroku-nel","max_age":3600,"success_fraction":0.005,"failure_fraction":0.05,"response_headers":["Via"]}'
      Reporting-Endpoints:
      - heroku-nel=https://nel.heroku.com/reports?ts=1700594303&sid=929419e7-33ea-4e2f-85f0-7d8b7cd5cbd6&s=3CaZwYDdpq1L5Em352wFEn6%2ByAt7ws6jD%2FJUPToc4Tw%3D
    http_version: HTTP/1.1
    status_code: 202
- request:
    body: whatdataisthat
    headers:
      X-Hub-Signature:
      - <SIGNATURE>
      accept:
      - '*/*'
      content-length:
      - '14'
      host:
      - test-forwarder.mergify.com
    method: GET
    uri: https://test-forwarder.mergify.com/events/github.com/214863/399426199/20231121191820-test_invalid_rules_in_config?counter=1
  response:
    base64encoded: false
    content: '[]'
    headers:
      Connection:
      - keep-alive
      Content-Length:
      - '2'
      Content-Type:
      - application/json
      Nel:
      - '{"report_to":"heroku-nel","max_age":3600,"success_fraction":0.005,"failure_fraction":0.05,"response_headers":["Via"]}'
      Reporting-Endpoints:
      - heroku-nel=https://nel.heroku.com/reports?ts=1700594304&sid=929419e7-33ea-4e2f-85f0-7d8b7cd5cbd6&s=xY%2FYKftGReITDOoOCQGHkkFYJ%2BLbE9Go5icps7pMFDM%3D
    http_version: HTTP/1.1
    status_code: 200
- request:
    body: whatdataisthat
    headers:
      X-Hub-Signature:
      - <SIGNATURE>
      accept:
      - '*/*'
      content-length:
      - '14'
      host:
      - test-forwarder.mergify.com
    method: GET
    uri: https://test-forwarder.mergify.com/events/github.com/214863/399426199/20231121191820-test_invalid_rules_in_config?counter=2
  response:
    base64encoded: false
    content: '[]'
    headers:
      Connection:
      - keep-alive
      Content-Length:
      - '2'
      Content-Type:
      - application/json
      Nel:
      - '{"report_to":"heroku-nel","max_age":3600,"success_fraction":0.005,"failure_fraction":0.05,"response_headers":["Via"]}'
      Reporting-Endpoints:
      - heroku-nel=https://nel.heroku.com/reports?ts=1700594305&sid=929419e7-33ea-4e2f-85f0-7d8b7cd5cbd6&s=fW9KdIYmfRJwsJ4dVXdd0xaVE66i1ULn0L1tY%2Fq0Z9A%3D
    http_version: HTTP/1.1
    status_code: 200
- request:
    body: whatdataisthat
    headers:
      X-Hub-Signature:
      - <SIGNATURE>
      accept:
      - '*/*'
      content-length:
      - '14'
      host:
      - test-forwarder.mergify.com
    method: GET
    uri: https://test-forwarder.mergify.com/events/github.com/214863/399426199/20231121191820-test_invalid_rules_in_config?counter=3
  response:
    base64encoded: false
    content: '[]'
    headers:
      Connection:
      - keep-alive
      Content-Length:
      - '2'
      Content-Type:
      - application/json
      Nel:
      - '{"report_to":"heroku-nel","max_age":3600,"success_fraction":0.005,"failure_fraction":0.05,"response_headers":["Via"]}'
      Reporting-Endpoints:
      - heroku-nel=https://nel.heroku.com/reports?ts=1700594305&sid=929419e7-33ea-4e2f-85f0-7d8b7cd5cbd6&s=fW9KdIYmfRJwsJ4dVXdd0xaVE66i1ULn0L1tY%2Fq0Z9A%3D
    http_version: HTTP/1.1
    status_code: 200
- request:
    body: whatdataisthat
    headers:
      X-Hub-Signature:
      - <SIGNATURE>
      accept:
      - '*/*'
      content-length:
      - '14'
      host:
      - test-forwarder.mergify.com
    method: GET
    uri: https://test-forwarder.mergify.com/events/github.com/214863/399426199/20231121191820-test_invalid_rules_in_config?counter=4
  response:
    base64encoded: false
    content: '[]'
    headers:
      Connection:
      - keep-alive
      Content-Length:
      - '2'
      Content-Type:
      - application/json
      Nel:
      - '{"report_to":"heroku-nel","max_age":3600,"success_fraction":0.005,"failure_fraction":0.05,"response_headers":["Via"]}'
      Reporting-Endpoints:
      - heroku-nel=https://nel.heroku.com/reports?ts=1700594305&sid=929419e7-33ea-4e2f-85f0-7d8b7cd5cbd6&s=fW9KdIYmfRJwsJ4dVXdd0xaVE66i1ULn0L1tY%2Fq0Z9A%3D
    http_version: HTTP/1.1
    status_code: 200
- request:
    body: whatdataisthat
    headers:
      X-Hub-Signature:
      - <SIGNATURE>
      accept:
      - '*/*'
      content-length:
      - '14'
      host:
      - test-forwarder.mergify.com
    method: GET
    uri: https://test-forwarder.mergify.com/events/github.com/214863/399426199/20231121191820-test_invalid_rules_in_config?counter=5
  response:
    base64encoded: false
    content: '[{"id":"be411390-88a2-11ee-9a30-fb4fdd99ebf3","hook_id":"365596432","type":"push","payload":{"ref":"refs/heads/20231121191820/test_invalid_rules_in_config/main","before":"0000000000000000000000000000000000000000","after":"40a1e81bc88a2de1a5ced06be45b64a9401e8e89","repository":{"id":399426199,"node_id":"MDEwOlJlcG9zaXRvcnkzOTk0MjYxOTk=","name":"functional-testing-repo-sileht","full_name":"mergifyio-testing/functional-testing-repo-sileht","private":false,"owner":{"name":"mergifyio-testing","email":null,"login":"mergifyio-testing","id":40527191,"node_id":"MDEyOk9yZ2FuaXphdGlvbjQwNTI3MTkx","avatar_url":"https://avatars.githubusercontent.com/u/40527191?v=4","gravatar_id":"","url":"https://api.github.com/users/mergifyio-testing","html_url":"https://github.com/mergifyio-testing","followers_url":"https://api.github.com/users/mergifyio-testing/followers","following_url":"https://api.github.com/users/mergifyio-testing/following{/other_user}","gists_url":"https://api.github.com/users/mergifyio-testing/gists{/gist_id}","starred_url":"https://api.github.com/users/mergifyio-testing/starred{/owner}{/repo}","subscriptions_url":"https://api.github.com/users/mergifyio-testing/subscriptions","organizations_url":"https://api.github.com/users/mergifyio-testing/orgs","repos_url":"https://api.github.com/users/mergifyio-testing/repos","events_url":"https://api.github.com/users/mergifyio-testing/events{/privacy}","received_events_url":"https://api.github.com/users/mergifyio-testing/received_events","type":"Organization","site_admin":false},"html_url":"https://github.com/mergifyio-testing/functional-testing-repo-sileht","description":null,"fork":false,"url":"https://github.com/mergifyio-testing/functional-testing-repo-sileht","forks_url":"https://api.github.com/repos/mergifyio-testing/functional-testing-repo-sileht/forks","keys_url":"https://api.github.com/repos/mergifyio-testing/functional-testing-repo-sileht/keys{/key_id}","collaborators_url":"https://api.github.com/repos/mergifyio-testing/functional-testing-repo-sileht/collaborators{/collaborator}","teams_url":"https://api.github.com/repos/mergifyio-testing/functional-testing-repo-sileht/teams","hooks_url":"https://api.github.com/repos/mergifyio-testing/functional-testing-repo-sileht/hooks","issue_events_url":"https://api.github.com/repos/mergifyio-testing/functional-testing-repo-sileht/issues/events{/number}","events_url":"https://api.github.com/repos/mergifyio-testing/functional-testing-repo-sileht/events","assignees_url":"https://api.github.com/repos/mergifyio-testing/functional-testing-repo-sileht/assignees{/user}","branches_url":"https://api.github.com/repos/mergifyio-testing/functional-testing-repo-sileht/branches{/branch}","tags_url":"https://api.github.com/repos/mergifyio-testing/functional-testing-repo-sileht/tags","blobs_url":"https://api.github.com/repos/mergifyio-testing/functional-testing-repo-sileht/git/blobs{/sha}","git_tags_url":"https://api.github.com/repos/mergifyio-testing/functional-testing-repo-sileht/git/tags{/sha}","git_refs_url":"https://api.github.com/repos/mergifyio-testing/functional-testing-repo-sileht/git/refs{/sha}","trees_url":"https://api.github.com/repos/mergifyio-testing/functional-testing-repo-sileht/git/trees{/sha}","statuses_url":"https://api.github.com/repos/mergifyio-testing/functional-testing-repo-sileht/statuses/{sha}","languages_url":"https://api.github.com/repos/mergifyio-testing/functional-testing-repo-sileht/languages","stargazers_url":"https://api.github.com/repos/mergifyio-testing/functional-testing-repo-sileht/stargazers","contributors_url":"https://api.github.com/repos/mergifyio-testing/functional-testing-repo-sileht/contributors","subscribers_url":"https://api.github.com/repos/mergifyio-testing/functional-testing-repo-sileht/subscribers","subscription_url":"https://api.github.com/repos/mergifyio-testing/functional-testing-repo-sileht/subscription","commits_url":"https://api.github.com/repos/mergifyio-testing/functional-testing-repo-sileht/commits{/sha}","git_commits_url":"https://api.github.com/repos/mergifyio-testing/functional-testing-repo-sileht/git/commits{/sha}","comments_url":"https://api.github.com/repos/mergifyio-testing/functional-testing-repo-sileht/comments{/number}","issue_comment_url":"https://api.github.com/repos/mergifyio-testing/functional-testing-repo-sileht/issues/comments{/number}","contents_url":"https://api.github.com/repos/mergifyio-testing/functional-testing-repo-sileht/contents/{+path}","compare_url":"https://api.github.com/repos/mergifyio-testing/functional-testing-repo-sileht/compare/{base}...{head}","merges_url":"https://api.github.com/repos/mergifyio-testing/functional-testing-repo-sileht/merges","archive_url":"https://api.github.com/repos/mergifyio-testing/functional-testing-repo-sileht/{archive_format}{/ref}","downloads_url":"https://api.github.com/repos/mergifyio-testing/functional-testing-repo-sileht/downloads","issues_url":"https://api.github.com/repos/mergifyio-testing/functional-testing-repo-sileht/issues{/number}","pulls_url":"https://api.github.com/repos/mergifyio-testing/functional-testing-repo-sileht/pulls{/number}","milestones_url":"https://api.github.com/repos/mergifyio-testing/functional-testing-repo-sileht/milestones{/number}","notifications_url":"https://api.github.com/repos/mergifyio-testing/functional-testing-repo-sileht/notifications{?since,all,participating}","labels_url":"https://api.github.com/repos/mergifyio-testing/functional-testing-repo-sileht/labels{/name}","releases_url":"https://api.github.com/repos/mergifyio-testing/functional-testing-repo-sileht/releases{/id}","deployments_url":"https://api.github.com/repos/mergifyio-testing/functional-testing-repo-sileht/deployments","created_at":1629801394,"updated_at":"2023-01-31T19:06:12Z","pushed_at":1700594304,"git_url":"git://github.com/mergifyio-testing/functional-testing-repo-sileht.git","ssh_url":"git@github.com:mergifyio-testing/functional-testing-repo-sileht.git","clone_url":"https://github.com/mergifyio-testing/functional-testing-repo-sileht.git","svn_url":"https://github.com/mergifyio-testing/functional-testing-repo-sileht","homepage":null,"size":110,"stargazers_count":0,"watchers_count":0,"language":null,"has_issues":true,"has_projects":true,"has_downloads":true,"has_wiki":true,"has_pages":false,"has_discussions":false,"forks_count":2,"mirror_url":null,"archived":false,"disabled":false,"open_issues_count":48,"license":null,"allow_forking":true,"is_template":false,"web_commit_signoff_required":false,"topics":[],"visibility":"public","forks":2,"open_issues":48,"watchers":0,"default_branch":"main","stargazers":0,"master_branch":"main","organization":"mergifyio-testing","custom_properties":{}},"pusher":{"name":"mergify-test1","email":"38494943+mergify-test1@users.noreply.github.com"},"organization":{"login":"mergifyio-testing","id":40527191,"node_id":"MDEyOk9yZ2FuaXphdGlvbjQwNTI3MTkx","url":"https://api.github.com/orgs/mergifyio-testing","repos_url":"https://api.github.com/orgs/mergifyio-testing/repos","events_url":"https://api.github.com/orgs/mergifyio-testing/events","hooks_url":"https://api.github.com/orgs/mergifyio-testing/hooks","issues_url":"https://api.github.com/orgs/mergifyio-testing/issues","members_url":"https://api.github.com/orgs/mergifyio-testing/members{/member}","public_members_url":"https://api.github.com/orgs/mergifyio-testing/public_members{/member}","avatar_url":"https://avatars.githubusercontent.com/u/40527191?v=4","description":"This
      account is for testing purpose of the workflow of the GitHub App @Mergifyio"},"sender":{"login":"mergify-test1","id":38494943,"node_id":"MDQ6VXNlcjM4NDk0OTQz","avatar_url":"https://avatars.githubusercontent.com/u/38494943?v=4","gravatar_id":"","url":"https://api.github.com/users/mergify-test1","html_url":"https://github.com/mergify-test1","followers_url":"https://api.github.com/users/mergify-test1/followers","following_url":"https://api.github.com/users/mergify-test1/following{/other_user}","gists_url":"https://api.github.com/users/mergify-test1/gists{/gist_id}","starred_url":"https://api.github.com/users/mergify-test1/starred{/owner}{/repo}","subscriptions_url":"https://api.github.com/users/mergify-test1/subscriptions","organizations_url":"https://api.github.com/users/mergify-test1/orgs","repos_url":"https://api.github.com/users/mergify-test1/repos","events_url":"https://api.github.com/users/mergify-test1/events{/privacy}","received_events_url":"https://api.github.com/users/mergify-test1/received_events","type":"User","site_admin":false},"installation":{"id":26894537,"node_id":"MDIzOkludGVncmF0aW9uSW5zdGFsbGF0aW9uMjY4OTQ1Mzc="},"created":true,"deleted":false,"forced":false,"base_ref":null,"compare":"https://github.com/mergifyio-testing/functional-testing-repo-sileht/commit/40a1e81bc88a","commits":[{"id":"40a1e81bc88a2de1a5ced06be45b64a9401e8e89","tree_id":"bf2ba8d055bcd3d5cf36a95a4a54898727d5f2c5","distinct":true,"message":"initial
      commit","timestamp":"2023-11-21T20:18:23+01:00","url":"https://github.com/mergifyio-testing/functional-testing-repo-sileht/commit/40a1e81bc88a2de1a5ced06be45b64a9401e8e89","author":{"name":"Mergify","email":"108276933+mergify-sileht[bot]@users.noreply.github.com","username":"mergify-sileht[bot]"},"committer":{"name":"Mergify","email":"108276933+mergify-sileht[bot]@users.noreply.github.com","username":"mergify-sileht[bot]"},"added":[".mergify.yml"],"removed":[],"modified":[]}],"head_commit":{"id":"40a1e81bc88a2de1a5ced06be45b64a9401e8e89","tree_id":"bf2ba8d055bcd3d5cf36a95a4a54898727d5f2c5","distinct":true,"message":"initial
      commit","timestamp":"2023-11-21T20:18:23+01:00","url":"https://github.com/mergifyio-testing/functional-testing-repo-sileht/commit/40a1e81bc88a2de1a5ced06be45b64a9401e8e89","author":{"name":"Mergify","email":"108276933+mergify-sileht[bot]@users.noreply.github.com","username":"mergify-sileht[bot]"},"committer":{"name":"Mergify","email":"108276933+mergify-sileht[bot]@users.noreply.github.com","username":"mergify-sileht[bot]"},"added":[".mergify.yml"],"removed":[],"modified":[]}}}]'
    headers:
      Connection:
      - keep-alive
      Content-Encoding:
      - gzip
      Content-Type:
      - application/json
      Nel:
      - '{"report_to":"heroku-nel","max_age":3600,"success_fraction":0.005,"failure_fraction":0.05,"response_headers":["Via"]}'
      Reporting-Endpoints:
      - heroku-nel=https://nel.heroku.com/reports?ts=1700594306&sid=929419e7-33ea-4e2f-85f0-7d8b7cd5cbd6&s=ucmegk2FxD%2BTCUIfyIuxVwgfK0l0x%2FWQ5hKxBUC2NmA%3D
      Transfer-Encoding:
      - chunked
    http_version: HTTP/1.1
    status_code: 200
- request:
    body: ''
    headers:
      accept:
      - application/vnd.github.machine-man-preview+json
      host:
      - api.github.com
    method: GET
    uri: https://api.github.com/repos/mergifyio-testing/functional-testing-repo-sileht/installation
  response:
    base64encoded: false
    content: '{"id":26894537,"account":{"login":"mergifyio-testing","id":40527191,"node_id":"MDEyOk9yZ2FuaXphdGlvbjQwNTI3MTkx","avatar_url":"https://avatars.githubusercontent.com/u/40527191?v=4","gravatar_id":"","url":"https://api.github.com/users/mergifyio-testing","html_url":"https://github.com/mergifyio-testing","followers_url":"https://api.github.com/users/mergifyio-testing/followers","following_url":"https://api.github.com/users/mergifyio-testing/following{/other_user}","gists_url":"https://api.github.com/users/mergifyio-testing/gists{/gist_id}","starred_url":"https://api.github.com/users/mergifyio-testing/starred{/owner}{/repo}","subscriptions_url":"https://api.github.com/users/mergifyio-testing/subscriptions","organizations_url":"https://api.github.com/users/mergifyio-testing/orgs","repos_url":"https://api.github.com/users/mergifyio-testing/repos","events_url":"https://api.github.com/users/mergifyio-testing/events{/privacy}","received_events_url":"https://api.github.com/users/mergifyio-testing/received_events","type":"Organization","site_admin":false},"repository_selection":"selected","access_tokens_url":"https://api.github.com/app/installations/26894537/access_tokens","repositories_url":"https://api.github.com/installation/repositories","html_url":"https://github.com/organizations/mergifyio-testing/settings/installations/26894537","app_id":214863,"app_slug":"mergify-sileht","target_id":40527191,"target_type":"Organization","permissions":{"pages":"write","checks":"write","issues":"write","actions":"write","members":"read","contents":"write","metadata":"read","statuses":"write","workflows":"write","pull_requests":"write","administration":"read"},"events":["check_run","check_suite","issue_comment","member","membership","organization","pull_request","pull_request_review","pull_request_review_comment","pull_request_review_thread","push","repository","status","team","team_add","workflow_job","workflow_run"],"created_at":"2022-06-27T12:22:13.000Z","updated_at":"2023-08-29T15:43:16.000Z","single_file_name":null,"has_multiple_single_files":false,"single_file_paths":[],"suspended_by":null,"suspended_at":null}'
    headers:
      Content-Encoding:
      - gzip
      Content-Type:
      - application/json; charset=utf-8
      Transfer-Encoding:
      - chunked
      X-GitHub-Media-Type:
      - github.v3; param=machine-man-preview; format=json
      x-github-api-version-selected:
      - '2022-11-28'
    http_version: HTTP/1.1
    status_code: 200
- request:
    body: ''
    headers:
      accept:
      - application/vnd.github.machine-man-preview+json
      host:
      - api.github.com
    method: GET
    uri: https://api.github.com/repos/mergifyio-testing/functional-testing-repo-sileht
  response:
    base64encoded: false
    content: '{"id":399426199,"node_id":"MDEwOlJlcG9zaXRvcnkzOTk0MjYxOTk=","name":"functional-testing-repo-sileht","full_name":"mergifyio-testing/functional-testing-repo-sileht","private":false,"owner":{"login":"mergifyio-testing","id":40527191,"node_id":"MDEyOk9yZ2FuaXphdGlvbjQwNTI3MTkx","avatar_url":"https://avatars.githubusercontent.com/u/40527191?v=4","gravatar_id":"","url":"https://api.github.com/users/mergifyio-testing","html_url":"https://github.com/mergifyio-testing","followers_url":"https://api.github.com/users/mergifyio-testing/followers","following_url":"https://api.github.com/users/mergifyio-testing/following{/other_user}","gists_url":"https://api.github.com/users/mergifyio-testing/gists{/gist_id}","starred_url":"https://api.github.com/users/mergifyio-testing/starred{/owner}{/repo}","subscriptions_url":"https://api.github.com/users/mergifyio-testing/subscriptions","organizations_url":"https://api.github.com/users/mergifyio-testing/orgs","repos_url":"https://api.github.com/users/mergifyio-testing/repos","events_url":"https://api.github.com/users/mergifyio-testing/events{/privacy}","received_events_url":"https://api.github.com/users/mergifyio-testing/received_events","type":"Organization","site_admin":false},"html_url":"https://github.com/mergifyio-testing/functional-testing-repo-sileht","description":null,"fork":false,"url":"https://api.github.com/repos/mergifyio-testing/functional-testing-repo-sileht","forks_url":"https://api.github.com/repos/mergifyio-testing/functional-testing-repo-sileht/forks","keys_url":"https://api.github.com/repos/mergifyio-testing/functional-testing-repo-sileht/keys{/key_id}","collaborators_url":"https://api.github.com/repos/mergifyio-testing/functional-testing-repo-sileht/collaborators{/collaborator}","teams_url":"https://api.github.com/repos/mergifyio-testing/functional-testing-repo-sileht/teams","hooks_url":"https://api.github.com/repos/mergifyio-testing/functional-testing-repo-sileht/hooks","issue_events_url":"https://api.github.com/repos/mergifyio-testing/functional-testing-repo-sileht/issues/events{/number}","events_url":"https://api.github.com/repos/mergifyio-testing/functional-testing-repo-sileht/events","assignees_url":"https://api.github.com/repos/mergifyio-testing/functional-testing-repo-sileht/assignees{/user}","branches_url":"https://api.github.com/repos/mergifyio-testing/functional-testing-repo-sileht/branches{/branch}","tags_url":"https://api.github.com/repos/mergifyio-testing/functional-testing-repo-sileht/tags","blobs_url":"https://api.github.com/repos/mergifyio-testing/functional-testing-repo-sileht/git/blobs{/sha}","git_tags_url":"https://api.github.com/repos/mergifyio-testing/functional-testing-repo-sileht/git/tags{/sha}","git_refs_url":"https://api.github.com/repos/mergifyio-testing/functional-testing-repo-sileht/git/refs{/sha}","trees_url":"https://api.github.com/repos/mergifyio-testing/functional-testing-repo-sileht/git/trees{/sha}","statuses_url":"https://api.github.com/repos/mergifyio-testing/functional-testing-repo-sileht/statuses/{sha}","languages_url":"https://api.github.com/repos/mergifyio-testing/functional-testing-repo-sileht/languages","stargazers_url":"https://api.github.com/repos/mergifyio-testing/functional-testing-repo-sileht/stargazers","contributors_url":"https://api.github.com/repos/mergifyio-testing/functional-testing-repo-sileht/contributors","subscribers_url":"https://api.github.com/repos/mergifyio-testing/functional-testing-repo-sileht/subscribers","subscription_url":"https://api.github.com/repos/mergifyio-testing/functional-testing-repo-sileht/subscription","commits_url":"https://api.github.com/repos/mergifyio-testing/functional-testing-repo-sileht/commits{/sha}","git_commits_url":"https://api.github.com/repos/mergifyio-testing/functional-testing-repo-sileht/git/commits{/sha}","comments_url":"https://api.github.com/repos/mergifyio-testing/functional-testing-repo-sileht/comments{/number}","issue_comment_url":"https://api.github.com/repos/mergifyio-testing/functional-testing-repo-sileht/issues/comments{/number}","contents_url":"https://api.github.com/repos/mergifyio-testing/functional-testing-repo-sileht/contents/{+path}","compare_url":"https://api.github.com/repos/mergifyio-testing/functional-testing-repo-sileht/compare/{base}...{head}","merges_url":"https://api.github.com/repos/mergifyio-testing/functional-testing-repo-sileht/merges","archive_url":"https://api.github.com/repos/mergifyio-testing/functional-testing-repo-sileht/{archive_format}{/ref}","downloads_url":"https://api.github.com/repos/mergifyio-testing/functional-testing-repo-sileht/downloads","issues_url":"https://api.github.com/repos/mergifyio-testing/functional-testing-repo-sileht/issues{/number}","pulls_url":"https://api.github.com/repos/mergifyio-testing/functional-testing-repo-sileht/pulls{/number}","milestones_url":"https://api.github.com/repos/mergifyio-testing/functional-testing-repo-sileht/milestones{/number}","notifications_url":"https://api.github.com/repos/mergifyio-testing/functional-testing-repo-sileht/notifications{?since,all,participating}","labels_url":"https://api.github.com/repos/mergifyio-testing/functional-testing-repo-sileht/labels{/name}","releases_url":"https://api.github.com/repos/mergifyio-testing/functional-testing-repo-sileht/releases{/id}","deployments_url":"https://api.github.com/repos/mergifyio-testing/functional-testing-repo-sileht/deployments","created_at":"2021-08-24T10:36:34Z","updated_at":"2023-01-31T19:06:12Z","pushed_at":"2023-11-21T19:18:24Z","git_url":"git://github.com/mergifyio-testing/functional-testing-repo-sileht.git","ssh_url":"git@github.com:mergifyio-testing/functional-testing-repo-sileht.git","clone_url":"https://github.com/mergifyio-testing/functional-testing-repo-sileht.git","svn_url":"https://github.com/mergifyio-testing/functional-testing-repo-sileht","homepage":null,"size":110,"stargazers_count":0,"watchers_count":0,"language":null,"has_issues":true,"has_projects":true,"has_downloads":true,"has_wiki":true,"has_pages":false,"has_discussions":false,"forks_count":2,"mirror_url":null,"archived":false,"disabled":false,"open_issues_count":48,"license":null,"allow_forking":true,"is_template":false,"web_commit_signoff_required":false,"topics":[],"visibility":"public","forks":2,"open_issues":48,"watchers":0,"default_branch":"main","permissions":{"admin":false,"maintain":false,"push":false,"triage":false,"pull":false},"temp_clone_token":"","allow_squash_merge":true,"allow_merge_commit":true,"allow_rebase_merge":true,"allow_auto_merge":false,"delete_branch_on_merge":false,"allow_update_branch":true,"use_squash_pr_title_as_default":false,"squash_merge_commit_message":"COMMIT_MESSAGES","squash_merge_commit_title":"COMMIT_OR_PR_TITLE","merge_commit_message":"PR_TITLE","merge_commit_title":"MERGE_MESSAGE","organization":{"login":"mergifyio-testing","id":40527191,"node_id":"MDEyOk9yZ2FuaXphdGlvbjQwNTI3MTkx","avatar_url":"https://avatars.githubusercontent.com/u/40527191?v=4","gravatar_id":"","url":"https://api.github.com/users/mergifyio-testing","html_url":"https://github.com/mergifyio-testing","followers_url":"https://api.github.com/users/mergifyio-testing/followers","following_url":"https://api.github.com/users/mergifyio-testing/following{/other_user}","gists_url":"https://api.github.com/users/mergifyio-testing/gists{/gist_id}","starred_url":"https://api.github.com/users/mergifyio-testing/starred{/owner}{/repo}","subscriptions_url":"https://api.github.com/users/mergifyio-testing/subscriptions","organizations_url":"https://api.github.com/users/mergifyio-testing/orgs","repos_url":"https://api.github.com/users/mergifyio-testing/repos","events_url":"https://api.github.com/users/mergifyio-testing/events{/privacy}","received_events_url":"https://api.github.com/users/mergifyio-testing/received_events","type":"Organization","site_admin":false},"security_and_analysis":{"secret_scanning":{"status":"disabled"},"secret_scanning_push_protection":{"status":"disabled"},"dependabot_security_updates":{"status":"disabled"},"secret_scanning_validity_checks":{"status":"disabled"}},"network_count":2,"subscribers_count":1}'
    headers:
      Content-Encoding:
      - gzip
      Content-Type:
      - application/json; charset=utf-8
      Transfer-Encoding:
      - chunked
      X-GitHub-Media-Type:
      - github.v3; param=machine-man-preview; format=json
      x-accepted-github-permissions:
      - metadata=read
      x-github-api-version-selected:
      - '2022-11-28'
    http_version: HTTP/1.1
    status_code: 200
- request:
    body: ''
    headers:
      accept:
      - application/vnd.github.machine-man-preview+json
      host:
      - api.github.com
    method: GET
    uri: https://api.github.com/repos/mergifyio-testing/functional-testing-repo-sileht/contents/.mergify.yml?ref=20231121191820%2Ftest_invalid_rules_in_config%2Fmain
  response:
    base64encoded: false
    content: '{"name":".mergify.yml","path":".mergify.yml","sha":"c55049bf89c2ebbf3119ebfbe985266204b9bfc0","size":1012,"url":"https://api.github.com/repos/mergifyio-testing/functional-testing-repo-sileht/contents/.mergify.yml?ref=20231121191820/test_invalid_rules_in_config/main","html_url":"https://github.com/mergifyio-testing/functional-testing-repo-sileht/blob/20231121191820/test_invalid_rules_in_config/main/.mergify.yml","git_url":"https://api.github.com/repos/mergifyio-testing/functional-testing-repo-sileht/git/blobs/c55049bf89c2ebbf3119ebfbe985266204b9bfc0","download_url":"https://raw.githubusercontent.com/mergifyio-testing/functional-testing-repo-sileht/20231121191820/test_invalid_rules_in_config/main/.mergify.yml","type":"file","content":"cHVsbF9yZXF1ZXN0X3J1bGVzOgotIGFjdGlvbnM6CiAgICBmYWxzZV9hY3Rp\nb246CiAgICAgIG5hbWU6IHVyZ2VudAogIGNvbmRpdGlvbnM6CiAgLSBiYXNl\nPTIwMjMxMTIxMTkxODIwL3Rlc3RfaW52YWxpZF9ydWxlc19pbl9jb25maWcv\nbWFpbgogIC0gbGFiZWw9cXVldWUtdXJnZW50CiAgbmFtZTogTWVyZ2UgcHJp\nb3JpdHkgaGlnaAotIGFjdGlvbnM6CiAgICBmYWxzZV9hY3Rpb246CiAgICAg\nIG5hbWU6IGRlZmF1bHQKICBjb25kaXRpb25zOgogIC0gYmFzZT0yMDIzMTEy\nMTE5MTgyMC90ZXN0X2ludmFsaWRfcnVsZXNfaW5fY29uZmlnL21haW4KICAt\nIGxhYmVsPXF1ZXVlCiAgbmFtZTogTWVyZ2UgZGVmYXVsdAotIGFjdGlvbnM6\nCiAgICBmYWxzZV9hY3Rpb246CiAgICAgIG5hbWU6IGxvdy1wcmlvcml0eQog\nIGNvbmRpdGlvbnM6CiAgLSBiYXNlPTIwMjMxMTIxMTkxODIwL3Rlc3RfaW52\nYWxpZF9ydWxlc19pbl9jb25maWcvbWFpbgogIC0gbGFiZWw9cXVldWUtbG93\nCiAgbmFtZTogTWVyZ2UgbG93CnF1ZXVlX3J1bGVzOgotIGJhdGNoX21heF93\nYWl0X3RpbWU6IDE1IHMKICBmYWxzZV9jb25kaXRpb246IDMKICBtZXJnZV9j\nb25kaXRpb25zOgogIC0gc3RhdHVzLXN1Y2Nlc3M9Y29udGludW91cy1pbnRl\nZ3JhdGlvbi9mYXN0LWNpCiAgbmFtZTogdXJnZW50CiAgc3BlY3VsYXRpdmVf\nY2hlY2tzOiAxCi0gYmF0Y2hfbWF4X3dhaXRfdGltZTogMCBzCiAgYmF0Y2hf\nc2l6ZTogMgogIGZhbHNlX2NvbmRpdGlvbjogMgogIG1lcmdlX2NvbmRpdGlv\nbnM6CiAgLSBzdGF0dXMtc3VjY2Vzcz1jb250aW51b3VzLWludGVncmF0aW9u\nL3Nsb3ctY2kKICBuYW1lOiBkZWZhdWx0Ci0gYWxsb3dfaW5wbGFjZV9jaGVj\na3M6IGZhbHNlCiAgY2hlY2tzX3RpbWVvdXQ6IDEwIG0KICBmYWxzZV9jb25k\naXRpb246IG1lcmdpZnktdGVzdDQKICBtZXJnZV9jb25kaXRpb25zOgogIC0g\nc3RhdHVzLXN1Y2Nlc3M9Y29udGludW91cy1pbnRlZ3JhdGlvbi9zbG93LWNp\nCiAgbmFtZTogbG93LXByaW9yaXR5Cg==\n","encoding":"base64","_links":{"self":"https://api.github.com/repos/mergifyio-testing/functional-testing-repo-sileht/contents/.mergify.yml?ref=20231121191820/test_invalid_rules_in_config/main","git":"https://api.github.com/repos/mergifyio-testing/functional-testing-repo-sileht/git/blobs/c55049bf89c2ebbf3119ebfbe985266204b9bfc0","html":"https://github.com/mergifyio-testing/functional-testing-repo-sileht/blob/20231121191820/test_invalid_rules_in_config/main/.mergify.yml"}}'
    headers:
      Content-Encoding:
      - gzip
      Content-Type:
      - application/json; charset=utf-8
      Transfer-Encoding:
      - chunked
      X-GitHub-Media-Type:
      - github.v3; param=machine-man-preview; format=json
      x-accepted-github-permissions:
      - contents=read
      x-github-api-version-selected:
      - '2022-11-28'
    http_version: HTTP/1.1
    status_code: 200
- request:
    body: ''
    headers:
      accept:
      - application/vnd.github.machine-man-preview+json
      host:
      - api.github.com
    method: GET
    uri: https://api.github.com/repos/mergifyio-testing/functional-testing-repo-sileht/git/matching-refs/heads/20231121191820/test_invalid_rules_in_config/main?per_page=100
  response:
    base64encoded: false
    content: '[{"ref":"refs/heads/20231121191820/test_invalid_rules_in_config/main","node_id":"MDM6UmVmMzk5NDI2MTk5OnJlZnMvaGVhZHMvMjAyMzExMjExOTE4MjAvdGVzdF9pbnZhbGlkX3J1bGVzX2luX2NvbmZpZy9tYWlu","url":"https://api.github.com/repos/mergifyio-testing/functional-testing-repo-sileht/git/refs/heads/20231121191820/test_invalid_rules_in_config/main","object":{"sha":"40a1e81bc88a2de1a5ced06be45b64a9401e8e89","type":"commit","url":"https://api.github.com/repos/mergifyio-testing/functional-testing-repo-sileht/git/commits/40a1e81bc88a2de1a5ced06be45b64a9401e8e89"}}]'
    headers:
      Content-Encoding:
      - gzip
      Content-Type:
      - application/json; charset=utf-8
      Transfer-Encoding:
      - chunked
      X-GitHub-Media-Type:
      - github.v3; param=machine-man-preview; format=json
      X-Poll-Interval:
      - '300'
      x-accepted-github-permissions:
      - contents=read
      x-github-api-version-selected:
      - '2022-11-28'
    http_version: HTTP/1.1
    status_code: 200
- request:
    body: ''
    headers:
      accept:
      - application/vnd.github.machine-man-preview+json
      host:
      - api.github.com
    method: GET
    uri: https://api.github.com/repos/mergifyio-testing/functional-testing-repo-sileht/git/matching-refs/heads/test_invalid_rules_in_config/mq/?per_page=100
  response:
    base64encoded: false
    content: '[]'
    headers:
      Content-Length:
      - '2'
      Content-Type:
      - application/json; charset=utf-8
      X-GitHub-Media-Type:
      - github.v3; param=machine-man-preview; format=json
      X-Poll-Interval:
      - '300'
      x-accepted-github-permissions:
      - contents=read
      x-github-api-version-selected:
      - '2022-11-28'
    http_version: HTTP/1.1
    status_code: 200
- request:
    body: ''
    headers:
      accept:
      - application/vnd.github.machine-man-preview+json
      host:
      - api.github.com
    method: GET
    uri: https://api.github.com/repos/mergifyio-testing/functional-testing-repo-sileht/git/matching-refs/heads/mergify/bp/a1c9ee3c-e387-5766-beec-3f8d005fc119?per_page=100
  response:
    base64encoded: false
    content: '[]'
    headers:
      Content-Length:
      - '2'
      Content-Type:
      - application/json; charset=utf-8
      X-GitHub-Media-Type:
      - github.v3; param=machine-man-preview; format=json
      X-Poll-Interval:
      - '300'
      x-accepted-github-permissions:
      - contents=read
      x-github-api-version-selected:
      - '2022-11-28'
    http_version: HTTP/1.1
    status_code: 200
- request:
    body: ''
    headers:
      accept:
      - application/vnd.github.machine-man-preview+json
      host:
      - api.github.com
    method: GET
    uri: https://api.github.com/repos/mergifyio-testing/functional-testing-repo-sileht/git/matching-refs/heads/mergify/copy/a1c9ee3c-e387-5766-beec-3f8d005fc119?per_page=100
  response:
    base64encoded: false
    content: '[]'
    headers:
      Content-Length:
      - '2'
      Content-Type:
      - application/json; charset=utf-8
      X-GitHub-Media-Type:
      - github.v3; param=machine-man-preview; format=json
      X-Poll-Interval:
      - '300'
      x-accepted-github-permissions:
      - contents=read
      x-github-api-version-selected:
      - '2022-11-28'
    http_version: HTTP/1.1
    status_code: 200
- request:
    body: ''
    headers:
      accept:
      - application/vnd.github.machine-man-preview+json
      host:
      - api.github.com
    method: GET
    uri: https://api.github.com/repos/mergifyio-testing/functional-testing-repo-sileht/branches/20231121191820%2Ftest_invalid_rules_in_config%2Fmain
  response:
    base64encoded: false
    content: '{"name":"20231121191820/test_invalid_rules_in_config/main","commit":{"sha":"40a1e81bc88a2de1a5ced06be45b64a9401e8e89","node_id":"C_kwDOF87Cl9oAKDQwYTFlODFiYzg4YTJkZTFhNWNlZDA2YmU0NWI2NGE5NDAxZThlODk","commit":{"author":{"name":"Mergify","email":"108276933+mergify-sileht[bot]@users.noreply.github.com","date":"2023-11-21T19:18:23Z"},"committer":{"name":"Mergify","email":"108276933+mergify-sileht[bot]@users.noreply.github.com","date":"2023-11-21T19:18:23Z"},"message":"initial
      commit","tree":{"sha":"bf2ba8d055bcd3d5cf36a95a4a54898727d5f2c5","url":"https://api.github.com/repos/mergifyio-testing/functional-testing-repo-sileht/git/trees/bf2ba8d055bcd3d5cf36a95a4a54898727d5f2c5"},"url":"https://api.github.com/repos/mergifyio-testing/functional-testing-repo-sileht/git/commits/40a1e81bc88a2de1a5ced06be45b64a9401e8e89","comment_count":0,"verification":{"verified":false,"reason":"unsigned","signature":null,"payload":null}},"url":"https://api.github.com/repos/mergifyio-testing/functional-testing-repo-sileht/commits/40a1e81bc88a2de1a5ced06be45b64a9401e8e89","html_url":"https://github.com/mergifyio-testing/functional-testing-repo-sileht/commit/40a1e81bc88a2de1a5ced06be45b64a9401e8e89","comments_url":"https://api.github.com/repos/mergifyio-testing/functional-testing-repo-sileht/commits/40a1e81bc88a2de1a5ced06be45b64a9401e8e89/comments","author":{"login":"mergify-sileht[bot]","id":108276933,"node_id":"BOT_kgDOBnQsxQ","avatar_url":"https://avatars.githubusercontent.com/u/40527191?v=4","gravatar_id":"","url":"https://api.github.com/users/mergify-sileht%5Bbot%5D","html_url":"https://github.com/apps/mergify-sileht","followers_url":"https://api.github.com/users/mergify-sileht%5Bbot%5D/followers","following_url":"https://api.github.com/users/mergify-sileht%5Bbot%5D/following{/other_user}","gists_url":"https://api.github.com/users/mergify-sileht%5Bbot%5D/gists{/gist_id}","starred_url":"https://api.github.com/users/mergify-sileht%5Bbot%5D/starred{/owner}{/repo}","subscriptions_url":"https://api.github.com/users/mergify-sileht%5Bbot%5D/subscriptions","organizations_url":"https://api.github.com/users/mergify-sileht%5Bbot%5D/orgs","repos_url":"https://api.github.com/users/mergify-sileht%5Bbot%5D/repos","events_url":"https://api.github.com/users/mergify-sileht%5Bbot%5D/events{/privacy}","received_events_url":"https://api.github.com/users/mergify-sileht%5Bbot%5D/received_events","type":"Bot","site_admin":false},"committer":{"login":"mergify-sileht[bot]","id":108276933,"node_id":"BOT_kgDOBnQsxQ","avatar_url":"https://avatars.githubusercontent.com/u/40527191?v=4","gravatar_id":"","url":"https://api.github.com/users/mergify-sileht%5Bbot%5D","html_url":"https://github.com/apps/mergify-sileht","followers_url":"https://api.github.com/users/mergify-sileht%5Bbot%5D/followers","following_url":"https://api.github.com/users/mergify-sileht%5Bbot%5D/following{/other_user}","gists_url":"https://api.github.com/users/mergify-sileht%5Bbot%5D/gists{/gist_id}","starred_url":"https://api.github.com/users/mergify-sileht%5Bbot%5D/starred{/owner}{/repo}","subscriptions_url":"https://api.github.com/users/mergify-sileht%5Bbot%5D/subscriptions","organizations_url":"https://api.github.com/users/mergify-sileht%5Bbot%5D/orgs","repos_url":"https://api.github.com/users/mergify-sileht%5Bbot%5D/repos","events_url":"https://api.github.com/users/mergify-sileht%5Bbot%5D/events{/privacy}","received_events_url":"https://api.github.com/users/mergify-sileht%5Bbot%5D/received_events","type":"Bot","site_admin":false},"parents":[]},"_links":{"self":"https://api.github.com/repos/mergifyio-testing/functional-testing-repo-sileht/branches/20231121191820/test_invalid_rules_in_config/main","html":"https://github.com/mergifyio-testing/functional-testing-repo-sileht/tree/20231121191820/test_invalid_rules_in_config/main"},"protected":false,"protection":{"enabled":false,"required_status_checks":{"enforcement_level":"off","contexts":[],"checks":[]}},"protection_url":"https://api.github.com/repos/mergifyio-testing/functional-testing-repo-sileht/branches/20231121191820/test_invalid_rules_in_config/main/protection"}'
    headers:
      Content-Encoding:
      - gzip
      Content-Type:
      - application/json; charset=utf-8
      Transfer-Encoding:
      - chunked
      X-GitHub-Media-Type:
      - github.v3; param=machine-man-preview; format=json
      x-accepted-github-permissions:
      - contents=read
      x-github-api-version-selected:
      - '2022-11-28'
    http_version: HTTP/1.1
    status_code: 200
- request:
    body: ''
    headers:
      accept:
      - application/vnd.github.machine-man-preview+json
      host:
      - api.github.com
    method: DELETE
    uri: https://api.github.com/repos/mergifyio-testing/functional-testing-repo-sileht/git/refs/heads/20231121191820/test_invalid_rules_in_config/main
  response:
    base64encoded: false
    content: ''
    headers:
      X-GitHub-Media-Type:
      - github.v3; param=machine-man-preview; format=json
      x-accepted-github-permissions:
      - contents=write
      x-github-api-version-selected:
      - '2022-11-28'
    http_version: HTTP/1.1
    status_code: 204
- request:
    body: whatdataisthat
    headers:
      X-Hub-Signature:
      - <SIGNATURE>
      accept:
      - '*/*'
      content-length:
      - '14'
      host:
      - test-forwarder.mergify.com
    method: DELETE
    uri: https://test-forwarder.mergify.com/events/github.com/214863/399426199/20231121191820-test_invalid_rules_in_config
  response:
    base64encoded: false
    content: Event queued
    headers:
      Connection:
      - keep-alive
      Content-Length:
      - '12'
      Nel:
      - '{"report_to":"heroku-nel","max_age":3600,"success_fraction":0.005,"failure_fraction":0.05,"response_headers":["Via"]}'
      Reporting-Endpoints:
      - heroku-nel=https://nel.heroku.com/reports?ts=1700594315&sid=929419e7-33ea-4e2f-85f0-7d8b7cd5cbd6&s=uE1cvv4buLXUQ1UudNHcR8uVflHq32EyzLRbmyKEqUw%3D
    http_version: HTTP/1.1
    status_code: 202
version: 1
